******************************************************************************
                  TI ARM Linker PC v18.12.4                    
******************************************************************************
>> Linked Mon Apr 19 12:37:40 2021

OUTPUT FILE NAME:   <Lowbadtest.out>
ENTRY POINT SYMBOL: "_c_int00"  address: 0001732c


MEMORY CONFIGURATION

         name            origin    length      used     unused   attr    fill
----------------------  --------  ---------  --------  --------  ----  --------
  VECTORS               00000000   00000020  00000020  00000000     X
  FLASH0                00000020   000bffe0  0001c160  000a3e80  R  X
  STACKS                08000000   00001500  00000000  00001500  RW  
  RAM                   08001500   0001eb00  000010f4  0001da0c  RW  


SEGMENT ALLOCATION MAP

run origin  load origin   length   init length attrs members
----------  ----------- ---------- ----------- ----- -------
00000000    00000000    0001c188   0001c188    r-x
  00000000    00000000    00000020   00000020    r-x .intvecs
  00000020    00000020    00019d5c   00019d5c    r-x .text
  00019d7c    00019d7c    00001910   00001910    r-x FEE_TEXT_SECTION
  0001b690    0001b690    0000086c   0000086c    r-- .const
  0001befc    0001befc    000001c0   000001c0    r-- FEE_CONST_SECTION
  0001c0c0    0001c0c0    000000c8   000000c8    r-- .cinit
08001500    08001500    000010f9   00000000    rw-
  08001500    08001500    00000800   00000000    rw- .sysmem
  08001d00    08001d00    000004c3   00000000    rw- .bss
  080021c8    080021c8    00000300   00000000    rw- .data
  080024c8    080024c8    00000131   00000000    rw- FEE_DATA_SECTION


SECTION ALLOCATION MAP

 output                                  attributes/
section   page    origin      length       input sections
--------  ----  ----------  ----------   ----------------
.intvecs   0    00000000    00000020     
                  00000000    00000020     sys_intvecs.obj (.intvecs)

.text      0    00000020    00019d5c     
                  00000020    000057d0     ti_fee_util.obj (.text)
                  000057f0    00003ba4     sys_main.obj (.text)
                  00009394    00002a14     sys_selftest.obj (.text)
                  0000bda8    00001768     ti_fee_ini.obj (.text)
                  0000d510    00001200     spi.obj (.text)
                  0000e710    000010e0     ti_fee_main.obj (.text)
                  0000f7f0    00000af8     can.obj (.text)
                  000102e8    00000aec     adc.obj (.text)
                  00010dd4    00000ad4     system.obj (.text)
                  000118a8    00000a54     sys_vim.obj (.text)
                  000122fc    00000a4a     rtsv7R4_T_be_v3D16_eabi.lib : _printfi.c.obj (.text:__TI_printfi)
                  00012d46    00000002                                 : _lock.c.obj (.text:_nop)
                  00012d48    000008f4     het.obj (.text)
                  0001363c    000007dc     pinmux.obj (.text)
                  00013e18    00000664     errata_SSWF021_45.obj (.text)
                  0001447c    0000063c     rti.obj (.text)
                  00014ab8    00000604     rtsv7R4_T_be_v3D16_eabi.lib : k_rem_pio2.c.obj (.text:__kernel_rem_pio2)
                  000150bc    000005bc     esm.obj (.text)
                  00015678    000004c0     MCP23S17.obj (.text)
                  00015b38    00000484     gio.obj (.text)
                  00015fbc    000003f0     PCA2129.obj (.text)
                  000163ac    000003f0     rtsv7R4_T_be_v3D16_eabi.lib : s_sin.c.obj (.text:sin)
                  0001679c    0000034c     sys_core.obj (.text)
                  00016ae8    000002cc     sys_vim.obj (.text:retain)
                  00016db4    000002c0     ADS1018.obj (.text)
                  00017074    000002b8     rtsv7R4_T_be_v3D16_eabi.lib : ull_div32.asm.obj (.text)
                  0001732c    00000264     sys_startup.obj (.text:retain)
                  00017590    00000260     F021_API_CortexR4_BE_V3D16.lib : FlashStateMachine.InitializeFlashBanks.obj (.text:Fapi_initializeFlashBanks)
                  000177f0    00000248     rtsv7R4_T_be_v3D16_eabi.lib : _printfi.c.obj (.text:_pconv_a)
                  00017a38    000001a0                                 : _printfi.c.obj (.text:_pconv_g)
                  00017bd8    0000017c     F021_API_CortexR4_BE_V3D16.lib : FlashStateMachine.SetActiveBank.obj (.text:Fapi_setActiveFlashBank)
                  00017d54    00000144     notification.obj (.text)
                  00017e98    00000118     rtsv7R4_T_be_v3D16_eabi.lib : fputs.c.obj (.text:fputs)
                  00017fb0    00000114                                 : memory.c.obj (.text:aligned_alloc)
                  000180c4    00000114     esm.obj (.text:retain)
                  000181d8    00000104     rtsv7R4_T_be_v3D16_eabi.lib : _printfi.c.obj (.text:_pconv_e)
                  000182dc    000000fc                                 : _printfi.c.obj (.text:fcvt)
                  000183d8    000000f0                                 : s_scalbn.c.obj (.text:scalbn)
                  000184c8    000000e8     dabort.obj (.text)
                  000185b0    000000e4     rtsv7R4_T_be_v3D16_eabi.lib : memory.c.obj (.text:free)
                  00018694    000000e0                                 : s_floor.c.obj (.text:floor)
                  00018774    000000e0     sys_pmu.obj (.text)
                  00018854    000000dc     rtsv7R4_T_be_v3D16_eabi.lib : setvbuf.c.obj (.text:setvbuf)
                  00018930    000000b4                                 : k_cos.c.obj (.text:__kernel_cos)
                  000189e4    000000ad                                 : _printfi.c.obj (.text:_ltostr)
                  00018a91    00000001     --HOLE-- [fill = 0]
                  00018a92    00000002                                 : div0.asm.obj (.text)
                  00018a94    000000a8                                 : k_sin.c.obj (.text:__kernel_sin)
                  00018b3c    0000009c                                 : memcpy_t2.asm.obj (.text)
                  00018bd8    00000094     F021_API_CortexR4_BE_V3D16.lib : BlankCheck.obj (.text:Fapi_doBlankCheck)
                  00018c6c    00000094     rti.obj (.text:retain)
                  00018d00    00000090     rtsv7R4_T_be_v3D16_eabi.lib : fputc.c.obj (.text:fputc)
                  00018d90    00000080     F021_API_CortexR4_BE_V3D16.lib : FlashStateMachine.EnableEepromSectors.obj (.text:Fapi_enableEepromBankSectors)
                  00018e10    0000007a     rtsv7R4_T_be_v3D16_eabi.lib : _printfi.c.obj (.text:_mcpy)
                  00018e8a    0000007a                                 : memset_t2.asm.obj (.text)
                  00018f04    00000074                                 : fclose.c.obj (.text:__TI_closefile)
                  00018f78    00000074                                 : s_frexp.c.obj (.text:frexp)
                  00018fec    00000070                                 : memory.c.obj (.text:split)
                  0001905c    0000006c                                 : hostrename.c.obj (.text:HOSTrename)
                  000190c8    0000006c                                 : copy_decompress_lzss.c.obj (.text:decompress:lzss:__TI_decompress_lzss)
                  00019134    00000068                                 : hostlseek.c.obj (.text:HOSTlseek)
                  0001919c    00000068                                 : printf.c.obj (.text:printf)
                  00019204    00000064                                 : _io_perm.c.obj (.text:__TI_wrt_ok)
                  00019268    00000064                                 : fseek.c.obj (.text:fseek)
                  000192cc    0000005e     F021_API_CortexR4_BE_V3D16.lib : Read.LoopDword.obj (.text:_Fapi_loopRegionForValue)
                  0001932a    00000002     --HOLE-- [fill = 0]
                  0001932c    0000005c     rtsv7R4_T_be_v3D16_eabi.lib : hostopen.c.obj (.text:HOSTopen)
                  00019388    0000005c                                 : hostread.c.obj (.text:HOSTread)
                  000193e4    00000058                                 : hostwrite.c.obj (.text:HOSTwrite)
                  0001943c    00000058                                 : close.c.obj (.text:close)
                  00019494    00000054                                 : _printfi.c.obj (.text:_ecpy)
                  000194e8    00000054                                 : ltoa.c.obj (.text:ltoa)
                  0001953c    00000054                                 : i_div32.asm.obj (.text)
                  00019590    00000050     F021_API_CortexR4_BE_V3D16.lib : FlashStateMachine.Hercules.IsEccAddress.obj (.text:Fapi_isAddressEcc)
                  000195e0    00000050     rtsv7R4_T_be_v3D16_eabi.lib : _printfi.c.obj (.text:_pconv_f)
                  00019630    00000050                                 : atoi.c.obj (.text:atoi)
                  00019680    00000050                                 : u_div32.asm.obj (.text)
                  000196d0    0000004c                                 : fflush.c.obj (.text:__TI_doflush)
                  0001971c    00000044                                 : hostclose.c.obj (.text:HOSTclose)
                  00019760    00000044                                 : hostunlink.c.obj (.text:HOSTunlink)
                  000197a4    00000044     F021_API_CortexR4_BE_V3D16.lib : FlashStateMachine.EnableEepromSectors.obj (.text:_Fapi_EnableSectors)
                  000197e8    00000044     rtsv7R4_T_be_v3D16_eabi.lib : autoinit.c.obj (.text:__TI_auto_init_nobinit_nopinit:__TI_auto_init_nobinit_nopinit)
                  0001982c    00000044                                 : exit.c.obj (.text:exit)
                  00019870    00000044                                 : getdevice.c.obj (.text:getdevice)
                  000198b4    00000040                                 : _printfi.c.obj (.text:_fcpy)
                  000198f4    0000003c     F021_API_CortexR4_BE_V3D16.lib : FlashStateMachine.IssueFsmCommand.obj (.text:_Fapi_issueFsmCommand)
                  00019930    0000003c     rtsv7R4_T_be_v3D16_eabi.lib : trgmsg.c.obj (.text:__TI_writemsg)
                  0001996c    00000036     F021_API_CortexR4_BE_V3D16.lib : Utilities.CalculateFletcher.obj (.text:Fapi_calculateFletcherChecksum)
                  000199a2    00000036     rtsv7R4_T_be_v3D16_eabi.lib : strncpy.c.obj (.text:strncpy)
                  000199d8    00000034                                 : fopen.c.obj (.text:__TI_cleanup)
                  00019a0c    00000034                                 : trgmsg.c.obj (.text:__TI_readmsg)
                  00019a40    00000034                                 : getdevice.c.obj (.text:finddevice)
                  00019a74    00000030     F021_API_CortexR4_BE_V3D16.lib : Async.WithAddress.obj (.text:Fapi_issueAsyncCommandWithAddress)
                  00019aa4    00000030                                    : Utilities.WaitDelay.obj (.text:Fapi_waitDelay)
                  00019ad4    0000002c                                    : Read.Common.obj (.text:_Fapi_readDword)
                  00019b00    0000002c     rtsv7R4_T_be_v3D16_eabi.lib : unlink.c.obj (.text:unlink)
                  00019b2c    0000002a     F021_API_CortexR4_BE_V3D16.lib : Async.obj (.text:Fapi_issueAsyncCommand)
                  00019b56    00000002     --HOLE-- [fill = 0]
                  00019b58    00000028     rtsv7R4_T_be_v3D16_eabi.lib : memory.c.obj (.text:free_list_insert)
                  00019b80    00000028                                 : lseek.c.obj (.text:lseek)
                  00019ba8    00000028                                 : write.c.obj (.text:write)
                  00019bd0    00000022     F021_API_CortexR4_BE_V3D16.lib : Read.FlushPipeline.obj (.text:Fapi_flushPipeline)
                  00019bf2    00000020     rtsv7R4_T_be_v3D16_eabi.lib : memchr.c.obj (.text:memchr)
                  00019c12    0000001e                                 : s_copysign.c.obj (.text:copysign)
                  00019c30    0000001c     F021_API_CortexR4_BE_V3D16.lib : FlashStateMachine.InitializeFlashBanks.obj (.text:_Fapi_divideUnsignedLong)
                  00019c4c    0000001c     rtsv7R4_T_be_v3D16_eabi.lib : memory.c.obj (.text:free_list_remove)
                  00019c68    0000001c                                 : memccpy.c.obj (.text:memccpy)
                  00019c84    00000018                                 : strcmp.c.obj (.text:strcmp)
                  00019c9c    00000016                                 : strchr.c.obj (.text:strchr)
                  00019cb2    00000016                                 : strlen.c.obj (.text:strlen)
                  00019cc8    00000014                                 : strcpy.c.obj (.text:strcpy)
                  00019cdc    00000012                                 : wcslen.c.obj (.text:wcslen)
                  00019cee    00000002     --HOLE-- [fill = 0]
                  00019cf0    00000010     F021_API_CortexR4_BE_V3D16.lib : Utilities.GetNumberOfSectors.obj (.text:Fapi_getNumberOfBankSectors)
                  00019d00    00000010                                    : FlashStateMachine.ScaleFclk.obj (.text:_scaleEEFclk)
                  00019d10    00000010                                    : FlashStateMachine.ScaleFclk.obj (.text:_scaleMainFclk)
                  00019d20    0000000e     rtsv7R4_T_be_v3D16_eabi.lib : copy_decompress_none.c.obj (.text:decompress:none:__TI_decompress_none)
                  00019d2e    0000000c     F021_API_CortexR4_BE_V3D16.lib : Read.WdService.obj (.text:_Fapi_checkWdService)
                  00019d3a    0000000c     rtsv7R4_T_be_v3D16_eabi.lib : copy_zero_init.c.obj (.text:decompress:ZI:__TI_zero_init)
                  00019d46    00000002     --HOLE-- [fill = 0]
                  00019d48    00000008     Fapi_UserDefinedFunctions.obj (.text)
                  00019d50    00000008     rtsv7R4_T_be_v3D16_eabi.lib : errno.c.obj (.text:__aeabi_errno_addr)
                  00019d58    00000008                                 : memory.c.obj (.text:malloc)
                  00019d60    00000004                                 : printf.c.obj (.text:_outc)
                  00019d64    00000004                                 : printf.c.obj (.text:_outs)
                  00019d68    00000004                                 : exit.c.obj (.text:abort:abort)
                  00019d6c    00000004     sys_phantom.obj (.text:retain)
                  00019d70    00000004     sys_startup.obj (.text)
                  00019d74    00000008     Fapi_UserDefinedFunctions.obj (.tramp.Fapi_serviceWatchdogTimer.1)

FEE_TEXT_SECTION 
*          0    00019d7c    00001910     
                  00019d7c    00000cb8     ti_fee_writeAsync.obj (FEE_TEXT_SECTION)
                  0001aa34    000007a8     ti_fee_read.obj (FEE_TEXT_SECTION)
                  0001b1dc    000004b0     ti_fee_format.obj (FEE_TEXT_SECTION)

.const     0    0001b690    0000086c     
                  0001b690    000003a0     het.obj (.const:het1PROGRAM)
                  0001ba30    00000200     sys_vim.obj (.const:s_vim_init)
                  0001bc30    00000158     rtsv7R4_T_be_v3D16_eabi.lib : k_rem_pio2.c.obj (.const:$O1$$)
                  0001bd88    00000101                                 : ctype.c.obj (.const:.string:_ctypes_)
                  0001be89    00000003     --HOLE-- [fill = 0]
                  0001be8c    00000020     can.obj (.const:s_canByteOrder)
                  0001beac    00000020     het.obj (.const:s_het1pwmPolarity)
                  0001becc    00000018     adc.obj (.const:s_adcFiFoSize)
                  0001bee4    00000018     adc.obj (.const:s_adcSelect)

FEE_CONST_SECTION 
*          0    0001befc    000001c0     
                  0001befc    000001a4     Device_TMS570LS07.obj (FEE_CONST_SECTION)
                  0001c0a0    0000001c     ti_fee_cfg.obj (FEE_CONST_SECTION)

.cinit     0    0001c0c0    000000c8     
                  0001c0c0    00000090     (.cinit..data.load) [load image, compression = lzss]
                  0001c150    0000000c     (__TI_handler_table)
                  0001c15c    00000009     (.cinit.FEE_DATA_SECTION.load) [load image, compression = lzss]
                  0001c165    00000003     --HOLE-- [fill = 0]
                  0001c168    00000008     (.cinit..bss.load) [load image, compression = zero_init]
                  0001c170    00000018     (__TI_cinit_table)

.sysmem    0    08001500    00000800     UNINITIALIZED
                  08001500    00000010     rtsv7R4_T_be_v3D16_eabi.lib : memory.c.obj (.sysmem)
                  08001510    000007f0     --HOLE--

.bss       0    08001d00    000004c3     UNINITIALIZED
                  08001d00    00000120     rtsv7R4_T_be_v3D16_eabi.lib : trgmsg.c.obj (.bss:_CIOBUF_)
                  08001e20    000000c8     (.common:RX_DATA)
                  08001ee8    000000a0     (.common:__TI_tmpnams)
                  08001f88    00000080     (.common:adc_data)
                  08002008    00000078     spi.obj (.bss:g_spiPacket_t)
                  08002080    00000010     PCA2129.obj (.bss:Date$1)
                  08002090    00000010     (.common:SpecialRamBlock)
                  080020a0    00000010     (.common:eeprom_write_data)
                  080020b0    00000008     (.common:ADS1018Data)
                  080020b8    00000008     (.common:AutomaticAligmentDone)
                  080020c0    00000008     (.common:BackSensorInoperative)
                  080020c8    00000008     (.common:CalibrationCancel)
                  080020d0    00000008     (.common:CalibrationFailure)
                  080020d8    00000008     (.common:CalibrationFinalSettings)
                  080020e0    00000008     (.common:CalibrationFirstTemprorySettings)
                  080020e8    00000008     (.common:CalibrationSecondTemprorySettings)
                  080020f0    00000008     (.common:Calibrationbegin)
                  080020f8    00000008     (.common:EmergencyStopActive)
                  08002100    00000008     (.common:FifthWheelAnglePositioneLeft)
                  08002108    00000008     (.common:FifthWheelAnglePositioneRight)
                  08002110    00000008     (.common:FrontSensorInoperative)
                  08002118    00000008     (.common:ISSSingalActive)
                  08002120    00000008     (.common:ModeSelectDelay)
                  08002128    00000008     (.common:VehicleInRoute)
                  08002130    00000008     (.common:can_tx_data)
                  08002138    00000008     (.common:parmbuf)
                  08002140    00000004     (.common:ArkaSensorAriza)
                  08002144    00000004     (.common:AutoHizalamaBitti)
                  08002148    00000004     (.common:BlockOffset)
                  0800214c    00000004     (.common:CaliberBozuk)
                  08002150    00000004     (.common:CamelneckHomeTemporary)
                  08002154    00000004     (.common:CamelneckLeftAngleTemporary)
                  08002158    00000004     (.common:CamelneckNumberTemporary)
                  0800215c    00000004     (.common:CamelneckRightAngleTemporary)
                  08002160    00000004     (.common:FifthWheelHomeTemporary)
                  08002164    00000004     (.common:FifthWheelLeftAngleTemporary)
                  08002168    00000004     (.common:FifthWheelNumberTemporary)
                  0800216c    00000004     (.common:FifthWheelRightAngleTemporary)
                  08002170    00000004     (.common:Fullautomaticled)
                  08002174    00000004     (.common:Length)
                  08002178    00000004     (.common:Semiautomaticled)
                  0800217c    00000004     (.common:beginTime)
                  08002180    00000004     (.common:dataconfig1_t)
                  08002184    00000004     (.common:dataconfig2_t)
                  08002188    00000004     (.common:dataconfig3_t)
                  0800218c    00000004     (.common:dataconfig4_t)
                  08002190    00000004     (.common:mode)
                  08002194    00000004     (.common:timeOut)
                  08002198    00000002     (.common:Amount)
                  0800219a    00000002     (.common:AttractiveLeftSensorAndCamelNeck)
                  0800219c    00000002     (.common:Average)
                  0800219e    00000002     (.common:Status)
                  080021a0    00000002     (.common:VN5T006ASPTRE_BOTTOM_CS1_VAL)
                  080021a2    00000002     (.common:VNQ5050KTRE_LEFT_1CS1_VAL)
                  080021a4    00000002     (.common:VNQ5050KTRE_LEFT_1CS2_VAL)
                  080021a6    00000002     (.common:VNQ5050KTRE_LEFT_1STAT1_VAL)
                  080021a8    00000002     (.common:VNQ5050KTRE_LEFT_1STAT2_VAL)
                  080021aa    00000002     (.common:VNQ5050KTRE_LEFT_1STAT3_VAL)
                  080021ac    00000002     (.common:VNQ5050KTRE_LEFT_1STAT4_VAL)
                  080021ae    00000002     (.common:VNQ5050KTRE_RIGHT_2CS1_VAL)
                  080021b0    00000002     (.common:VNQ5050KTRE_RIGHT_2CS2_VAL)
                  080021b2    00000002     (.common:VNQ5050KTRE_RIGHT_2STAT1_VAL)
                  080021b4    00000002     (.common:VNQ5050KTRE_RIGHT_2STAT2_VAL)
                  080021b6    00000002     (.common:VNQ5050KTRE_RIGHT_2STAT3_VAL)
                  080021b8    00000002     (.common:VNQ5050KTRE_RIGHT_2STAT4_VAL)
                  080021ba    00000002     (.common:adc_samplecounter)
                  080021bc    00000002     (.common:canSensorData)
                  080021be    00000002     (.common:global_counter)
                  080021c0    00000001     (.common:aligment_buf)
                  080021c1    00000001     (.common:sensorLeft)
                  080021c2    00000001     (.common:sensorRight)

.data      0    080021c8    00000300     UNINITIALIZED
                  080021c8    000000f0     rtsv7R4_T_be_v3D16_eabi.lib : defs.c.obj (.data:_ftable)
                  080022b8    00000078                                 : host_device.c.obj (.data:_device)
                  08002330    00000064     sys_main.obj (.data:read_data)
                  08002394    00000004     rtsv7R4_T_be_v3D16_eabi.lib : errno.c.obj (.data)
                  08002398    0000005c     sys_main.obj (.data)
                  080023f4    00000050     rtsv7R4_T_be_v3D16_eabi.lib : host_device.c.obj (.data:_stream)
                  08002444    00000020     sys_main.obj (.data:eeprom_read_data)
                  08002464    00000012     MCP23S17.obj (.data)
                  08002476    00000001     F021_API_CortexR4_BE_V3D16.lib : FlashStateMachine.SetActiveBank.obj (.data)
                  08002477    00000001     --HOLE--
                  08002478    00000010     rtsv7R4_T_be_v3D16_eabi.lib : defs.c.obj (.data)
                  08002488    0000000c                                 : exit.c.obj (.data:$O1$$)
                  08002494    0000000c     ADS1018.obj (.data)
                  080024a0    00000008     rtsv7R4_T_be_v3D16_eabi.lib : _lock.c.obj (.data:$O1$$)
                  080024a8    00000008                                 : memory.c.obj (.data:$O1$$)
                  080024b0    00000008     F021_API_CortexR4_BE_V3D16.lib : FlashStateMachine.ScaleFclk.obj (.data)
                  080024b8    00000008     sys_main.obj (.data:can_rx_data)
                  080024c0    00000008     ADS1018.obj (.data:rcvId)

FEE_DATA_SECTION 
*          0    080024c8    00000131     UNINITIALIZED
                  080024c8    000000f5     ti_fee_ini.obj (FEE_DATA_SECTION)
                  080025bd    00000001     ti_fee_main.obj (FEE_DATA_SECTION)
                  080025be    00000002     --HOLE--
                  080025c0    0000002e     ti_fee_util.obj (FEE_DATA_SECTION:uninit)
                  080025ee    00000002     --HOLE--
                  080025f0    00000009     ti_fee_util.obj (FEE_DATA_SECTION:init)

MODULE SUMMARY

       Module                                        code     ro data   rw data
       ------                                        ----     -------   -------
    .\source\
       ti_fee_util.obj                               22480    0         55     
       sys_main.obj                                  15268    0         625    
       sys_selftest.obj                              10772    0         0      
       ti_fee_ini.obj                                5992     0         245    
       spi.obj                                       4608     0         120    
       ti_fee_main.obj                               4320     0         1      
       sys_vim.obj                                   3360     512       0      
       ti_fee_writeAsync.obj                         3256     0         0      
       het.obj                                       2292     960       0      
       adc.obj                                       2796     48        0      
       can.obj                                       2808     32        0      
       system.obj                                    2772     0         0      
       pinmux.obj                                    2012     0         0      
       ti_fee_read.obj                               1960     0         0      
       esm.obj                                       1744     0         0      
       rti.obj                                       1744     0         0      
       errata_SSWF021_45.obj                         1636     0         0      
       MCP23S17.obj                                  1216     0         22     
       PCA2129.obj                                   1008     0         220    
       ti_fee_format.obj                             1200     0         0      
       gio.obj                                       1156     0         0      
       sys_core.obj                                  844      0         0      
       ADS1018.obj                                   704      0         42     
       sys_startup.obj                               616      0         0      
       Device_TMS570LS07.obj                         0        420       0      
       notification.obj                              324      0         0      
       dabort.obj                                    232      0         0      
       sys_pmu.obj                                   224      0         0      
       sys_intvecs.obj                               32       0         0      
       ti_fee_cfg.obj                                0        28        0      
       Fapi_UserDefinedFunctions.obj                 16       0         0      
       SST25PF040C.obj                               0        0         4      
       sys_phantom.obj                               4        0         0      
    +--+---------------------------------------------+--------+---------+---------+
       Total:                                        97396    2000      1334   
                                                                               
    C:/ti/Hercules/F021 Flash API/02.01.01/F021_API_CortexR4_BE_V3D16.lib
       FlashStateMachine.InitializeFlashBanks.obj    636      0         0      
       FlashStateMachine.SetActiveBank.obj           380      0         1      
       FlashStateMachine.EnableEepromSectors.obj     196      0         0      
       BlankCheck.obj                                148      0         0      
       Read.LoopDword.obj                            94       0         0      
       FlashStateMachine.Hercules.IsEccAddress.obj   80       0         0      
       FlashStateMachine.IssueFsmCommand.obj         60       0         0      
       Utilities.CalculateFletcher.obj               54       0         0      
       Async.WithAddress.obj                         48       0         0      
       Utilities.WaitDelay.obj                       48       0         0      
       Read.Common.obj                               44       0         0      
       Async.obj                                     42       0         0      
       FlashStateMachine.ScaleFclk.obj               32       0         8      
       Read.FlushPipeline.obj                        34       0         0      
       Utilities.GetNumberOfSectors.obj              16       0         0      
       Read.WdService.obj                            12       0         0      
    +--+---------------------------------------------+--------+---------+---------+
       Total:                                        1924     0         9      
                                                                               
    C:/ti/ccs930/ccs/tools/compiler/ti-cgt-arm_18.12.4.LTS/lib/rtsv7R4_T_be_v3D16_eabi.lib
       _printfi.c.obj                                4669     0         0      
       k_rem_pio2.c.obj                              1540     344       0      
       s_sin.c.obj                                   1008     0         0      
       memory.c.obj                                  692      0         8      
       ull_div32.asm.obj                             696      0         0      
       defs.c.obj                                    0        0         416    
       trgmsg.c.obj                                  112      0         288    
       fputs.c.obj                                   280      0         0      
       ctype.c.obj                                   0        257       0      
       s_scalbn.c.obj                                240      0         0      
       s_floor.c.obj                                 224      0         0      
       setvbuf.c.obj                                 220      0         0      
       host_device.c.obj                             0        0         200    
       k_cos.c.obj                                   180      0         0      
       k_sin.c.obj                                   168      0         0      
       memcpy_t2.asm.obj                             156      0         0      
       fputc.c.obj                                   144      0         0      
       memset_t2.asm.obj                             122      0         0      
       getdevice.c.obj                               120      0         0      
       fclose.c.obj                                  116      0         0      
       s_frexp.c.obj                                 116      0         0      
       printf.c.obj                                  112      0         0      
       copy_decompress_lzss.c.obj                    108      0         0      
       hostrename.c.obj                              108      0         0      
       hostlseek.c.obj                               104      0         0      
       _io_perm.c.obj                                100      0         0      
       fseek.c.obj                                   100      0         0      
       hostopen.c.obj                                92       0         8      
       hostread.c.obj                                92       0         0      
       close.c.obj                                   88       0         0      
       hostwrite.c.obj                               88       0         0      
       exit.c.obj                                    72       0         12     
       i_div32.asm.obj                               84       0         0      
       ltoa.c.obj                                    84       0         0      
       atoi.c.obj                                    80       0         0      
       u_div32.asm.obj                               80       0         0      
       fflush.c.obj                                  76       0         0      
       autoinit.c.obj                                68       0         0      
       hostclose.c.obj                               68       0         0      
       hostunlink.c.obj                              68       0         0      
       strncpy.c.obj                                 54       0         0      
       fopen.c.obj                                   52       0         0      
       unlink.c.obj                                  44       0         0      
       lseek.c.obj                                   40       0         0      
       write.c.obj                                   40       0         0      
       memchr.c.obj                                  32       0         0      
       s_copysign.c.obj                              30       0         0      
       memccpy.c.obj                                 28       0         0      
       strcmp.c.obj                                  24       0         0      
       strchr.c.obj                                  22       0         0      
       strlen.c.obj                                  22       0         0      
       strcpy.c.obj                                  20       0         0      
       wcslen.c.obj                                  18       0         0      
       copy_decompress_none.c.obj                    14       0         0      
       copy_zero_init.c.obj                          12       0         0      
       errno.c.obj                                   8        0         4      
       _lock.c.obj                                   2        0         8      
       div0.asm.obj                                  2        0         0      
    +--+---------------------------------------------+--------+---------+---------+
       Total:                                        12939    601       944    
                                                                               
       Heap:                                         0        0         2048   
       Linker Generated:                             0        197       0      
    +--+---------------------------------------------+--------+---------+---------+
       Grand Total:                                  112259   2798      4335   


LINKER GENERATED COPY TABLES

__TI_cinit_table @ 0001c170 records: 3, size/record: 8, table size: 24
	.data: load addr=0001c0c0, load size=00000090 bytes, run addr=080021c8, run size=00000300 bytes, compression=lzss
	FEE_DATA_SECTION: load addr=0001c15c, load size=00000009 bytes, run addr=080024c8, run size=00000131 bytes, compression=lzss
	.bss: load addr=0001c168, load size=00000008 bytes, run addr=08001d00, run size=000004c3 bytes, compression=zero_init


LINKER GENERATED HANDLER TABLE

__TI_handler_table @ 0001c150 records: 3, size/record: 4, table size: 12
	index: 0, handler: __TI_zero_init
	index: 1, handler: __TI_decompress_lzss
	index: 2, handler: __TI_decompress_none

VENEERS

callee name               veneer name
   callee addr  veneer addr  call addr  call info
--------------  -----------  ---------  ----------------
Fapi_serviceWatchdogTimer  $Ven$TA$L$PI$$Fapi_serviceWatchdogTimer
   00019d48     00019d74     00019d34   F021_API_CortexR4_BE_V3D16.lib : Read.WdService.obj (.text:_Fapi_checkWdService)

[1 trampolines]
[1 trampoline calls]


GLOBAL SYMBOLS: SORTED ALPHABETICALLY BY Name 

address   name                                    
-------   ----                                    
00016ea4  ADS1018Adcread                          
080020b0  ADS1018Data                             
080023e8  AciSonuc                                
080023a0  AcilStopON                              
080023a4  AlignmentAuto                           
0800239e  AlignmentAutoState                      
080023a3  AlignmentLeft                           
0800239d  AlignmentLeftState                      
080023a2  AlignmentRight                          
0800239c  AlignmentRightState                     
00005b44  AllPowerSwitchSTatusGet                 
08002198  Amount                                  
00005c10  AngleToValue                            
080023f0  AngleValue                              
08002140  ArkaSensorAriza                         
0800219a  AttractiveLeftSensorAndCamelNeck        
0800239f  AutoHizalama                            
08002144  AutoHizalamaBitti                       
0800239b  AutoHizalamaState                       
080020b8  AutomaticAligmentDone                   
0800219c  Average                                 
080020c0  BackSensorInoperative                   
08002148  BlockOffset                             
00005b30  Bottom1PowerSwitchStatusGet             
00019d69  C$$EXIT                                 
00019963  C$$IO$$                                 
08002474  CS_PIN                                  
0800214c  CaliberBozuk                            
080020c8  CalibrationCancel                       
080023b3  CalibrationDone                         
080020d0  CalibrationFailure                      
080020d8  CalibrationFinalSettings                
080020e0  CalibrationFirstTemprorySettings        
080020e8  CalibrationSecondTemprorySettings       
080020f0  Calibrationbegin                        
08002150  CamelneckHomeTemporary                  
08002154  CamelneckLeftAngleTemporary             
08002158  CamelneckNumberTemporary                
080023c0  CamelneckNumberValue                    
0800215c  CamelneckRightAngleTemporary            
00005ed8  CanRedHighLow                           
00005e84  CanYellowHighLow                        
000088e0  CommandCheck                            
00007964  ControlLeds                             
080023ec  DegerSonuc                              
0001befc  Device_FlashDevice                      
080020f8  EmergencyStopActive                     
0001996d  Fapi_calculateFletcherChecksum          
00018bd9  Fapi_doBlankCheck                       
00018d91  Fapi_enableEepromBankSectors            
00019bd1  Fapi_flushPipeline                      
00019cf1  Fapi_getNumberOfBankSectors             
00017591  Fapi_initializeFlashBanks               
00019591  Fapi_isAddressEcc                       
00019b2d  Fapi_issueAsyncCommand                  
00019a75  Fapi_issueAsyncCommandWithAddress       
00019d48  Fapi_serviceWatchdogTimer               
00017bd9  Fapi_setActiveFlashBank                 
00019aa5  Fapi_waitDelay                          
0001c0ac  Fee_BlockConfiguration                  
0001c0a0  Fee_VirtualSectorConfiguration          
08002100  FifthWheelAnglePositioneLeft            
08002108  FifthWheelAnglePositioneRight           
08002160  FifthWheelHomeTemporary                 
08002164  FifthWheelLeftAngleTemporary            
08002168  FifthWheelNumberTemporary               
080023bc  FifthWheelNumberValue                   
0800216c  FifthWheelRightAngleTemporary           
08002110  FrontSensorInoperative                  
08002170  Fullautomaticled                        
080023b7  Fullautomaticmode                       
000162d0  GetDate                                 
000160e4  GetRegister                             
00016200  Getdays                                 
000161cc  Gethours                                
00016198  Getminutes                              
00016268  Getmonths                               
00016160  Getseconds                              
00016234  Getweekdays                             
0001629c  Getyears                                
0001971d  HOSTclose                               
00019135  HOSTlseek                               
0001932d  HOSTopen                                
00019389  HOSTread                                
0001905d  HOSTrename                              
00019761  HOSTunlink                              
000193e5  HOSTwrite                               
0000583c  HardwareInit                            
00005c78  HedefAci                                
080023aa  ISS                                     
0800239a  ISSActiveState                          
00006630  ISSCheck                                
08002118  ISSSingalActive                         
00005bc4  InputInit                               
000147e8  IsdwdKeySequenceCorrect                 
00005ae8  Left2PowerSwitchStatusGet               
00005a60  Left4PowerSwitchStatusGet               
08002174  Length                                  
00015ad8  MCP_Init                                
00015864  MCP_PinMode                             
000158fc  MCP_PinOutput                           
00015a0c  MCP_PortRead                            
000159e8  MCP_PortinputInvert                     
000159c4  MCP_PortpullupMode                      
00015a70  MCP_pinRead                             
00005b5c  MCUADCread                              
08002120  ModeSelectDelay                         
00005948  OutputInit                              
00015840  PortMode                                
08002398  PumpSlaveBtn                            
080023c5  PumpState                               
0000581c  RTIInit                                 
08001e20  RX_DATA                                 
00016e0c  Register2write                          
00005b0c  Right2PowerSwitchStatusGet              
00005aa4  Right4PowerSwitchStatusGet              
UNDEFED   SHT$$INIT_ARRAY$$Base                   
UNDEFED   SHT$$INIT_ARRAY$$Limit                  
00005894  SPIADS1018Init                          
0000585c  SPIMCPInit                              
000058c8  SPIPCA2129Init                          
000058fc  SPISST25PF040CInit                      
08002475  SPI_PORT_NUMBER                         
00005930  SPIdevicesinit                          
08002178  Semiautomaticled                        
080023b8  Semiautomaticmode                       
00016330  SetDate                                 
080023a8  SetMode                                 
0001607c  SetRegister                             
00016214  Setdays                                 
000161e0  Sethours                                
000161ac  Setminutes                              
0001627c  Setmonths                               
00016174  Setseconds                              
00016248  Setweekdays                             
000162b0  Setyears                                
08002090  SpecialRamBlock                         
0000dffc  SpiRxStatus                             
0000df70  SpiTxStatus                             
0800219e  Status                                  
080023a9  StopMode                                
080023b0  StopModeState                           
080023a1  SysActive                               
080023b4  SystemActiveCaliber                     
00000af4  TI_FeeInternal_AlignAddressForECC       
00001188  TI_FeeInternal_BlankCheck               
00004f34  TI_FeeInternal_CheckForError            
00002a54  TI_FeeInternal_CheckModuleState         
00002ab4  TI_FeeInternal_CheckReadParameters      
000056cc  TI_FeeInternal_EnableRequiredFlashSector
00003044  TI_FeeInternal_FeeManager               
00000ec4  TI_FeeInternal_FindNextVirtualSector    
000050b4  TI_FeeInternal_Fletcher16               
00001d24  TI_FeeInternal_GetArrayIndex            
00001c68  TI_FeeInternal_GetBlockIndex            
00001c2c  TI_FeeInternal_GetBlockNumber           
00000e84  TI_FeeInternal_GetBlockSize             
00002be4  TI_FeeInternal_GetCurrentBlockAddress   
00001ce8  TI_FeeInternal_GetDataSetIndex          
00002ce8  TI_FeeInternal_GetNextFlashAddress      
00001a50  TI_FeeInternal_GetVirtualSectorIndex    
00000020  TI_FeeInternal_GetVirtualSectorParameter
00004b14  TI_FeeInternal_InvalidateErase          
00000e08  TI_FeeInternal_PollFlashStatus          
00002d38  TI_FeeInternal_SanityCheck              
00002f28  TI_FeeInternal_SetClearCopyBlockState   
00004dc4  TI_FeeInternal_StartProgramBlock        
00001e90  TI_FeeInternal_UpdateBlockOffsetArray   
000044bc  TI_FeeInternal_WriteBlockHeader         
00000664  TI_FeeInternal_WriteDataF021            
00000b2c  TI_FeeInternal_WriteInitialize          
0000481c  TI_FeeInternal_WritePreviousBlockHeader 
000001b8  TI_FeeInternal_WriteVirtualSectorHeader 
000051e0  TI_Fee_ErrorRecovery                    
080025bc  TI_Fee_FapiInitCalled                   
0001b1dc  TI_Fee_Format                           
00004ec8  TI_Fee_GetStatus                        
080024c8  TI_Fee_GlobalVariables                  
0000be2c  TI_Fee_Init                             
0000e710  TI_Fee_MainFunction                     
0001aa34  TI_Fee_Read                             
000054bc  TI_Fee_SuspendResumeErase               
00019d7c  TI_Fee_WriteAsync                       
080025a5  TI_Fee_bEraseSuspended                  
080025a6  TI_Fee_bIsMainFunctionCalled            
080025a8  TI_Fee_oStatusWord                      
080025a0  TI_Fee_u32ActCpyVS                      
08002598  TI_Fee_u32BlockEraseCount               
08002594  TI_Fee_u32FletcherChecksum              
08002590  TI_Fee_u8DataSets                       
0800259c  TI_Fee_u8DeviceIndex                    
080025a4  TI_Fee_u8ErrEraseVS                     
080025ac  TI_FlashStatusWord                      
080021a0  VN5T006ASPTRE_BOTTOM_CS1_VAL            
080021a2  VNQ5050KTRE_LEFT_1CS1_VAL               
080021a4  VNQ5050KTRE_LEFT_1CS2_VAL               
080021a6  VNQ5050KTRE_LEFT_1STAT1_VAL             
080021a8  VNQ5050KTRE_LEFT_1STAT2_VAL             
080021aa  VNQ5050KTRE_LEFT_1STAT3_VAL             
080021ac  VNQ5050KTRE_LEFT_1STAT4_VAL             
080021ae  VNQ5050KTRE_RIGHT_2CS1_VAL              
080021b0  VNQ5050KTRE_RIGHT_2CS2_VAL              
080021b2  VNQ5050KTRE_RIGHT_2STAT1_VAL            
080021b4  VNQ5050KTRE_RIGHT_2STAT2_VAL            
080021b6  VNQ5050KTRE_RIGHT_2STAT3_VAL            
080021b8  VNQ5050KTRE_RIGHT_2STAT4_VAL            
00005c40  ValueToAngle                            
08002128  VehicleInRoute                          
000197a5  _Fapi_EnableSectors                     
00019d2f  _Fapi_checkWdService                    
000198f5  _Fapi_issueFsmCommand                   
000192cd  _Fapi_loopRegionForValue                
00019ad5  _Fapi_readDword                         
08001d00  __CIOBUF_                               
00000800  __SYSMEM_SIZE                           
0001c170  __TI_CINIT_Base                         
0001c188  __TI_CINIT_Limit                        
0001c150  __TI_Handler_Table_Base                 
0001c15c  __TI_Handler_Table_Limit                
00016ae0  __TI_PINIT_Base                         
00016ae4  __TI_PINIT_Limit                        
000197e9  __TI_auto_init_nobinit_nopinit          
000199d9  __TI_cleanup                            
08002488  __TI_cleanup_ptr                        
00018f05  __TI_closefile                          
000190c9  __TI_decompress_lzss                    
00019d21  __TI_decompress_none                    
000196d1  __TI_doflush                            
0800248c  __TI_dtors_ptr                          
08002490  __TI_enable_exit_profile_output         
08002478  __TI_ft_end                             
ffffffff  __TI_pprof_out_hndl                     
000122fd  __TI_printfi                            
ffffffff  __TI_prof_data_size                     
ffffffff  __TI_prof_data_start                    
00019a0d  __TI_readmsg                            
00000000  __TI_static_base__                      
08001ee8  __TI_tmpnams                            
00019931  __TI_writemsg                           
00019205  __TI_wrt_ok                             
00019d3b  __TI_zero_init                          
00019d51  __aeabi_errno_addr                      
0001953c  __aeabi_idiv                            
00018a93  __aeabi_idiv0                           
0001953c  __aeabi_idivmod                         
00018a93  __aeabi_ldiv0                           
00018e8b  __aeabi_memclr                          
00018e8b  __aeabi_memclr4                         
00018e8b  __aeabi_memclr8                         
00018b3d  __aeabi_memcpy                          
00018b3d  __aeabi_memcpy4                         
00018b3d  __aeabi_memcpy8                         
00018e8d  __aeabi_memset                          
00018e8d  __aeabi_memset4                         
00018e8d  __aeabi_memset8                         
08002484  __aeabi_stderr                          
0800247c  __aeabi_stdin                           
08002480  __aeabi_stdout                          
00019680  __aeabi_uidiv                           
00019680  __aeabi_uidivmod                        
00017074  __aeabi_uldivmod                        
ffffffff  __binit__                               
ffffffff  __c_args__                              
00018931  __kernel_cos                            
00014ab9  __kernel_rem_pio2                       
00018a95  __kernel_sin                            
0001732c  _c_int00                                
000169f8  _coreClearAuxiliaryDataFault_           
00016a0c  _coreClearAuxiliaryInstructionFault_    
000169d0  _coreClearDataFaultAddress_             
000169a8  _coreClearDataFault_                    
000169e4  _coreClearInstructionFaultAddress_      
000169bc  _coreClearInstructionFault_             
0001693c  _coreDisableEventBusExport_             
00016980  _coreDisableFlashEcc_                   
0001695c  _coreDisableRamEcc_                     
0001692c  _coreEnableEventBusExport_              
0001696c  _coreEnableFlashEcc_                    
00016990  _coreEnableIrqVicOffset_                
0001694c  _coreEnableRamEcc_                      
00016914  _coreEnableVfp_                         
000169f0  _coreGetAuxiliaryDataFault_             
00016a04  _coreGetAuxiliaryInstructionFault_      
000169c8  _coreGetDataFaultAddress_               
000169a0  _coreGetDataFault_                      
000169dc  _coreGetInstructionFaultAddress_        
000169b4  _coreGetInstructionFault_               
0001679c  _coreInitRegisters_                     
000168a8  _coreInitStackPointer_                  
0001bd88  _ctypes_                                
000184c8  _dabort                                 
080022b8  _device                                 
00016a20  _disable_FIQ_interrupt_                 
00016a28  _disable_IRQ_interrupt_                 
00016a18  _disable_interrupt_                     
00016a30  _enable_interrupt_                      
00016ac0  _errata_CORTEXR4_57_                    
00016ad0  _errata_CORTEXR4_66_                    
00013e18  _errata_SSWF021_45_both_plls            
0001400c  _errata_SSWF021_45_pll1                 
00014184  _errata_SSWF021_45_pll2                 
00016a38  _esmCcmErrorsClear_                     
080021c8  _ftable                                 
000168f4  _getCPSRValue_                          
000168fc  _gotoCPUIdle_                           
08002470  _invertCache                            
080024a0  _lock                                   
08002464  _modeCache                              
00012d47  _nop                                    
08002468  _outputCache                            
000187d0  _pmuDisableCountersGlobal_              
000187c0  _pmuEnableCountersGlobal_               
0001882c  _pmuGetCycleCount_                      
00018834  _pmuGetEventCount_                      
00018840  _pmuGetOverflow_                        
00018774  _pmuInit_                               
00018800  _pmuResetCounters_                      
000187e0  _pmuResetCycleCounter_                  
000187f0  _pmuResetEventCounters_                 
00018820  _pmuSetCountEvent_                      
00018810  _pmuStartCounters_                      
00018818  _pmuStopCounters_                       
0800246c  _pullupCache                            
00019d01  _scaleEEFclk                            
00019d11  _scaleMainFclk                          
080023f4  _stream                                 
08001500  _sys_memory                             
UNDEFED   _system_post_cinit                      
080024a4  _unlock                                 
00019d69  abort                                   
00010b64  adc1GetConfigValue                      
0000a5e0  adc1ParityCheck                         
0000a6cc  adc2ParityCheck                         
00010740  adcCalibration                          
00010b04  adcDisableNotification                  
00010ab4  adcEnableNotification                   
00010518  adcGetData                              
00010b4c  adcGetEVTPin                            
000102e8  adcInit                                 
00010710  adcIsConversionComplete                 
000106e0  adcIsFifoFull                           
00010918  adcMidPointCalibration                  
00017dbc  adcNotification                         
000104f0  adcResetFiFo                            
00010b2c  adcSetEVTPin                            
00010444  adcStartConversion                      
000104c8  adcStopConversion                       
08001f88  adc_data                                
080021ba  adc_samplecounter                       
080023e4  adress_value                            
080021c0  aligment_buf                            
080023c4  aligment_set_level                      
00017fb1  aligned_alloc                           
00019631  atoi                                    
080023ac  auto_aligment                           
00016038  bcdToDec                                
0800217c  beginTime                               
ffffffff  binit                                   
000157e8  byteWrite                               
0001011c  can1GetConfigValue                      
0000a784  can1ParityCheck                         
0000a85c  can2ParityCheck                         
0000ffbc  canDisableErrorNotification             
0000ff9c  canDisableStatusChangeNotification      
00010014  canDisableloopback                      
0000ff5c  canEnableErrorNotification              
0000ff7c  canEnableStatusChangeNotification       
0000ffdc  canEnableloopback                       
00017dd0  canErrorNotification                    
0000fd04  canFillMessageObjectData                
0000fa2c  canGetData                              
0000ff38  canGetErrorLevel                        
0000fb84  canGetID                                
0000ff14  canGetLastError                         
0000f7f0  canInit                                 
00010100  canIoRxGetBit                           
00010044  canIoSetDirection                       
00010094  canIoSetPort                            
000100e4  canIoTxGetBit                           
0000feb8  canIsMessageBoxValid                    
0000fe5c  canIsRxMessageArrived                   
0000fe00  canIsTxMessagePending                   
00005f38  canMessageCheck                         
00017df8  canMessageNotification                  
0000fc64  canSendRemoteFrame                      
080021bc  canSensorData                           
00017de4  canStatusChangeNotification             
0000f930  canTransmit                             
0000fbec  canUpdateID                             
080024b8  can_rx_data                             
08002130  can_tx_data                             
00013354  capGetSignal                            
000093a4  ccmSelfCheck                            
0000b7c8  ccmr4GetConfigValue                     
080023c8  ch_count                                
00009cac  checkB0RAMECC                           
00009e9c  checkB1RAMECC                           
0000adc4  checkClockMonitor                       
0000a08c  checkFlashECC                           
0000ae8c  checkFlashEEPROMECC                     
0000b020  checkPLL1Slip                           
0000923c  checkPackets                            
0000b124  checkRAMAddrParity                      
0000ab74  checkRAMECC                             
0000b238  checkRAMUERRTest                        
00009b30  checkefcSelfTest                        
0001943d  close                                   
00006adc  commandButtonscheck                     
00019c13  copysign                                
00019c13  copysignl                               
000095a8  cpuSelfTest                             
0000a170  cpuSelfTestFail                         
0800249e  currentStep                             
000117e4  customTrimLPO                           
0000a168  custom_dabort                           
08002180  dataconfig1_t                           
08002184  dataconfig2_t                           
08002188  dataconfig3_t                           
0800218c  dataconfig4_t                           
00016004  decToBcd                                
000057f0  delay                                   
00009040  delaymode                               
0000bc30  disableParity                           
00017e84  dmaGroupANotification                   
0000a220  dmaParityCheck                          
00014850  dwdClearFlag                            
00014784  dwdCounterEnable                        
000147cc  dwdGenerateSysReset                     
0001481c  dwdGetStatus                            
00014860  dwdGetViolationStatus                   
00014708  dwdInit                                 
000147b0  dwdReset                                
00014794  dwdSetPreload                           
00014778  dwwdGetCurrentDownCounter               
00014730  dwwdInit                                
00013314  edgeDisableNotification                 
000132d8  edgeEnableNotification                  
000132ac  edgeGetCounter                          
00017e5c  edgeNotification                        
00013280  edgeResetCounter                        
00005ddc  eepromRead                              
08002444  eeprom_read_data                        
080020a0  eeprom_write_data                       
000099d4  efcCheck                                
0000b730  efcGetConfigValue                       
00009b08  efcSelfTest                             
00009a5c  efcStuckZeroTest                        
080023ab  emergency_stop                          
0000bbb4  enableParity                            
00005cb4  epromWrite                              
0000b848  errata_PBIST_4                          
08002394  errno                                   
080023e0  error                                   
00015240  esmActivateNormalOperation              
00015314  esmClearStatus                          
00015354  esmClearStatusBuffer                    
00015208  esmDisableError                         
00015278  esmDisableInterrupt                     
000151e0  esmEnableError                          
00015250  esmEnableInterrupt                      
0001544c  esmEnterSelfTest                        
000151c4  esmError                                
00015524  esmGetConfigValue                       
00015390  esmGetStatus                            
00015414  esmGetStatusBuffer                      
00017d54  esmGroup1Notification                   
00017d64  esmGroup2Notification                   
000180c4  esmHighInterrupt                        
000150bc  esmInit                                 
000154d4  esmSelfTestStatus                       
00015370  esmSetCounterPreloadValue               
000152a0  esmSetInterruptLevel                    
00015230  esmTriggerErrorPinReset                 
0001982d  exit                                    
0800249d  failStep                                
00019a41  finddevice                              
00018695  floor                                   
00018695  floorl                                  
0000b3a8  fmcBus1ParityCheck                      
00009bd0  fmcBus2Check                            
00009c0c  fmcECCcheck                             
00018d01  fputc                                   
00017e99  fputs                                   
000185b1  free                                    
00018f79  frexp                                   
00018f79  frexpl                                  
00019269  fseek                                   
00006f48  fullAutomaticAligmentCommandsCheck      
00008f14  fullAutomaticAutoAlignmentProcess       
000067a0  fullAutomaticPumpCheck                  
00008df0  fullAutomaticStandBymode                
080023a5  fullPumpState                           
080023b1  full_Automatic_AutoAlignment            
080023b2  full_Automatic_Set_Aligment             
08002498  functiontodo                            
0000667c  getSensorAndCamelNeckValue              
00019871  getdevice                               
00015d98  gioDisableNotification                  
00015d30  gioEnableNotification                   
00015c98  gioGetBit                               
00015e00  gioGetConfigValue                       
00015cc0  gioGetPort                              
00015b38  gioInit                                 
00017e0c  gioNotification                         
00015c28  gioSetBit                               
00015c08  gioSetDirection                         
00015c78  gioSetPort                              
00015cd8  gioToggleBit                            
080021be  global_counter                          
00019d70  handlePLLLockFail                       
00013460  het1GetConfigValue                      
0000a2cc  het1ParityCheck                         
0000a434  het2ParityCheck                         
00013448  hetGetTimestamp                         
00012d48  hetInit                                 
00017e70  hetNotification                         
0001342c  hetResetTimestamp                       
0000a378  htu1ParityCheck                         
0000a530  htu2ParityCheck                         
080023d0  id                                      
000183d9  ldexp                                   
000183d9  ldexpl                                  
080023ad  left_aligment                           
00019b81  lseek                                   
000194e9  ltoa                                    
000090a4  main                                    
00019d59  malloc                                  
00010f2c  mapClocks                               
00017fb1  memalign                                
00019c69  memccpy                                 
00019bf3  memchr                                  
00018b3d  memcpy                                  
000094e8  memoryInit                              
00017d74  memoryPort0TestFailNotification         
00017d90  memoryPort1TestFailNotification         
00018e93  memset                                  
0000a924  mibspi1ParityCheck                      
0000aa34  mibspi3ParityCheck                      
08002190  mode                                    
00008978  modeWarning                             
0001363c  muxInit                                 
080023e6  oResult                                 
08002138  parmbuf                                 
0000b4c4  pbistFail                               
0000b548  pbistGetConfigValue                     
0000991c  pbistIsTestCompleted                    
00009948  pbistIsTestPassed                       
0000997c  pbistPortTestStatus                     
00009820  pbistRun                                
00009640  pbistSelfCheck                          
000098ec  pbistStop                               
00010ed8  periphInit                              
00019d6c  phantomInterrupt                        
00013a14  pinmuxGetConfigValue                    
0001919d  printf                                  
00018d01  putc                                    
00013250  pwmDisableNotification                  
00013208  pwmEnableNotification                   
00013128  pwmGetSignal                            
00017e44  pwmNotification                         
00012e70  pwmSetDuty                              
00012fac  pwmSetSignal                            
00012e08  pwmStart                                
00012e3c  pwmStop                                 
080024c0  rcvId                                   
08002330  read_data                               
00019b01  remove                                  
00000000  resetEntry                              
080023ae  right_aligment                          
00018c6c  rtiCompare0Interrupt                    
00018cb4  rtiCompare1Interrupt                    
00014910  rtiDisableNotification                  
000148e8  rtiEnableNotification                   
0001492c  rtiGetConfigValue                       
0001467c  rtiGetCurrentTick                       
00014654  rtiGetPeriod                            
0001447c  rtiInit                                 
00009200  rtiNotification                         
000145c8  rtiResetCounter                         
0001462c  rtiSetPeriod                            
00014570  rtiStartCounter                         
0001459c  rtiStopCounter                          
000183d9  scalbn                                  
000183d9  scalbnl                                 
00009394  selftestFailNotification                
00008bf8  semiAutomaticAutoHizalamaProcess        
00008d68  semiAutomaticStandByMode                
08002399  semi_Automatic_AutoAlignment            
080021c1  sensorLeft                              
080021c2  sensorRight                             
0000685c  setAligmentProcess                      
00016db4  setStep                                 
080023af  set_aligment                            
00015fbc  set_bit                                 
080023a6  setcounter                              
00010e98  setupFlash                              
00010dd4  setupPLL                                
00018855  setvbuf                                 
000163ad  sin                                     
000163ad  sinl                                    
0000e134  spi1GetConfigValue                      
0000e2c4  spi2GetConfigValue                      
0000e4b0  spi3GetConfigValue                      
0000e0bc  spiDisableLoopback                      
0000e108  spiDisableNotification                  
0000e088  spiEnableLoopback                       
0000e0d8  spiEnableNotification                   
00017e34  spiEndNotification                      
0000d9d8  spiGetData                              
0000d510  spiInit                                 
00017e20  spiNotification                         
0000d8bc  spiReceiveData                          
0000de30  spiSendAndGetData                       
0000dbfc  spiSendData                             
0000d89c  spiSetFunctional                        
0000dcf4  spiTransmitAndReceiveData               
0000dad0  spiTransmitData                         
00015678  spiWrite                                
000156f4  spiWriteRead                            
000116a8  sramGetConfigValue                      
0000b690  stcGetConfigValue                       
0000952c  stcSelfCheck                            
0000a16c  stcSelfCheckFail                        
08002494  step                                    
00019c9d  strchr                                  
00019c85  strcmp                                  
00019cc9  strcpy                                  
00019cb3  strlen                                  
000199a3  strncpy                                 
0800249c  subStep                                 
0800249f  successStep                             
00006600  systemActiveCheck                       
00011120  systemGetConfigValue                    
00011024  systemInit                              
000110f0  systemPowerDown                         
000114fc  tcmflashGetConfigValue                  
080023b5  tick                                    
080023b6  tick2                                   
08002194  timeOut                                 
00010e24  trimLPO                                 
00019b01  unlink                                  
080023d8  value                                   
0001197c  vimChannelMap                           
00011be8  vimDisableInterrupt                     
00011a20  vimEnableInterrupt                      
00011c94  vimGetConfigValue                       
000118a8  vimInit                                 
0000a174  vimParityCheck                          
00016ae8  vimParityErrorHandler                   
00019cdd  wcslen                                  
00015788  wordWrite                               
00019ba9  write                                   


GLOBAL SYMBOLS: SORTED BY Symbol Address 

address   name                                    
-------   ----                                    
00000000  __TI_static_base__                      
00000000  resetEntry                              
00000020  TI_FeeInternal_GetVirtualSectorParameter
000001b8  TI_FeeInternal_WriteVirtualSectorHeader 
00000664  TI_FeeInternal_WriteDataF021            
00000800  __SYSMEM_SIZE                           
00000af4  TI_FeeInternal_AlignAddressForECC       
00000b2c  TI_FeeInternal_WriteInitialize          
00000e08  TI_FeeInternal_PollFlashStatus          
00000e84  TI_FeeInternal_GetBlockSize             
00000ec4  TI_FeeInternal_FindNextVirtualSector    
00001188  TI_FeeInternal_BlankCheck               
00001a50  TI_FeeInternal_GetVirtualSectorIndex    
00001c2c  TI_FeeInternal_GetBlockNumber           
00001c68  TI_FeeInternal_GetBlockIndex            
00001ce8  TI_FeeInternal_GetDataSetIndex          
00001d24  TI_FeeInternal_GetArrayIndex            
00001e90  TI_FeeInternal_UpdateBlockOffsetArray   
00002a54  TI_FeeInternal_CheckModuleState         
00002ab4  TI_FeeInternal_CheckReadParameters      
00002be4  TI_FeeInternal_GetCurrentBlockAddress   
00002ce8  TI_FeeInternal_GetNextFlashAddress      
00002d38  TI_FeeInternal_SanityCheck              
00002f28  TI_FeeInternal_SetClearCopyBlockState   
00003044  TI_FeeInternal_FeeManager               
000044bc  TI_FeeInternal_WriteBlockHeader         
0000481c  TI_FeeInternal_WritePreviousBlockHeader 
00004b14  TI_FeeInternal_InvalidateErase          
00004dc4  TI_FeeInternal_StartProgramBlock        
00004ec8  TI_Fee_GetStatus                        
00004f34  TI_FeeInternal_CheckForError            
000050b4  TI_FeeInternal_Fletcher16               
000051e0  TI_Fee_ErrorRecovery                    
000054bc  TI_Fee_SuspendResumeErase               
000056cc  TI_FeeInternal_EnableRequiredFlashSector
000057f0  delay                                   
0000581c  RTIInit                                 
0000583c  HardwareInit                            
0000585c  SPIMCPInit                              
00005894  SPIADS1018Init                          
000058c8  SPIPCA2129Init                          
000058fc  SPISST25PF040CInit                      
00005930  SPIdevicesinit                          
00005948  OutputInit                              
00005a60  Left4PowerSwitchStatusGet               
00005aa4  Right4PowerSwitchStatusGet              
00005ae8  Left2PowerSwitchStatusGet               
00005b0c  Right2PowerSwitchStatusGet              
00005b30  Bottom1PowerSwitchStatusGet             
00005b44  AllPowerSwitchSTatusGet                 
00005b5c  MCUADCread                              
00005bc4  InputInit                               
00005c10  AngleToValue                            
00005c40  ValueToAngle                            
00005c78  HedefAci                                
00005cb4  epromWrite                              
00005ddc  eepromRead                              
00005e84  CanYellowHighLow                        
00005ed8  CanRedHighLow                           
00005f38  canMessageCheck                         
00006600  systemActiveCheck                       
00006630  ISSCheck                                
0000667c  getSensorAndCamelNeckValue              
000067a0  fullAutomaticPumpCheck                  
0000685c  setAligmentProcess                      
00006adc  commandButtonscheck                     
00006f48  fullAutomaticAligmentCommandsCheck      
00007964  ControlLeds                             
000088e0  CommandCheck                            
00008978  modeWarning                             
00008bf8  semiAutomaticAutoHizalamaProcess        
00008d68  semiAutomaticStandByMode                
00008df0  fullAutomaticStandBymode                
00008f14  fullAutomaticAutoAlignmentProcess       
00009040  delaymode                               
000090a4  main                                    
00009200  rtiNotification                         
0000923c  checkPackets                            
00009394  selftestFailNotification                
000093a4  ccmSelfCheck                            
000094e8  memoryInit                              
0000952c  stcSelfCheck                            
000095a8  cpuSelfTest                             
00009640  pbistSelfCheck                          
00009820  pbistRun                                
000098ec  pbistStop                               
0000991c  pbistIsTestCompleted                    
00009948  pbistIsTestPassed                       
0000997c  pbistPortTestStatus                     
000099d4  efcCheck                                
00009a5c  efcStuckZeroTest                        
00009b08  efcSelfTest                             
00009b30  checkefcSelfTest                        
00009bd0  fmcBus2Check                            
00009c0c  fmcECCcheck                             
00009cac  checkB0RAMECC                           
00009e9c  checkB1RAMECC                           
0000a08c  checkFlashECC                           
0000a168  custom_dabort                           
0000a16c  stcSelfCheckFail                        
0000a170  cpuSelfTestFail                         
0000a174  vimParityCheck                          
0000a220  dmaParityCheck                          
0000a2cc  het1ParityCheck                         
0000a378  htu1ParityCheck                         
0000a434  het2ParityCheck                         
0000a530  htu2ParityCheck                         
0000a5e0  adc1ParityCheck                         
0000a6cc  adc2ParityCheck                         
0000a784  can1ParityCheck                         
0000a85c  can2ParityCheck                         
0000a924  mibspi1ParityCheck                      
0000aa34  mibspi3ParityCheck                      
0000ab74  checkRAMECC                             
0000adc4  checkClockMonitor                       
0000ae8c  checkFlashEEPROMECC                     
0000b020  checkPLL1Slip                           
0000b124  checkRAMAddrParity                      
0000b238  checkRAMUERRTest                        
0000b3a8  fmcBus1ParityCheck                      
0000b4c4  pbistFail                               
0000b548  pbistGetConfigValue                     
0000b690  stcGetConfigValue                       
0000b730  efcGetConfigValue                       
0000b7c8  ccmr4GetConfigValue                     
0000b848  errata_PBIST_4                          
0000bbb4  enableParity                            
0000bc30  disableParity                           
0000be2c  TI_Fee_Init                             
0000d510  spiInit                                 
0000d89c  spiSetFunctional                        
0000d8bc  spiReceiveData                          
0000d9d8  spiGetData                              
0000dad0  spiTransmitData                         
0000dbfc  spiSendData                             
0000dcf4  spiTransmitAndReceiveData               
0000de30  spiSendAndGetData                       
0000df70  SpiTxStatus                             
0000dffc  SpiRxStatus                             
0000e088  spiEnableLoopback                       
0000e0bc  spiDisableLoopback                      
0000e0d8  spiEnableNotification                   
0000e108  spiDisableNotification                  
0000e134  spi1GetConfigValue                      
0000e2c4  spi2GetConfigValue                      
0000e4b0  spi3GetConfigValue                      
0000e710  TI_Fee_MainFunction                     
0000f7f0  canInit                                 
0000f930  canTransmit                             
0000fa2c  canGetData                              
0000fb84  canGetID                                
0000fbec  canUpdateID                             
0000fc64  canSendRemoteFrame                      
0000fd04  canFillMessageObjectData                
0000fe00  canIsTxMessagePending                   
0000fe5c  canIsRxMessageArrived                   
0000feb8  canIsMessageBoxValid                    
0000ff14  canGetLastError                         
0000ff38  canGetErrorLevel                        
0000ff5c  canEnableErrorNotification              
0000ff7c  canEnableStatusChangeNotification       
0000ff9c  canDisableStatusChangeNotification      
0000ffbc  canDisableErrorNotification             
0000ffdc  canEnableloopback                       
00010014  canDisableloopback                      
00010044  canIoSetDirection                       
00010094  canIoSetPort                            
000100e4  canIoTxGetBit                           
00010100  canIoRxGetBit                           
0001011c  can1GetConfigValue                      
000102e8  adcInit                                 
00010444  adcStartConversion                      
000104c8  adcStopConversion                       
000104f0  adcResetFiFo                            
00010518  adcGetData                              
000106e0  adcIsFifoFull                           
00010710  adcIsConversionComplete                 
00010740  adcCalibration                          
00010918  adcMidPointCalibration                  
00010ab4  adcEnableNotification                   
00010b04  adcDisableNotification                  
00010b2c  adcSetEVTPin                            
00010b4c  adcGetEVTPin                            
00010b64  adc1GetConfigValue                      
00010dd4  setupPLL                                
00010e24  trimLPO                                 
00010e98  setupFlash                              
00010ed8  periphInit                              
00010f2c  mapClocks                               
00011024  systemInit                              
000110f0  systemPowerDown                         
00011120  systemGetConfigValue                    
000114fc  tcmflashGetConfigValue                  
000116a8  sramGetConfigValue                      
000117e4  customTrimLPO                           
000118a8  vimInit                                 
0001197c  vimChannelMap                           
00011a20  vimEnableInterrupt                      
00011be8  vimDisableInterrupt                     
00011c94  vimGetConfigValue                       
000122fd  __TI_printfi                            
00012d47  _nop                                    
00012d48  hetInit                                 
00012e08  pwmStart                                
00012e3c  pwmStop                                 
00012e70  pwmSetDuty                              
00012fac  pwmSetSignal                            
00013128  pwmGetSignal                            
00013208  pwmEnableNotification                   
00013250  pwmDisableNotification                  
00013280  edgeResetCounter                        
000132ac  edgeGetCounter                          
000132d8  edgeEnableNotification                  
00013314  edgeDisableNotification                 
00013354  capGetSignal                            
0001342c  hetResetTimestamp                       
00013448  hetGetTimestamp                         
00013460  het1GetConfigValue                      
0001363c  muxInit                                 
[...]
00015524  esmGetConfigValue                       
00015678  spiWrite                                
000156f4  spiWriteRead                            
00015788  wordWrite                               
000157e8  byteWrite                               
00015840  PortMode                                
00015864  MCP_PinMode                             
000158fc  MCP_PinOutput                           
000159c4  MCP_PortpullupMode                      
000159e8  MCP_PortinputInvert                     
00015a0c  MCP_PortRead                            
00015a70  MCP_pinRead                             
00015ad8  MCP_Init                                
00015b38  gioInit                                 
00015c08  gioSetDirection                         
00015c28  gioSetBit                               
00015c78  gioSetPort                              
00015c98  gioGetBit                               
00015cc0  gioGetPort                              
00015cd8  gioToggleBit                            
00015d30  gioEnableNotification                   
00015d98  gioDisableNotification                  
00015e00  gioGetConfigValue                       
00015fbc  set_bit                                 
00016004  decToBcd                                
00016038  bcdToDec                                
0001607c  SetRegister                             
000160e4  GetRegister                             
00016160  Getseconds                              
00016174  Setseconds                              
00016198  Getminutes                              
000161ac  Setminutes                              
000161cc  Gethours                                
000161e0  Sethours                                
00016200  Getdays                                 
00016214  Setdays                                 
00016234  Getweekdays                             
00016248  Setweekdays                             
00016268  Getmonths                               
0001627c  Setmonths                               
0001629c  Getyears                                
000162b0  Setyears                                
000162d0  GetDate                                 
00016330  SetDate                                 
000163ad  sin                                     
000163ad  sinl                                    
0001679c  _coreInitRegisters_                     
000168a8  _coreInitStackPointer_                  
000168f4  _getCPSRValue_                          
000168fc  _gotoCPUIdle_                           
00016914  _coreEnableVfp_                         
0001692c  _coreEnableEventBusExport_              
0001693c  _coreDisableEventBusExport_             
0001694c  _coreEnableRamEcc_                      
0001695c  _coreDisableRamEcc_                     
0001696c  _coreEnableFlashEcc_                    
00016980  _coreDisableFlashEcc_                   
00016990  _coreEnableIrqVicOffset_                
000169a0  _coreGetDataFault_                      
000169a8  _coreClearDataFault_                    
000169b4  _coreGetInstructionFault_               
000169bc  _coreClearInstructionFault_             
000169c8  _coreGetDataFaultAddress_               
000169d0  _coreClearDataFaultAddress_             
000169dc  _coreGetInstructionFaultAddress_        
000169e4  _coreClearInstructionFaultAddress_      
000169f0  _coreGetAuxiliaryDataFault_             
000169f8  _coreClearAuxiliaryDataFault_           
00016a04  _coreGetAuxiliaryInstructionFault_      
00016a0c  _coreClearAuxiliaryInstructionFault_    
00016a18  _disable_interrupt_                     
00016a20  _disable_FIQ_interrupt_                 
00016a28  _disable_IRQ_interrupt_                 
00016a30  _enable_interrupt_                      
00016a38  _esmCcmErrorsClear_                     
00016ac0  _errata_CORTEXR4_57_                    
00016ad0  _errata_CORTEXR4_66_                    
00016ae0  __TI_PINIT_Base                         
00016ae4  __TI_PINIT_Limit                        
00016ae8  vimParityErrorHandler                   
00016db4  setStep                                 
00016e0c  Register2write                          
00016ea4  ADS1018Adcread                          
00017074  __aeabi_uldivmod                        
0001732c  _c_int00                                
00017591  Fapi_initializeFlashBanks               
00017bd9  Fapi_setActiveFlashBank                 
00017d54  esmGroup1Notification                   
00017d64  esmGroup2Notification                   
00017d74  memoryPort0TestFailNotification         
00017d90  memoryPort1TestFailNotification         
00017dbc  adcNotification                         
00017dd0  canErrorNotification                    
00017de4  canStatusChangeNotification             
00017df8  canMessageNotification                  
00017e0c  gioNotification                         
00017e20  spiNotification                         
00017e34  spiEndNotification                      
00017e44  pwmNotification                         
00017e5c  edgeNotification                        
00017e70  hetNotification                         
00017e84  dmaGroupANotification                   
00017e99  fputs                                   
00017fb1  aligned_alloc                           
00017fb1  memalign                                
000180c4  esmHighInterrupt                        
000183d9  ldexp                                   
000183d9  ldexpl                                  
000183d9  scalbn                                  
000183d9  scalbnl                                 
000184c8  _dabort                                 
000185b1  free                                    
00018695  floor                                   
00018695  floorl                                  
00018774  _pmuInit_                               
000187c0  _pmuEnableCountersGlobal_               
000187d0  _pmuDisableCountersGlobal_              
000187e0  _pmuResetCycleCounter_                  
000187f0  _pmuResetEventCounters_                 
00018800  _pmuResetCounters_                      
00018810  _pmuStartCounters_                      
00018818  _pmuStopCounters_                       
00018820  _pmuSetCountEvent_                      
0001882c  _pmuGetCycleCount_                      
00018834  _pmuGetEventCount_                      
00018840  _pmuGetOverflow_                        
00018855  setvbuf                                 
00018931  __kernel_cos                            
00018a93  __aeabi_idiv0                           
00018a93  __aeabi_ldiv0                           
00018a95  __kernel_sin                            
00018b3d  __aeabi_memcpy                          
00018b3d  __aeabi_memcpy4                         
00018b3d  __aeabi_memcpy8                         
00018b3d  memcpy                                  
00018bd9  Fapi_doBlankCheck                       
00018c6c  rtiCompare0Interrupt                    
00018cb4  rtiCompare1Interrupt                    
00018d01  fputc                                   
00018d01  putc                                    
00018d91  Fapi_enableEepromBankSectors            
00018e8b  __aeabi_memclr                          
00018e8b  __aeabi_memclr4                         
00018e8b  __aeabi_memclr8                         
00018e8d  __aeabi_memset                          
00018e8d  __aeabi_memset4                         
00018e8d  __aeabi_memset8                         
00018e93  memset                                  
00018f05  __TI_closefile                          
00018f79  frexp                                   
00018f79  frexpl                                  
0001905d  HOSTrename                              
000190c9  __TI_decompress_lzss                    
00019135  HOSTlseek                               
0001919d  printf                                  
00019205  __TI_wrt_ok                             
00019269  fseek                                   
000192cd  _Fapi_loopRegionForValue                
0001932d  HOSTopen                                
00019389  HOSTread                                
000193e5  HOSTwrite                               
0001943d  close                                   
000194e9  ltoa                                    
0001953c  __aeabi_idiv                            
0001953c  __aeabi_idivmod                         
00019591  Fapi_isAddressEcc                       
00019631  atoi                                    
00019680  __aeabi_uidiv                           
00019680  __aeabi_uidivmod                        
000196d1  __TI_doflush                            
0001971d  HOSTclose                               
00019761  HOSTunlink                              
000197a5  _Fapi_EnableSectors                     
000197e9  __TI_auto_init_nobinit_nopinit          
0001982d  exit                                    
00019871  getdevice                               
000198f5  _Fapi_issueFsmCommand                   
00019931  __TI_writemsg                           
00019963  C$$IO$$                                 
0001996d  Fapi_calculateFletcherChecksum          
000199a3  strncpy                                 
000199d9  __TI_cleanup                            
00019a0d  __TI_readmsg                            
00019a41  finddevice                              
00019a75  Fapi_issueAsyncCommandWithAddress       
00019aa5  Fapi_waitDelay                          
00019ad5  _Fapi_readDword                         
00019b01  remove                                  
00019b01  unlink                                  
00019b2d  Fapi_issueAsyncCommand                  
00019b81  lseek                                   
00019ba9  write                                   
00019bd1  Fapi_flushPipeline                      
00019bf3  memchr                                  
00019c13  copysign                                
00019c13  copysignl                               
00019c69  memccpy                                 
00019c85  strcmp                                  
00019c9d  strchr                                  
00019cb3  strlen                                  
00019cc9  strcpy                                  
00019cdd  wcslen                                  
00019cf1  Fapi_getNumberOfBankSectors             
00019d01  _scaleEEFclk                            
00019d11  _scaleMainFclk                          
00019d21  __TI_decompress_none                    
00019d2f  _Fapi_checkWdService                    
00019d3b  __TI_zero_init                          
00019d48  Fapi_serviceWatchdogTimer               
00019d51  __aeabi_errno_addr                      
00019d59  malloc                                  
00019d69  C$$EXIT                                 
00019d69  abort                                   
00019d6c  phantomInterrupt                        
00019d70  handlePLLLockFail                       
00019d7c  TI_Fee_WriteAsync                       
0001aa34  TI_Fee_Read                             
0001b1dc  TI_Fee_Format                           
0001bd88  _ctypes_                                
0001befc  Device_FlashDevice                      
0001c0a0  Fee_VirtualSectorConfiguration          
0001c0ac  Fee_BlockConfiguration                  
0001c150  __TI_Handler_Table_Base                 
0001c15c  __TI_Handler_Table_Limit                
0001c170  __TI_CINIT_Base                         
0001c188  __TI_CINIT_Limit                        
08001500  _sys_memory                             
08001d00  __CIOBUF_                               
08001e20  RX_DATA                                 
08001ee8  __TI_tmpnams                            
08001f88  adc_data                                
08002090  SpecialRamBlock                         
080020a0  eeprom_write_data                       
080020b0  ADS1018Data                             
080020b8  AutomaticAligmentDone                   
080020c0  BackSensorInoperative                   
080020c8  CalibrationCancel                       
080020d0  CalibrationFailure                      
080020d8  CalibrationFinalSettings                
080020e0  CalibrationFirstTemprorySettings        
080020e8  CalibrationSecondTemprorySettings       
080020f0  Calibrationbegin                        
080020f8  EmergencyStopActive                     
08002100  FifthWheelAnglePositioneLeft            
08002108  FifthWheelAnglePositioneRight           
08002110  FrontSensorInoperative                  
08002118  ISSSingalActive                         
08002120  ModeSelectDelay                         
08002128  VehicleInRoute                          
08002130  can_tx_data                             
08002138  parmbuf                                 
08002140  ArkaSensorAriza                         
08002144  AutoHizalamaBitti                       
08002148  BlockOffset                             
0800214c  CaliberBozuk                            
08002150  CamelneckHomeTemporary                  
08002154  CamelneckLeftAngleTemporary             
08002158  CamelneckNumberTemporary                
0800215c  CamelneckRightAngleTemporary            
08002160  FifthWheelHomeTemporary                 
08002164  FifthWheelLeftAngleTemporary            
08002168  FifthWheelNumberTemporary               
0800216c  FifthWheelRightAngleTemporary           
08002170  Fullautomaticled                        
08002174  Length                                  
08002178  Semiautomaticled                        
0800217c  beginTime                               
08002180  dataconfig1_t                           
08002184  dataconfig2_t                           
08002188  dataconfig3_t                           
0800218c  dataconfig4_t                           
08002190  mode                                    
08002194  timeOut                                 
08002198  Amount                                  
0800219a  AttractiveLeftSensorAndCamelNeck        
0800219c  Average                                 
0800219e  Status                                  
080021a0  VN5T006ASPTRE_BOTTOM_CS1_VAL            
080021a2  VNQ5050KTRE_LEFT_1CS1_VAL               
080021a4  VNQ5050KTRE_LEFT_1CS2_VAL               
080021a6  VNQ5050KTRE_LEFT_1STAT1_VAL             
080021a8  VNQ5050KTRE_LEFT_1STAT2_VAL             
080021aa  VNQ5050KTRE_LEFT_1STAT3_VAL             
080021ac  VNQ5050KTRE_LEFT_1STAT4_VAL             
080021ae  VNQ5050KTRE_RIGHT_2CS1_VAL              
080021b0  VNQ5050KTRE_RIGHT_2CS2_VAL              
080021b2  VNQ5050KTRE_RIGHT_2STAT1_VAL            
080021b4  VNQ5050KTRE_RIGHT_2STAT2_VAL            
080021b6  VNQ5050KTRE_RIGHT_2STAT3_VAL            
080021b8  VNQ5050KTRE_RIGHT_2STAT4_VAL            
080021ba  adc_samplecounter                       
080021bc  canSensorData                           
080021be  global_counter                          
080021c0  aligment_buf                            
080021c1  sensorLeft                              
080021c2  sensorRight                             
080021c8  _ftable                                 
080022b8  _device                                 
08002330  read_data                               
08002394  errno                                   
08002398  PumpSlaveBtn                            
08002399  semi_Automatic_AutoAlignment            
0800239a  ISSActiveState                          
0800239b  AutoHizalamaState                       
0800239c  AlignmentRightState                     
0800239d  AlignmentLeftState                      
0800239e  AlignmentAutoState                      
0800239f  AutoHizalama                            
080023a0  AcilStopON                              
080023a1  SysActive                               
080023a2  AlignmentRight                          
080023a3  AlignmentLeft                           
080023a4  AlignmentAuto                           
080023a5  fullPumpState                           
080023a6  setcounter                              
080023a8  SetMode                                 
080023a9  StopMode                                
080023aa  ISS                                     
080023ab  emergency_stop                          
080023ac  auto_aligment                           
080023ad  left_aligment                           
080023ae  right_aligment                          
080023af  set_aligment                            
080023b0  StopModeState                           
080023b1  full_Automatic_AutoAlignment            
080023b2  full_Automatic_Set_Aligment             
080023b3  CalibrationDone                         
080023b4  SystemActiveCaliber                     
080023b5  tick                                    
080023b6  tick2                                   
080023b7  Fullautomaticmode                       
080023b8  Semiautomaticmode                       
080023bc  FifthWheelNumberValue                   
080023c0  CamelneckNumberValue                    
080023c4  aligment_set_level                      
080023c5  PumpState                               
080023c8  ch_count                                
080023d0  id                                      
080023d8  value                                   
080023e0  error                                   
080023e4  adress_value                            
080023e6  oResult                                 
080023e8  AciSonuc                                
080023ec  DegerSonuc                              
080023f0  AngleValue                              
080023f4  _stream                                 
08002444  eeprom_read_data                        
08002464  _modeCache                              
08002468  _outputCache                            
0800246c  _pullupCache                            
08002470  _invertCache                            
08002474  CS_PIN                                  
08002475  SPI_PORT_NUMBER                         
08002478  __TI_ft_end                             
0800247c  __aeabi_stdin                           
08002480  __aeabi_stdout                          
08002484  __aeabi_stderr                          
08002488  __TI_cleanup_ptr                        
0800248c  __TI_dtors_ptr                          
08002490  __TI_enable_exit_profile_output         
08002494  step                                    
08002498  functiontodo                            
0800249c  subStep                                 
0800249d  failStep                                
0800249e  currentStep                             
0800249f  successStep                             
080024a0  _lock                                   
080024a4  _unlock                                 
080024b8  can_rx_data                             
080024c0  rcvId                                   
080024c8  TI_Fee_GlobalVariables                  
08002590  TI_Fee_u8DataSets                       
08002594  TI_Fee_u32FletcherChecksum              
08002598  TI_Fee_u32BlockEraseCount               
0800259c  TI_Fee_u8DeviceIndex                    
080025a0  TI_Fee_u32ActCpyVS                      
080025a4  TI_Fee_u8ErrEraseVS                     
080025a5  TI_Fee_bEraseSuspended                  
080025a6  TI_Fee_bIsMainFunctionCalled            
080025a8  TI_Fee_oStatusWord                      
080025ac  TI_FlashStatusWord                      
080025bc  TI_Fee_FapiInitCalled                   
ffffffff  __TI_pprof_out_hndl                     
ffffffff  __TI_prof_data_size                     
ffffffff  __TI_prof_data_start                    
ffffffff  __binit__                               
ffffffff  __c_args__                              
ffffffff  binit                                   
UNDEFED   SHT$$INIT_ARRAY$$Base                   
UNDEFED   SHT$$INIT_ARRAY$$Limit                  
UNDEFED   _system_post_cinit                      

[652 symbols]
