******************************************************************************
                  TI ARM Linker PC v18.12.4                    
******************************************************************************
>> Linked Wed May 26 14:37:16 2021

OUTPUT FILE NAME:   <Lowbadtest.out>
ENTRY POINT SYMBOL: "_c_int00"  address: 00017010


MEMORY CONFIGURATION

         name            origin    length      used     unused   attr    fill
----------------------  --------  ---------  --------  --------  ----  --------
  VECTORS               00000000   00000020  00000020  00000000     X
  FLASH0                00000020   000bffe0  0001a744  000a589c  R  X
  STACKS                08000000   00001500  00000000  00001500  RW  
  RAM                   08001500   0001eb00  000006e5  0001e41b  RW  


SEGMENT ALLOCATION MAP

run origin  load origin   length   init length attrs members
----------  ----------- ---------- ----------- ----- -------
00000000    00000000    0001a768   0001a768    r-x
  00000000    00000000    00000020   00000020    r-x .intvecs
  00000020    00000020    00018494   00018494    r-x .text
  000184b4    000184b4    00001910   00001910    r-x FEE_TEXT_SECTION
  00019dc8    00019dc8    00000768   00000768    r-- .const
  0001a530    0001a530    000001c0   000001c0    r-- FEE_CONST_SECTION
  0001a6f0    0001a6f0    00000078   00000078    r-- .cinit
08001500    08001500    000006e5   00000000    rw-
  08001500    08001500    000003b8   00000000    rw- .bss
  080018b8    080018b8    000001fc   00000000    rw- .data
  08001ab4    08001ab4    00000131   00000000    rw- FEE_DATA_SECTION


SECTION ALLOCATION MAP

 output                                  attributes/
section   page    origin      length       input sections
--------  ----  ----------  ----------   ----------------
.intvecs   0    00000000    00000020     
                  00000000    00000020     sys_intvecs.obj (.intvecs)

.text      0    00000020    00018494     
                  00000020    000057d0     ti_fee_util.obj (.text)
                  000057f0    00003fbc     sys_main.obj (.text)
                  000097ac    00002a14     sys_selftest.obj (.text)
                  0000c1c0    00001768     ti_fee_ini.obj (.text)
                  0000d928    00001200     spi.obj (.text)
                  0000eb28    000010e0     ti_fee_main.obj (.text)
                  0000fc08    00000afc     can.obj (.text)
                  00010704    00000aec     adc.obj (.text)
                  000111f0    00000ad4     system.obj (.text)
                  00011cc4    00000a54     sys_vim.obj (.text)
                  00012718    000008f4     het.obj (.text)
                  0001300c    000007dc     pinmux.obj (.text)
                  000137e8    00000664     errata_SSWF021_45.obj (.text)
                  00013e4c    00000638     rti.obj (.text)
                  00014484    00000604     rtsv7R4_T_be_v3D16_eabi.lib : k_rem_pio2.c.obj (.text:__kernel_rem_pio2)
                  00014a88    000005bc     esm.obj (.text)
                  00015044    0000059c     SST25PF040C.obj (.text)
                  000155e0    000004c0     MCP23S17.obj (.text)
                  00015aa0    00000484     gio.obj (.text)
                  00015f24    000003f0     PCA2129.obj (.text)
                  00016314    000003f0     rtsv7R4_T_be_v3D16_eabi.lib : s_sin.c.obj (.text:sin)
                  00016704    0000034c     sys_core.obj (.text)
                  00016a50    000002f4     ADS1018.obj (.text)
                  00016d44    000002cc     sys_vim.obj (.text:retain)
                  00017010    00000264     sys_startup.obj (.text:retain)
                  00017274    00000260     F021_API_CortexR4_BE_V3D16.lib : FlashStateMachine.InitializeFlashBanks.obj (.text:Fapi_initializeFlashBanks)
                  000174d4    0000017c                                    : FlashStateMachine.SetActiveBank.obj (.text:Fapi_setActiveFlashBank)
                  00017650    00000144     notification.obj (.text)
                  00017794    00000114     esm.obj (.text:retain)
                  000178a8    000000f0     rtsv7R4_T_be_v3D16_eabi.lib : s_scalbn.c.obj (.text:scalbn)
                  00017998    000000e8     dabort.obj (.text)
                  00017a80    000000e0     rtsv7R4_T_be_v3D16_eabi.lib : s_floor.c.obj (.text:floor)
                  00017b60    000000e0     sys_pmu.obj (.text)
                  00017c40    000000b4     rtsv7R4_T_be_v3D16_eabi.lib : k_cos.c.obj (.text:__kernel_cos)
                  00017cf4    000000a8                                 : k_sin.c.obj (.text:__kernel_sin)
                  00017d9c    0000009c                                 : memcpy_t2.asm.obj (.text)
                  00017e38    00000094     F021_API_CortexR4_BE_V3D16.lib : BlankCheck.obj (.text:Fapi_doBlankCheck)
                  00017ecc    00000094     rti.obj (.text:retain)
                  00017f60    00000080     F021_API_CortexR4_BE_V3D16.lib : FlashStateMachine.EnableEepromSectors.obj (.text:Fapi_enableEepromBankSectors)
                  00017fe0    0000007a     rtsv7R4_T_be_v3D16_eabi.lib : memset_t2.asm.obj (.text)
                  0001805a    0000006c                                 : copy_decompress_lzss.c.obj (.text:decompress:lzss:__TI_decompress_lzss)
                  000180c6    0000005e     F021_API_CortexR4_BE_V3D16.lib : Read.LoopDword.obj (.text:_Fapi_loopRegionForValue)
                  00018124    00000054     rtsv7R4_T_be_v3D16_eabi.lib : i_div32.asm.obj (.text)
                  00018178    00000050     F021_API_CortexR4_BE_V3D16.lib : FlashStateMachine.Hercules.IsEccAddress.obj (.text:Fapi_isAddressEcc)
                  000181c8    00000050     rtsv7R4_T_be_v3D16_eabi.lib : u_div32.asm.obj (.text)
                  00018218    00000044     F021_API_CortexR4_BE_V3D16.lib : FlashStateMachine.EnableEepromSectors.obj (.text:_Fapi_EnableSectors)
                  0001825c    00000044     rtsv7R4_T_be_v3D16_eabi.lib : autoinit.c.obj (.text:__TI_auto_init_nobinit_nopinit:__TI_auto_init_nobinit_nopinit)
                  000182a0    0000003c     F021_API_CortexR4_BE_V3D16.lib : FlashStateMachine.IssueFsmCommand.obj (.text:_Fapi_issueFsmCommand)
                  000182dc    00000036                                    : Utilities.CalculateFletcher.obj (.text:Fapi_calculateFletcherChecksum)
                  00018312    00000002     rtsv7R4_T_be_v3D16_eabi.lib : div0.asm.obj (.text)
                  00018314    00000030     F021_API_CortexR4_BE_V3D16.lib : Async.WithAddress.obj (.text:Fapi_issueAsyncCommandWithAddress)
                  00018344    00000030                                    : Utilities.WaitDelay.obj (.text:Fapi_waitDelay)
                  00018374    0000002c                                    : Read.Common.obj (.text:_Fapi_readDword)
                  000183a0    0000002a                                    : Async.obj (.text:Fapi_issueAsyncCommand)
                  000183ca    00000022                                    : Read.FlushPipeline.obj (.text:Fapi_flushPipeline)
                  000183ec    0000001e     rtsv7R4_T_be_v3D16_eabi.lib : s_copysign.c.obj (.text:copysign)
                  0001840a    0000001c     F021_API_CortexR4_BE_V3D16.lib : FlashStateMachine.InitializeFlashBanks.obj (.text:_Fapi_divideUnsignedLong)
                  00018426    0000001c     rtsv7R4_T_be_v3D16_eabi.lib : copy_zero_init.c.obj (.text:decompress:ZI:__TI_zero_init_nomemset:__TI_zero_init_nomemset)
                  00018442    00000002     --HOLE-- [fill = 0]
                  00018444    00000010     F021_API_CortexR4_BE_V3D16.lib : Utilities.GetNumberOfSectors.obj (.text:Fapi_getNumberOfBankSectors)
                  00018454    00000010                                    : FlashStateMachine.ScaleFclk.obj (.text:_scaleEEFclk)
                  00018464    00000010                                    : FlashStateMachine.ScaleFclk.obj (.text:_scaleMainFclk)
                  00018474    0000000e     rtsv7R4_T_be_v3D16_eabi.lib : copy_decompress_none.c.obj (.text:decompress:none:__TI_decompress_none)
                  00018482    0000000c     F021_API_CortexR4_BE_V3D16.lib : Read.WdService.obj (.text:_Fapi_checkWdService)
                  0001848e    00000002     --HOLE-- [fill = 0]
                  00018490    00000008     Fapi_UserDefinedFunctions.obj (.text)
                  00018498    00000008     rtsv7R4_T_be_v3D16_eabi.lib : errno.c.obj (.text:__aeabi_errno_addr)
                  000184a0    00000004                                 : exit.c.obj (.text:abort:abort)
                  000184a4    00000004     sys_phantom.obj (.text:retain)
                  000184a8    00000004     sys_startup.obj (.text)
                  000184ac    00000008     Fapi_UserDefinedFunctions.obj (.tramp.Fapi_serviceWatchdogTimer.1)

.const     0    00019dc8    00000768     
                  00019dc8    000003a0     het.obj (.const:het1PROGRAM)
                  0001a168    00000200     sys_vim.obj (.const:s_vim_init)
                  0001a368    00000158     rtsv7R4_T_be_v3D16_eabi.lib : k_rem_pio2.c.obj (.const:$O1$$)
                  0001a4c0    00000020     can.obj (.const:s_canByteOrder)
                  0001a4e0    00000020     het.obj (.const:s_het1pwmPolarity)
                  0001a500    00000018     adc.obj (.const:s_adcFiFoSize)
                  0001a518    00000018     adc.obj (.const:s_adcSelect)

.cinit     0    0001a6f0    00000078     
                  0001a6f0    0000003a     (.cinit..data.load) [load image, compression = lzss]
                  0001a72a    00000002     --HOLE-- [fill = 0]
                  0001a72c    0000000c     (__TI_handler_table)
                  0001a738    00000009     (.cinit.FEE_DATA_SECTION.load) [load image, compression = lzss]
                  0001a741    00000007     --HOLE-- [fill = 0]
                  0001a748    00000008     (.cinit..bss.load) [load image, compression = zero_init]
                  0001a750    00000018     (__TI_cinit_table)

.bss       0    08001500    000003b8     UNINITIALIZED
                  08001500    000000c8     (.common:RX_DATA)
                  080015c8    000000c8     (.common:TX_DATA)
                  08001690    00000080     (.common:adc_data)
                  08001710    00000078     spi.obj (.bss:g_spiPacket_t)
                  08001788    00000010     PCA2129.obj (.bss:Date$1)
                  08001798    00000010     (.common:SpecialRamBlock)
                  080017a8    00000010     (.common:eeprom_write_data)
                  080017b8    00000008     (.common:ADS1018Data)
                  080017c0    00000008     (.common:AutomaticAligmentDone)
                  080017c8    00000008     (.common:BackSensorInoperative)
                  080017d0    00000008     (.common:CalibrationCancel)
                  080017d8    00000008     (.common:CalibrationFailure)
                  080017e0    00000008     (.common:CalibrationFinalSettings)
                  080017e8    00000008     (.common:CalibrationFirstTemprorySettings)
                  080017f0    00000008     (.common:CalibrationSecondTemprorySettings)
                  080017f8    00000008     (.common:Calibrationbegin)
                  08001800    00000008     (.common:EmergencyStopActive)
                  08001808    00000008     (.common:FifthWheelAnglePositioneLeft)
                  08001810    00000008     (.common:FifthWheelAnglePositioneRight)
                  08001818    00000008     (.common:FrontSensorInoperative)
                  08001820    00000008     (.common:Fullautomaticled)
                  08001828    00000008     (.common:ISSSingalActive)
                  08001830    00000008     (.common:ModeSelectDelay)
                  08001838    00000008     (.common:Semiautomaticled)
                  08001840    00000008     (.common:VehicleInRoute)
                  08001848    00000008     (.common:can_tx_data)
                  08001850    00000004     (.common:BlockOffset)
                  08001854    00000004     (.common:CamelneckHomeTemporary)
                  08001858    00000004     (.common:CamelneckLeftAngleTemporary)
                  0800185c    00000004     (.common:CamelneckNumberTemporary)
                  08001860    00000004     (.common:CamelneckRightAngleTemporary)
                  08001864    00000004     (.common:FifthWheelHomeTemporary)
                  08001868    00000004     (.common:FifthWheelLeftAngleTemporary)
                  0800186c    00000004     (.common:FifthWheelNumberTemporary)
                  08001870    00000004     (.common:FifthWheelRightAngleTemporary)
                  08001874    00000004     (.common:Length)
                  08001878    00000004     (.common:beginTime)
                  0800187c    00000004     (.common:dataconfig1_t)
                  08001880    00000004     (.common:dataconfig2_t)
                  08001884    00000004     (.common:dataconfig3_t)
                  08001888    00000004     (.common:dataconfig4_t)
                  0800188c    00000004     (.common:mode)
                  08001890    00000004     (.common:timeOut)
                  08001894    00000002     (.common:Amount)
                  08001896    00000002     (.common:AttractiveLeftSensorAndCamelNeck)
                  08001898    00000002     (.common:Average)
                  0800189a    00000002     (.common:Status)
                  0800189c    00000002     (.common:adc_samplecounter)
                  0800189e    00000002     (.common:canSensorData)
                  080018a0    00000002     (.common:dev_id)
                  080018a2    00000002     (.common:dev_identification)
                  080018a4    00000002     (.common:dev_type)
                  080018a6    00000002     (.common:global_counter)
                  080018a8    00000001     (.common:VN5T006ASPTRE_BOTTOM_CS1_VAL)
                  080018a9    00000001     (.common:VNQ5050KTRE_LEFT_1CS1_VAL)
                  080018aa    00000001     (.common:VNQ5050KTRE_LEFT_1CS2_VAL)
                  080018ab    00000001     (.common:VNQ5050KTRE_LEFT_1STAT1_VAL)
                  080018ac    00000001     (.common:VNQ5050KTRE_LEFT_1STAT2_VAL)
                  080018ad    00000001     (.common:VNQ5050KTRE_LEFT_1STAT3_VAL)
                  080018ae    00000001     (.common:VNQ5050KTRE_LEFT_1STAT4_VAL)
                  080018af    00000001     (.common:VNQ5050KTRE_RIGHT_2CS1_VAL)
                  080018b0    00000001     (.common:VNQ5050KTRE_RIGHT_2CS2_VAL)
                  080018b1    00000001     (.common:VNQ5050KTRE_RIGHT_2STAT1_VAL)
                  080018b2    00000001     (.common:VNQ5050KTRE_RIGHT_2STAT2_VAL)
                  080018b3    00000001     (.common:VNQ5050KTRE_RIGHT_2STAT3_VAL)
                  080018b4    00000001     (.common:VNQ5050KTRE_RIGHT_2STAT4_VAL)
                  080018b5    00000001     (.common:aligment_buf)
                  080018b6    00000001     (.common:sensorLeft)
                  080018b7    00000001     (.common:sensorRight)

.data      0    080018b8    000001fc     UNINITIALIZED
                  080018b8    000000c8     sys_main.obj (.data:adress_value)
                  08001980    0000006e     sys_main.obj (.data)
                  080019ee    00000064     sys_main.obj (.data:read_data)
                  08001a52    00000001     F021_API_CortexR4_BE_V3D16.lib : FlashStateMachine.SetActiveBank.obj (.data)
                  08001a53    00000001     --HOLE--
                  08001a54    00000020     sys_main.obj (.data:eeprom_read_data)
                  08001a74    00000012     MCP23S17.obj (.data)
                  08001a86    00000002     --HOLE--
                  08001a88    0000000c     ADS1018.obj (.data)
                  08001a94    00000008     F021_API_CortexR4_BE_V3D16.lib : FlashStateMachine.ScaleFclk.obj (.data)
                  08001a9c    00000008     sys_main.obj (.data:can_rx_data)
                  08001aa4    00000008     ADS1018.obj (.data:rcvId)
                  08001aac    00000004     SST25PF040C.obj (.data)
                  08001ab0    00000004     rtsv7R4_T_be_v3D16_eabi.lib : errno.c.obj (.data)

FEE_TEXT_SECTION 
*          0    000184b4    00001910     
                  000184b4    00000cb8     ti_fee_writeAsync.obj (FEE_TEXT_SECTION)
                  0001916c    000007a8     ti_fee_read.obj (FEE_TEXT_SECTION)
                  00019914    000004b0     ti_fee_format.obj (FEE_TEXT_SECTION)

FEE_CONST_SECTION 
*          0    0001a530    000001c0     
                  0001a530    000001a4     Device_TMS570LS07.obj (FEE_CONST_SECTION)
                  0001a6d4    0000001c     ti_fee_cfg.obj (FEE_CONST_SECTION)

FEE_DATA_SECTION 
*          0    08001ab4    00000131     UNINITIALIZED
                  08001ab4    000000f5     ti_fee_ini.obj (FEE_DATA_SECTION)
                  08001ba9    00000001     ti_fee_main.obj (FEE_DATA_SECTION)
                  08001baa    00000002     --HOLE--
                  08001bac    0000002e     ti_fee_util.obj (FEE_DATA_SECTION:uninit)
                  08001bda    00000002     --HOLE--
                  08001bdc    00000009     ti_fee_util.obj (FEE_DATA_SECTION:init)

MODULE SUMMARY

       Module                                        code     ro data   rw data
       ------                                        ----     -------   -------
    .\source\
       ti_fee_util.obj                               22480    0         55     
       sys_main.obj                                  16316    0         826    
       sys_selftest.obj                              10772    0         0      
       ti_fee_ini.obj                                5992     0         245    
       spi.obj                                       4608     0         120    
       ti_fee_main.obj                               4320     0         1      
       sys_vim.obj                                   3360     512       0      
       ti_fee_writeAsync.obj                         3256     0         0      
       het.obj                                       2292     960       0      
       adc.obj                                       2796     48        0      
       can.obj                                       2812     32        0      
       system.obj                                    2772     0         0      
       pinmux.obj                                    2012     0         0      
       ti_fee_read.obj                               1960     0         0      
       esm.obj                                       1744     0         0      
       rti.obj                                       1740     0         0      
       errata_SSWF021_45.obj                         1636     0         0      
       SST25PF040C.obj                               1436     0         14     
       PCA2129.obj                                   1008     0         420    
       MCP23S17.obj                                  1216     0         22     
       ti_fee_format.obj                             1200     0         0      
       gio.obj                                       1156     0         0      
       sys_core.obj                                  844      0         0      
       ADS1018.obj                                   756      0         42     
       sys_startup.obj                               616      0         0      
       Device_TMS570LS07.obj                         0        420       0      
       notification.obj                              324      0         0      
       dabort.obj                                    232      0         0      
       sys_pmu.obj                                   224      0         0      
       sys_intvecs.obj                               32       0         0      
       ti_fee_cfg.obj                                0        28        0      
       Fapi_UserDefinedFunctions.obj                 16       0         0      
       sys_phantom.obj                               4        0         0      
    +--+---------------------------------------------+--------+---------+---------+
       Total:                                        99932    2000      1745   
                                                                               
    C:/ti/Hercules/F021 Flash API/02.01.01/F021_API_CortexR4_BE_V3D16.lib
       FlashStateMachine.InitializeFlashBanks.obj    636      0         0      
       FlashStateMachine.SetActiveBank.obj           380      0         1      
       FlashStateMachine.EnableEepromSectors.obj     196      0         0      
       BlankCheck.obj                                148      0         0      
       Read.LoopDword.obj                            94       0         0      
       FlashStateMachine.Hercules.IsEccAddress.obj   80       0         0      
       FlashStateMachine.IssueFsmCommand.obj         60       0         0      
       Utilities.CalculateFletcher.obj               54       0         0      
       Async.WithAddress.obj                         48       0         0      
       Utilities.WaitDelay.obj                       48       0         0      
       Read.Common.obj                               44       0         0      
       Async.obj                                     42       0         0      
       FlashStateMachine.ScaleFclk.obj               32       0         8      
       Read.FlushPipeline.obj                        34       0         0      
       Utilities.GetNumberOfSectors.obj              16       0         0      
       Read.WdService.obj                            12       0         0      
    +--+---------------------------------------------+--------+---------+---------+
       Total:                                        1924     0         9      
                                                                               
    C:/ti/ccs930/ccs/tools/compiler/ti-cgt-arm_18.12.4.LTS/lib/rtsv7R4_T_be_v3D16_eabi.lib
       k_rem_pio2.c.obj                              1540     344       0      
       s_sin.c.obj                                   1008     0         0      
       s_scalbn.c.obj                                240      0         0      
       s_floor.c.obj                                 224      0         0      
       k_cos.c.obj                                   180      0         0      
       k_sin.c.obj                                   168      0         0      
       memcpy_t2.asm.obj                             156      0         0      
       memset_t2.asm.obj                             122      0         0      
       copy_decompress_lzss.c.obj                    108      0         0      
       i_div32.asm.obj                               84       0         0      
       u_div32.asm.obj                               80       0         0      
       autoinit.c.obj                                68       0         0      
       s_copysign.c.obj                              30       0         0      
       copy_zero_init.c.obj                          28       0         0      
       copy_decompress_none.c.obj                    14       0         0      
       errno.c.obj                                   8        0         4      
       exit.c.obj                                    4        0         0      
       div0.asm.obj                                  2        0         0      
    +--+---------------------------------------------+--------+---------+---------+
       Total:                                        4064     344       4      
                                                                               
       Linker Generated:                             0        111       0      
    +--+---------------------------------------------+--------+---------+---------+
       Grand Total:                                  105920   2455      1758   


LINKER GENERATED COPY TABLES

__TI_cinit_table @ 0001a750 records: 3, size/record: 8, table size: 24
	.data: load addr=0001a6f0, load size=0000003a bytes, run addr=080018b8, run size=000001fc bytes, compression=lzss
	FEE_DATA_SECTION: load addr=0001a738, load size=00000009 bytes, run addr=08001ab4, run size=00000131 bytes, compression=lzss
	.bss: load addr=0001a748, load size=00000008 bytes, run addr=08001500, run size=000003b8 bytes, compression=zero_init


LINKER GENERATED HANDLER TABLE

__TI_handler_table @ 0001a72c records: 3, size/record: 4, table size: 12
	index: 0, handler: __TI_zero_init
	index: 1, handler: __TI_decompress_lzss
	index: 2, handler: __TI_decompress_none

VENEERS

callee name               veneer name
   callee addr  veneer addr  call addr  call info
--------------  -----------  ---------  ----------------
Fapi_serviceWatchdogTimer  $Ven$TA$L$PI$$Fapi_serviceWatchdogTimer
   00018490     000184ac     00018488   F021_API_CortexR4_BE_V3D16.lib : Read.WdService.obj (.text:_Fapi_checkWdService)

[1 trampolines]
[1 trampoline calls]


GLOBAL SYMBOLS: SORTED ALPHABETICALLY BY Name 

address   name                                    
-------   ----                                    
00016b40  ADS1018Adcread                          
080017b8  ADS1018Data                             
080019d0  AciSonuc                                
08001988  AcilStopON                              
0800198c  AlignmentAuto                           
08001986  AlignmentAutoState                      
0800198b  AlignmentLeft                           
08001985  AlignmentLeftState                      
0800198a  AlignmentRight                          
08001984  AlignmentRightState                     
00005d38  AlignmentValfLeftStatusGet              
00005b78  AllPowerSwitchSTatusGet                 
08001894  Amount                                  
00005c44  AngleToValue                            
080019d8  AngleValue                              
08001896  AttractiveLeftSensorAndCamelNeck        
08001983  AutoAligmentState                       
08001987  AutoHizalama                            
080017c0  AutomaticAligmentDone                   
08001898  Average                                 
080017c8  BackSensorInoperative                   
08001850  BlockOffset                             
00005b64  Bottom1PowerSwitchStatusGet             
000184a1  C$$EXIT                                 
08001a84  CS_PIN                                  
080017d0  CalibrationCancel                       
0800199c  CalibrationDone                         
080017d8  CalibrationFailure                      
080017e0  CalibrationFinalSettings                
080017e8  CalibrationFirstTemprorySettings        
080017f0  CalibrationSecondTemprorySettings       
080017f8  Calibrationbegin                        
08001854  CamelneckHomeTemporary                  
08001858  CamelneckLeftAngleTemporary             
0800185c  CamelneckNumberTemporary                
080019a8  CamelneckNumberValue                    
08001860  CamelneckRightAngleTemporary            
00005f80  CanRedHighLow                           
00005f0c  CanYellowHighLow                        
0001535c  ChipErase                               
0000881c  CommandCheck                            
00007bb4  ControlLeds                             
080019d4  DegerSonuc                              
0001a530  Device_FlashDevice                      
08001800  EmergencyStopActive                     
000182dd  Fapi_calculateFletcherChecksum          
00017e39  Fapi_doBlankCheck                       
00017f61  Fapi_enableEepromBankSectors            
000183cb  Fapi_flushPipeline                      
00018445  Fapi_getNumberOfBankSectors             
00017275  Fapi_initializeFlashBanks               
00018179  Fapi_isAddressEcc                       
000183a1  Fapi_issueAsyncCommand                  
00018315  Fapi_issueAsyncCommandWithAddress       
00018490  Fapi_serviceWatchdogTimer               
000174d5  Fapi_setActiveFlashBank                 
00018345  Fapi_waitDelay                          
0001a6e0  Fee_BlockConfiguration                  
0001a6d4  Fee_VirtualSectorConfiguration          
08001808  FifthWheelAnglePositioneLeft            
08001810  FifthWheelAnglePositioneRight           
08001864  FifthWheelHomeTemporary                 
08001868  FifthWheelLeftAngleTemporary            
0800186c  FifthWheelNumberTemporary               
080019a4  FifthWheelNumberValue                   
08001870  FifthWheelRightAngleTemporary           
08001818  FrontSensorInoperative                  
08001820  Fullautomaticled                        
080019a0  Fullautomaticmode                       
080019dc  GIO_OIL_PUMP_PIN_STATUS                 
080019dd  GIO_STATUS_VALUE                        
00016238  GetDate                                 
0001604c  GetRegister                             
00016168  Getdays                                 
00016134  Gethours                                
00016100  Getminutes                              
000161d0  Getmonths                               
000160c8  Getseconds                              
0001619c  Getweekdays                             
00016204  Getyears                                
0000584c  HardwareInit                            
00005cac  HedefAci                                
08001992  ISS                                     
08001982  ISSActiveState                          
0000671c  ISSCheck                                
08001828  ISSSingalActive                         
00005bf8  InputInit                               
000141b8  IsdwdKeySequenceCorrect                 
00005b1c  Left2PowerSwitchStatusGet               
00005a94  Left4PowerSwitchStatusGet               
08001874  Length                                  
00015a40  MCP_Init                                
000157cc  MCP_PinMode                             
00015864  MCP_PinOutput                           
00015974  MCP_PortRead                            
00015950  MCP_PortinputInvert                     
0001592c  MCP_PortpullupMode                      
000159d8  MCP_pinRead                             
00005b94  MCUADCread                              
08001830  ModeSelectDelay                         
0000597c  OutputInit                              
000157a8  PortMode                                
08001980  PumpSlaveBtn                            
080019ad  PumpState                               
0000581c  RTIInit                                 
08001500  RX_DATA                                 
000154cc  Read                                    
000151ac  ReadFlashStatus                         
00015104  Read_Id                                 
00015044  Read_JEDEK                              
00016aa8  Register2write                          
00005b40  Right2PowerSwitchStatusGet              
00005ad8  Right4PowerSwitchStatusGet              
UNDEFED   SHT$$INIT_ARRAY$$Base                   
UNDEFED   SHT$$INIT_ARRAY$$Limit                  
000058c8  SPIADS1018Init                          
00005890  SPIMCPInit                              
000058fc  SPIPCA2129Init                          
00005930  SPISST25PF040CInit                      
08001a85  SPI_PORT_NUMBER                         
00005964  SPIdevicesinit                          
08001838  Semiautomaticled                        
080019a1  Semiautomaticmode                       
00016298  SetDate                                 
08001990  SetMode                                 
00015fe4  SetRegister                             
0001617c  Setdays                                 
00016148  Sethours                                
00016114  Setminutes                              
000161e4  Setmonths                               
000160dc  Setseconds                              
000161b0  Setweekdays                             
00016218  Setyears                                
08001798  SpecialRamBlock                         
0000e414  SpiRxStatus                             
0000e388  SpiTxStatus                             
0800189a  Status                                  
08001999  StatusReady2Evaluate                    
08001991  StopMode                                
08001998  StopModeState                           
08001989  SysActive                               
0800199d  SystemActiveCaliber                     
00000af4  TI_FeeInternal_AlignAddressForECC       
00001188  TI_FeeInternal_BlankCheck               
00004f34  TI_FeeInternal_CheckForError            
00002a54  TI_FeeInternal_CheckModuleState         
00002ab4  TI_FeeInternal_CheckReadParameters      
000056cc  TI_FeeInternal_EnableRequiredFlashSector
00003044  TI_FeeInternal_FeeManager               
00000ec4  TI_FeeInternal_FindNextVirtualSector    
000050b4  TI_FeeInternal_Fletcher16               
00001d24  TI_FeeInternal_GetArrayIndex            
00001c68  TI_FeeInternal_GetBlockIndex            
00001c2c  TI_FeeInternal_GetBlockNumber           
00000e84  TI_FeeInternal_GetBlockSize             
00002be4  TI_FeeInternal_GetCurrentBlockAddress   
00001ce8  TI_FeeInternal_GetDataSetIndex          
00002ce8  TI_FeeInternal_GetNextFlashAddress      
00001a50  TI_FeeInternal_GetVirtualSectorIndex    
00000020  TI_FeeInternal_GetVirtualSectorParameter
00004b14  TI_FeeInternal_InvalidateErase          
00000e08  TI_FeeInternal_PollFlashStatus          
00002d38  TI_FeeInternal_SanityCheck              
00002f28  TI_FeeInternal_SetClearCopyBlockState   
00004dc4  TI_FeeInternal_StartProgramBlock        
00001e90  TI_FeeInternal_UpdateBlockOffsetArray   
000044bc  TI_FeeInternal_WriteBlockHeader         
00000664  TI_FeeInternal_WriteDataF021            
00000b2c  TI_FeeInternal_WriteInitialize          
0000481c  TI_FeeInternal_WritePreviousBlockHeader 
000001b8  TI_FeeInternal_WriteVirtualSectorHeader 
000051e0  TI_Fee_ErrorRecovery                    
08001ba8  TI_Fee_FapiInitCalled                   
00019914  TI_Fee_Format                           
00004ec8  TI_Fee_GetStatus                        
08001ab4  TI_Fee_GlobalVariables                  
0000c244  TI_Fee_Init                             
0000eb28  TI_Fee_MainFunction                     
0001916c  TI_Fee_Read                             
000054bc  TI_Fee_SuspendResumeErase               
000184b4  TI_Fee_WriteAsync                       
08001b91  TI_Fee_bEraseSuspended                  
08001b92  TI_Fee_bIsMainFunctionCalled            
08001b94  TI_Fee_oStatusWord                      
08001b8c  TI_Fee_u32ActCpyVS                      
08001b84  TI_Fee_u32BlockEraseCount               
08001b80  TI_Fee_u32FletcherChecksum              
08001b7c  TI_Fee_u8DataSets                       
08001b88  TI_Fee_u8DeviceIndex                    
08001b90  TI_Fee_u8ErrEraseVS                     
08001b98  TI_FlashStatusWord                      
080015c8  TX_DATA                                 
080018a8  VN5T006ASPTRE_BOTTOM_CS1_VAL            
080018a9  VNQ5050KTRE_LEFT_1CS1_VAL               
080018aa  VNQ5050KTRE_LEFT_1CS2_VAL               
080018ab  VNQ5050KTRE_LEFT_1STAT1_VAL             
080018ac  VNQ5050KTRE_LEFT_1STAT2_VAL             
080018ad  VNQ5050KTRE_LEFT_1STAT3_VAL             
080018ae  VNQ5050KTRE_LEFT_1STAT4_VAL             
080018af  VNQ5050KTRE_RIGHT_2CS1_VAL              
080018b0  VNQ5050KTRE_RIGHT_2CS2_VAL              
080018b1  VNQ5050KTRE_RIGHT_2STAT1_VAL            
080018b2  VNQ5050KTRE_RIGHT_2STAT2_VAL            
080018b3  VNQ5050KTRE_RIGHT_2STAT3_VAL            
080018b4  VNQ5050KTRE_RIGHT_2STAT4_VAL            
00005c74  ValueToAngle                            
08001840  VehicleInRoute                          
000153b8  Write                                   
000152e4  WriteDisable                            
0001526c  WriteEnable                             
00018219  _Fapi_EnableSectors                     
00018483  _Fapi_checkWdService                    
000182a1  _Fapi_issueFsmCommand                   
000180c7  _Fapi_loopRegionForValue                
00018375  _Fapi_readDword                         
0001a750  __TI_CINIT_Base                         
0001a768  __TI_CINIT_Limit                        
0001a72c  __TI_Handler_Table_Base                 
0001a738  __TI_Handler_Table_Limit                
00016a48  __TI_PINIT_Base                         
00016a4c  __TI_PINIT_Limit                        
0001825d  __TI_auto_init_nobinit_nopinit          
0001805b  __TI_decompress_lzss                    
00018475  __TI_decompress_none                    
ffffffff  __TI_pprof_out_hndl                     
ffffffff  __TI_prof_data_size                     
ffffffff  __TI_prof_data_start                    
00000000  __TI_static_base__                      
00018427  __TI_zero_init_nomemset                 
00018499  __aeabi_errno_addr                      
00018124  __aeabi_idiv                            
00018313  __aeabi_idiv0                           
00018124  __aeabi_idivmod                         
00018313  __aeabi_ldiv0                           
00017fe1  __aeabi_memclr                          
00017fe1  __aeabi_memclr4                         
00017fe1  __aeabi_memclr8                         
00017d9d  __aeabi_memcpy                          
00017d9d  __aeabi_memcpy4                         
00017d9d  __aeabi_memcpy8                         
00017fe3  __aeabi_memset                          
00017fe3  __aeabi_memset4                         
00017fe3  __aeabi_memset8                         
000181c8  __aeabi_uidiv                           
000181c8  __aeabi_uidivmod                        
ffffffff  __binit__                               
ffffffff  __c_args__                              
00017c41  __kernel_cos                            
00014485  __kernel_rem_pio2                       
00017cf5  __kernel_sin                            
00017010  _c_int00                                
00016960  _coreClearAuxiliaryDataFault_           
00016974  _coreClearAuxiliaryInstructionFault_    
00016938  _coreClearDataFaultAddress_             
00016910  _coreClearDataFault_                    
0001694c  _coreClearInstructionFaultAddress_      
00016924  _coreClearInstructionFault_             
000168a4  _coreDisableEventBusExport_             
000168e8  _coreDisableFlashEcc_                   
000168c4  _coreDisableRamEcc_                     
00016894  _coreEnableEventBusExport_              
000168d4  _coreEnableFlashEcc_                    
000168f8  _coreEnableIrqVicOffset_                
000168b4  _coreEnableRamEcc_                      
0001687c  _coreEnableVfp_                         
00016958  _coreGetAuxiliaryDataFault_             
0001696c  _coreGetAuxiliaryInstructionFault_      
00016930  _coreGetDataFaultAddress_               
00016908  _coreGetDataFault_                      
00016944  _coreGetInstructionFaultAddress_        
0001691c  _coreGetInstructionFault_               
00016704  _coreInitRegisters_                     
00016810  _coreInitStackPointer_                  
00017998  _dabort                                 
00016988  _disable_FIQ_interrupt_                 
00016990  _disable_IRQ_interrupt_                 
00016980  _disable_interrupt_                     
00016998  _enable_interrupt_                      
00016a28  _errata_CORTEXR4_57_                    
00016a38  _errata_CORTEXR4_66_                    
000137e8  _errata_SSWF021_45_both_plls            
000139dc  _errata_SSWF021_45_pll1                 
00013b54  _errata_SSWF021_45_pll2                 
000169a0  _esmCcmErrorsClear_                     
0001685c  _getCPSRValue_                          
00016864  _gotoCPUIdle_                           
08001a80  _invertCache                            
08001a74  _modeCache                              
08001a78  _outputCache                            
00017bbc  _pmuDisableCountersGlobal_              
00017bac  _pmuEnableCountersGlobal_               
00017c18  _pmuGetCycleCount_                      
00017c20  _pmuGetEventCount_                      
00017c2c  _pmuGetOverflow_                        
00017b60  _pmuInit_                               
00017bec  _pmuResetCounters_                      
00017bcc  _pmuResetCycleCounter_                  
00017bdc  _pmuResetEventCounters_                 
00017c0c  _pmuSetCountEvent_                      
00017bfc  _pmuStartCounters_                      
00017c04  _pmuStopCounters_                       
08001a7c  _pullupCache                            
00018455  _scaleEEFclk                            
00018465  _scaleMainFclk                          
UNDEFED   _system_post_cinit                      
000184a1  abort                                   
00010f80  adc1GetConfigValue                      
0000a9f8  adc1ParityCheck                         
0000aae4  adc2ParityCheck                         
00010b5c  adcCalibration                          
00010f20  adcDisableNotification                  
00010ed0  adcEnableNotification                   
00010934  adcGetData                              
00010f68  adcGetEVTPin                            
00010704  adcInit                                 
00010b2c  adcIsConversionComplete                 
00010afc  adcIsFifoFull                           
00010d34  adcMidPointCalibration                  
000176b8  adcNotification                         
0001090c  adcResetFiFo                            
00010f48  adcSetEVTPin                            
00010860  adcStartConversion                      
000108e4  adcStopConversion                       
08001690  adc_data                                
0800189c  adc_samplecounter                       
080018b8  adress_value                            
080018b5  aligment_buf                            
080019ac  aligment_set_level                      
08001994  auto_aligment                           
00015fa0  bcdToDec                                
08001878  beginTime                               
ffffffff  binit                                   
08001aac  busyMask                                
00015750  byteWrite                               
00010534  can1GetConfigValue                      
0000ab9c  can1ParityCheck                         
0000ac74  can2ParityCheck                         
000103d4  canDisableErrorNotification             
000103b4  canDisableStatusChangeNotification      
0001042c  canDisableloopback                      
00010374  canEnableErrorNotification              
00010394  canEnableStatusChangeNotification       
000103f4  canEnableloopback                       
000176cc  canErrorNotification                    
0001011c  canFillMessageObjectData                
0000fe44  canGetData                              
00010350  canGetErrorLevel                        
0000ff9c  canGetID                                
0001032c  canGetLastError                         
0000fc08  canInit                                 
00010518  canIoRxGetBit                           
0001045c  canIoSetDirection                       
000104ac  canIoSetPort                            
000104fc  canIoTxGetBit                           
000102d0  canIsMessageBoxValid                    
00010274  canIsRxMessageArrived                   
00010218  canIsTxMessagePending                   
00006000  canMessageCheck                         
000176f4  canMessageNotification                  
0001007c  canSendRemoteFrame                      
0800189e  canSensorData                           
000176e0  canStatusChangeNotification             
0000fd48  canTransmit                             
00010004  canUpdateID                             
08001a9c  can_rx_data                             
08001848  can_tx_data                             
00012d24  capGetSignal                            
000097bc  ccmSelfCheck                            
0000bbe0  ccmr4GetConfigValue                     
080019b0  ch_count                                
0000a0c4  checkB0RAMECC                           
0000a2b4  checkB1RAMECC                           
00015208  checkBusy                               
0000b1dc  checkClockMonitor                       
0000a4a4  checkFlashECC                           
0000b2a4  checkFlashEEPROMECC                     
0000b438  checkPLL1Slip                           
00009608  checkPackets                            
0000b53c  checkRAMAddrParity                      
0000af8c  checkRAMECC                             
0000b650  checkRAMUERRTest                        
080019ec  check_flag                              
00009f48  checkefcSelfTest                        
00006c18  commandButtonscheck                     
000183ed  copysign                                
000183ed  copysignl                               
000099c0  cpuSelfTest                             
0000a588  cpuSelfTestFail                         
08001a92  currentStep                             
00011c00  customTrimLPO                           
0000a580  custom_dabort                           
0800187c  dataconfig1_t                           
08001880  dataconfig2_t                           
08001884  dataconfig3_t                           
08001888  dataconfig4_t                           
00015f6c  decToBcd                                
000057f0  delay                                   
00008f34  delaymode                               
080018a0  dev_id                                  
080018a2  dev_identification                      
080018a4  dev_type                                
0000c048  disableParity                           
00017780  dmaGroupANotification                   
0000a638  dmaParityCheck                          
00014220  dwdClearFlag                            
00014154  dwdCounterEnable                        
0001419c  dwdGenerateSysReset                     
000141ec  dwdGetStatus                            
00014230  dwdGetViolationStatus                   
000140d8  dwdInit                                 
00014180  dwdReset                                
00014164  dwdSetPreload                           
00014148  dwwdGetCurrentDownCounter               
00014100  dwwdInit                                
00012ce4  edgeDisableNotification                 
00012ca8  edgeEnableNotification                  
00012c7c  edgeGetCounter                          
00017758  edgeNotification                        
00012c50  edgeResetCounter                        
00005e64  eepromRead                              
08001a54  eeprom_read_data                        
080017a8  eeprom_write_data                       
00009dec  efcCheck                                
0000bb48  efcGetConfigValue                       
00009f20  efcSelfTest                             
00009e74  efcStuckZeroTest                        
08001993  emergency_stop                          
0000bfcc  enableParity                            
00005d3c  epromWrite                              
0000bc60  errata_PBIST_4                          
08001ab0  errno                                   
080019c8  error                                   
00014c0c  esmActivateNormalOperation              
00014ce0  esmClearStatus                          
00014d20  esmClearStatusBuffer                    
00014bd4  esmDisableError                         
00014c44  esmDisableInterrupt                     
00014bac  esmEnableError                          
00014c1c  esmEnableInterrupt                      
00014e18  esmEnterSelfTest                        
00014b90  esmError                                
00014ef0  esmGetConfigValue                       
00014d5c  esmGetStatus                            
00014de0  esmGetStatusBuffer                      
00017650  esmGroup1Notification                   
00017660  esmGroup2Notification                   
00017794  esmHighInterrupt                        
00014a88  esmInit                                 
00014ea0  esmSelfTestStatus                       
00014d3c  esmSetCounterPreloadValue               
00014c6c  esmSetInterruptLevel                    
00014bfc  esmTriggerErrorPinReset                 
08001a91  failStep                                
00017a81  floor                                   
00017a81  floorl                                  
0000b7c0  fmcBus1ParityCheck                      
00009fe8  fmcBus2Check                            
0000a024  fmcECCcheck                             
00007158  fullAutomaticAligmentCommandsCheck      
00008e0c  fullAutomaticAutoAlignmentProcess       
000068ac  fullAutomaticPumpCheck                  
00008c94  fullAutomaticStandBymode                
0800198d  fullPumpState                           
0800199a  full_Automatic_AutoAlignment            
0800199b  full_Automatic_Set_Aligment             
08001a8c  functiontodo                            
0000674c  getSensorAndCamelNeckValue              
00015d00  gioDisableNotification                  
00015c98  gioEnableNotification                   
00015c00  gioGetBit                               
00015d68  gioGetConfigValue                       
00015c28  gioGetPort                              
00015aa0  gioInit                                 
00017708  gioNotification                         
00015b90  gioSetBit                               
00015b70  gioSetDirection                         
00015be0  gioSetPort                              
00015c40  gioToggleBit                            
080018a6  global_counter                          
000184a8  handlePLLLockFail                       
00012e30  het1GetConfigValue                      
0000a6e4  het1ParityCheck                         
0000a84c  het2ParityCheck                         
00012e18  hetGetTimestamp                         
00012718  hetInit                                 
0001776c  hetNotification                         
00012dfc  hetResetTimestamp                       
0000a790  htu1ParityCheck                         
0000a948  htu2ParityCheck                         
080019b8  id                                      
080019e4  keep_log_flag                           
080019e6  keep_log_normal_counter                 
080019e5  keep_log_open_counter                   
080019e7  keep_log_short_counter                  
000178a9  ldexp                                   
000178a9  ldexpl                                  
08001995  left_aligment                           
00005ce8  logKeep                                 
080019e0  log_start_adress                        
000092d4  main                                    
00011348  mapClocks                               
00017d9d  memcpy                                  
00009900  memoryInit                              
00017670  memoryPort0TestFailNotification         
0001768c  memoryPort1TestFailNotification         
00017fe9  memset                                  
08001aae  mfg_id                                  
0000ad3c  mibspi1ParityCheck                      
0000ae4c  mibspi3ParityCheck                      
0800188c  mode                                    
00008830  modeWarning                             
0001300c  muxInit                                 
080019de  mycounter                               
080019cc  oResult                                 
0000911c  oilPumpStatusCheck                      
0000b8dc  pbistFail                               
0000b960  pbistGetConfigValue                     
00009d34  pbistIsTestCompleted                    
00009d60  pbistIsTestPassed                       
00009d94  pbistPortTestStatus                     
00009c38  pbistRun                                
00009a58  pbistSelfCheck                          
00009d04  pbistStop                               
000112f4  periphInit                              
000184a4  phantomInterrupt                        
00008f9c  pinStatusCheck                          
000133e4  pinmuxGetConfigValue                    
080019ed  pump_check_again                        
080019e8  pump_keep_log_flag                      
080019ea  pump_keep_log_normal_counter            
080019e9  pump_keep_log_open_counter              
080019eb  pump_keep_log_short_counter             
080019df  pump_mycounter                          
00012c20  pwmDisableNotification                  
00012bd8  pwmEnableNotification                   
00012af8  pwmGetSignal                            
00017740  pwmNotification                         
00012840  pwmSetDuty                              
0001297c  pwmSetSignal                            
000127d8  pwmStart                                
0001280c  pwmStop                                 
08001aa4  rcvId                                   
080019ee  read_data                               
00000000  resetEntry                              
08001996  right_aligment                          
00017ecc  rtiCompare0Interrupt                    
00017f14  rtiCompare1Interrupt                    
000142e0  rtiDisableNotification                  
000142b8  rtiEnableNotification                   
000142fc  rtiGetConfigValue                       
0001404c  rtiGetCurrentTick                       
00014024  rtiGetPeriod                            
00013e4c  rtiInit                                 
000095bc  rtiNotification                         
00013f98  rtiResetCounter                         
00013ffc  rtiSetPeriod                            
00013f40  rtiStartCounter                         
00013f6c  rtiStopCounter                          
000178a9  scalbn                                  
000178a9  scalbnl                                 
000097ac  selftestFailNotification                
00008a88  semiAutomaticAutoHizalamaProcess        
00008c04  semiAutomaticStandByMode                
08001981  semi_Automatic_AutoAlignment            
080018b6  sensorLeft                              
080018b7  sensorRight                             
000069d0  setAligmentProcess                      
00016a50  setStep                                 
08001997  set_aligment                            
00015f24  set_bit                                 
0800198e  setcounter                              
000112b4  setupFlash                              
000111f0  setupPLL                                
00016315  sin                                     
00016315  sinl                                    
0000e54c  spi1GetConfigValue                      
0000e6dc  spi2GetConfigValue                      
0000e8c8  spi3GetConfigValue                      
0000e4d4  spiDisableLoopback                      
0000e520  spiDisableNotification                  
0000e4a0  spiEnableLoopback                       
0000e4f0  spiEnableNotification                   
00017730  spiEndNotification                      
0000ddf0  spiGetData                              
0000d928  spiInit                                 
0001771c  spiNotification                         
0000dcd4  spiReceiveData                          
0000e248  spiSendAndGetData                       
0000e014  spiSendData                             
0000dcb4  spiSetFunctional                        
0000e10c  spiTransmitAndReceiveData               
0000dee8  spiTransmitData                         
000155e0  spiWrite                                
0001565c  spiWriteRead                            
00011ac4  sramGetConfigValue                      
0000baa8  stcGetConfigValue                       
00009944  stcSelfCheck                            
0000a584  stcSelfCheckFail                        
08001a88  step                                    
08001a90  subStep                                 
08001a93  successStep                             
000066ec  systemActiveCheck                       
0001153c  systemGetConfigValue                    
00011440  systemInit                              
0001150c  systemPowerDown                         
00011918  tcmflashGetConfigValue                  
0800199e  tick                                    
0800199f  tick2                                   
08001890  timeOut                                 
00011240  trimLPO                                 
080019c0  value                                   
00011d98  vimChannelMap                           
00012004  vimDisableInterrupt                     
00011e3c  vimEnableInterrupt                      
000120b0  vimGetConfigValue                       
00011cc4  vimInit                                 
0000a58c  vimParityCheck                          
00016d44  vimParityErrorHandler                   
000156f0  wordWrite                               


GLOBAL SYMBOLS: SORTED BY Symbol Address 

address   name                                    
-------   ----                                    
00000000  __TI_static_base__                      
00000000  resetEntry                              
00000020  TI_FeeInternal_GetVirtualSectorParameter
000001b8  TI_FeeInternal_WriteVirtualSectorHeader 
00000664  TI_FeeInternal_WriteDataF021            
00000af4  TI_FeeInternal_AlignAddressForECC       
00000b2c  TI_FeeInternal_WriteInitialize          
00000e08  TI_FeeInternal_PollFlashStatus          
00000e84  TI_FeeInternal_GetBlockSize             
00000ec4  TI_FeeInternal_FindNextVirtualSector    
00001188  TI_FeeInternal_BlankCheck               
00001a50  TI_FeeInternal_GetVirtualSectorIndex    
00001c2c  TI_FeeInternal_GetBlockNumber           
00001c68  TI_FeeInternal_GetBlockIndex            
00001ce8  TI_FeeInternal_GetDataSetIndex          
00001d24  TI_FeeInternal_GetArrayIndex            
00001e90  TI_FeeInternal_UpdateBlockOffsetArray   
00002a54  TI_FeeInternal_CheckModuleState         
00002ab4  TI_FeeInternal_CheckReadParameters      
00002be4  TI_FeeInternal_GetCurrentBlockAddress   
00002ce8  TI_FeeInternal_GetNextFlashAddress      
00002d38  TI_FeeInternal_SanityCheck              
00002f28  TI_FeeInternal_SetClearCopyBlockState   
00003044  TI_FeeInternal_FeeManager               
000044bc  TI_FeeInternal_WriteBlockHeader         
0000481c  TI_FeeInternal_WritePreviousBlockHeader 
00004b14  TI_FeeInternal_InvalidateErase          
00004dc4  TI_FeeInternal_StartProgramBlock        
00004ec8  TI_Fee_GetStatus                        
00004f34  TI_FeeInternal_CheckForError            
000050b4  TI_FeeInternal_Fletcher16               
000051e0  TI_Fee_ErrorRecovery                    
000054bc  TI_Fee_SuspendResumeErase               
000056cc  TI_FeeInternal_EnableRequiredFlashSector
000057f0  delay                                   
0000581c  RTIInit                                 
0000584c  HardwareInit                            
00005890  SPIMCPInit                              
000058c8  SPIADS1018Init                          
000058fc  SPIPCA2129Init                          
00005930  SPISST25PF040CInit                      
00005964  SPIdevicesinit                          
0000597c  OutputInit                              
00005a94  Left4PowerSwitchStatusGet               
00005ad8  Right4PowerSwitchStatusGet              
00005b1c  Left2PowerSwitchStatusGet               
00005b40  Right2PowerSwitchStatusGet              
00005b64  Bottom1PowerSwitchStatusGet             
00005b78  AllPowerSwitchSTatusGet                 
00005b94  MCUADCread                              
00005bf8  InputInit                               
00005c44  AngleToValue                            
00005c74  ValueToAngle                            
00005cac  HedefAci                                
00005ce8  logKeep                                 
00005d38  AlignmentValfLeftStatusGet              
00005d3c  epromWrite                              
00005e64  eepromRead                              
00005f0c  CanYellowHighLow                        
00005f80  CanRedHighLow                           
00006000  canMessageCheck                         
000066ec  systemActiveCheck                       
0000671c  ISSCheck                                
0000674c  getSensorAndCamelNeckValue              
000068ac  fullAutomaticPumpCheck                  
000069d0  setAligmentProcess                      
00006c18  commandButtonscheck                     
00007158  fullAutomaticAligmentCommandsCheck      
00007bb4  ControlLeds                             
0000881c  CommandCheck                            
00008830  modeWarning                             
00008a88  semiAutomaticAutoHizalamaProcess        
00008c04  semiAutomaticStandByMode                
00008c94  fullAutomaticStandBymode                
00008e0c  fullAutomaticAutoAlignmentProcess       
00008f34  delaymode                               
00008f9c  pinStatusCheck                          
0000911c  oilPumpStatusCheck                      
000092d4  main                                    
000095bc  rtiNotification                         
00009608  checkPackets                            
000097ac  selftestFailNotification                
000097bc  ccmSelfCheck                            
00009900  memoryInit                              
00009944  stcSelfCheck                            
000099c0  cpuSelfTest                             
00009a58  pbistSelfCheck                          
00009c38  pbistRun                                
00009d04  pbistStop                               
00009d34  pbistIsTestCompleted                    
00009d60  pbistIsTestPassed                       
00009d94  pbistPortTestStatus                     
00009dec  efcCheck                                
00009e74  efcStuckZeroTest                        
00009f20  efcSelfTest                             
00009f48  checkefcSelfTest                        
00009fe8  fmcBus2Check                            
0000a024  fmcECCcheck                             
0000a0c4  checkB0RAMECC                           
0000a2b4  checkB1RAMECC                           
0000a4a4  checkFlashECC                           
0000a580  custom_dabort                           
0000a584  stcSelfCheckFail                        
0000a588  cpuSelfTestFail                         
0000a58c  vimParityCheck                          
0000a638  dmaParityCheck                          
0000a6e4  het1ParityCheck                         
0000a790  htu1ParityCheck                         
0000a84c  het2ParityCheck                         
0000a948  htu2ParityCheck                         
0000a9f8  adc1ParityCheck                         
0000aae4  adc2ParityCheck                         
0000ab9c  can1ParityCheck                         
0000ac74  can2ParityCheck                         
0000ad3c  mibspi1ParityCheck                      
0000ae4c  mibspi3ParityCheck                      
0000af8c  checkRAMECC                             
0000b1dc  checkClockMonitor                       
0000b2a4  checkFlashEEPROMECC                     
0000b438  checkPLL1Slip                           
0000b53c  checkRAMAddrParity                      
0000b650  checkRAMUERRTest                        
0000b7c0  fmcBus1ParityCheck                      
0000b8dc  pbistFail                               
0000b960  pbistGetConfigValue                     
0000baa8  stcGetConfigValue                       
0000bb48  efcGetConfigValue                       
0000bbe0  ccmr4GetConfigValue                     
0000bc60  errata_PBIST_4                          
0000bfcc  enableParity                            
0000c048  disableParity                           
0000c244  TI_Fee_Init                             
0000d928  spiInit                                 
0000dcb4  spiSetFunctional                        
0000dcd4  spiReceiveData                          
0000ddf0  spiGetData                              
0000dee8  spiTransmitData                         
0000e014  spiSendData                             
0000e10c  spiTransmitAndReceiveData               
0000e248  spiSendAndGetData                       
0000e388  SpiTxStatus                             
0000e414  SpiRxStatus                             
0000e4a0  spiEnableLoopback                       
0000e4d4  spiDisableLoopback                      
0000e4f0  spiEnableNotification                   
0000e520  spiDisableNotification                  
0000e54c  spi1GetConfigValue                      
0000e6dc  spi2GetConfigValue                      
0000e8c8  spi3GetConfigValue                      
0000eb28  TI_Fee_MainFunction                     
0000fc08  canInit                                 
0000fd48  canTransmit                             
0000fe44  canGetData                              
0000ff9c  canGetID                                
00010004  canUpdateID                             
0001007c  canSendRemoteFrame                      
0001011c  canFillMessageObjectData                
00010218  canIsTxMessagePending                   
00010274  canIsRxMessageArrived                   
000102d0  canIsMessageBoxValid                    
0001032c  canGetLastError                         
00010350  canGetErrorLevel                        
00010374  canEnableErrorNotification              
00010394  canEnableStatusChangeNotification       
000103b4  canDisableStatusChangeNotification      
000103d4  canDisableErrorNotification             
000103f4  canEnableloopback                       
0001042c  canDisableloopback                      
0001045c  canIoSetDirection                       
000104ac  canIoSetPort                            
000104fc  canIoTxGetBit                           
00010518  canIoRxGetBit                           
00010534  can1GetConfigValue                      
00010704  adcInit                                 
00010860  adcStartConversion                      
000108e4  adcStopConversion                       
0001090c  adcResetFiFo                            
00010934  adcGetData                              
00010afc  adcIsFifoFull                           
00010b2c  adcIsConversionComplete                 
00010b5c  adcCalibration                          
00010d34  adcMidPointCalibration                  
00010ed0  adcEnableNotification                   
00010f20  adcDisableNotification                  
00010f48  adcSetEVTPin                            
00010f68  adcGetEVTPin                            
00010f80  adc1GetConfigValue                      
000111f0  setupPLL                                
00011240  trimLPO                                 
000112b4  setupFlash                              
000112f4  periphInit                              
00011348  mapClocks                               
00011440  systemInit                              
0001150c  systemPowerDown                         
0001153c  systemGetConfigValue                    
00011918  tcmflashGetConfigValue                  
00011ac4  sramGetConfigValue                      
00011c00  customTrimLPO                           
00011cc4  vimInit                                 
00011d98  vimChannelMap                           
00011e3c  vimEnableInterrupt                      
00012004  vimDisableInterrupt                     
000120b0  vimGetConfigValue                       
00012718  hetInit                                 
000127d8  pwmStart                                
0001280c  pwmStop                                 
00012840  pwmSetDuty                              
0001297c  pwmSetSignal                            
00012af8  pwmGetSignal                            
00012bd8  pwmEnableNotification                   
00012c20  pwmDisableNotification                  
00012c50  edgeResetCounter                        
00012c7c  edgeGetCounter                          
00012ca8  edgeEnableNotification                  
00012ce4  edgeDisableNotification                 
00012d24  capGetSignal                            
00012dfc  hetResetTimestamp                       
00012e18  hetGetTimestamp                         
00012e30  het1GetConfigValue                      
0001300c  muxInit                                 
000133e4  pinmuxGetConfigValue                    
000137e8  _errata_SSWF021_45_both_plls            
000139dc  _errata_SSWF021_45_pll1                 
00013b54  _errata_SSWF021_45_pll2                 
00013e4c  rtiInit                                 
00013f40  rtiStartCounter                         
00013f6c  rtiStopCounter                          
00013f98  rtiResetCounter                         
00013ffc  rtiSetPeriod                            
00014024  rtiGetPeriod                            
0001404c  rtiGetCurrentTick                       
000140d8  dwdInit                                 
00014100  dwwdInit                                
00014148  dwwdGetCurrentDownCounter               
00014154  dwdCounterEnable                        
00014164  dwdSetPreload                           
00014180  dwdReset                                
0001419c  dwdGenerateSysReset                     
000141b8  IsdwdKeySequenceCorrect                 
000141ec  dwdGetStatus                            
00014220  dwdClearFlag                            
00014230  dwdGetViolationStatus                   
000142b8  rtiEnableNotification                   
000142e0  rtiDisableNotification                  
000142fc  rtiGetConfigValue                       
00014485  __kernel_rem_pio2                       
00014a88  esmInit                                 
00014b90  esmError                                
00014bac  esmEnableError                          
00014bd4  esmDisableError                         
00014bfc  esmTriggerErrorPinReset                 
00014c0c  esmActivateNormalOperation              
00014c1c  esmEnableInterrupt                      
00014c44  esmDisableInterrupt                     
00014c6c  esmSetInterruptLevel                    
00014ce0  esmClearStatus                          
00014d20  esmClearStatusBuffer                    
00014d3c  esmSetCounterPreloadValue               
00014d5c  esmGetStatus                            
00014de0  esmGetStatusBuffer                      
00014e18  esmEnterSelfTest                        
00014ea0  esmSelfTestStatus                       
00014ef0  esmGetConfigValue                       
00015044  Read_JEDEK                              
00015104  Read_Id                                 
000151ac  ReadFlashStatus                         
00015208  checkBusy                               
0001526c  WriteEnable                             
000152e4  WriteDisable                            
0001535c  ChipErase                               
000153b8  Write                                   
000154cc  Read                                    
000155e0  spiWrite                                
0001565c  spiWriteRead                            
000156f0  wordWrite                               
00015750  byteWrite                               
000157a8  PortMode                                
000157cc  MCP_PinMode                             
00015864  MCP_PinOutput                           
0001592c  MCP_PortpullupMode                      
00015950  MCP_PortinputInvert                     
00015974  MCP_PortRead                            
000159d8  MCP_pinRead                             
00015a40  MCP_Init                                
00015aa0  gioInit                                 
00015b70  gioSetDirection                         
00015b90  gioSetBit                               
00015be0  gioSetPort                              
00015c00  gioGetBit                               
00015c28  gioGetPort                              
00015c40  gioToggleBit                            
00015c98  gioEnableNotification                   
00015d00  gioDisableNotification                  
00015d68  gioGetConfigValue                       
00015f24  set_bit                                 
00015f6c  decToBcd                                
00015fa0  bcdToDec                                
00015fe4  SetRegister                             
0001604c  GetRegister                             
000160c8  Getseconds                              
000160dc  Setseconds                              
00016100  Getminutes                              
00016114  Setminutes                              
00016134  Gethours                                
00016148  Sethours                                
00016168  Getdays                                 
0001617c  Setdays                                 
0001619c  Getweekdays                             
000161b0  Setweekdays                             
000161d0  Getmonths                               
000161e4  Setmonths                               
00016204  Getyears                                
00016218  Setyears                                
00016238  GetDate                                 
00016298  SetDate                                 
00016315  sin                                     
00016315  sinl                                    
00016704  _coreInitRegisters_                     
00016810  _coreInitStackPointer_                  
0001685c  _getCPSRValue_                          
00016864  _gotoCPUIdle_                           
0001687c  _coreEnableVfp_                         
00016894  _coreEnableEventBusExport_              
000168a4  _coreDisableEventBusExport_             
000168b4  _coreEnableRamEcc_                      
000168c4  _coreDisableRamEcc_                     
000168d4  _coreEnableFlashEcc_                    
000168e8  _coreDisableFlashEcc_                   
000168f8  _coreEnableIrqVicOffset_                
00016908  _coreGetDataFault_                      
00016910  _coreClearDataFault_                    
0001691c  _coreGetInstructionFault_               
00016924  _coreClearInstructionFault_             
00016930  _coreGetDataFaultAddress_               
00016938  _coreClearDataFaultAddress_             
00016944  _coreGetInstructionFaultAddress_        
0001694c  _coreClearInstructionFaultAddress_      
00016958  _coreGetAuxiliaryDataFault_             
00016960  _coreClearAuxiliaryDataFault_           
0001696c  _coreGetAuxiliaryInstructionFault_      
00016974  _coreClearAuxiliaryInstructionFault_    
00016980  _disable_interrupt_                     
00016988  _disable_FIQ_interrupt_                 
00016990  _disable_IRQ_interrupt_                 
00016998  _enable_interrupt_                      
000169a0  _esmCcmErrorsClear_                     
00016a28  _errata_CORTEXR4_57_                    
00016a38  _errata_CORTEXR4_66_                    
00016a48  __TI_PINIT_Base                         
00016a4c  __TI_PINIT_Limit                        
00016a50  setStep                                 
00016aa8  Register2write                          
00016b40  ADS1018Adcread                          
00016d44  vimParityErrorHandler                   
00017010  _c_int00                                
00017275  Fapi_initializeFlashBanks               
000174d5  Fapi_setActiveFlashBank                 
00017650  esmGroup1Notification                   
00017660  esmGroup2Notification                   
00017670  memoryPort0TestFailNotification         
0001768c  memoryPort1TestFailNotification         
000176b8  adcNotification                         
000176cc  canErrorNotification                    
000176e0  canStatusChangeNotification             
000176f4  canMessageNotification                  
00017708  gioNotification                         
0001771c  spiNotification                         
00017730  spiEndNotification                      
00017740  pwmNotification                         
00017758  edgeNotification                        
0001776c  hetNotification                         
00017780  dmaGroupANotification                   
00017794  esmHighInterrupt                        
000178a9  ldexp                                   
000178a9  ldexpl                                  
000178a9  scalbn                                  
000178a9  scalbnl                                 
00017998  _dabort                                 
00017a81  floor                                   
00017a81  floorl                                  
00017b60  _pmuInit_                               
00017bac  _pmuEnableCountersGlobal_               
00017bbc  _pmuDisableCountersGlobal_              
00017bcc  _pmuResetCycleCounter_                  
00017bdc  _pmuResetEventCounters_                 
00017bec  _pmuResetCounters_                      
00017bfc  _pmuStartCounters_                      
00017c04  _pmuStopCounters_                       
00017c0c  _pmuSetCountEvent_                      
00017c18  _pmuGetCycleCount_                      
00017c20  _pmuGetEventCount_                      
00017c2c  _pmuGetOverflow_                        
00017c41  __kernel_cos                            
00017cf5  __kernel_sin                            
00017d9d  __aeabi_memcpy                          
00017d9d  __aeabi_memcpy4                         
00017d9d  __aeabi_memcpy8                         
00017d9d  memcpy                                  
00017e39  Fapi_doBlankCheck                       
00017ecc  rtiCompare0Interrupt                    
00017f14  rtiCompare1Interrupt                    
00017f61  Fapi_enableEepromBankSectors            
00017fe1  __aeabi_memclr                          
00017fe1  __aeabi_memclr4                         
00017fe1  __aeabi_memclr8                         
00017fe3  __aeabi_memset                          
00017fe3  __aeabi_memset4                         
00017fe3  __aeabi_memset8                         
00017fe9  memset                                  
0001805b  __TI_decompress_lzss                    
000180c7  _Fapi_loopRegionForValue                
00018124  __aeabi_idiv                            
00018124  __aeabi_idivmod                         
00018179  Fapi_isAddressEcc                       
000181c8  __aeabi_uidiv                           
000181c8  __aeabi_uidivmod                        
00018219  _Fapi_EnableSectors                     
0001825d  __TI_auto_init_nobinit_nopinit          
000182a1  _Fapi_issueFsmCommand                   
000182dd  Fapi_calculateFletcherChecksum          
00018313  __aeabi_idiv0                           
00018313  __aeabi_ldiv0                           
00018315  Fapi_issueAsyncCommandWithAddress       
00018345  Fapi_waitDelay                          
00018375  _Fapi_readDword                         
000183a1  Fapi_issueAsyncCommand                  
000183cb  Fapi_flushPipeline                      
000183ed  copysign                                
000183ed  copysignl                               
00018427  __TI_zero_init_nomemset                 
00018445  Fapi_getNumberOfBankSectors             
00018455  _scaleEEFclk                            
00018465  _scaleMainFclk                          
00018475  __TI_decompress_none                    
00018483  _Fapi_checkWdService                    
00018490  Fapi_serviceWatchdogTimer               
00018499  __aeabi_errno_addr                      
000184a1  C$$EXIT                                 
000184a1  abort                                   
000184a4  phantomInterrupt                        
000184a8  handlePLLLockFail                       
000184b4  TI_Fee_WriteAsync                       
0001916c  TI_Fee_Read                             
00019914  TI_Fee_Format                           
0001a530  Device_FlashDevice                      
0001a6d4  Fee_VirtualSectorConfiguration          
0001a6e0  Fee_BlockConfiguration                  
0001a72c  __TI_Handler_Table_Base                 
0001a738  __TI_Handler_Table_Limit                
0001a750  __TI_CINIT_Base                         
0001a768  __TI_CINIT_Limit                        
08001500  RX_DATA                                 
080015c8  TX_DATA                                 
08001690  adc_data                                
08001798  SpecialRamBlock                         
080017a8  eeprom_write_data                       
080017b8  ADS1018Data                             
080017c0  AutomaticAligmentDone                   
080017c8  BackSensorInoperative                   
080017d0  CalibrationCancel                       
080017d8  CalibrationFailure                      
080017e0  CalibrationFinalSettings                
080017e8  CalibrationFirstTemprorySettings        
080017f0  CalibrationSecondTemprorySettings       
080017f8  Calibrationbegin                        
08001800  EmergencyStopActive                     
08001808  FifthWheelAnglePositioneLeft            
08001810  FifthWheelAnglePositioneRight           
08001818  FrontSensorInoperative                  
08001820  Fullautomaticled                        
08001828  ISSSingalActive                         
08001830  ModeSelectDelay                         
08001838  Semiautomaticled                        
08001840  VehicleInRoute                          
08001848  can_tx_data                             
08001850  BlockOffset                             
08001854  CamelneckHomeTemporary                  
08001858  CamelneckLeftAngleTemporary             
0800185c  CamelneckNumberTemporary                
08001860  CamelneckRightAngleTemporary            
08001864  FifthWheelHomeTemporary                 
08001868  FifthWheelLeftAngleTemporary            
0800186c  FifthWheelNumberTemporary               
08001870  FifthWheelRightAngleTemporary           
08001874  Length                                  
08001878  beginTime                               
0800187c  dataconfig1_t                           
08001880  dataconfig2_t                           
08001884  dataconfig3_t                           
08001888  dataconfig4_t                           
0800188c  mode                                    
08001890  timeOut                                 
08001894  Amount                                  
08001896  AttractiveLeftSensorAndCamelNeck        
08001898  Average                                 
0800189a  Status                                  
0800189c  adc_samplecounter                       
0800189e  canSensorData                           
080018a0  dev_id                                  
080018a2  dev_identification                      
080018a4  dev_type                                
080018a6  global_counter                          
080018a8  VN5T006ASPTRE_BOTTOM_CS1_VAL            
080018a9  VNQ5050KTRE_LEFT_1CS1_VAL               
080018aa  VNQ5050KTRE_LEFT_1CS2_VAL               
080018ab  VNQ5050KTRE_LEFT_1STAT1_VAL             
080018ac  VNQ5050KTRE_LEFT_1STAT2_VAL             
080018ad  VNQ5050KTRE_LEFT_1STAT3_VAL             
080018ae  VNQ5050KTRE_LEFT_1STAT4_VAL             
080018af  VNQ5050KTRE_RIGHT_2CS1_VAL              
080018b0  VNQ5050KTRE_RIGHT_2CS2_VAL              
080018b1  VNQ5050KTRE_RIGHT_2STAT1_VAL            
080018b2  VNQ5050KTRE_RIGHT_2STAT2_VAL            
080018b3  VNQ5050KTRE_RIGHT_2STAT3_VAL            
080018b4  VNQ5050KTRE_RIGHT_2STAT4_VAL            
080018b5  aligment_buf                            
080018b6  sensorLeft                              
080018b7  sensorRight                             
080018b8  adress_value                            
08001980  PumpSlaveBtn                            
08001981  semi_Automatic_AutoAlignment            
08001982  ISSActiveState                          
08001983  AutoAligmentState                       
08001984  AlignmentRightState                     
08001985  AlignmentLeftState                      
08001986  AlignmentAutoState                      
08001987  AutoHizalama                            
08001988  AcilStopON                              
08001989  SysActive                               
0800198a  AlignmentRight                          
0800198b  AlignmentLeft                           
0800198c  AlignmentAuto                           
0800198d  fullPumpState                           
0800198e  setcounter                              
08001990  SetMode                                 
08001991  StopMode                                
08001992  ISS                                     
08001993  emergency_stop                          
08001994  auto_aligment                           
08001995  left_aligment                           
08001996  right_aligment                          
08001997  set_aligment                            
08001998  StopModeState                           
08001999  StatusReady2Evaluate                    
0800199a  full_Automatic_AutoAlignment            
0800199b  full_Automatic_Set_Aligment             
0800199c  CalibrationDone                         
0800199d  SystemActiveCaliber                     
0800199e  tick                                    
0800199f  tick2                                   
080019a0  Fullautomaticmode                       
080019a1  Semiautomaticmode                       
080019a4  FifthWheelNumberValue                   
080019a8  CamelneckNumberValue                    
080019ac  aligment_set_level                      
080019ad  PumpState                               
080019b0  ch_count                                
080019b8  id                                      
080019c0  value                                   
080019c8  error                                   
080019cc  oResult                                 
080019d0  AciSonuc                                
080019d4  DegerSonuc                              
080019d8  AngleValue                              
080019dc  GIO_OIL_PUMP_PIN_STATUS                 
080019dd  GIO_STATUS_VALUE                        
080019de  mycounter                               
080019df  pump_mycounter                          
080019e0  log_start_adress                        
080019e4  keep_log_flag                           
080019e5  keep_log_open_counter                   
080019e6  keep_log_normal_counter                 
080019e7  keep_log_short_counter                  
080019e8  pump_keep_log_flag                      
080019e9  pump_keep_log_open_counter              
080019ea  pump_keep_log_normal_counter            
080019eb  pump_keep_log_short_counter             
080019ec  check_flag                              
080019ed  pump_check_again                        
080019ee  read_data                               
08001a54  eeprom_read_data                        
08001a74  _modeCache                              
08001a78  _outputCache                            
08001a7c  _pullupCache                            
08001a80  _invertCache                            
08001a84  CS_PIN                                  
08001a85  SPI_PORT_NUMBER                         
08001a88  step                                    
08001a8c  functiontodo                            
08001a90  subStep                                 
08001a91  failStep                                
08001a92  currentStep                             
08001a93  successStep                             
08001a9c  can_rx_data                             
08001aa4  rcvId                                   
08001aac  busyMask                                
08001aae  mfg_id                                  
08001ab0  errno                                   
08001ab4  TI_Fee_GlobalVariables                  
08001b7c  TI_Fee_u8DataSets                       
08001b80  TI_Fee_u32FletcherChecksum              
08001b84  TI_Fee_u32BlockEraseCount               
08001b88  TI_Fee_u8DeviceIndex                    
08001b8c  TI_Fee_u32ActCpyVS                      
08001b90  TI_Fee_u8ErrEraseVS                     
08001b91  TI_Fee_bEraseSuspended                  
08001b92  TI_Fee_bIsMainFunctionCalled            
08001b94  TI_Fee_oStatusWord                      
08001b98  TI_FlashStatusWord                      
08001ba8  TI_Fee_FapiInitCalled                   
ffffffff  __TI_pprof_out_hndl                     
ffffffff  __TI_prof_data_size                     
ffffffff  __TI_prof_data_start                    
ffffffff  __binit__                               
ffffffff  __c_args__                              
ffffffff  binit                                   
UNDEFED   SHT$$INIT_ARRAY$$Base                   
UNDEFED   SHT$$INIT_ARRAY$$Limit                  
UNDEFED   _system_post_cinit                      

[619 symbols]
