******************************************************************************
                  TI ARM Linker PC v18.12.4                    
******************************************************************************
>> Linked Wed Mar 31 17:45:50 2021

OUTPUT FILE NAME:   <Lowbadtest.out>
ENTRY POINT SYMBOL: "_c_int00"  address: 0000ac18


MEMORY CONFIGURATION

         name            origin    length      used     unused   attr    fill
----------------------  --------  ---------  --------  --------  ----  --------
  VECTORS               00000000   00000020  00000020  00000000     X
  FLASH0                00000020   000bffe0  0000bbcc  000b4414  R  X
  STACKS                08000000   00001500  00000000  00001500  RW  
  RAM                   08001500   0001eb00  0000034c  0001e7b4  RW  


SEGMENT ALLOCATION MAP

run origin  load origin   length   init length attrs members
----------  ----------- ---------- ----------- ----- -------
00000000    00000000    0000bbf0   0000bbf0    r-x
  00000000    00000000    00000020   00000020    r-x .intvecs
  00000020    00000020    0000b56c   0000b56c    r-x .text
  0000b58c    0000b58c    00000610   00000610    r-- .const
  0000bba0    0000bba0    00000050   00000050    r-- .cinit
08001500    08001500    00000350   00000000    rw-
  08001500    08001500    000002ec   00000000    rw- .bss
  080017f0    080017f0    00000060   00000000    rw- .data


SECTION ALLOCATION MAP

 output                                  attributes/
section   page    origin      length       input sections
--------  ----  ----------  ----------   ----------------
.intvecs   0    00000000    00000020     
                  00000000    00000020     sys_intvecs.obj (.intvecs)

.text      0    00000020    0000b56c     
                  00000020    00002a14     sys_selftest.obj (.text)
                  00002a34    00001200     spi.obj (.text)
                  00003c34    00000af8     can.obj (.text)
                  0000472c    00000aec     adc.obj (.text)
                  00005218    00000ad4     system.obj (.text)
                  00005cec    00000a54     sys_vim.obj (.text)
                  00006740    00000908     sys_main.obj (.text)
                  00007048    000008f4     het.obj (.text)
                  0000793c    000007dc     pinmux.obj (.text)
                  00008118    00000664     errata_SSWF021_45.obj (.text)
                  0000877c    00000638     rti.obj (.text)
                  00008db4    000005bc     esm.obj (.text)
                  00009370    0000055c     SST25PF040C.obj (.text)
                  000098cc    000004c0     MCP23S17.obj (.text)
                  00009d8c    00000484     gio.obj (.text)
                  0000a210    000003f0     PCA2129.obj (.text)
                  0000a600    0000034c     sys_core.obj (.text)
                  0000a94c    000002cc     sys_vim.obj (.text:retain)
                  0000ac18    00000264     sys_startup.obj (.text:retain)
                  0000ae7c    00000144     notification.obj (.text)
                  0000afc0    00000114     esm.obj (.text:retain)
                  0000b0d4    000000e8     dabort.obj (.text)
                  0000b1bc    000000e0     sys_pmu.obj (.text)
                  0000b29c    0000009c     rtsv7R4_T_be_v3D16_eabi.lib : memcpy_t2.asm.obj (.text)
                  0000b338    0000007a                                 : memset_t2.asm.obj (.text)
                  0000b3b2    0000006c                                 : copy_decompress_lzss.c.obj (.text:decompress:lzss:__TI_decompress_lzss)
                  0000b41e    00000002                                 : div0.asm.obj (.text)
                  0000b420    00000054                                 : i_div32.asm.obj (.text)
                  0000b474    00000050                                 : u_div32.asm.obj (.text)
                  0000b4c4    0000004c     rti.obj (.text:retain)
                  0000b510    00000044     rtsv7R4_T_be_v3D16_eabi.lib : autoinit.c.obj (.text:__TI_auto_init_nobinit_nopinit:__TI_auto_init_nobinit_nopinit)
                  0000b554    0000001c                                 : copy_zero_init.c.obj (.text:decompress:ZI:__TI_zero_init_nomemset:__TI_zero_init_nomemset)
                  0000b570    0000000e                                 : copy_decompress_none.c.obj (.text:decompress:none:__TI_decompress_none)
                  0000b57e    00000004                                 : exit.c.obj (.text:abort:abort)
                  0000b582    00000002     --HOLE-- [fill = 0]
                  0000b584    00000004     sys_phantom.obj (.text:retain)
                  0000b588    00000004     sys_startup.obj (.text)

.const     0    0000b58c    00000610     
                  0000b58c    000003a0     het.obj (.const:het1PROGRAM)
                  0000b92c    00000200     sys_vim.obj (.const:s_vim_init)
                  0000bb2c    00000020     can.obj (.const:s_canByteOrder)
                  0000bb4c    00000020     het.obj (.const:s_het1pwmPolarity)
                  0000bb6c    00000018     adc.obj (.const:s_adcFiFoSize)
                  0000bb84    00000018     adc.obj (.const:s_adcSelect)

.cinit     0    0000bba0    00000050     
                  0000bba0    00000028     (.cinit..data.load) [load image, compression = lzss]
                  0000bbc8    0000000c     (__TI_handler_table)
                  0000bbd4    00000004     --HOLE-- [fill = 0]
                  0000bbd8    00000008     (.cinit..bss.load) [load image, compression = zero_init]
                  0000bbe0    00000010     (__TI_cinit_table)

.bss       0    08001500    000002ec     UNINITIALIZED
                  08001500    000000c8     (.common:RX_DATA)
                  080015c8    000000c8     (.common:TX_DATA)
                  08001690    00000080     (.common:adc_data)
                  08001710    00000078     spi.obj (.bss:g_spiPacket_t)
                  08001788    00000010     PCA2129.obj (.bss:Date$1)
                  08001798    00000010     (.common:myinput)
                  080017a8    00000008     (.common:rcvData)
                  080017b0    00000004     (.common:Dateinfo)
                  080017b4    00000004     (.common:beginTime)
                  080017b8    00000004     (.common:dataconfig1_t)
                  080017bc    00000004     (.common:dataconfig2_t)
                  080017c0    00000004     (.common:dataconfig3_t)
                  080017c4    00000004     (.common:dataconfig4_t)
                  080017c8    00000004     (.common:timeOut)
                  080017cc    00000002     (.common:VN5T006ASPTRE_BOTTOM_CS1_VAL)
                  080017ce    00000002     (.common:VNQ5050KTRE_LEFT_1CS1_VAL)
                  080017d0    00000002     (.common:VNQ5050KTRE_LEFT_1CS2_VAL)
                  080017d2    00000002     (.common:VNQ5050KTRE_LEFT_1STAT1_VAL)
                  080017d4    00000002     (.common:VNQ5050KTRE_LEFT_1STAT2_VAL)
                  080017d6    00000002     (.common:VNQ5050KTRE_LEFT_1STAT3_VAL)
                  080017d8    00000002     (.common:VNQ5050KTRE_LEFT_1STAT4_VAL)
                  080017da    00000002     (.common:VNQ5050KTRE_RIGHT_2CS1_VAL)
                  080017dc    00000002     (.common:VNQ5050KTRE_RIGHT_2CS2_VAL)
                  080017de    00000002     (.common:VNQ5050KTRE_RIGHT_2STAT1_VAL)
                  080017e0    00000002     (.common:VNQ5050KTRE_RIGHT_2STAT2_VAL)
                  080017e2    00000002     (.common:VNQ5050KTRE_RIGHT_2STAT3_VAL)
                  080017e4    00000002     (.common:VNQ5050KTRE_RIGHT_2STAT4_VAL)
                  080017e6    00000002     (.common:dev_id)
                  080017e8    00000002     (.common:dev_identification)
                  080017ea    00000002     (.common:dev_type)

.data      0    080017f0    00000060     UNINITIALIZED
                  080017f0    0000002e     sys_main.obj (.data)
                  0800181e    00000002     --HOLE--
                  08001820    00000012     MCP23S17.obj (.data)
                  08001832    00000009     sys_main.obj (.data:rx_data)
                  0800183b    00000009     sys_main.obj (.data:tx_data)
                  08001844    00000008     sys_main.obj (.data:rcvId)
                  0800184c    00000004     SST25PF040C.obj (.data)

MODULE SUMMARY

       Module                       code    ro data   rw data
       ------                       ----    -------   -------
    .\source\
       sys_selftest.obj             10772   0         0      
       spi.obj                      4608    0         120    
       sys_vim.obj                  3360    512       0      
       het.obj                      2292    960       0      
       adc.obj                      2796    48        0      
       can.obj                      2808    32        0      
       system.obj                   2772    0         0      
       sys_main.obj                 2312    0         266    
       pinmux.obj                   2012    0         0      
       esm.obj                      1744    0         0      
       rti.obj                      1668    0         0      
       errata_SSWF021_45.obj        1636    0         0      
       PCA2129.obj                  1008    0         420    
       SST25PF040C.obj              1372    0         14     
       MCP23S17.obj                 1216    0         22     
       gio.obj                      1156    0         0      
       sys_core.obj                 844     0         0      
       sys_startup.obj              616     0         0      
       notification.obj             324     0         0      
       dabort.obj                   232     0         0      
       sys_pmu.obj                  224     0         0      
       sys_intvecs.obj              32      0         0      
       sys_phantom.obj              4       0         0      
    +--+----------------------------+-------+---------+---------+
       Total:                       45808   1552      842    
                                                             
    C:/ti/ccs930/ccs/tools/compiler/ti-cgt-arm_18.12.4.LTS/lib/rtsv7R4_T_be_v3D16_eabi.lib
       memcpy_t2.asm.obj            156     0         0      
       memset_t2.asm.obj            122     0         0      
       copy_decompress_lzss.c.obj   108     0         0      
       i_div32.asm.obj              84      0         0      
       u_div32.asm.obj              80      0         0      
       autoinit.c.obj               68      0         0      
       copy_zero_init.c.obj         28      0         0      
       copy_decompress_none.c.obj   14      0         0      
       exit.c.obj                   4       0         0      
       div0.asm.obj                 2       0         0      
    +--+----------------------------+-------+---------+---------+
       Total:                       666     0         0      
                                                             
       Linker Generated:            0       76        0      
    +--+----------------------------+-------+---------+---------+
       Grand Total:                 46474   1628      842    


LINKER GENERATED COPY TABLES

__TI_cinit_table @ 0000bbe0 records: 2, size/record: 8, table size: 16
	.data: load addr=0000bba0, load size=00000028 bytes, run addr=080017f0, run size=00000060 bytes, compression=lzss
	.bss: load addr=0000bbd8, load size=00000008 bytes, run addr=08001500, run size=000002ec bytes, compression=zero_init


LINKER GENERATED HANDLER TABLE

__TI_handler_table @ 0000bbc8 records: 3, size/record: 4, table size: 12
	index: 0, handler: __TI_zero_init
	index: 1, handler: __TI_decompress_lzss
	index: 2, handler: __TI_decompress_none


GLOBAL SYMBOLS: SORTED ALPHABETICALLY BY Name 

address   name                                
-------   ----                                
0000693c  ADS1018Adcread                      
00006c50  AllPowerSwitchSTatusGet             
00006c3c  Bottom1PowerSwitchStatusGet         
0000b57f  C$$EXIT                             
08001830  CS_PIN                              
00009688  ChipErase                           
080017b0  Dateinfo                            
0000a524  GetDate                             
0000a338  GetRegister                         
0000a454  Getdays                             
0000a420  Gethours                            
0000a3ec  Getminutes                          
0000a4bc  Getmonths                           
0000a3b4  Getseconds                          
0000a488  Getweekdays                         
0000a4f0  Getyears                            
000067a8  HardwareInit                        
00008ae8  IsdwdKeySequenceCorrect             
00006bf4  Left2PowerSwitchStatusGet           
00006b6c  Left4PowerSwitchStatusGet           
00006cd0  MCP23S18SetAllInput                 
00009d2c  MCP_Init                            
00009ab8  MCP_PinMode                         
00009b50  MCP_PinOutput                       
00009c60  MCP_PortRead                        
00009c3c  MCP_PortinputInvert                 
00009c18  MCP_PortpullupMode                  
00009cc4  MCP_pinRead                         
00006c68  MCUADCread                          
00009a94  PortMode                            
00006ad4  PowerSwitchesTest                   
000067c0  RTIInit                             
08001500  RX_DATA                             
000097d8  Read                                
000094d8  ReadFlashStatus                     
00009430  Read_Id                             
00009370  Read_JEDEK                          
000068a4  Register2write                      
00006c18  Right2PowerSwitchStatusGet          
00006bb0  Right4PowerSwitchStatusGet          
UNDEFED   SHT$$INIT_ARRAY$$Base               
UNDEFED   SHT$$INIT_ARRAY$$Limit              
00006818  SPIADS1018Init                      
000067e0  SPIMCPInit                          
00006740  SPIPCA2129Init                      
08001831  SPI_PORT_NUMBER                     
00006774  SST25PF040CInit                     
0000a584  SetDate                             
0000a2d0  SetRegister                         
0000a468  Setdays                             
0000a434  Sethours                            
0000a400  Setminutes                          
0000a4d0  Setmonths                           
0000a3c8  Setseconds                          
0000a49c  Setweekdays                         
0000a504  Setyears                            
00003520  SpiRxStatus                         
00003494  SpiTxStatus                         
080015c8  TX_DATA                             
080017cc  VN5T006ASPTRE_BOTTOM_CS1_VAL        
080017ce  VNQ5050KTRE_LEFT_1CS1_VAL           
080017d0  VNQ5050KTRE_LEFT_1CS2_VAL           
080017d2  VNQ5050KTRE_LEFT_1STAT1_VAL         
080017d4  VNQ5050KTRE_LEFT_1STAT2_VAL         
080017d6  VNQ5050KTRE_LEFT_1STAT3_VAL         
080017d8  VNQ5050KTRE_LEFT_1STAT4_VAL         
080017da  VNQ5050KTRE_RIGHT_2CS1_VAL          
080017dc  VNQ5050KTRE_RIGHT_2CS2_VAL          
080017de  VNQ5050KTRE_RIGHT_2STAT1_VAL        
080017e0  VNQ5050KTRE_RIGHT_2STAT2_VAL        
080017e2  VNQ5050KTRE_RIGHT_2STAT3_VAL        
080017e4  VNQ5050KTRE_RIGHT_2STAT4_VAL        
000096e4  Write                               
00009610  WriteDisable                        
00009598  WriteEnable                         
0000bbe0  __TI_CINIT_Base                     
0000bbf0  __TI_CINIT_Limit                    
0000bbc8  __TI_Handler_Table_Base             
0000bbd4  __TI_Handler_Table_Limit            
0000a944  __TI_PINIT_Base                     
0000a948  __TI_PINIT_Limit                    
0000b511  __TI_auto_init_nobinit_nopinit      
0000b3b3  __TI_decompress_lzss                
0000b571  __TI_decompress_none                
ffffffff  __TI_pprof_out_hndl                 
ffffffff  __TI_prof_data_size                 
ffffffff  __TI_prof_data_start                
00000000  __TI_static_base__                  
0000b555  __TI_zero_init_nomemset             
0000b420  __aeabi_idiv                        
0000b41f  __aeabi_idiv0                       
0000b420  __aeabi_idivmod                     
0000b41f  __aeabi_ldiv0                       
0000b339  __aeabi_memclr                      
0000b339  __aeabi_memclr4                     
0000b339  __aeabi_memclr8                     
0000b29d  __aeabi_memcpy                      
0000b29d  __aeabi_memcpy4                     
0000b29d  __aeabi_memcpy8                     
0000b33b  __aeabi_memset                      
0000b33b  __aeabi_memset4                     
0000b33b  __aeabi_memset8                     
0000b474  __aeabi_uidiv                       
0000b474  __aeabi_uidivmod                    
ffffffff  __binit__                           
ffffffff  __c_args__                          
0000ac18  _c_int00                            
0000a85c  _coreClearAuxiliaryDataFault_       
0000a870  _coreClearAuxiliaryInstructionFault_
0000a834  _coreClearDataFaultAddress_         
0000a80c  _coreClearDataFault_                
0000a848  _coreClearInstructionFaultAddress_  
0000a820  _coreClearInstructionFault_         
0000a7a0  _coreDisableEventBusExport_         
0000a7e4  _coreDisableFlashEcc_               
0000a7c0  _coreDisableRamEcc_                 
0000a790  _coreEnableEventBusExport_          
0000a7d0  _coreEnableFlashEcc_                
0000a7f4  _coreEnableIrqVicOffset_            
0000a7b0  _coreEnableRamEcc_                  
0000a778  _coreEnableVfp_                     
0000a854  _coreGetAuxiliaryDataFault_         
0000a868  _coreGetAuxiliaryInstructionFault_  
0000a82c  _coreGetDataFaultAddress_           
0000a804  _coreGetDataFault_                  
0000a840  _coreGetInstructionFaultAddress_    
0000a818  _coreGetInstructionFault_           
0000a600  _coreInitRegisters_                 
0000a70c  _coreInitStackPointer_              
0000b0d4  _dabort                             
0000a884  _disable_FIQ_interrupt_             
0000a88c  _disable_IRQ_interrupt_             
0000a87c  _disable_interrupt_                 
0000a894  _enable_interrupt_                  
0000a924  _errata_CORTEXR4_57_                
0000a934  _errata_CORTEXR4_66_                
00008118  _errata_SSWF021_45_both_plls        
0000830c  _errata_SSWF021_45_pll1             
00008484  _errata_SSWF021_45_pll2             
0000a89c  _esmCcmErrorsClear_                 
0000a758  _getCPSRValue_                      
0000a760  _gotoCPUIdle_                       
0800182c  _invertCache                        
08001820  _modeCache                          
08001824  _outputCache                        
0000b218  _pmuDisableCountersGlobal_          
0000b208  _pmuEnableCountersGlobal_           
0000b274  _pmuGetCycleCount_                  
0000b27c  _pmuGetEventCount_                  
0000b288  _pmuGetOverflow_                    
0000b1bc  _pmuInit_                           
0000b248  _pmuResetCounters_                  
0000b228  _pmuResetCycleCounter_              
0000b238  _pmuResetEventCounters_             
0000b268  _pmuSetCountEvent_                  
0000b258  _pmuStartCounters_                  
0000b260  _pmuStopCounters_                   
08001828  _pullupCache                        
UNDEFED   _system_post_cinit                  
0000b57f  abort                               
00004fa8  adc1GetConfigValue                  
0000126c  adc1ParityCheck                     
00001358  adc2ParityCheck                     
00004b84  adcCalibration                      
00004f48  adcDisableNotification              
00004ef8  adcEnableNotification               
0000495c  adcGetData                          
00004f90  adcGetEVTPin                        
0000472c  adcInit                             
00004b54  adcIsConversionComplete             
00004b24  adcIsFifoFull                       
00004d5c  adcMidPointCalibration              
0000aee4  adcNotification                     
00004934  adcResetFiFo                        
00004f70  adcSetEVTPin                        
00004888  adcStartConversion                  
0000490c  adcStopConversion                   
08001690  adc_data                            
0800181c  adress_value                        
0000a28c  bcdToDec                            
080017b4  beginTime                           
ffffffff  binit                               
0800184c  busyMask                            
00009a3c  byteWrite                           
00004560  can1GetConfigValue                  
00001410  can1ParityCheck                     
000014e8  can2ParityCheck                     
00004400  canDisableErrorNotification         
000043e0  canDisableStatusChangeNotification  
00004458  canDisableloopback                  
000043a0  canEnableErrorNotification          
000043c0  canEnableStatusChangeNotification   
00004420  canEnableloopback                   
0000aef8  canErrorNotification                
00004148  canFillMessageObjectData            
00003e70  canGetData                          
0000437c  canGetErrorLevel                    
00003fc8  canGetID                            
00004358  canGetLastError                     
00003c34  canInit                             
00004544  canIoRxGetBit                       
00004488  canIoSetDirection                   
000044d8  canIoSetPort                        
00004528  canIoTxGetBit                       
000042fc  canIsMessageBoxValid                
000042a0  canIsRxMessageArrived               
00004244  canIsTxMessagePending               
0000af20  canMessageNotification              
000040a8  canSendRemoteFrame                  
0000af0c  canStatusChangeNotification         
00003d74  canTransmit                         
00004030  canUpdateID                         
00007654  capGetSignal                        
00000030  ccmSelfCheck                        
00002454  ccmr4GetConfigValue                 
08001800  ch_count                            
00000938  checkB0RAMECC                       
00000b28  checkB1RAMECC                       
00009534  checkBusy                           
00001a50  checkClockMonitor                   
00000d18  checkFlashECC                       
00001b18  checkFlashEEPROMECC                 
00001cac  checkPLL1Slip                       
00006eac  checkPackets                        
00001db0  checkRAMAddrParity                  
00001800  checkRAMECC                         
00001ec4  checkRAMUERRTest                    
000007bc  checkefcSelfTest                    
00000234  cpuSelfTest                         
00000dfc  cpuSelfTestFail                     
080017fa  currentStep                         
00005c28  customTrimLPO                       
00000df4  custom_dabort                       
080017b8  dataconfig1_t                       
080017bc  dataconfig2_t                       
080017c0  dataconfig3_t                       
080017c4  dataconfig4_t                       
0000a258  decToBcd                            
080017e6  dev_id                              
080017e8  dev_identification                  
080017ea  dev_type                            
000028bc  disableParity                       
0000afac  dmaGroupANotification               
00000eac  dmaParityCheck                      
00008b50  dwdClearFlag                        
00008a84  dwdCounterEnable                    
00008acc  dwdGenerateSysReset                 
00008b1c  dwdGetStatus                        
00008b60  dwdGetViolationStatus               
00008a08  dwdInit                             
00008ab0  dwdReset                            
00008a94  dwdSetPreload                       
00008a78  dwwdGetCurrentDownCounter           
00008a30  dwwdInit                            
00007614  edgeDisableNotification             
000075d8  edgeEnableNotification              
000075ac  edgeGetCounter                      
0000af84  edgeNotification                    
00007580  edgeResetCounter                    
00000660  efcCheck                            
000023bc  efcGetConfigValue                   
00000794  efcSelfTest                         
000006e8  efcStuckZeroTest                    
00002840  enableParity                        
000024d4  errata_PBIST_4                      
08001818  error                               
00008f38  esmActivateNormalOperation          
0000900c  esmClearStatus                      
0000904c  esmClearStatusBuffer                
00008f00  esmDisableError                     
00008f70  esmDisableInterrupt                 
00008ed8  esmEnableError                      
00008f48  esmEnableInterrupt                  
00009144  esmEnterSelfTest                    
00008ebc  esmError                            
0000921c  esmGetConfigValue                   
00009088  esmGetStatus                        
0000910c  esmGetStatusBuffer                  
0000ae7c  esmGroup1Notification               
0000ae8c  esmGroup2Notification               
0000afc0  esmHighInterrupt                    
00008db4  esmInit                             
000091cc  esmSelfTestStatus                   
00009068  esmSetCounterPreloadValue           
00008f98  esmSetInterruptLevel                
00008f28  esmTriggerErrorPinReset             
080017f9  failStep                            
00002034  fmcBus1ParityCheck                  
0000085c  fmcBus2Check                        
00000898  fmcECCcheck                         
080017f4  functiontodo                        
00009fec  gioDisableNotification              
00009f84  gioEnableNotification               
00009eec  gioGetBit                           
0000a054  gioGetConfigValue                   
00009f14  gioGetPort                          
00009d8c  gioInit                             
0000af34  gioNotification                     
00009e7c  gioSetBit                           
00009e5c  gioSetDirection                     
00009ecc  gioSetPort                          
00009f2c  gioToggleBit                        
080017fc  global_counter                      
0000b588  handlePLLLockFail                   
00007760  het1GetConfigValue                  
00000f58  het1ParityCheck                     
000010c0  het2ParityCheck                     
00007748  hetGetTimestamp                     
00007048  hetInit                             
0000af98  hetNotification                     
0000772c  hetResetTimestamp                   
00001004  htu1ParityCheck                     
000011bc  htu2ParityCheck                     
08001808  id                                  
00006d10  main                                
00005370  mapClocks                           
0000b29d  memcpy                              
00000174  memoryInit                          
0000ae9c  memoryPort0TestFailNotification     
0000aeb8  memoryPort1TestFailNotification     
0000b341  memset                              
0800184e  mfg_id                              
000015b0  mibspi1ParityCheck                  
000016c0  mibspi3ParityCheck                  
0000793c  muxInit                             
08001798  myinput                             
00002150  pbistFail                           
000021d4  pbistGetConfigValue                 
000005a8  pbistIsTestCompleted                
000005d4  pbistIsTestPassed                   
00000608  pbistPortTestStatus                 
000004ac  pbistRun                            
000002cc  pbistSelfCheck                      
00000578  pbistStop                           
0000531c  periphInit                          
0000b584  phantomInterrupt                    
00007d14  pinmuxGetConfigValue                
00007550  pwmDisableNotification              
00007508  pwmEnableNotification               
00007428  pwmGetSignal                        
0000af6c  pwmNotification                     
00007170  pwmSetDuty                          
000072ac  pwmSetSignal                        
00007108  pwmStart                            
0000713c  pwmStop                             
080017a8  rcvData                             
08001844  rcvId                               
00000000  resetEntry                          
0000b4c4  rtiCompare0Interrupt                
00008c10  rtiDisableNotification              
00008be8  rtiEnableNotification               
00008c2c  rtiGetConfigValue                   
0000897c  rtiGetCurrentTick                   
00008954  rtiGetPeriod                        
0000877c  rtiInit                             
00006e8c  rtiNotification                     
000088c8  rtiResetCounter                     
0000892c  rtiSetPeriod                        
00008870  rtiStartCounter                     
0000889c  rtiStopCounter                      
08001832  rx_data                             
00000020  selftestFailNotification            
0000684c  setStep                             
0000a210  set_bit                             
000052dc  setupFlash                          
00005218  setupPLL                            
00003658  spi1GetConfigValue                  
000037e8  spi2GetConfigValue                  
000039d4  spi3GetConfigValue                  
000035e0  spiDisableLoopback                  
0000362c  spiDisableNotification              
000035ac  spiEnableLoopback                   
000035fc  spiEnableNotification               
0000af5c  spiEndNotification                  
00002efc  spiGetData                          
00002a34  spiInit                             
0000af48  spiNotification                     
00002de0  spiReceiveData                      
00003354  spiSendAndGetData                   
00003120  spiSendData                         
00002dc0  spiSetFunctional                    
00003218  spiTransmitAndReceiveData           
00002ff4  spiTransmitData                     
000098cc  spiWrite                            
00009948  spiWriteRead                        
00005aec  sramGetConfigValue                  
0000231c  stcGetConfigValue                   
000001b8  stcSelfCheck                        
00000df8  stcSelfCheckFail                    
080017f0  step                                
080017f8  subStep                             
080017fb  successStep                         
00005564  systemGetConfigValue                
00005468  systemInit                          
00005534  systemPowerDown                     
00005940  tcmflashGetConfigValue              
080017c8  timeOut                             
00005268  trimLPO                             
0800183b  tx_data                             
08001810  value                               
00005dc0  vimChannelMap                       
0000602c  vimDisableInterrupt                 
00005e64  vimEnableInterrupt                  
000060d8  vimGetConfigValue                   
00005cec  vimInit                             
00000e00  vimParityCheck                      
0000a94c  vimParityErrorHandler               
00006e58  wait                                
000099dc  wordWrite                           


GLOBAL SYMBOLS: SORTED BY Symbol Address 

address   name                                
-------   ----                                
00000000  __TI_static_base__                  
00000000  resetEntry                          
00000020  selftestFailNotification            
00000030  ccmSelfCheck                        
00000174  memoryInit                          
000001b8  stcSelfCheck                        
00000234  cpuSelfTest                         
000002cc  pbistSelfCheck                      
000004ac  pbistRun                            
00000578  pbistStop                           
000005a8  pbistIsTestCompleted                
000005d4  pbistIsTestPassed                   
00000608  pbistPortTestStatus                 
00000660  efcCheck                            
000006e8  efcStuckZeroTest                    
00000794  efcSelfTest                         
000007bc  checkefcSelfTest                    
0000085c  fmcBus2Check                        
00000898  fmcECCcheck                         
00000938  checkB0RAMECC                       
00000b28  checkB1RAMECC                       
00000d18  checkFlashECC                       
00000df4  custom_dabort                       
00000df8  stcSelfCheckFail                    
00000dfc  cpuSelfTestFail                     
00000e00  vimParityCheck                      
00000eac  dmaParityCheck                      
00000f58  het1ParityCheck                     
00001004  htu1ParityCheck                     
000010c0  het2ParityCheck                     
000011bc  htu2ParityCheck                     
0000126c  adc1ParityCheck                     
00001358  adc2ParityCheck                     
00001410  can1ParityCheck                     
000014e8  can2ParityCheck                     
000015b0  mibspi1ParityCheck                  
000016c0  mibspi3ParityCheck                  
00001800  checkRAMECC                         
00001a50  checkClockMonitor                   
00001b18  checkFlashEEPROMECC                 
00001cac  checkPLL1Slip                       
00001db0  checkRAMAddrParity                  
00001ec4  checkRAMUERRTest                    
00002034  fmcBus1ParityCheck                  
00002150  pbistFail                           
000021d4  pbistGetConfigValue                 
0000231c  stcGetConfigValue                   
000023bc  efcGetConfigValue                   
00002454  ccmr4GetConfigValue                 
000024d4  errata_PBIST_4                      
00002840  enableParity                        
000028bc  disableParity                       
00002a34  spiInit                             
00002dc0  spiSetFunctional                    
00002de0  spiReceiveData                      
00002efc  spiGetData                          
00002ff4  spiTransmitData                     
00003120  spiSendData                         
00003218  spiTransmitAndReceiveData           
00003354  spiSendAndGetData                   
00003494  SpiTxStatus                         
00003520  SpiRxStatus                         
000035ac  spiEnableLoopback                   
000035e0  spiDisableLoopback                  
000035fc  spiEnableNotification               
0000362c  spiDisableNotification              
00003658  spi1GetConfigValue                  
000037e8  spi2GetConfigValue                  
000039d4  spi3GetConfigValue                  
00003c34  canInit                             
00003d74  canTransmit                         
00003e70  canGetData                          
00003fc8  canGetID                            
00004030  canUpdateID                         
000040a8  canSendRemoteFrame                  
00004148  canFillMessageObjectData            
00004244  canIsTxMessagePending               
000042a0  canIsRxMessageArrived               
000042fc  canIsMessageBoxValid                
00004358  canGetLastError                     
0000437c  canGetErrorLevel                    
000043a0  canEnableErrorNotification          
000043c0  canEnableStatusChangeNotification   
000043e0  canDisableStatusChangeNotification  
00004400  canDisableErrorNotification         
00004420  canEnableloopback                   
00004458  canDisableloopback                  
00004488  canIoSetDirection                   
000044d8  canIoSetPort                        
00004528  canIoTxGetBit                       
00004544  canIoRxGetBit                       
00004560  can1GetConfigValue                  
0000472c  adcInit                             
00004888  adcStartConversion                  
0000490c  adcStopConversion                   
00004934  adcResetFiFo                        
0000495c  adcGetData                          
00004b24  adcIsFifoFull                       
00004b54  adcIsConversionComplete             
00004b84  adcCalibration                      
00004d5c  adcMidPointCalibration              
00004ef8  adcEnableNotification               
00004f48  adcDisableNotification              
00004f70  adcSetEVTPin                        
00004f90  adcGetEVTPin                        
00004fa8  adc1GetConfigValue                  
00005218  setupPLL                            
00005268  trimLPO                             
000052dc  setupFlash                          
0000531c  periphInit                          
00005370  mapClocks                           
00005468  systemInit                          
00005534  systemPowerDown                     
00005564  systemGetConfigValue                
00005940  tcmflashGetConfigValue              
00005aec  sramGetConfigValue                  
00005c28  customTrimLPO                       
00005cec  vimInit                             
00005dc0  vimChannelMap                       
00005e64  vimEnableInterrupt                  
0000602c  vimDisableInterrupt                 
000060d8  vimGetConfigValue                   
00006740  SPIPCA2129Init                      
00006774  SST25PF040CInit                     
000067a8  HardwareInit                        
000067c0  RTIInit                             
000067e0  SPIMCPInit                          
00006818  SPIADS1018Init                      
0000684c  setStep                             
000068a4  Register2write                      
0000693c  ADS1018Adcread                      
00006ad4  PowerSwitchesTest                   
00006b6c  Left4PowerSwitchStatusGet           
00006bb0  Right4PowerSwitchStatusGet          
00006bf4  Left2PowerSwitchStatusGet           
00006c18  Right2PowerSwitchStatusGet          
00006c3c  Bottom1PowerSwitchStatusGet         
00006c50  AllPowerSwitchSTatusGet             
00006c68  MCUADCread                          
00006cd0  MCP23S18SetAllInput                 
00006d10  main                                
00006e58  wait                                
00006e8c  rtiNotification                     
00006eac  checkPackets                        
00007048  hetInit                             
00007108  pwmStart                            
0000713c  pwmStop                             
00007170  pwmSetDuty                          
000072ac  pwmSetSignal                        
00007428  pwmGetSignal                        
00007508  pwmEnableNotification               
00007550  pwmDisableNotification              
00007580  edgeResetCounter                    
000075ac  edgeGetCounter                      
000075d8  edgeEnableNotification              
00007614  edgeDisableNotification             
00007654  capGetSignal                        
0000772c  hetResetTimestamp                   
00007748  hetGetTimestamp                     
00007760  het1GetConfigValue                  
0000793c  muxInit                             
00007d14  pinmuxGetConfigValue                
00008118  _errata_SSWF021_45_both_plls        
0000830c  _errata_SSWF021_45_pll1             
00008484  _errata_SSWF021_45_pll2             
0000877c  rtiInit                             
00008870  rtiStartCounter                     
0000889c  rtiStopCounter                      
000088c8  rtiResetCounter                     
0000892c  rtiSetPeriod                        
00008954  rtiGetPeriod                        
0000897c  rtiGetCurrentTick                   
00008a08  dwdInit                             
00008a30  dwwdInit                            
00008a78  dwwdGetCurrentDownCounter           
00008a84  dwdCounterEnable                    
00008a94  dwdSetPreload                       
00008ab0  dwdReset                            
00008acc  dwdGenerateSysReset                 
00008ae8  IsdwdKeySequenceCorrect             
00008b1c  dwdGetStatus                        
00008b50  dwdClearFlag                        
00008b60  dwdGetViolationStatus               
00008be8  rtiEnableNotification               
00008c10  rtiDisableNotification              
00008c2c  rtiGetConfigValue                   
00008db4  esmInit                             
00008ebc  esmError                            
00008ed8  esmEnableError                      
00008f00  esmDisableError                     
00008f28  esmTriggerErrorPinReset             
00008f38  esmActivateNormalOperation          
00008f48  esmEnableInterrupt                  
00008f70  esmDisableInterrupt                 
00008f98  esmSetInterruptLevel                
0000900c  esmClearStatus                      
0000904c  esmClearStatusBuffer                
00009068  esmSetCounterPreloadValue           
00009088  esmGetStatus                        
0000910c  esmGetStatusBuffer                  
00009144  esmEnterSelfTest                    
000091cc  esmSelfTestStatus                   
0000921c  esmGetConfigValue                   
00009370  Read_JEDEK                          
00009430  Read_Id                             
000094d8  ReadFlashStatus                     
00009534  checkBusy                           
00009598  WriteEnable                         
00009610  WriteDisable                        
00009688  ChipErase                           
000096e4  Write                               
000097d8  Read                                
000098cc  spiWrite                            
00009948  spiWriteRead                        
000099dc  wordWrite                           
00009a3c  byteWrite                           
00009a94  PortMode                            
00009ab8  MCP_PinMode                         
00009b50  MCP_PinOutput                       
00009c18  MCP_PortpullupMode                  
00009c3c  MCP_PortinputInvert                 
00009c60  MCP_PortRead                        
00009cc4  MCP_pinRead                         
00009d2c  MCP_Init                            
00009d8c  gioInit                             
00009e5c  gioSetDirection                     
00009e7c  gioSetBit                           
00009ecc  gioSetPort                          
00009eec  gioGetBit                           
00009f14  gioGetPort                          
00009f2c  gioToggleBit                        
00009f84  gioEnableNotification               
00009fec  gioDisableNotification              
0000a054  gioGetConfigValue                   
0000a210  set_bit                             
0000a258  decToBcd                            
0000a28c  bcdToDec                            
0000a2d0  SetRegister                         
0000a338  GetRegister                         
0000a3b4  Getseconds                          
0000a3c8  Setseconds                          
0000a3ec  Getminutes                          
0000a400  Setminutes                          
0000a420  Gethours                            
0000a434  Sethours                            
0000a454  Getdays                             
0000a468  Setdays                             
0000a488  Getweekdays                         
0000a49c  Setweekdays                         
0000a4bc  Getmonths                           
0000a4d0  Setmonths                           
0000a4f0  Getyears                            
0000a504  Setyears                            
0000a524  GetDate                             
0000a584  SetDate                             
0000a600  _coreInitRegisters_                 
0000a70c  _coreInitStackPointer_              
0000a758  _getCPSRValue_                      
0000a760  _gotoCPUIdle_                       
0000a778  _coreEnableVfp_                     
0000a790  _coreEnableEventBusExport_          
0000a7a0  _coreDisableEventBusExport_         
0000a7b0  _coreEnableRamEcc_                  
0000a7c0  _coreDisableRamEcc_                 
0000a7d0  _coreEnableFlashEcc_                
0000a7e4  _coreDisableFlashEcc_               
0000a7f4  _coreEnableIrqVicOffset_            
0000a804  _coreGetDataFault_                  
0000a80c  _coreClearDataFault_                
0000a818  _coreGetInstructionFault_           
0000a820  _coreClearInstructionFault_         
0000a82c  _coreGetDataFaultAddress_           
0000a834  _coreClearDataFaultAddress_         
0000a840  _coreGetInstructionFaultAddress_    
0000a848  _coreClearInstructionFaultAddress_  
0000a854  _coreGetAuxiliaryDataFault_         
0000a85c  _coreClearAuxiliaryDataFault_       
0000a868  _coreGetAuxiliaryInstructionFault_  
0000a870  _coreClearAuxiliaryInstructionFault_
0000a87c  _disable_interrupt_                 
0000a884  _disable_FIQ_interrupt_             
0000a88c  _disable_IRQ_interrupt_             
0000a894  _enable_interrupt_                  
0000a89c  _esmCcmErrorsClear_                 
0000a924  _errata_CORTEXR4_57_                
0000a934  _errata_CORTEXR4_66_                
0000a944  __TI_PINIT_Base                     
0000a948  __TI_PINIT_Limit                    
0000a94c  vimParityErrorHandler               
0000ac18  _c_int00                            
0000ae7c  esmGroup1Notification               
0000ae8c  esmGroup2Notification               
0000ae9c  memoryPort0TestFailNotification     
0000aeb8  memoryPort1TestFailNotification     
0000aee4  adcNotification                     
0000aef8  canErrorNotification                
0000af0c  canStatusChangeNotification         
0000af20  canMessageNotification              
0000af34  gioNotification                     
0000af48  spiNotification                     
0000af5c  spiEndNotification                  
0000af6c  pwmNotification                     
0000af84  edgeNotification                    
0000af98  hetNotification                     
0000afac  dmaGroupANotification               
0000afc0  esmHighInterrupt                    
0000b0d4  _dabort                             
0000b1bc  _pmuInit_                           
0000b208  _pmuEnableCountersGlobal_           
0000b218  _pmuDisableCountersGlobal_          
0000b228  _pmuResetCycleCounter_              
0000b238  _pmuResetEventCounters_             
0000b248  _pmuResetCounters_                  
0000b258  _pmuStartCounters_                  
0000b260  _pmuStopCounters_                   
0000b268  _pmuSetCountEvent_                  
0000b274  _pmuGetCycleCount_                  
0000b27c  _pmuGetEventCount_                  
0000b288  _pmuGetOverflow_                    
0000b29d  __aeabi_memcpy                      
0000b29d  __aeabi_memcpy4                     
0000b29d  __aeabi_memcpy8                     
0000b29d  memcpy                              
0000b339  __aeabi_memclr                      
0000b339  __aeabi_memclr4                     
0000b339  __aeabi_memclr8                     
0000b33b  __aeabi_memset                      
0000b33b  __aeabi_memset4                     
0000b33b  __aeabi_memset8                     
0000b341  memset                              
0000b3b3  __TI_decompress_lzss                
0000b41f  __aeabi_idiv0                       
0000b41f  __aeabi_ldiv0                       
0000b420  __aeabi_idiv                        
0000b420  __aeabi_idivmod                     
0000b474  __aeabi_uidiv                       
0000b474  __aeabi_uidivmod                    
0000b4c4  rtiCompare0Interrupt                
0000b511  __TI_auto_init_nobinit_nopinit      
0000b555  __TI_zero_init_nomemset             
0000b571  __TI_decompress_none                
0000b57f  C$$EXIT                             
0000b57f  abort                               
0000b584  phantomInterrupt                    
0000b588  handlePLLLockFail                   
0000bbc8  __TI_Handler_Table_Base             
0000bbd4  __TI_Handler_Table_Limit            
0000bbe0  __TI_CINIT_Base                     
0000bbf0  __TI_CINIT_Limit                    
08001500  RX_DATA                             
080015c8  TX_DATA                             
08001690  adc_data                            
08001798  myinput                             
080017a8  rcvData                             
080017b0  Dateinfo                            
080017b4  beginTime                           
080017b8  dataconfig1_t                       
080017bc  dataconfig2_t                       
080017c0  dataconfig3_t                       
080017c4  dataconfig4_t                       
080017c8  timeOut                             
080017cc  VN5T006ASPTRE_BOTTOM_CS1_VAL        
080017ce  VNQ5050KTRE_LEFT_1CS1_VAL           
080017d0  VNQ5050KTRE_LEFT_1CS2_VAL           
080017d2  VNQ5050KTRE_LEFT_1STAT1_VAL         
080017d4  VNQ5050KTRE_LEFT_1STAT2_VAL         
080017d6  VNQ5050KTRE_LEFT_1STAT3_VAL         
080017d8  VNQ5050KTRE_LEFT_1STAT4_VAL         
080017da  VNQ5050KTRE_RIGHT_2CS1_VAL          
080017dc  VNQ5050KTRE_RIGHT_2CS2_VAL          
080017de  VNQ5050KTRE_RIGHT_2STAT1_VAL        
080017e0  VNQ5050KTRE_RIGHT_2STAT2_VAL        
080017e2  VNQ5050KTRE_RIGHT_2STAT3_VAL        
080017e4  VNQ5050KTRE_RIGHT_2STAT4_VAL        
080017e6  dev_id                              
080017e8  dev_identification                  
080017ea  dev_type                            
080017f0  step                                
080017f4  functiontodo                        
080017f8  subStep                             
080017f9  failStep                            
080017fa  currentStep                         
080017fb  successStep                         
080017fc  global_counter                      
08001800  ch_count                            
08001808  id                                  
08001810  value                               
08001818  error                               
0800181c  adress_value                        
08001820  _modeCache                          
08001824  _outputCache                        
08001828  _pullupCache                        
0800182c  _invertCache                        
08001830  CS_PIN                              
08001831  SPI_PORT_NUMBER                     
08001832  rx_data                             
0800183b  tx_data                             
08001844  rcvId                               
0800184c  busyMask                            
0800184e  mfg_id                              
ffffffff  __TI_pprof_out_hndl                 
ffffffff  __TI_prof_data_size                 
ffffffff  __TI_prof_data_start                
ffffffff  __binit__                           
ffffffff  __c_args__                          
ffffffff  binit                               
UNDEFED   SHT$$INIT_ARRAY$$Base               
UNDEFED   SHT$$INIT_ARRAY$$Limit              
UNDEFED   _system_post_cinit                  

[409 symbols]
