******************************************************************************
                  TI ARM Linker PC v18.12.4                    
******************************************************************************
>> Linked Wed Apr 14 11:36:31 2021

OUTPUT FILE NAME:   <Lowbadtest.out>
ENTRY POINT SYMBOL: "_c_int00"  address: 00016f38


MEMORY CONFIGURATION

         name            origin    length      used     unused   attr    fill
----------------------  --------  ---------  --------  --------  ----  --------
  VECTORS               00000000   00000020  00000020  00000000     X
  FLASH0                00000020   000bffe0  0001bd5c  000a4284  R  X
  STACKS                08000000   00001500  00000000  00001500  RW  
  RAM                   08001500   0001eb00  000010e8  0001da18  RW  


SEGMENT ALLOCATION MAP

run origin  load origin   length   init length attrs members
----------  ----------- ---------- ----------- ----- -------
00000000    00000000    0001bd80   0001bd80    r-x
  00000000    00000000    00000020   00000020    r-x .intvecs
  00000020    00000020    00019968   00019968    r-x .text
  00019988    00019988    00001910   00001910    r-x FEE_TEXT_SECTION
  0001b298    0001b298    0000086c   0000086c    r-- .const
  0001bb04    0001bb04    000001c0   000001c0    r-- FEE_CONST_SECTION
  0001bcc8    0001bcc8    000000b8   000000b8    r-- .cinit
08001500    08001500    000010ed   00000000    rw-
  08001500    08001500    00000800   00000000    rw- .sysmem
  08001d00    08001d00    000004e3   00000000    rw- .bss
  080021e8    080021e8    000002d4   00000000    rw- .data
  080024bc    080024bc    00000131   00000000    rw- FEE_DATA_SECTION


SECTION ALLOCATION MAP

 output                                  attributes/
section   page    origin      length       input sections
--------  ----  ----------  ----------   ----------------
.intvecs   0    00000000    00000020     
                  00000000    00000020     sys_intvecs.obj (.intvecs)

.text      0    00000020    00019968     
                  00000020    000057d0     ti_fee_util.obj (.text)
                  000057f0    000037b0     sys_main.obj (.text)
                  00008fa0    00002a14     sys_selftest.obj (.text)
                  0000b9b4    00001768     ti_fee_ini.obj (.text)
                  0000d11c    00001200     spi.obj (.text)
                  0000e31c    000010e0     ti_fee_main.obj (.text)
                  0000f3fc    00000af8     can.obj (.text)
                  0000fef4    00000aec     adc.obj (.text)
                  000109e0    00000ad4     system.obj (.text)
                  000114b4    00000a54     sys_vim.obj (.text)
                  00011f08    00000a4a     rtsv7R4_T_be_v3D16_eabi.lib : _printfi.c.obj (.text:__TI_printfi)
                  00012952    00000002                                 : _lock.c.obj (.text:_nop)
                  00012954    000008f4     het.obj (.text)
                  00013248    000007dc     pinmux.obj (.text)
                  00013a24    00000664     errata_SSWF021_45.obj (.text)
                  00014088    0000063c     rti.obj (.text)
                  000146c4    00000604     rtsv7R4_T_be_v3D16_eabi.lib : k_rem_pio2.c.obj (.text:__kernel_rem_pio2)
                  00014cc8    000005bc     esm.obj (.text)
                  00015284    000004c0     MCP23S17.obj (.text)
                  00015744    00000484     gio.obj (.text)
                  00015bc8    000003f0     PCA2129.obj (.text)
                  00015fb8    000003f0     rtsv7R4_T_be_v3D16_eabi.lib : s_sin.c.obj (.text:sin)
                  000163a8    0000034c     sys_core.obj (.text)
                  000166f4    000002cc     sys_vim.obj (.text:retain)
                  000169c0    000002c0     ADS1018.obj (.text)
                  00016c80    000002b8     rtsv7R4_T_be_v3D16_eabi.lib : ull_div32.asm.obj (.text)
                  00016f38    00000264     sys_startup.obj (.text:retain)
                  0001719c    00000260     F021_API_CortexR4_BE_V3D16.lib : FlashStateMachine.InitializeFlashBanks.obj (.text:Fapi_initializeFlashBanks)
                  000173fc    00000248     rtsv7R4_T_be_v3D16_eabi.lib : _printfi.c.obj (.text:_pconv_a)
                  00017644    000001a0                                 : _printfi.c.obj (.text:_pconv_g)
                  000177e4    0000017c     F021_API_CortexR4_BE_V3D16.lib : FlashStateMachine.SetActiveBank.obj (.text:Fapi_setActiveFlashBank)
                  00017960    00000144     notification.obj (.text)
                  00017aa4    00000118     rtsv7R4_T_be_v3D16_eabi.lib : fputs.c.obj (.text:fputs)
                  00017bbc    00000114                                 : memory.c.obj (.text:aligned_alloc)
                  00017cd0    00000114     esm.obj (.text:retain)
                  00017de4    00000104     rtsv7R4_T_be_v3D16_eabi.lib : _printfi.c.obj (.text:_pconv_e)
                  00017ee8    000000fc                                 : _printfi.c.obj (.text:fcvt)
                  00017fe4    000000f0                                 : s_scalbn.c.obj (.text:scalbn)
                  000180d4    000000e8     dabort.obj (.text)
                  000181bc    000000e4     rtsv7R4_T_be_v3D16_eabi.lib : memory.c.obj (.text:free)
                  000182a0    000000e0                                 : s_floor.c.obj (.text:floor)
                  00018380    000000e0     sys_pmu.obj (.text)
                  00018460    000000dc     rtsv7R4_T_be_v3D16_eabi.lib : setvbuf.c.obj (.text:setvbuf)
                  0001853c    000000b4                                 : k_cos.c.obj (.text:__kernel_cos)
                  000185f0    000000ad                                 : _printfi.c.obj (.text:_ltostr)
                  0001869d    00000001     --HOLE-- [fill = 0]
                  0001869e    00000002                                 : div0.asm.obj (.text)
                  000186a0    000000a8                                 : k_sin.c.obj (.text:__kernel_sin)
                  00018748    0000009c                                 : memcpy_t2.asm.obj (.text)
                  000187e4    00000094     F021_API_CortexR4_BE_V3D16.lib : BlankCheck.obj (.text:Fapi_doBlankCheck)
                  00018878    00000094     rti.obj (.text:retain)
                  0001890c    00000090     rtsv7R4_T_be_v3D16_eabi.lib : fputc.c.obj (.text:fputc)
                  0001899c    00000080     F021_API_CortexR4_BE_V3D16.lib : FlashStateMachine.EnableEepromSectors.obj (.text:Fapi_enableEepromBankSectors)
                  00018a1c    0000007a     rtsv7R4_T_be_v3D16_eabi.lib : _printfi.c.obj (.text:_mcpy)
                  00018a96    0000007a                                 : memset_t2.asm.obj (.text)
                  00018b10    00000074                                 : fclose.c.obj (.text:__TI_closefile)
                  00018b84    00000074                                 : s_frexp.c.obj (.text:frexp)
                  00018bf8    00000070                                 : memory.c.obj (.text:split)
                  00018c68    0000006c                                 : hostrename.c.obj (.text:HOSTrename)
                  00018cd4    0000006c                                 : copy_decompress_lzss.c.obj (.text:decompress:lzss:__TI_decompress_lzss)
                  00018d40    00000068                                 : hostlseek.c.obj (.text:HOSTlseek)
                  00018da8    00000068                                 : printf.c.obj (.text:printf)
                  00018e10    00000064                                 : _io_perm.c.obj (.text:__TI_wrt_ok)
                  00018e74    00000064                                 : fseek.c.obj (.text:fseek)
                  00018ed8    0000005e     F021_API_CortexR4_BE_V3D16.lib : Read.LoopDword.obj (.text:_Fapi_loopRegionForValue)
                  00018f36    00000002     --HOLE-- [fill = 0]
                  00018f38    0000005c     rtsv7R4_T_be_v3D16_eabi.lib : hostopen.c.obj (.text:HOSTopen)
                  00018f94    0000005c                                 : hostread.c.obj (.text:HOSTread)
                  00018ff0    00000058                                 : hostwrite.c.obj (.text:HOSTwrite)
                  00019048    00000058                                 : close.c.obj (.text:close)
                  000190a0    00000054                                 : _printfi.c.obj (.text:_ecpy)
                  000190f4    00000054                                 : ltoa.c.obj (.text:ltoa)
                  00019148    00000054                                 : i_div32.asm.obj (.text)
                  0001919c    00000050     F021_API_CortexR4_BE_V3D16.lib : FlashStateMachine.Hercules.IsEccAddress.obj (.text:Fapi_isAddressEcc)
                  000191ec    00000050     rtsv7R4_T_be_v3D16_eabi.lib : _printfi.c.obj (.text:_pconv_f)
                  0001923c    00000050                                 : atoi.c.obj (.text:atoi)
                  0001928c    00000050                                 : u_div32.asm.obj (.text)
                  000192dc    0000004c                                 : fflush.c.obj (.text:__TI_doflush)
                  00019328    00000044                                 : hostclose.c.obj (.text:HOSTclose)
                  0001936c    00000044                                 : hostunlink.c.obj (.text:HOSTunlink)
                  000193b0    00000044     F021_API_CortexR4_BE_V3D16.lib : FlashStateMachine.EnableEepromSectors.obj (.text:_Fapi_EnableSectors)
                  000193f4    00000044     rtsv7R4_T_be_v3D16_eabi.lib : autoinit.c.obj (.text:__TI_auto_init_nobinit_nopinit:__TI_auto_init_nobinit_nopinit)
                  00019438    00000044                                 : exit.c.obj (.text:exit)
                  0001947c    00000044                                 : getdevice.c.obj (.text:getdevice)
                  000194c0    00000040                                 : _printfi.c.obj (.text:_fcpy)
                  00019500    0000003c     F021_API_CortexR4_BE_V3D16.lib : FlashStateMachine.IssueFsmCommand.obj (.text:_Fapi_issueFsmCommand)
                  0001953c    0000003c     rtsv7R4_T_be_v3D16_eabi.lib : trgmsg.c.obj (.text:__TI_writemsg)
                  00019578    00000036     F021_API_CortexR4_BE_V3D16.lib : Utilities.CalculateFletcher.obj (.text:Fapi_calculateFletcherChecksum)
                  000195ae    00000036     rtsv7R4_T_be_v3D16_eabi.lib : strncpy.c.obj (.text:strncpy)
                  000195e4    00000034                                 : fopen.c.obj (.text:__TI_cleanup)
                  00019618    00000034                                 : trgmsg.c.obj (.text:__TI_readmsg)
                  0001964c    00000034                                 : getdevice.c.obj (.text:finddevice)
                  00019680    00000030     F021_API_CortexR4_BE_V3D16.lib : Async.WithAddress.obj (.text:Fapi_issueAsyncCommandWithAddress)
                  000196b0    00000030                                    : Utilities.WaitDelay.obj (.text:Fapi_waitDelay)
                  000196e0    0000002c                                    : Read.Common.obj (.text:_Fapi_readDword)
                  0001970c    0000002c     rtsv7R4_T_be_v3D16_eabi.lib : unlink.c.obj (.text:unlink)
                  00019738    0000002a     F021_API_CortexR4_BE_V3D16.lib : Async.obj (.text:Fapi_issueAsyncCommand)
                  00019762    00000002     --HOLE-- [fill = 0]
                  00019764    00000028     rtsv7R4_T_be_v3D16_eabi.lib : memory.c.obj (.text:free_list_insert)
                  0001978c    00000028                                 : lseek.c.obj (.text:lseek)
                  000197b4    00000028                                 : write.c.obj (.text:write)
                  000197dc    00000022     F021_API_CortexR4_BE_V3D16.lib : Read.FlushPipeline.obj (.text:Fapi_flushPipeline)
                  000197fe    00000020     rtsv7R4_T_be_v3D16_eabi.lib : memchr.c.obj (.text:memchr)
                  0001981e    0000001e                                 : s_copysign.c.obj (.text:copysign)
                  0001983c    0000001c     F021_API_CortexR4_BE_V3D16.lib : FlashStateMachine.InitializeFlashBanks.obj (.text:_Fapi_divideUnsignedLong)
                  00019858    0000001c     rtsv7R4_T_be_v3D16_eabi.lib : memory.c.obj (.text:free_list_remove)
                  00019874    0000001c                                 : memccpy.c.obj (.text:memccpy)
                  00019890    00000018                                 : strcmp.c.obj (.text:strcmp)
                  000198a8    00000016                                 : strchr.c.obj (.text:strchr)
                  000198be    00000016                                 : strlen.c.obj (.text:strlen)
                  000198d4    00000014                                 : strcpy.c.obj (.text:strcpy)
                  000198e8    00000012                                 : wcslen.c.obj (.text:wcslen)
                  000198fa    00000002     --HOLE-- [fill = 0]
                  000198fc    00000010     F021_API_CortexR4_BE_V3D16.lib : Utilities.GetNumberOfSectors.obj (.text:Fapi_getNumberOfBankSectors)
                  0001990c    00000010                                    : FlashStateMachine.ScaleFclk.obj (.text:_scaleEEFclk)
                  0001991c    00000010                                    : FlashStateMachine.ScaleFclk.obj (.text:_scaleMainFclk)
                  0001992c    0000000e     rtsv7R4_T_be_v3D16_eabi.lib : copy_decompress_none.c.obj (.text:decompress:none:__TI_decompress_none)
                  0001993a    0000000c     F021_API_CortexR4_BE_V3D16.lib : Read.WdService.obj (.text:_Fapi_checkWdService)
                  00019946    0000000c     rtsv7R4_T_be_v3D16_eabi.lib : copy_zero_init.c.obj (.text:decompress:ZI:__TI_zero_init)
                  00019952    00000002     --HOLE-- [fill = 0]
                  00019954    00000008     Fapi_UserDefinedFunctions.obj (.text)
                  0001995c    00000008     rtsv7R4_T_be_v3D16_eabi.lib : errno.c.obj (.text:__aeabi_errno_addr)
                  00019964    00000008                                 : memory.c.obj (.text:malloc)
                  0001996c    00000004                                 : printf.c.obj (.text:_outc)
                  00019970    00000004                                 : printf.c.obj (.text:_outs)
                  00019974    00000004                                 : exit.c.obj (.text:abort:abort)
                  00019978    00000004     sys_phantom.obj (.text:retain)
                  0001997c    00000004     sys_startup.obj (.text)
                  00019980    00000008     Fapi_UserDefinedFunctions.obj (.tramp.Fapi_serviceWatchdogTimer.1)

FEE_TEXT_SECTION 
*          0    00019988    00001910     
                  00019988    00000cb8     ti_fee_writeAsync.obj (FEE_TEXT_SECTION)
                  0001a640    000007a8     ti_fee_read.obj (FEE_TEXT_SECTION)
                  0001ade8    000004b0     ti_fee_format.obj (FEE_TEXT_SECTION)

.const     0    0001b298    0000086c     
                  0001b298    000003a0     het.obj (.const:het1PROGRAM)
                  0001b638    00000200     sys_vim.obj (.const:s_vim_init)
                  0001b838    00000158     rtsv7R4_T_be_v3D16_eabi.lib : k_rem_pio2.c.obj (.const:$O1$$)
                  0001b990    00000101                                 : ctype.c.obj (.const:.string:_ctypes_)
                  0001ba91    00000003     --HOLE-- [fill = 0]
                  0001ba94    00000020     can.obj (.const:s_canByteOrder)
                  0001bab4    00000020     het.obj (.const:s_het1pwmPolarity)
                  0001bad4    00000018     adc.obj (.const:s_adcFiFoSize)
                  0001baec    00000018     adc.obj (.const:s_adcSelect)

FEE_CONST_SECTION 
*          0    0001bb04    000001c0     
                  0001bb04    000001a4     Device_TMS570LS07.obj (FEE_CONST_SECTION)
                  0001bca8    0000001c     ti_fee_cfg.obj (FEE_CONST_SECTION)

.cinit     0    0001bcc8    000000b8     
                  0001bcc8    00000080     (.cinit..data.load) [load image, compression = lzss]
                  0001bd48    0000000c     (__TI_handler_table)
                  0001bd54    00000009     (.cinit.FEE_DATA_SECTION.load) [load image, compression = lzss]
                  0001bd5d    00000003     --HOLE-- [fill = 0]
                  0001bd60    00000008     (.cinit..bss.load) [load image, compression = zero_init]
                  0001bd68    00000018     (__TI_cinit_table)

.sysmem    0    08001500    00000800     UNINITIALIZED
                  08001500    00000010     rtsv7R4_T_be_v3D16_eabi.lib : memory.c.obj (.sysmem)
                  08001510    000007f0     --HOLE--

.bss       0    08001d00    000004e3     UNINITIALIZED
                  08001d00    00000120     rtsv7R4_T_be_v3D16_eabi.lib : trgmsg.c.obj (.bss:_CIOBUF_)
                  08001e20    000000c8     (.common:RX_DATA)
                  08001ee8    000000a0     (.common:__TI_tmpnams)
                  08001f88    00000080     (.common:adc_data)
                  08002008    00000078     spi.obj (.bss:g_spiPacket_t)
                  08002080    00000010     PCA2129.obj (.bss:Date$1)
                  08002090    00000010     (.common:ADS1018Data)
                  080020a0    00000010     (.common:SpecialRamBlock)
                  080020b0    00000008     (.common:AutomaticAligmentDone)
                  080020b8    00000008     (.common:BackSensorInoperative)
                  080020c0    00000008     (.common:CalibrationCancel)
                  080020c8    00000008     (.common:CalibrationFailure)
                  080020d0    00000008     (.common:CalibrationFinalSettings)
                  080020d8    00000008     (.common:CalibrationFirstTemprorySettings)
                  080020e0    00000008     (.common:CalibrationSecondTemprorySettings)
                  080020e8    00000008     (.common:Calibrationbegin)
                  080020f0    00000008     (.common:EmergencyStopActive)
                  080020f8    00000008     (.common:FifthWheelAnglePositioneLeft)
                  08002100    00000008     (.common:FifthWheelAnglePositioneRight)
                  08002108    00000008     (.common:FrontSensorInoperative)
                  08002110    00000008     (.common:ISSSingalActive)
                  08002118    00000008     (.common:ModeSelectDelay)
                  08002120    00000008     (.common:VehicleInRoute)
                  08002128    00000008     (.common:can_tx_data)
                  08002130    00000008     (.common:parmbuf)
                  08002138    00000004     (.common:AutoHizalamaBitti)
                  0800213c    00000004     (.common:BlockNumber)
                  08002140    00000004     (.common:BlockOffset)
                  08002144    00000004     (.common:CaliberAcilStopLed)
                  08002148    00000004     (.common:CaliberBirinciKayitLed)
                  0800214c    00000004     (.common:CaliberBozuk)
                  08002150    00000004     (.common:CaliberKesinKayitLed)
                  08002154    00000004     (.common:CaliberStartLed)
                  08002158    00000004     (.common:CaliberStopLed)
                  0800215c    00000004     (.common:CaliberikinciKayitLed)
                  08002160    00000004     (.common:CamelneckHomeTemporary)
                  08002164    00000004     (.common:CamelneckLeftAngleTemporary)
                  08002168    00000004     (.common:CamelneckNumberTemporary)
                  0800216c    00000004     (.common:CamelneckRightAngleTemporary)
                  08002170    00000004     (.common:FifthWheelHomeTemporary)
                  08002174    00000004     (.common:FifthWheelLeftAngleTemporary)
                  08002178    00000004     (.common:FifthWheelNumberTemporary)
                  0800217c    00000004     (.common:FifthWheelRightAngleTemporary)
                  08002180    00000004     (.common:Fullautomaticled)
                  08002184    00000004     (.common:Length)
                  08002188    00000004     (.common:Semiautomaticled)
                  0800218c    00000004     (.common:TekerlekDuzLed)
                  08002190    00000004     (.common:TekerlekSagLed)
                  08002194    00000004     (.common:TekerlekSolLed)
                  08002198    00000004     (.common:beginTime)
                  0800219c    00000004     (.common:dataconfig1_t)
                  080021a0    00000004     (.common:dataconfig2_t)
                  080021a4    00000004     (.common:dataconfig3_t)
                  080021a8    00000004     (.common:dataconfig4_t)
                  080021ac    00000004     (.common:mode)
                  080021b0    00000004     (.common:timeOut)
                  080021b4    00000002     (.common:AciSonuc)
                  080021b6    00000002     (.common:Amount)
                  080021b8    00000002     (.common:AttractiveLeftSensorAndCamelNeck)
                  080021ba    00000002     (.common:Average)
                  080021bc    00000002     (.common:DegerSonuc)
                  080021be    00000002     (.common:Status)
                  080021c0    00000002     (.common:VN5T006ASPTRE_BOTTOM_CS1_VAL)
                  080021c2    00000002     (.common:VNQ5050KTRE_LEFT_1CS1_VAL)
                  080021c4    00000002     (.common:VNQ5050KTRE_LEFT_1CS2_VAL)
                  080021c6    00000002     (.common:VNQ5050KTRE_LEFT_1STAT1_VAL)
                  080021c8    00000002     (.common:VNQ5050KTRE_LEFT_1STAT2_VAL)
                  080021ca    00000002     (.common:VNQ5050KTRE_LEFT_1STAT3_VAL)
                  080021cc    00000002     (.common:VNQ5050KTRE_LEFT_1STAT4_VAL)
                  080021ce    00000002     (.common:VNQ5050KTRE_RIGHT_2CS1_VAL)
                  080021d0    00000002     (.common:VNQ5050KTRE_RIGHT_2CS2_VAL)
                  080021d2    00000002     (.common:VNQ5050KTRE_RIGHT_2STAT1_VAL)
                  080021d4    00000002     (.common:VNQ5050KTRE_RIGHT_2STAT2_VAL)
                  080021d6    00000002     (.common:VNQ5050KTRE_RIGHT_2STAT3_VAL)
                  080021d8    00000002     (.common:VNQ5050KTRE_RIGHT_2STAT4_VAL)
                  080021da    00000002     (.common:adc_samplecounter)
                  080021dc    00000002     (.common:canSensorData)
                  080021de    00000002     (.common:global_counter)
                  080021e0    00000001     (.common:aligment_buf)
                  080021e1    00000001     (.common:sensorLeft)
                  080021e2    00000001     (.common:sensorRight)

.data      0    080021e8    000002d4     UNINITIALIZED
                  080021e8    000000f0     rtsv7R4_T_be_v3D16_eabi.lib : defs.c.obj (.data:_ftable)
                  080022d8    00000078                                 : host_device.c.obj (.data:_device)
                  08002350    00000064     sys_main.obj (.data:read_data)
                  080023b4    00000050     rtsv7R4_T_be_v3D16_eabi.lib : host_device.c.obj (.data:_stream)
                  08002404    00000004                                 : errno.c.obj (.data)
                  08002408    0000004f     sys_main.obj (.data)
                  08002457    00000001     F021_API_CortexR4_BE_V3D16.lib : FlashStateMachine.SetActiveBank.obj (.data)
                  08002458    00000012     MCP23S17.obj (.data)
                  0800246a    00000002     --HOLE--
                  0800246c    00000010     rtsv7R4_T_be_v3D16_eabi.lib : defs.c.obj (.data)
                  0800247c    0000000c                                 : exit.c.obj (.data:$O1$$)
                  08002488    0000000c     ADS1018.obj (.data)
                  08002494    00000008     rtsv7R4_T_be_v3D16_eabi.lib : _lock.c.obj (.data:$O1$$)
                  0800249c    00000008                                 : memory.c.obj (.data:$O1$$)
                  080024a4    00000008     F021_API_CortexR4_BE_V3D16.lib : FlashStateMachine.ScaleFclk.obj (.data)
                  080024ac    00000008     sys_main.obj (.data:can_rx_data)
                  080024b4    00000008     ADS1018.obj (.data:rcvId)

FEE_DATA_SECTION 
*          0    080024bc    00000131     UNINITIALIZED
                  080024bc    000000f5     ti_fee_ini.obj (FEE_DATA_SECTION)
                  080025b1    00000001     ti_fee_main.obj (FEE_DATA_SECTION)
                  080025b2    00000002     --HOLE--
                  080025b4    0000002e     ti_fee_util.obj (FEE_DATA_SECTION:uninit)
                  080025e2    00000002     --HOLE--
                  080025e4    00000009     ti_fee_util.obj (FEE_DATA_SECTION:init)

MODULE SUMMARY

       Module                                        code     ro data   rw data
       ------                                        ----     -------   -------
    .\source\
       ti_fee_util.obj                               22480    0         55     
       sys_main.obj                                  14256    0         604    
       sys_selftest.obj                              10772    0         0      
       ti_fee_ini.obj                                5992     0         245    
       spi.obj                                       4608     0         120    
       ti_fee_main.obj                               4320     0         1      
       sys_vim.obj                                   3360     512       0      
       ti_fee_writeAsync.obj                         3256     0         0      
       het.obj                                       2292     960       0      
       adc.obj                                       2796     48        0      
       can.obj                                       2808     32        0      
       system.obj                                    2772     0         0      
       pinmux.obj                                    2012     0         0      
       ti_fee_read.obj                               1960     0         0      
       esm.obj                                       1744     0         0      
       rti.obj                                       1744     0         0      
       errata_SSWF021_45.obj                         1636     0         0      
       MCP23S17.obj                                  1216     0         22     
       PCA2129.obj                                   1008     0         220    
       ti_fee_format.obj                             1200     0         0      
       gio.obj                                       1156     0         0      
       sys_core.obj                                  844      0         0      
       ADS1018.obj                                   704      0         50     
       sys_startup.obj                               616      0         0      
       Device_TMS570LS07.obj                         0        420       0      
       notification.obj                              324      0         0      
       dabort.obj                                    232      0         0      
       sys_pmu.obj                                   224      0         0      
       sys_intvecs.obj                               32       0         0      
       ti_fee_cfg.obj                                0        28        0      
       Fapi_UserDefinedFunctions.obj                 16       0         0      
       SST25PF040C.obj                               0        0         4      
       sys_phantom.obj                               4        0         0      
    +--+---------------------------------------------+--------+---------+---------+
       Total:                                        96384    2000      1321   
                                                                               
    C:/ti/Hercules/F021 Flash API/02.01.01/F021_API_CortexR4_BE_V3D16.lib
       FlashStateMachine.InitializeFlashBanks.obj    636      0         0      
       FlashStateMachine.SetActiveBank.obj           380      0         1      
       FlashStateMachine.EnableEepromSectors.obj     196      0         0      
       BlankCheck.obj                                148      0         0      
       Read.LoopDword.obj                            94       0         0      
       FlashStateMachine.Hercules.IsEccAddress.obj   80       0         0      
       FlashStateMachine.IssueFsmCommand.obj         60       0         0      
       Utilities.CalculateFletcher.obj               54       0         0      
       Async.WithAddress.obj                         48       0         0      
       Utilities.WaitDelay.obj                       48       0         0      
       Read.Common.obj                               44       0         0      
       Async.obj                                     42       0         0      
       FlashStateMachine.ScaleFclk.obj               32       0         8      
       Read.FlushPipeline.obj                        34       0         0      
       Utilities.GetNumberOfSectors.obj              16       0         0      
       Read.WdService.obj                            12       0         0      
    +--+---------------------------------------------+--------+---------+---------+
       Total:                                        1924     0         9      
                                                                               
    C:/ti/ccs930/ccs/tools/compiler/ti-cgt-arm_18.12.4.LTS/lib/rtsv7R4_T_be_v3D16_eabi.lib
       _printfi.c.obj                                4669     0         0      
       k_rem_pio2.c.obj                              1540     344       0      
       s_sin.c.obj                                   1008     0         0      
       memory.c.obj                                  692      0         8      
       ull_div32.asm.obj                             696      0         0      
       defs.c.obj                                    0        0         416    
       trgmsg.c.obj                                  112      0         288    
       fputs.c.obj                                   280      0         0      
       ctype.c.obj                                   0        257       0      
       s_scalbn.c.obj                                240      0         0      
       s_floor.c.obj                                 224      0         0      
       setvbuf.c.obj                                 220      0         0      
       host_device.c.obj                             0        0         200    
       k_cos.c.obj                                   180      0         0      
       k_sin.c.obj                                   168      0         0      
       memcpy_t2.asm.obj                             156      0         0      
       fputc.c.obj                                   144      0         0      
       memset_t2.asm.obj                             122      0         0      
       getdevice.c.obj                               120      0         0      
       fclose.c.obj                                  116      0         0      
       s_frexp.c.obj                                 116      0         0      
       printf.c.obj                                  112      0         0      
       copy_decompress_lzss.c.obj                    108      0         0      
       hostrename.c.obj                              108      0         0      
       hostlseek.c.obj                               104      0         0      
       _io_perm.c.obj                                100      0         0      
       fseek.c.obj                                   100      0         0      
       hostopen.c.obj                                92       0         8      
       hostread.c.obj                                92       0         0      
       close.c.obj                                   88       0         0      
       hostwrite.c.obj                               88       0         0      
       exit.c.obj                                    72       0         12     
       i_div32.asm.obj                               84       0         0      
       ltoa.c.obj                                    84       0         0      
       atoi.c.obj                                    80       0         0      
       u_div32.asm.obj                               80       0         0      
       fflush.c.obj                                  76       0         0      
       autoinit.c.obj                                68       0         0      
       hostclose.c.obj                               68       0         0      
       hostunlink.c.obj                              68       0         0      
       strncpy.c.obj                                 54       0         0      
       fopen.c.obj                                   52       0         0      
       unlink.c.obj                                  44       0         0      
       lseek.c.obj                                   40       0         0      
       write.c.obj                                   40       0         0      
       memchr.c.obj                                  32       0         0      
       s_copysign.c.obj                              30       0         0      
       memccpy.c.obj                                 28       0         0      
       strcmp.c.obj                                  24       0         0      
       strchr.c.obj                                  22       0         0      
       strlen.c.obj                                  22       0         0      
       strcpy.c.obj                                  20       0         0      
       wcslen.c.obj                                  18       0         0      
       copy_decompress_none.c.obj                    14       0         0      
       copy_zero_init.c.obj                          12       0         0      
       errno.c.obj                                   8        0         4      
       _lock.c.obj                                   2        0         8      
       div0.asm.obj                                  2        0         0      
    +--+---------------------------------------------+--------+---------+---------+
       Total:                                        12939    601       944    
                                                                               
       Heap:                                         0        0         2048   
       Linker Generated:                             0        181       0      
    +--+---------------------------------------------+--------+---------+---------+
       Grand Total:                                  111247   2782      4322   


LINKER GENERATED COPY TABLES

__TI_cinit_table @ 0001bd68 records: 3, size/record: 8, table size: 24
	.data: load addr=0001bcc8, load size=00000080 bytes, run addr=080021e8, run size=000002d4 bytes, compression=lzss
	FEE_DATA_SECTION: load addr=0001bd54, load size=00000009 bytes, run addr=080024bc, run size=00000131 bytes, compression=lzss
	.bss: load addr=0001bd60, load size=00000008 bytes, run addr=08001d00, run size=000004e3 bytes, compression=zero_init


LINKER GENERATED HANDLER TABLE

__TI_handler_table @ 0001bd48 records: 3, size/record: 4, table size: 12
	index: 0, handler: __TI_zero_init
	index: 1, handler: __TI_decompress_lzss
	index: 2, handler: __TI_decompress_none

VENEERS

callee name               veneer name
   callee addr  veneer addr  call addr  call info
--------------  -----------  ---------  ----------------
Fapi_serviceWatchdogTimer  $Ven$TA$L$PI$$Fapi_serviceWatchdogTimer
   00019954     00019980     00019940   F021_API_CortexR4_BE_V3D16.lib : Read.WdService.obj (.text:_Fapi_checkWdService)

[1 trampolines]
[1 trampoline calls]


GLOBAL SYMBOLS: SORTED ALPHABETICALLY BY Name 

address   name                                    
-------   ----                                    
00016ab0  ADS1018Adcread                          
08002090  ADS1018Data                             
080021b4  AciSonuc                                
0800240f  AcilStopON                              
08002413  AlignmentAuto                           
0800240d  AlignmentAutoState                      
08002412  AlignmentLeft                           
0800240c  AlignmentLeftState                      
08002411  AlignmentRight                          
0800240b  AlignmentRightState                     
00005b44  AllPowerSwitchSTatusGet                 
080021b6  Amount                                  
00005c10  AngleToValue                            
080021b8  AttractiveLeftSensorAndCamelNeck        
0800240e  AutoHizalama                            
08002138  AutoHizalamaBitti                       
0800240a  AutoHizalamaState                       
080020b0  AutomaticAligmentDone                   
080021ba  Average                                 
080020b8  BackSensorInoperative                   
0800213c  BlockNumber                             
08002140  BlockOffset                             
00005b30  Bottom1PowerSwitchStatusGet             
00019975  C$$EXIT                                 
0001956f  C$$IO$$                                 
08002468  CS_PIN                                  
08002144  CaliberAcilStopLed                      
08002148  CaliberBirinciKayitLed                  
0800214c  CaliberBozuk                            
08002150  CaliberKesinKayitLed                    
08002154  CaliberStartLed                         
08002158  CaliberStopLed                          
0800215c  CaliberikinciKayitLed                   
08002420  Caliberundefined                        
080020c0  CalibrationCancel                       
080020c8  CalibrationFailure                      
080020d0  CalibrationFinalSettings                
080020d8  CalibrationFirstTemprorySettings        
080020e0  CalibrationSecondTemprorySettings       
080020e8  Calibrationbegin                        
08002160  CamelneckHomeTemporary                  
08002164  CamelneckLeftAngleTemporary             
08002168  CamelneckNumberTemporary                
0800242c  CamelneckNumberValue                    
0800216c  CamelneckRightAngleTemporary            
00005edc  CanRedHighLow                           
00005e88  CanYellowHighLow                        
080021bc  DegerSonuc                              
0001bb04  Device_FlashDevice                      
080020f0  EmergencyStopActive                     
00019579  Fapi_calculateFletcherChecksum          
000187e5  Fapi_doBlankCheck                       
0001899d  Fapi_enableEepromBankSectors            
000197dd  Fapi_flushPipeline                      
000198fd  Fapi_getNumberOfBankSectors             
0001719d  Fapi_initializeFlashBanks               
0001919d  Fapi_isAddressEcc                       
00019739  Fapi_issueAsyncCommand                  
00019681  Fapi_issueAsyncCommandWithAddress       
00019954  Fapi_serviceWatchdogTimer               
000177e5  Fapi_setActiveFlashBank                 
000196b1  Fapi_waitDelay                          
0001bcb4  Fee_BlockConfiguration                  
0001bca8  Fee_VirtualSectorConfiguration          
080020f8  FifthWheelAnglePositioneLeft            
08002100  FifthWheelAnglePositioneRight           
08002170  FifthWheelHomeTemporary                 
08002174  FifthWheelLeftAngleTemporary            
08002178  FifthWheelNumberTemporary               
08002428  FifthWheelNumberValue                   
0800217c  FifthWheelRightAngleTemporary           
08002108  FrontSensorInoperative                  
08002180  Fullautomaticled                        
08002424  Fullautomaticmode                       
00015edc  GetDate                                 
00015cf0  GetRegister                             
00015e0c  Getdays                                 
00015dd8  Gethours                                
00015da4  Getminutes                              
00015e74  Getmonths                               
00015d6c  Getseconds                              
00015e40  Getweekdays                             
00015ea8  Getyears                                
00019329  HOSTclose                               
00018d41  HOSTlseek                               
00018f39  HOSTopen                                
00018f95  HOSTread                                
00018c69  HOSTrename                              
0001936d  HOSTunlink                              
00018ff1  HOSTwrite                               
0000583c  HardwareInit                            
00005c70  HedefAci                                
08002417  ISS                                     
08002409  ISSActiveState                          
000060d0  ISSCheck                                
08002110  ISSSingalActive                         
00005bc4  InputInit                               
000143f4  IsdwdKeySequenceCorrect                 
00005ae8  Left2PowerSwitchStatusGet               
00005a60  Left4PowerSwitchStatusGet               
08002184  Length                                  
000156e4  MCP_Init                                
00015470  MCP_PinMode                             
00015508  MCP_PinOutput                           
00015618  MCP_PortRead                            
000155f4  MCP_PortinputInvert                     
000155d0  MCP_PortpullupMode                      
0001567c  MCP_pinRead                             
00005b5c  MCUADCread                              
08002118  ModeSelectDelay                         
00005948  OutputInit                              
0001544c  PortMode                                
08002408  PumpSlaveBtn                            
08002431  PumpState                               
0000581c  RTIInit                                 
08001e20  RX_DATA                                 
00016a18  Register2write                          
00005b0c  Right2PowerSwitchStatusGet              
00005aa4  Right4PowerSwitchStatusGet              
UNDEFED   SHT$$INIT_ARRAY$$Base                   
UNDEFED   SHT$$INIT_ARRAY$$Limit                  
00005894  SPIADS1018Init                          
0000585c  SPIMCPInit                              
000058c8  SPIPCA2129Init                          
000058fc  SPISST25PF040CInit                      
08002469  SPI_PORT_NUMBER                         
00005930  SPIdevicesinit                          
08002188  Semiautomaticled                        
08002425  Semiautomaticmode                       
00015f3c  SetDate                                 
08002415  SetMode                                 
00015c88  SetRegister                             
00015e20  Setdays                                 
00015dec  Sethours                                
00015db8  Setminutes                              
00015e88  Setmonths                               
00015d80  Setseconds                              
00015e54  Setweekdays                             
00015ebc  Setyears                                
080020a0  SpecialRamBlock                         
0000dc08  SpiRxStatus                             
0000db7c  SpiTxStatus                             
080021be  Status                                  
08002416  StopMode                                
0800241d  StopModeState                           
08002410  SysActive                               
08002421  SystemActiveCaliber                     
00000af4  TI_FeeInternal_AlignAddressForECC       
00001188  TI_FeeInternal_BlankCheck               
00004f34  TI_FeeInternal_CheckForError            
00002a54  TI_FeeInternal_CheckModuleState         
00002ab4  TI_FeeInternal_CheckReadParameters      
000056cc  TI_FeeInternal_EnableRequiredFlashSector
00003044  TI_FeeInternal_FeeManager               
00000ec4  TI_FeeInternal_FindNextVirtualSector    
000050b4  TI_FeeInternal_Fletcher16               
00001d24  TI_FeeInternal_GetArrayIndex            
00001c68  TI_FeeInternal_GetBlockIndex            
00001c2c  TI_FeeInternal_GetBlockNumber           
00000e84  TI_FeeInternal_GetBlockSize             
00002be4  TI_FeeInternal_GetCurrentBlockAddress   
00001ce8  TI_FeeInternal_GetDataSetIndex          
00002ce8  TI_FeeInternal_GetNextFlashAddress      
00001a50  TI_FeeInternal_GetVirtualSectorIndex    
00000020  TI_FeeInternal_GetVirtualSectorParameter
00004b14  TI_FeeInternal_InvalidateErase          
00000e08  TI_FeeInternal_PollFlashStatus          
00002d38  TI_FeeInternal_SanityCheck              
00002f28  TI_FeeInternal_SetClearCopyBlockState   
00004dc4  TI_FeeInternal_StartProgramBlock        
00001e90  TI_FeeInternal_UpdateBlockOffsetArray   
000044bc  TI_FeeInternal_WriteBlockHeader         
00000664  TI_FeeInternal_WriteDataF021            
00000b2c  TI_FeeInternal_WriteInitialize          
0000481c  TI_FeeInternal_WritePreviousBlockHeader 
000001b8  TI_FeeInternal_WriteVirtualSectorHeader 
000051e0  TI_Fee_ErrorRecovery                    
080025b0  TI_Fee_FapiInitCalled                   
0001ade8  TI_Fee_Format                           
00004ec8  TI_Fee_GetStatus                        
080024bc  TI_Fee_GlobalVariables                  
0000ba38  TI_Fee_Init                             
0000e31c  TI_Fee_MainFunction                     
0001a640  TI_Fee_Read                             
000054bc  TI_Fee_SuspendResumeErase               
00019988  TI_Fee_WriteAsync                       
08002599  TI_Fee_bEraseSuspended                  
0800259a  TI_Fee_bIsMainFunctionCalled            
0800259c  TI_Fee_oStatusWord                      
08002594  TI_Fee_u32ActCpyVS                      
0800258c  TI_Fee_u32BlockEraseCount               
08002588  TI_Fee_u32FletcherChecksum              
08002584  TI_Fee_u8DataSets                       
08002590  TI_Fee_u8DeviceIndex                    
08002598  TI_Fee_u8ErrEraseVS                     
080025a0  TI_FlashStatusWord                      
0800218c  TekerlekDuzLed                          
08002190  TekerlekSagLed                          
08002194  TekerlekSolLed                          
080021c0  VN5T006ASPTRE_BOTTOM_CS1_VAL            
080021c2  VNQ5050KTRE_LEFT_1CS1_VAL               
080021c4  VNQ5050KTRE_LEFT_1CS2_VAL               
080021c6  VNQ5050KTRE_LEFT_1STAT1_VAL             
080021c8  VNQ5050KTRE_LEFT_1STAT2_VAL             
080021ca  VNQ5050KTRE_LEFT_1STAT3_VAL             
080021cc  VNQ5050KTRE_LEFT_1STAT4_VAL             
080021ce  VNQ5050KTRE_RIGHT_2CS1_VAL              
080021d0  VNQ5050KTRE_RIGHT_2CS2_VAL              
080021d2  VNQ5050KTRE_RIGHT_2STAT1_VAL            
080021d4  VNQ5050KTRE_RIGHT_2STAT2_VAL            
080021d6  VNQ5050KTRE_RIGHT_2STAT3_VAL            
080021d8  VNQ5050KTRE_RIGHT_2STAT4_VAL            
00005c40  ValueToAngle                            
08002120  VehicleInRoute                          
000193b1  _Fapi_EnableSectors                     
0001993b  _Fapi_checkWdService                    
00019501  _Fapi_issueFsmCommand                   
00018ed9  _Fapi_loopRegionForValue                
000196e1  _Fapi_readDword                         
08001d00  __CIOBUF_                               
00000800  __SYSMEM_SIZE                           
0001bd68  __TI_CINIT_Base                         
0001bd80  __TI_CINIT_Limit                        
0001bd48  __TI_Handler_Table_Base                 
0001bd54  __TI_Handler_Table_Limit                
000166ec  __TI_PINIT_Base                         
000166f0  __TI_PINIT_Limit                        
000193f5  __TI_auto_init_nobinit_nopinit          
000195e5  __TI_cleanup                            
0800247c  __TI_cleanup_ptr                        
00018b11  __TI_closefile                          
00018cd5  __TI_decompress_lzss                    
0001992d  __TI_decompress_none                    
000192dd  __TI_doflush                            
08002480  __TI_dtors_ptr                          
08002484  __TI_enable_exit_profile_output         
0800246c  __TI_ft_end                             
ffffffff  __TI_pprof_out_hndl                     
00011f09  __TI_printfi                            
ffffffff  __TI_prof_data_size                     
ffffffff  __TI_prof_data_start                    
00019619  __TI_readmsg                            
00000000  __TI_static_base__                      
08001ee8  __TI_tmpnams                            
0001953d  __TI_writemsg                           
00018e11  __TI_wrt_ok                             
00019947  __TI_zero_init                          
0001995d  __aeabi_errno_addr                      
00019148  __aeabi_idiv                            
0001869f  __aeabi_idiv0                           
00019148  __aeabi_idivmod                         
0001869f  __aeabi_ldiv0                           
00018a97  __aeabi_memclr                          
00018a97  __aeabi_memclr4                         
00018a97  __aeabi_memclr8                         
00018749  __aeabi_memcpy                          
00018749  __aeabi_memcpy4                         
00018749  __aeabi_memcpy8                         
00018a99  __aeabi_memset                          
00018a99  __aeabi_memset4                         
00018a99  __aeabi_memset8                         
08002478  __aeabi_stderr                          
08002470  __aeabi_stdin                           
08002474  __aeabi_stdout                          
0001928c  __aeabi_uidiv                           
0001928c  __aeabi_uidivmod                        
00016c80  __aeabi_uldivmod                        
ffffffff  __binit__                               
ffffffff  __c_args__                              
0001853d  __kernel_cos                            
000146c5  __kernel_rem_pio2                       
000186a1  __kernel_sin                            
00016f38  _c_int00                                
00016604  _coreClearAuxiliaryDataFault_           
00016618  _coreClearAuxiliaryInstructionFault_    
000165dc  _coreClearDataFaultAddress_             
000165b4  _coreClearDataFault_                    
000165f0  _coreClearInstructionFaultAddress_      
000165c8  _coreClearInstructionFault_             
00016548  _coreDisableEventBusExport_             
0001658c  _coreDisableFlashEcc_                   
00016568  _coreDisableRamEcc_                     
00016538  _coreEnableEventBusExport_              
00016578  _coreEnableFlashEcc_                    
0001659c  _coreEnableIrqVicOffset_                
00016558  _coreEnableRamEcc_                      
00016520  _coreEnableVfp_                         
000165fc  _coreGetAuxiliaryDataFault_             
00016610  _coreGetAuxiliaryInstructionFault_      
000165d4  _coreGetDataFaultAddress_               
000165ac  _coreGetDataFault_                      
000165e8  _coreGetInstructionFaultAddress_        
000165c0  _coreGetInstructionFault_               
000163a8  _coreInitRegisters_                     
000164b4  _coreInitStackPointer_                  
0001b990  _ctypes_                                
000180d4  _dabort                                 
080022d8  _device                                 
0001662c  _disable_FIQ_interrupt_                 
00016634  _disable_IRQ_interrupt_                 
00016624  _disable_interrupt_                     
0001663c  _enable_interrupt_                      
000166cc  _errata_CORTEXR4_57_                    
000166dc  _errata_CORTEXR4_66_                    
00013a24  _errata_SSWF021_45_both_plls            
00013c18  _errata_SSWF021_45_pll1                 
00013d90  _errata_SSWF021_45_pll2                 
00016644  _esmCcmErrorsClear_                     
080021e8  _ftable                                 
00016500  _getCPSRValue_                          
00016508  _gotoCPUIdle_                           
08002464  _invertCache                            
08002494  _lock                                   
08002458  _modeCache                              
00012953  _nop                                    
0800245c  _outputCache                            
000183dc  _pmuDisableCountersGlobal_              
000183cc  _pmuEnableCountersGlobal_               
00018438  _pmuGetCycleCount_                      
00018440  _pmuGetEventCount_                      
0001844c  _pmuGetOverflow_                        
00018380  _pmuInit_                               
0001840c  _pmuResetCounters_                      
000183ec  _pmuResetCycleCounter_                  
000183fc  _pmuResetEventCounters_                 
0001842c  _pmuSetCountEvent_                      
0001841c  _pmuStartCounters_                      
00018424  _pmuStopCounters_                       
08002460  _pullupCache                            
0001990d  _scaleEEFclk                            
0001991d  _scaleMainFclk                          
080023b4  _stream                                 
08001500  _sys_memory                             
UNDEFED   _system_post_cinit                      
08002498  _unlock                                 
00019975  abort                                   
00010770  adc1GetConfigValue                      
0000a1ec  adc1ParityCheck                         
0000a2d8  adc2ParityCheck                         
0001034c  adcCalibration                          
00010710  adcDisableNotification                  
000106c0  adcEnableNotification                   
00010124  adcGetData                              
00010758  adcGetEVTPin                            
0000fef4  adcInit                                 
0001031c  adcIsConversionComplete                 
000102ec  adcIsFifoFull                           
00010524  adcMidPointCalibration                  
000179c8  adcNotification                         
000100fc  adcResetFiFo                            
00010738  adcSetEVTPin                            
00010050  adcStartConversion                      
000100d4  adcStopConversion                       
08001f88  adc_data                                
080021da  adc_samplecounter                       
08002454  adress_value                            
080021e0  aligment_buf                            
08002430  aligment_set_level                      
00017bbd  aligned_alloc                           
0001923d  atoi                                    
08002419  auto_aligment                           
00015c44  bcdToDec                                
08002198  beginTime                               
ffffffff  binit                                   
000153f4  byteWrite                               
0000fd28  can1GetConfigValue                      
0000a390  can1ParityCheck                         
0000a468  can2ParityCheck                         
0000fbc8  canDisableErrorNotification             
0000fba8  canDisableStatusChangeNotification      
0000fc20  canDisableloopback                      
0000fb68  canEnableErrorNotification              
0000fb88  canEnableStatusChangeNotification       
0000fbe8  canEnableloopback                       
000179dc  canErrorNotification                    
0000f910  canFillMessageObjectData                
0000f638  canGetData                              
0000fb44  canGetErrorLevel                        
0000f790  canGetID                                
0000fb20  canGetLastError                         
0000f3fc  canInit                                 
0000fd0c  canIoRxGetBit                           
0000fc50  canIoSetDirection                       
0000fca0  canIoSetPort                            
0000fcf0  canIoTxGetBit                           
0000fac4  canIsMessageBoxValid                    
0000fa68  canIsRxMessageArrived                   
0000fa0c  canIsTxMessagePending                   
00005f3c  canMessageCheck                         
00017a04  canMessageNotification                  
0000f870  canSendRemoteFrame                      
080021dc  canSensorData                           
000179f0  canStatusChangeNotification             
0000f53c  canTransmit                             
0000f7f8  canUpdateID                             
080024ac  can_rx_data                             
08002128  can_tx_data                             
00012f60  capGetSignal                            
00008fb0  ccmSelfCheck                            
0000b3d4  ccmr4GetConfigValue                     
08002438  ch_count                                
000098b8  checkB0RAMECC                           
00009aa8  checkB1RAMECC                           
0000a9d0  checkClockMonitor                       
00009c98  checkFlashECC                           
0000aa98  checkFlashEEPROMECC                     
0000ac2c  checkPLL1Slip                           
00008e10  checkPackets                            
0000ad30  checkRAMAddrParity                      
0000a780  checkRAMECC                             
0000ae44  checkRAMUERRTest                        
0000973c  checkefcSelfTest                        
00019049  close                                   
00006878  commandButtonscheck                     
0001981f  copysign                                
0001981f  copysignl                               
000091b4  cpuSelfTest                             
00009d7c  cpuSelfTestFail                         
08002492  currentStep                             
000113f0  customTrimLPO                           
00009d74  custom_dabort                           
0800219c  dataconfig1_t                           
080021a0  dataconfig2_t                           
080021a4  dataconfig3_t                           
080021a8  dataconfig4_t                           
00015c10  decToBcd                                
000057f0  delay                                   
00008bf8  delaymode                               
0000b83c  disableParity                           
00017a90  dmaGroupANotification                   
00009e2c  dmaParityCheck                          
0001445c  dwdClearFlag                            
00014390  dwdCounterEnable                        
000143d8  dwdGenerateSysReset                     
00014428  dwdGetStatus                            
0001446c  dwdGetViolationStatus                   
00014314  dwdInit                                 
000143bc  dwdReset                                
000143a0  dwdSetPreload                           
00014384  dwwdGetCurrentDownCounter               
0001433c  dwwdInit                                
00012f20  edgeDisableNotification                 
00012ee4  edgeEnableNotification                  
00012eb8  edgeGetCounter                          
00017a68  edgeNotification                        
00012e8c  edgeResetCounter                        
00005de0  eepromRead                              
000095e0  efcCheck                                
0000b33c  efcGetConfigValue                       
00009714  efcSelfTest                             
00009668  efcStuckZeroTest                        
08002418  emergency_stop                          
0000b7c0  enableParity                            
00005cac  epromWrite                              
0000b454  errata_PBIST_4                          
08002404  errno                                   
08002450  error                                   
00014e4c  esmActivateNormalOperation              
00014f20  esmClearStatus                          
00014f60  esmClearStatusBuffer                    
00014e14  esmDisableError                         
00014e84  esmDisableInterrupt                     
00014dec  esmEnableError                          
00014e5c  esmEnableInterrupt                      
00015058  esmEnterSelfTest                        
00014dd0  esmError                                
00015130  esmGetConfigValue                       
00014f9c  esmGetStatus                            
00015020  esmGetStatusBuffer                      
00017960  esmGroup1Notification                   
00017970  esmGroup2Notification                   
00017cd0  esmHighInterrupt                        
00014cc8  esmInit                                 
000150e0  esmSelfTestStatus                       
00014f7c  esmSetCounterPreloadValue               
00014eac  esmSetInterruptLevel                    
00014e3c  esmTriggerErrorPinReset                 
00019439  exit                                    
08002491  failStep                                
0001964d  finddevice                              
000182a1  floor                                   
000182a1  floorl                                  
0000afb4  fmcBus1ParityCheck                      
000097dc  fmcBus2Check                            
00009818  fmcECCcheck                             
0001890d  fputc                                   
00017aa5  fputs                                   
000181bd  free                                    
00018b85  frexp                                   
00018b85  frexpl                                  
00018e75  fseek                                   
00006c24  fullAutomaticAligmentCommandsCheck      
00008bd8  fullAutomaticAutoAlignmentProcess       
000085c0  fullAutomaticCommandCheck               
00007370  fullAutomaticControlLeds                
0000657c  fullAutomaticPumpCheck                  
00008ad0  fullAutomaticStandBymode                
08002414  fullPumpState                           
0800241e  full_Automatic_AutoAlignment            
0800241f  full_Automatic_Set_Aligment             
0800248c  functiontodo                            
0000611c  getSensorAndCamelNeckValue              
0001947d  getdevice                               
000159a4  gioDisableNotification                  
0001593c  gioEnableNotification                   
000158a4  gioGetBit                               
00015a0c  gioGetConfigValue                       
000158cc  gioGetPort                              
00015744  gioInit                                 
00017a18  gioNotification                         
00015834  gioSetBit                               
00015814  gioSetDirection                         
00015884  gioSetPort                              
000158e4  gioToggleBit                            
080021de  global_counter                          
0001997c  handlePLLLockFail                       
0001306c  het1GetConfigValue                      
00009ed8  het1ParityCheck                         
0000a040  het2ParityCheck                         
00013054  hetGetTimestamp                         
00012954  hetInit                                 
00017a7c  hetNotification                         
00013038  hetResetTimestamp                       
00009f84  htu1ParityCheck                         
0000a13c  htu2ParityCheck                         
08002440  id                                      
00017fe5  ldexp                                   
00017fe5  ldexpl                                  
0800241a  left_aligment                           
0001978d  lseek                                   
000190f5  ltoa                                    
00008c6c  main                                    
00019965  malloc                                  
00010b38  mapClocks                               
00017bbd  memalign                                
00019875  memccpy                                 
000197ff  memchr                                  
00018749  memcpy                                  
000090f4  memoryInit                              
00017980  memoryPort0TestFailNotification         
0001799c  memoryPort1TestFailNotification         
00018a9f  memset                                  
0000a530  mibspi1ParityCheck                      
0000a640  mibspi3ParityCheck                      
080021ac  mode                                    
000085fc  modeWarning                             
00013248  muxInit                                 
08002456  oResult                                 
08002130  parmbuf                                 
0000b0d0  pbistFail                               
0000b154  pbistGetConfigValue                     
00009528  pbistIsTestCompleted                    
00009554  pbistIsTestPassed                       
00009588  pbistPortTestStatus                     
0000942c  pbistRun                                
0000924c  pbistSelfCheck                          
000094f8  pbistStop                               
00010ae4  periphInit                              
00019978  phantomInterrupt                        
00013620  pinmuxGetConfigValue                    
00018da9  printf                                  
0001890d  putc                                    
00012e5c  pwmDisableNotification                  
00012e14  pwmEnableNotification                   
00012d34  pwmGetSignal                            
00017a50  pwmNotification                         
00012a7c  pwmSetDuty                              
00012bb8  pwmSetSignal                            
00012a14  pwmStart                                
00012a48  pwmStop                                 
080024b4  rcvId                                   
08002350  read_data                               
0001970d  remove                                  
00000000  resetEntry                              
0800241b  right_aligment                          
00018878  rtiCompare0Interrupt                    
000188c0  rtiCompare1Interrupt                    
0001451c  rtiDisableNotification                  
000144f4  rtiEnableNotification                   
00014538  rtiGetConfigValue                       
00014288  rtiGetCurrentTick                       
00014260  rtiGetPeriod                            
00014088  rtiInit                                 
00008dd8  rtiNotification                         
000141d4  rtiResetCounter                         
00014238  rtiSetPeriod                            
0001417c  rtiStartCounter                         
000141a8  rtiStopCounter                          
00017fe5  scalbn                                  
00017fe5  scalbnl                                 
00008fa0  selftestFailNotification                
000062dc  semiAutomaticAligmentCommandsCheck      
000088d4  semiAutomaticAutoHizalamaProcess        
000085ac  semiAutomaticCommandsCheck              
000082d0  semiAutomaticControlLeds                
00006240  semiAutomaticPumpCheck                  
00008a44  semiAutomaticStandByMode                
080021e1  sensorLeft                              
080021e2  sensorRight                             
000065e0  setAligmentProcess                      
000169c0  setStep                                 
0800241c  set_aligment                            
00015bc8  set_bit                                 
00010aa4  setupFlash                              
000109e0  setupPLL                                
00018461  setvbuf                                 
00015fb9  sin                                     
00015fb9  sinl                                    
0000dd40  spi1GetConfigValue                      
0000ded0  spi2GetConfigValue                      
0000e0bc  spi3GetConfigValue                      
0000dcc8  spiDisableLoopback                      
0000dd14  spiDisableNotification                  
0000dc94  spiEnableLoopback                       
0000dce4  spiEnableNotification                   
00017a40  spiEndNotification                      
0000d5e4  spiGetData                              
0000d11c  spiInit                                 
00017a2c  spiNotification                         
0000d4c8  spiReceiveData                          
0000da3c  spiSendAndGetData                       
0000d808  spiSendData                             
0000d4a8  spiSetFunctional                        
0000d900  spiTransmitAndReceiveData               
0000d6dc  spiTransmitData                         
00015284  spiWrite                                
00015300  spiWriteRead                            
000112b4  sramGetConfigValue                      
0000b29c  stcGetConfigValue                       
00009138  stcSelfCheck                            
00009d78  stcSelfCheckFail                        
08002488  step                                    
000198a9  strchr                                  
00019891  strcmp                                  
000198d5  strcpy                                  
000198bf  strlen                                  
000195af  strncpy                                 
08002490  subStep                                 
08002493  successStep                             
000060a0  systemActiveCheck                       
00010d2c  systemGetConfigValue                    
00010c30  systemInit                              
00010cfc  systemPowerDown                         
00011108  tcmflashGetConfigValue                  
08002422  tick                                    
08002423  tick2                                   
080021b0  timeOut                                 
00010a30  trimLPO                                 
0001970d  unlink                                  
08002448  value                                   
00011588  vimChannelMap                           
000117f4  vimDisableInterrupt                     
0001162c  vimEnableInterrupt                      
000118a0  vimGetConfigValue                       
000114b4  vimInit                                 
00009d80  vimParityCheck                          
000166f4  vimParityErrorHandler                   
000198e9  wcslen                                  
00015394  wordWrite                               
000197b5  write                                   


GLOBAL SYMBOLS: SORTED BY Symbol Address 

address   name                                    
-------   ----                                    
00000000  __TI_static_base__                      
00000000  resetEntry                              
00000020  TI_FeeInternal_GetVirtualSectorParameter
000001b8  TI_FeeInternal_WriteVirtualSectorHeader 
00000664  TI_FeeInternal_WriteDataF021            
00000800  __SYSMEM_SIZE                           
00000af4  TI_FeeInternal_AlignAddressForECC       
00000b2c  TI_FeeInternal_WriteInitialize          
00000e08  TI_FeeInternal_PollFlashStatus          
00000e84  TI_FeeInternal_GetBlockSize             
00000ec4  TI_FeeInternal_FindNextVirtualSector    
00001188  TI_FeeInternal_BlankCheck               
00001a50  TI_FeeInternal_GetVirtualSectorIndex    
00001c2c  TI_FeeInternal_GetBlockNumber           
00001c68  TI_FeeInternal_GetBlockIndex            
00001ce8  TI_FeeInternal_GetDataSetIndex          
00001d24  TI_FeeInternal_GetArrayIndex            
00001e90  TI_FeeInternal_UpdateBlockOffsetArray   
00002a54  TI_FeeInternal_CheckModuleState         
00002ab4  TI_FeeInternal_CheckReadParameters      
00002be4  TI_FeeInternal_GetCurrentBlockAddress   
00002ce8  TI_FeeInternal_GetNextFlashAddress      
00002d38  TI_FeeInternal_SanityCheck              
00002f28  TI_FeeInternal_SetClearCopyBlockState   
00003044  TI_FeeInternal_FeeManager               
000044bc  TI_FeeInternal_WriteBlockHeader         
0000481c  TI_FeeInternal_WritePreviousBlockHeader 
00004b14  TI_FeeInternal_InvalidateErase          
00004dc4  TI_FeeInternal_StartProgramBlock        
00004ec8  TI_Fee_GetStatus                        
00004f34  TI_FeeInternal_CheckForError            
000050b4  TI_FeeInternal_Fletcher16               
000051e0  TI_Fee_ErrorRecovery                    
000054bc  TI_Fee_SuspendResumeErase               
000056cc  TI_FeeInternal_EnableRequiredFlashSector
000057f0  delay                                   
0000581c  RTIInit                                 
0000583c  HardwareInit                            
0000585c  SPIMCPInit                              
00005894  SPIADS1018Init                          
000058c8  SPIPCA2129Init                          
000058fc  SPISST25PF040CInit                      
00005930  SPIdevicesinit                          
00005948  OutputInit                              
00005a60  Left4PowerSwitchStatusGet               
00005aa4  Right4PowerSwitchStatusGet              
00005ae8  Left2PowerSwitchStatusGet               
00005b0c  Right2PowerSwitchStatusGet              
00005b30  Bottom1PowerSwitchStatusGet             
00005b44  AllPowerSwitchSTatusGet                 
00005b5c  MCUADCread                              
00005bc4  InputInit                               
00005c10  AngleToValue                            
00005c40  ValueToAngle                            
00005c70  HedefAci                                
00005cac  epromWrite                              
00005de0  eepromRead                              
00005e88  CanYellowHighLow                        
00005edc  CanRedHighLow                           
00005f3c  canMessageCheck                         
000060a0  systemActiveCheck                       
000060d0  ISSCheck                                
0000611c  getSensorAndCamelNeckValue              
00006240  semiAutomaticPumpCheck                  
000062dc  semiAutomaticAligmentCommandsCheck      
0000657c  fullAutomaticPumpCheck                  
000065e0  setAligmentProcess                      
00006878  commandButtonscheck                     
00006c24  fullAutomaticAligmentCommandsCheck      
00007370  fullAutomaticControlLeds                
000082d0  semiAutomaticControlLeds                
000085ac  semiAutomaticCommandsCheck              
000085c0  fullAutomaticCommandCheck               
000085fc  modeWarning                             
000088d4  semiAutomaticAutoHizalamaProcess        
00008a44  semiAutomaticStandByMode                
00008ad0  fullAutomaticStandBymode                
00008bd8  fullAutomaticAutoAlignmentProcess       
00008bf8  delaymode                               
00008c6c  main                                    
00008dd8  rtiNotification                         
00008e10  checkPackets                            
00008fa0  selftestFailNotification                
00008fb0  ccmSelfCheck                            
000090f4  memoryInit                              
00009138  stcSelfCheck                            
000091b4  cpuSelfTest                             
0000924c  pbistSelfCheck                          
0000942c  pbistRun                                
000094f8  pbistStop                               
00009528  pbistIsTestCompleted                    
00009554  pbistIsTestPassed                       
00009588  pbistPortTestStatus                     
000095e0  efcCheck                                
00009668  efcStuckZeroTest                        
00009714  efcSelfTest                             
0000973c  checkefcSelfTest                        
000097dc  fmcBus2Check                            
00009818  fmcECCcheck                             
000098b8  checkB0RAMECC                           
00009aa8  checkB1RAMECC                           
00009c98  checkFlashECC                           
00009d74  custom_dabort                           
00009d78  stcSelfCheckFail                        
00009d7c  cpuSelfTestFail                         
00009d80  vimParityCheck                          
00009e2c  dmaParityCheck                          
00009ed8  het1ParityCheck                         
00009f84  htu1ParityCheck                         
0000a040  het2ParityCheck                         
0000a13c  htu2ParityCheck                         
0000a1ec  adc1ParityCheck                         
0000a2d8  adc2ParityCheck                         
0000a390  can1ParityCheck                         
0000a468  can2ParityCheck                         
0000a530  mibspi1ParityCheck                      
0000a640  mibspi3ParityCheck                      
0000a780  checkRAMECC                             
0000a9d0  checkClockMonitor                       
0000aa98  checkFlashEEPROMECC                     
0000ac2c  checkPLL1Slip                           
0000ad30  checkRAMAddrParity                      
0000ae44  checkRAMUERRTest                        
0000afb4  fmcBus1ParityCheck                      
0000b0d0  pbistFail                               
0000b154  pbistGetConfigValue                     
0000b29c  stcGetConfigValue                       
0000b33c  efcGetConfigValue                       
0000b3d4  ccmr4GetConfigValue                     
0000b454  errata_PBIST_4                          
0000b7c0  enableParity                            
0000b83c  disableParity                           
0000ba38  TI_Fee_Init                             
0000d11c  spiInit                                 
0000d4a8  spiSetFunctional                        
0000d4c8  spiReceiveData                          
0000d5e4  spiGetData                              
0000d6dc  spiTransmitData                         
0000d808  spiSendData                             
0000d900  spiTransmitAndReceiveData               
0000da3c  spiSendAndGetData                       
0000db7c  SpiTxStatus                             
0000dc08  SpiRxStatus                             
0000dc94  spiEnableLoopback                       
0000dcc8  spiDisableLoopback                      
0000dce4  spiEnableNotification                   
0000dd14  spiDisableNotification                  
0000dd40  spi1GetConfigValue                      
0000ded0  spi2GetConfigValue                      
0000e0bc  spi3GetConfigValue                      
0000e31c  TI_Fee_MainFunction                     
0000f3fc  canInit                                 
0000f53c  canTransmit                             
0000f638  canGetData                              
0000f790  canGetID                                
0000f7f8  canUpdateID                             
0000f870  canSendRemoteFrame                      
0000f910  canFillMessageObjectData                
0000fa0c  canIsTxMessagePending                   
0000fa68  canIsRxMessageArrived                   
0000fac4  canIsMessageBoxValid                    
0000fb20  canGetLastError                         
0000fb44  canGetErrorLevel                        
0000fb68  canEnableErrorNotification              
0000fb88  canEnableStatusChangeNotification       
0000fba8  canDisableStatusChangeNotification      
0000fbc8  canDisableErrorNotification             
0000fbe8  canEnableloopback                       
0000fc20  canDisableloopback                      
0000fc50  canIoSetDirection                       
0000fca0  canIoSetPort                            
0000fcf0  canIoTxGetBit                           
0000fd0c  canIoRxGetBit                           
0000fd28  can1GetConfigValue                      
0000fef4  adcInit                                 
00010050  adcStartConversion                      
000100d4  adcStopConversion                       
000100fc  adcResetFiFo                            
00010124  adcGetData                              
000102ec  adcIsFifoFull                           
0001031c  adcIsConversionComplete                 
0001034c  adcCalibration                          
00010524  adcMidPointCalibration                  
000106c0  adcEnableNotification                   
00010710  adcDisableNotification                  
00010738  adcSetEVTPin                            
00010758  adcGetEVTPin                            
00010770  adc1GetConfigValue                      
000109e0  setupPLL                                
00010a30  trimLPO                                 
00010aa4  setupFlash                              
00010ae4  periphInit                              
00010b38  mapClocks                               
00010c30  systemInit                              
00010cfc  systemPowerDown                         
00010d2c  systemGetConfigValue                    
00011108  tcmflashGetConfigValue                  
000112b4  sramGetConfigValue                      
000113f0  customTrimLPO                           
000114b4  vimInit                                 
[...]
000153f4  byteWrite                               
0001544c  PortMode                                
00015470  MCP_PinMode                             
00015508  MCP_PinOutput                           
000155d0  MCP_PortpullupMode                      
000155f4  MCP_PortinputInvert                     
00015618  MCP_PortRead                            
0001567c  MCP_pinRead                             
000156e4  MCP_Init                                
00015744  gioInit                                 
00015814  gioSetDirection                         
00015834  gioSetBit                               
00015884  gioSetPort                              
000158a4  gioGetBit                               
000158cc  gioGetPort                              
000158e4  gioToggleBit                            
0001593c  gioEnableNotification                   
000159a4  gioDisableNotification                  
00015a0c  gioGetConfigValue                       
00015bc8  set_bit                                 
00015c10  decToBcd                                
00015c44  bcdToDec                                
00015c88  SetRegister                             
00015cf0  GetRegister                             
00015d6c  Getseconds                              
00015d80  Setseconds                              
00015da4  Getminutes                              
00015db8  Setminutes                              
00015dd8  Gethours                                
00015dec  Sethours                                
00015e0c  Getdays                                 
00015e20  Setdays                                 
00015e40  Getweekdays                             
00015e54  Setweekdays                             
00015e74  Getmonths                               
00015e88  Setmonths                               
00015ea8  Getyears                                
00015ebc  Setyears                                
00015edc  GetDate                                 
00015f3c  SetDate                                 
00015fb9  sin                                     
00015fb9  sinl                                    
000163a8  _coreInitRegisters_                     
000164b4  _coreInitStackPointer_                  
00016500  _getCPSRValue_                          
00016508  _gotoCPUIdle_                           
00016520  _coreEnableVfp_                         
00016538  _coreEnableEventBusExport_              
00016548  _coreDisableEventBusExport_             
00016558  _coreEnableRamEcc_                      
00016568  _coreDisableRamEcc_                     
00016578  _coreEnableFlashEcc_                    
0001658c  _coreDisableFlashEcc_                   
0001659c  _coreEnableIrqVicOffset_                
000165ac  _coreGetDataFault_                      
000165b4  _coreClearDataFault_                    
000165c0  _coreGetInstructionFault_               
000165c8  _coreClearInstructionFault_             
000165d4  _coreGetDataFaultAddress_               
000165dc  _coreClearDataFaultAddress_             
000165e8  _coreGetInstructionFaultAddress_        
000165f0  _coreClearInstructionFaultAddress_      
000165fc  _coreGetAuxiliaryDataFault_             
00016604  _coreClearAuxiliaryDataFault_           
00016610  _coreGetAuxiliaryInstructionFault_      
00016618  _coreClearAuxiliaryInstructionFault_    
00016624  _disable_interrupt_                     
0001662c  _disable_FIQ_interrupt_                 
00016634  _disable_IRQ_interrupt_                 
0001663c  _enable_interrupt_                      
00016644  _esmCcmErrorsClear_                     
000166cc  _errata_CORTEXR4_57_                    
000166dc  _errata_CORTEXR4_66_                    
000166ec  __TI_PINIT_Base                         
000166f0  __TI_PINIT_Limit                        
000166f4  vimParityErrorHandler                   
000169c0  setStep                                 
00016a18  Register2write                          
00016ab0  ADS1018Adcread                          
00016c80  __aeabi_uldivmod                        
00016f38  _c_int00                                
0001719d  Fapi_initializeFlashBanks               
000177e5  Fapi_setActiveFlashBank                 
00017960  esmGroup1Notification                   
00017970  esmGroup2Notification                   
00017980  memoryPort0TestFailNotification         
0001799c  memoryPort1TestFailNotification         
000179c8  adcNotification                         
000179dc  canErrorNotification                    
000179f0  canStatusChangeNotification             
00017a04  canMessageNotification                  
00017a18  gioNotification                         
00017a2c  spiNotification                         
00017a40  spiEndNotification                      
00017a50  pwmNotification                         
00017a68  edgeNotification                        
00017a7c  hetNotification                         
00017a90  dmaGroupANotification                   
00017aa5  fputs                                   
00017bbd  aligned_alloc                           
00017bbd  memalign                                
00017cd0  esmHighInterrupt                        
00017fe5  ldexp                                   
00017fe5  ldexpl                                  
00017fe5  scalbn                                  
00017fe5  scalbnl                                 
000180d4  _dabort                                 
000181bd  free                                    
000182a1  floor                                   
000182a1  floorl                                  
00018380  _pmuInit_                               
000183cc  _pmuEnableCountersGlobal_               
000183dc  _pmuDisableCountersGlobal_              
000183ec  _pmuResetCycleCounter_                  
000183fc  _pmuResetEventCounters_                 
0001840c  _pmuResetCounters_                      
0001841c  _pmuStartCounters_                      
00018424  _pmuStopCounters_                       
0001842c  _pmuSetCountEvent_                      
00018438  _pmuGetCycleCount_                      
00018440  _pmuGetEventCount_                      
0001844c  _pmuGetOverflow_                        
00018461  setvbuf                                 
0001853d  __kernel_cos                            
0001869f  __aeabi_idiv0                           
0001869f  __aeabi_ldiv0                           
000186a1  __kernel_sin                            
00018749  __aeabi_memcpy                          
00018749  __aeabi_memcpy4                         
00018749  __aeabi_memcpy8                         
00018749  memcpy                                  
000187e5  Fapi_doBlankCheck                       
00018878  rtiCompare0Interrupt                    
000188c0  rtiCompare1Interrupt                    
0001890d  fputc                                   
0001890d  putc                                    
0001899d  Fapi_enableEepromBankSectors            
00018a97  __aeabi_memclr                          
00018a97  __aeabi_memclr4                         
00018a97  __aeabi_memclr8                         
00018a99  __aeabi_memset                          
00018a99  __aeabi_memset4                         
00018a99  __aeabi_memset8                         
00018a9f  memset                                  
00018b11  __TI_closefile                          
00018b85  frexp                                   
00018b85  frexpl                                  
00018c69  HOSTrename                              
00018cd5  __TI_decompress_lzss                    
00018d41  HOSTlseek                               
00018da9  printf                                  
00018e11  __TI_wrt_ok                             
00018e75  fseek                                   
00018ed9  _Fapi_loopRegionForValue                
00018f39  HOSTopen                                
00018f95  HOSTread                                
00018ff1  HOSTwrite                               
00019049  close                                   
000190f5  ltoa                                    
00019148  __aeabi_idiv                            
00019148  __aeabi_idivmod                         
0001919d  Fapi_isAddressEcc                       
0001923d  atoi                                    
0001928c  __aeabi_uidiv                           
0001928c  __aeabi_uidivmod                        
000192dd  __TI_doflush                            
00019329  HOSTclose                               
0001936d  HOSTunlink                              
000193b1  _Fapi_EnableSectors                     
000193f5  __TI_auto_init_nobinit_nopinit          
00019439  exit                                    
0001947d  getdevice                               
00019501  _Fapi_issueFsmCommand                   
0001953d  __TI_writemsg                           
0001956f  C$$IO$$                                 
00019579  Fapi_calculateFletcherChecksum          
000195af  strncpy                                 
000195e5  __TI_cleanup                            
00019619  __TI_readmsg                            
0001964d  finddevice                              
00019681  Fapi_issueAsyncCommandWithAddress       
000196b1  Fapi_waitDelay                          
000196e1  _Fapi_readDword                         
0001970d  remove                                  
0001970d  unlink                                  
00019739  Fapi_issueAsyncCommand                  
0001978d  lseek                                   
000197b5  write                                   
000197dd  Fapi_flushPipeline                      
000197ff  memchr                                  
0001981f  copysign                                
0001981f  copysignl                               
00019875  memccpy                                 
00019891  strcmp                                  
000198a9  strchr                                  
000198bf  strlen                                  
000198d5  strcpy                                  
000198e9  wcslen                                  
000198fd  Fapi_getNumberOfBankSectors             
0001990d  _scaleEEFclk                            
0001991d  _scaleMainFclk                          
0001992d  __TI_decompress_none                    
0001993b  _Fapi_checkWdService                    
00019947  __TI_zero_init                          
00019954  Fapi_serviceWatchdogTimer               
0001995d  __aeabi_errno_addr                      
00019965  malloc                                  
00019975  C$$EXIT                                 
00019975  abort                                   
00019978  phantomInterrupt                        
0001997c  handlePLLLockFail                       
00019988  TI_Fee_WriteAsync                       
0001a640  TI_Fee_Read                             
0001ade8  TI_Fee_Format                           
0001b990  _ctypes_                                
0001bb04  Device_FlashDevice                      
0001bca8  Fee_VirtualSectorConfiguration          
0001bcb4  Fee_BlockConfiguration                  
0001bd48  __TI_Handler_Table_Base                 
0001bd54  __TI_Handler_Table_Limit                
0001bd68  __TI_CINIT_Base                         
0001bd80  __TI_CINIT_Limit                        
08001500  _sys_memory                             
08001d00  __CIOBUF_                               
08001e20  RX_DATA                                 
08001ee8  __TI_tmpnams                            
08001f88  adc_data                                
08002090  ADS1018Data                             
080020a0  SpecialRamBlock                         
080020b0  AutomaticAligmentDone                   
080020b8  BackSensorInoperative                   
080020c0  CalibrationCancel                       
080020c8  CalibrationFailure                      
080020d0  CalibrationFinalSettings                
080020d8  CalibrationFirstTemprorySettings        
080020e0  CalibrationSecondTemprorySettings       
080020e8  Calibrationbegin                        
080020f0  EmergencyStopActive                     
080020f8  FifthWheelAnglePositioneLeft            
08002100  FifthWheelAnglePositioneRight           
08002108  FrontSensorInoperative                  
08002110  ISSSingalActive                         
08002118  ModeSelectDelay                         
08002120  VehicleInRoute                          
08002128  can_tx_data                             
08002130  parmbuf                                 
08002138  AutoHizalamaBitti                       
0800213c  BlockNumber                             
08002140  BlockOffset                             
08002144  CaliberAcilStopLed                      
08002148  CaliberBirinciKayitLed                  
0800214c  CaliberBozuk                            
08002150  CaliberKesinKayitLed                    
08002154  CaliberStartLed                         
08002158  CaliberStopLed                          
0800215c  CaliberikinciKayitLed                   
08002160  CamelneckHomeTemporary                  
08002164  CamelneckLeftAngleTemporary             
08002168  CamelneckNumberTemporary                
0800216c  CamelneckRightAngleTemporary            
08002170  FifthWheelHomeTemporary                 
08002174  FifthWheelLeftAngleTemporary            
08002178  FifthWheelNumberTemporary               
0800217c  FifthWheelRightAngleTemporary           
08002180  Fullautomaticled                        
08002184  Length                                  
08002188  Semiautomaticled                        
0800218c  TekerlekDuzLed                          
08002190  TekerlekSagLed                          
08002194  TekerlekSolLed                          
08002198  beginTime                               
0800219c  dataconfig1_t                           
080021a0  dataconfig2_t                           
080021a4  dataconfig3_t                           
080021a8  dataconfig4_t                           
080021ac  mode                                    
080021b0  timeOut                                 
080021b4  AciSonuc                                
080021b6  Amount                                  
080021b8  AttractiveLeftSensorAndCamelNeck        
080021ba  Average                                 
080021bc  DegerSonuc                              
080021be  Status                                  
080021c0  VN5T006ASPTRE_BOTTOM_CS1_VAL            
080021c2  VNQ5050KTRE_LEFT_1CS1_VAL               
080021c4  VNQ5050KTRE_LEFT_1CS2_VAL               
080021c6  VNQ5050KTRE_LEFT_1STAT1_VAL             
080021c8  VNQ5050KTRE_LEFT_1STAT2_VAL             
080021ca  VNQ5050KTRE_LEFT_1STAT3_VAL             
080021cc  VNQ5050KTRE_LEFT_1STAT4_VAL             
080021ce  VNQ5050KTRE_RIGHT_2CS1_VAL              
080021d0  VNQ5050KTRE_RIGHT_2CS2_VAL              
080021d2  VNQ5050KTRE_RIGHT_2STAT1_VAL            
080021d4  VNQ5050KTRE_RIGHT_2STAT2_VAL            
080021d6  VNQ5050KTRE_RIGHT_2STAT3_VAL            
080021d8  VNQ5050KTRE_RIGHT_2STAT4_VAL            
080021da  adc_samplecounter                       
080021dc  canSensorData                           
080021de  global_counter                          
080021e0  aligment_buf                            
080021e1  sensorLeft                              
080021e2  sensorRight                             
080021e8  _ftable                                 
080022d8  _device                                 
08002350  read_data                               
080023b4  _stream                                 
08002404  errno                                   
08002408  PumpSlaveBtn                            
08002409  ISSActiveState                          
0800240a  AutoHizalamaState                       
0800240b  AlignmentRightState                     
0800240c  AlignmentLeftState                      
0800240d  AlignmentAutoState                      
0800240e  AutoHizalama                            
0800240f  AcilStopON                              
08002410  SysActive                               
08002411  AlignmentRight                          
08002412  AlignmentLeft                           
08002413  AlignmentAuto                           
08002414  fullPumpState                           
08002415  SetMode                                 
08002416  StopMode                                
08002417  ISS                                     
08002418  emergency_stop                          
08002419  auto_aligment                           
0800241a  left_aligment                           
0800241b  right_aligment                          
0800241c  set_aligment                            
0800241d  StopModeState                           
0800241e  full_Automatic_AutoAlignment            
0800241f  full_Automatic_Set_Aligment             
08002420  Caliberundefined                        
08002421  SystemActiveCaliber                     
08002422  tick                                    
08002423  tick2                                   
08002424  Fullautomaticmode                       
08002425  Semiautomaticmode                       
08002428  FifthWheelNumberValue                   
0800242c  CamelneckNumberValue                    
08002430  aligment_set_level                      
08002431  PumpState                               
08002438  ch_count                                
08002440  id                                      
08002448  value                                   
08002450  error                                   
08002454  adress_value                            
08002456  oResult                                 
08002458  _modeCache                              
0800245c  _outputCache                            
08002460  _pullupCache                            
08002464  _invertCache                            
08002468  CS_PIN                                  
08002469  SPI_PORT_NUMBER                         
0800246c  __TI_ft_end                             
08002470  __aeabi_stdin                           
08002474  __aeabi_stdout                          
08002478  __aeabi_stderr                          
0800247c  __TI_cleanup_ptr                        
08002480  __TI_dtors_ptr                          
08002484  __TI_enable_exit_profile_output         
08002488  step                                    
0800248c  functiontodo                            
08002490  subStep                                 
08002491  failStep                                
08002492  currentStep                             
08002493  successStep                             
08002494  _lock                                   
08002498  _unlock                                 
080024ac  can_rx_data                             
080024b4  rcvId                                   
080024bc  TI_Fee_GlobalVariables                  
08002584  TI_Fee_u8DataSets                       
08002588  TI_Fee_u32FletcherChecksum              
0800258c  TI_Fee_u32BlockEraseCount               
08002590  TI_Fee_u8DeviceIndex                    
08002594  TI_Fee_u32ActCpyVS                      
08002598  TI_Fee_u8ErrEraseVS                     
08002599  TI_Fee_bEraseSuspended                  
0800259a  TI_Fee_bIsMainFunctionCalled            
0800259c  TI_Fee_oStatusWord                      
080025a0  TI_FlashStatusWord                      
080025b0  TI_Fee_FapiInitCalled                   
ffffffff  __TI_pprof_out_hndl                     
ffffffff  __TI_prof_data_size                     
ffffffff  __TI_prof_data_start                    
ffffffff  __binit__                               
ffffffff  __c_args__                              
ffffffff  binit                                   
UNDEFED   SHT$$INIT_ARRAY$$Base                   
UNDEFED   SHT$$INIT_ARRAY$$Limit                  
UNDEFED   _system_post_cinit                      

[660 symbols]
