******************************************************************************
                  TI ARM Linker PC v18.12.4                    
******************************************************************************
>> Linked Tue Apr 20 15:03:22 2021

OUTPUT FILE NAME:   <Lowbadtest.out>
ENTRY POINT SYMBOL: "_c_int00"  address: 00016334


MEMORY CONFIGURATION

         name            origin    length      used     unused   attr    fill
----------------------  --------  ---------  --------  --------  ----  --------
  VECTORS               00000000   00000020  00000020  00000000     X
  FLASH0                00000020   000bffe0  00019a60  000a6580  R  X
  STACKS                08000000   00001500  00000000  00001500  RW  
  RAM                   08001500   0001eb00  00000548  0001e5b8  RW  


SEGMENT ALLOCATION MAP

run origin  load origin   length   init length attrs members
----------  ----------- ---------- ----------- ----- -------
00000000    00000000    00019a80   00019a80    r-x
  00000000    00000000    00000020   00000020    r-x .intvecs
  00000020    00000020    000177b8   000177b8    r-x .text
  000177d8    000177d8    00001910   00001910    r-x FEE_TEXT_SECTION
  000190e8    000190e8    00000768   00000768    r-- .const
  00019850    00019850    000001c0   000001c0    r-- FEE_CONST_SECTION
  00019a10    00019a10    00000070   00000070    r-- .cinit
08001500    08001500    00000550   00000000    rw-
  08001500    08001500    000002f7   00000000    rw- .bss
  080017f8    080017f8    00000131   00000000    rw- FEE_DATA_SECTION
  08001930    08001930    00000120   00000000    rw- .data


SECTION ALLOCATION MAP

 output                                  attributes/
section   page    origin      length       input sections
--------  ----  ----------  ----------   ----------------
.intvecs   0    00000000    00000020     
                  00000000    00000020     sys_intvecs.obj (.intvecs)

.text      0    00000020    000177b8     
                  00000020    000057d0     ti_fee_util.obj (.text)
                  000057f0    0000387c     sys_main.obj (.text)
                  0000906c    00002a14     sys_selftest.obj (.text)
                  0000ba80    00001768     ti_fee_ini.obj (.text)
                  0000d1e8    00001200     spi.obj (.text)
                  0000e3e8    000010e0     ti_fee_main.obj (.text)
                  0000f4c8    00000af8     can.obj (.text)
                  0000ffc0    00000aec     adc.obj (.text)
                  00010aac    00000ad4     system.obj (.text)
                  00011580    00000a54     sys_vim.obj (.text)
                  00011fd4    000008f4     het.obj (.text)
                  000128c8    000007dc     pinmux.obj (.text)
                  000130a4    00000664     errata_SSWF021_45.obj (.text)
                  00013708    0000063c     rti.obj (.text)
                  00013d44    00000604     rtsv7R4_T_be_v3D16_eabi.lib : k_rem_pio2.c.obj (.text:__kernel_rem_pio2)
                  00014348    000005bc     esm.obj (.text)
                  00014904    000004c0     MCP23S17.obj (.text)
                  00014dc4    00000484     gio.obj (.text)
                  00015248    000003f0     PCA2129.obj (.text)
                  00015638    000003f0     rtsv7R4_T_be_v3D16_eabi.lib : s_sin.c.obj (.text:sin)
                  00015a28    0000034c     sys_core.obj (.text)
                  00015d74    000002f4     ADS1018.obj (.text)
                  00016068    000002cc     sys_vim.obj (.text:retain)
                  00016334    00000264     sys_startup.obj (.text:retain)
                  00016598    00000260     F021_API_CortexR4_BE_V3D16.lib : FlashStateMachine.InitializeFlashBanks.obj (.text:Fapi_initializeFlashBanks)
                  000167f8    0000017c                                    : FlashStateMachine.SetActiveBank.obj (.text:Fapi_setActiveFlashBank)
                  00016974    00000144     notification.obj (.text)
                  00016ab8    00000114     esm.obj (.text:retain)
                  00016bcc    000000f0     rtsv7R4_T_be_v3D16_eabi.lib : s_scalbn.c.obj (.text:scalbn)
                  00016cbc    000000e8     dabort.obj (.text)
                  00016da4    000000e0     rtsv7R4_T_be_v3D16_eabi.lib : s_floor.c.obj (.text:floor)
                  00016e84    000000e0     sys_pmu.obj (.text)
                  00016f64    000000b4     rtsv7R4_T_be_v3D16_eabi.lib : k_cos.c.obj (.text:__kernel_cos)
                  00017018    000000a8                                 : k_sin.c.obj (.text:__kernel_sin)
                  000170c0    0000009c                                 : memcpy_t2.asm.obj (.text)
                  0001715c    00000094     F021_API_CortexR4_BE_V3D16.lib : BlankCheck.obj (.text:Fapi_doBlankCheck)
                  000171f0    00000094     rti.obj (.text:retain)
                  00017284    00000080     F021_API_CortexR4_BE_V3D16.lib : FlashStateMachine.EnableEepromSectors.obj (.text:Fapi_enableEepromBankSectors)
                  00017304    0000007a     rtsv7R4_T_be_v3D16_eabi.lib : memset_t2.asm.obj (.text)
                  0001737e    0000006c                                 : copy_decompress_lzss.c.obj (.text:decompress:lzss:__TI_decompress_lzss)
                  000173ea    0000005e     F021_API_CortexR4_BE_V3D16.lib : Read.LoopDword.obj (.text:_Fapi_loopRegionForValue)
                  00017448    00000054     rtsv7R4_T_be_v3D16_eabi.lib : i_div32.asm.obj (.text)
                  0001749c    00000050     F021_API_CortexR4_BE_V3D16.lib : FlashStateMachine.Hercules.IsEccAddress.obj (.text:Fapi_isAddressEcc)
                  000174ec    00000050     rtsv7R4_T_be_v3D16_eabi.lib : u_div32.asm.obj (.text)
                  0001753c    00000044     F021_API_CortexR4_BE_V3D16.lib : FlashStateMachine.EnableEepromSectors.obj (.text:_Fapi_EnableSectors)
                  00017580    00000044     rtsv7R4_T_be_v3D16_eabi.lib : autoinit.c.obj (.text:__TI_auto_init_nobinit_nopinit:__TI_auto_init_nobinit_nopinit)
                  000175c4    0000003c     F021_API_CortexR4_BE_V3D16.lib : FlashStateMachine.IssueFsmCommand.obj (.text:_Fapi_issueFsmCommand)
                  00017600    00000036                                    : Utilities.CalculateFletcher.obj (.text:Fapi_calculateFletcherChecksum)
                  00017636    00000002     rtsv7R4_T_be_v3D16_eabi.lib : div0.asm.obj (.text)
                  00017638    00000030     F021_API_CortexR4_BE_V3D16.lib : Async.WithAddress.obj (.text:Fapi_issueAsyncCommandWithAddress)
                  00017668    00000030                                    : Utilities.WaitDelay.obj (.text:Fapi_waitDelay)
                  00017698    0000002c                                    : Read.Common.obj (.text:_Fapi_readDword)
                  000176c4    0000002a                                    : Async.obj (.text:Fapi_issueAsyncCommand)
                  000176ee    00000022                                    : Read.FlushPipeline.obj (.text:Fapi_flushPipeline)
                  00017710    0000001e     rtsv7R4_T_be_v3D16_eabi.lib : s_copysign.c.obj (.text:copysign)
                  0001772e    0000001c     F021_API_CortexR4_BE_V3D16.lib : FlashStateMachine.InitializeFlashBanks.obj (.text:_Fapi_divideUnsignedLong)
                  0001774a    0000001c     rtsv7R4_T_be_v3D16_eabi.lib : copy_zero_init.c.obj (.text:decompress:ZI:__TI_zero_init_nomemset:__TI_zero_init_nomemset)
                  00017766    00000002     --HOLE-- [fill = 0]
                  00017768    00000010     F021_API_CortexR4_BE_V3D16.lib : Utilities.GetNumberOfSectors.obj (.text:Fapi_getNumberOfBankSectors)
                  00017778    00000010                                    : FlashStateMachine.ScaleFclk.obj (.text:_scaleEEFclk)
                  00017788    00000010                                    : FlashStateMachine.ScaleFclk.obj (.text:_scaleMainFclk)
                  00017798    0000000e     rtsv7R4_T_be_v3D16_eabi.lib : copy_decompress_none.c.obj (.text:decompress:none:__TI_decompress_none)
                  000177a6    0000000c     F021_API_CortexR4_BE_V3D16.lib : Read.WdService.obj (.text:_Fapi_checkWdService)
                  000177b2    00000002     --HOLE-- [fill = 0]
                  000177b4    00000008     Fapi_UserDefinedFunctions.obj (.text)
                  000177bc    00000008     rtsv7R4_T_be_v3D16_eabi.lib : errno.c.obj (.text:__aeabi_errno_addr)
                  000177c4    00000004                                 : exit.c.obj (.text:abort:abort)
                  000177c8    00000004     sys_phantom.obj (.text:retain)
                  000177cc    00000004     sys_startup.obj (.text)
                  000177d0    00000008     Fapi_UserDefinedFunctions.obj (.tramp.Fapi_serviceWatchdogTimer.1)

.const     0    000190e8    00000768     
                  000190e8    000003a0     het.obj (.const:het1PROGRAM)
                  00019488    00000200     sys_vim.obj (.const:s_vim_init)
                  00019688    00000158     rtsv7R4_T_be_v3D16_eabi.lib : k_rem_pio2.c.obj (.const:$O1$$)
                  000197e0    00000020     can.obj (.const:s_canByteOrder)
                  00019800    00000020     het.obj (.const:s_het1pwmPolarity)
                  00019820    00000018     adc.obj (.const:s_adcFiFoSize)
                  00019838    00000018     adc.obj (.const:s_adcSelect)

.cinit     0    00019a10    00000070     
                  00019a10    00000031     (.cinit..data.load) [load image, compression = lzss]
                  00019a41    00000003     --HOLE-- [fill = 0]
                  00019a44    0000000c     (__TI_handler_table)
                  00019a50    00000009     (.cinit.FEE_DATA_SECTION.load) [load image, compression = lzss]
                  00019a59    00000007     --HOLE-- [fill = 0]
                  00019a60    00000008     (.cinit..bss.load) [load image, compression = zero_init]
                  00019a68    00000018     (__TI_cinit_table)

.bss       0    08001500    000002f7     UNINITIALIZED
                  08001500    000000c8     (.common:RX_DATA)
                  080015c8    00000080     (.common:adc_data)
                  08001648    00000078     spi.obj (.bss:g_spiPacket_t)
                  080016c0    00000010     PCA2129.obj (.bss:Date$1)
                  080016d0    00000010     (.common:SpecialRamBlock)
                  080016e0    00000010     (.common:eeprom_write_data)
                  080016f0    00000008     (.common:ADS1018Data)
                  080016f8    00000008     (.common:AutomaticAligmentDone)
                  08001700    00000008     (.common:BackSensorInoperative)
                  08001708    00000008     (.common:CalibrationCancel)
                  08001710    00000008     (.common:CalibrationFailure)
                  08001718    00000008     (.common:CalibrationFinalSettings)
                  08001720    00000008     (.common:CalibrationFirstTemprorySettings)
                  08001728    00000008     (.common:CalibrationSecondTemprorySettings)
                  08001730    00000008     (.common:Calibrationbegin)
                  08001738    00000008     (.common:EmergencyStopActive)
                  08001740    00000008     (.common:FifthWheelAnglePositioneLeft)
                  08001748    00000008     (.common:FifthWheelAnglePositioneRight)
                  08001750    00000008     (.common:FrontSensorInoperative)
                  08001758    00000008     (.common:Fullautomaticled)
                  08001760    00000008     (.common:ISSSingalActive)
                  08001768    00000008     (.common:ModeSelectDelay)
                  08001770    00000008     (.common:Semiautomaticled)
                  08001778    00000008     (.common:VehicleInRoute)
                  08001780    00000008     (.common:can_tx_data)
                  08001788    00000004     (.common:BlockOffset)
                  0800178c    00000004     (.common:CamelneckHomeTemporary)
                  08001790    00000004     (.common:CamelneckLeftAngleTemporary)
                  08001794    00000004     (.common:CamelneckNumberTemporary)
                  08001798    00000004     (.common:CamelneckRightAngleTemporary)
                  0800179c    00000004     (.common:FifthWheelHomeTemporary)
                  080017a0    00000004     (.common:FifthWheelLeftAngleTemporary)
                  080017a4    00000004     (.common:FifthWheelNumberTemporary)
                  080017a8    00000004     (.common:FifthWheelRightAngleTemporary)
                  080017ac    00000004     (.common:Length)
                  080017b0    00000004     (.common:beginTime)
                  080017b4    00000004     (.common:dataconfig1_t)
                  080017b8    00000004     (.common:dataconfig2_t)
                  080017bc    00000004     (.common:dataconfig3_t)
                  080017c0    00000004     (.common:dataconfig4_t)
                  080017c4    00000004     (.common:mode)
                  080017c8    00000004     (.common:timeOut)
                  080017cc    00000002     (.common:Amount)
                  080017ce    00000002     (.common:AttractiveLeftSensorAndCamelNeck)
                  080017d0    00000002     (.common:Average)
                  080017d2    00000002     (.common:Status)
                  080017d4    00000002     (.common:VN5T006ASPTRE_BOTTOM_CS1_VAL)
                  080017d6    00000002     (.common:VNQ5050KTRE_LEFT_1CS1_VAL)
                  080017d8    00000002     (.common:VNQ5050KTRE_LEFT_1CS2_VAL)
                  080017da    00000002     (.common:VNQ5050KTRE_LEFT_1STAT1_VAL)
                  080017dc    00000002     (.common:VNQ5050KTRE_LEFT_1STAT2_VAL)
                  080017de    00000002     (.common:VNQ5050KTRE_LEFT_1STAT3_VAL)
                  080017e0    00000002     (.common:VNQ5050KTRE_LEFT_1STAT4_VAL)
                  080017e2    00000002     (.common:VNQ5050KTRE_RIGHT_2CS1_VAL)
                  080017e4    00000002     (.common:VNQ5050KTRE_RIGHT_2CS2_VAL)
                  080017e6    00000002     (.common:VNQ5050KTRE_RIGHT_2STAT1_VAL)
                  080017e8    00000002     (.common:VNQ5050KTRE_RIGHT_2STAT2_VAL)
                  080017ea    00000002     (.common:VNQ5050KTRE_RIGHT_2STAT3_VAL)
                  080017ec    00000002     (.common:VNQ5050KTRE_RIGHT_2STAT4_VAL)
                  080017ee    00000002     (.common:adc_samplecounter)
                  080017f0    00000002     (.common:canSensorData)
                  080017f2    00000002     (.common:global_counter)
                  080017f4    00000001     (.common:aligment_buf)
                  080017f5    00000001     (.common:sensorLeft)
                  080017f6    00000001     (.common:sensorRight)

.data      0    08001930    00000120     UNINITIALIZED
                  08001930    00000064     sys_main.obj (.data:read_data)
                  08001994    00000004     rtsv7R4_T_be_v3D16_eabi.lib : errno.c.obj (.data)
                  08001998    00000060     sys_main.obj (.data)
                  080019f8    00000020     sys_main.obj (.data:eeprom_read_data)
                  08001a18    00000012     MCP23S17.obj (.data)
                  08001a2a    00000001     F021_API_CortexR4_BE_V3D16.lib : FlashStateMachine.SetActiveBank.obj (.data)
                  08001a2b    00000001     --HOLE--
                  08001a2c    0000000c     ADS1018.obj (.data)
                  08001a38    00000008     F021_API_CortexR4_BE_V3D16.lib : FlashStateMachine.ScaleFclk.obj (.data)
                  08001a40    00000008     sys_main.obj (.data:can_rx_data)
                  08001a48    00000008     ADS1018.obj (.data:rcvId)

FEE_TEXT_SECTION 
*          0    000177d8    00001910     
                  000177d8    00000cb8     ti_fee_writeAsync.obj (FEE_TEXT_SECTION)
                  00018490    000007a8     ti_fee_read.obj (FEE_TEXT_SECTION)
                  00018c38    000004b0     ti_fee_format.obj (FEE_TEXT_SECTION)

FEE_CONST_SECTION 
*          0    00019850    000001c0     
                  00019850    000001a4     Device_TMS570LS07.obj (FEE_CONST_SECTION)
                  000199f4    0000001c     ti_fee_cfg.obj (FEE_CONST_SECTION)

FEE_DATA_SECTION 
*          0    080017f8    00000131     UNINITIALIZED
                  080017f8    000000f5     ti_fee_ini.obj (FEE_DATA_SECTION)
                  080018ed    00000001     ti_fee_main.obj (FEE_DATA_SECTION)
                  080018ee    00000002     --HOLE--
                  080018f0    0000002e     ti_fee_util.obj (FEE_DATA_SECTION:uninit)
                  0800191e    00000002     --HOLE--
                  08001920    00000009     ti_fee_util.obj (FEE_DATA_SECTION:init)

MODULE SUMMARY

       Module                                        code     ro data   rw data
       ------                                        ----     -------   -------
    .\source\
       ti_fee_util.obj                               22480    0         55     
       sys_main.obj                                  14460    0         625    
       sys_selftest.obj                              10772    0         0      
       ti_fee_ini.obj                                5992     0         245    
       spi.obj                                       4608     0         120    
       ti_fee_main.obj                               4320     0         1      
       sys_vim.obj                                   3360     512       0      
       ti_fee_writeAsync.obj                         3256     0         0      
       het.obj                                       2292     960       0      
       adc.obj                                       2796     48        0      
       can.obj                                       2808     32        0      
       system.obj                                    2772     0         0      
       pinmux.obj                                    2012     0         0      
       ti_fee_read.obj                               1960     0         0      
       esm.obj                                       1744     0         0      
       rti.obj                                       1744     0         0      
       errata_SSWF021_45.obj                         1636     0         0      
       MCP23S17.obj                                  1216     0         22     
       PCA2129.obj                                   1008     0         220    
       ti_fee_format.obj                             1200     0         0      
       gio.obj                                       1156     0         0      
       sys_core.obj                                  844      0         0      
       ADS1018.obj                                   756      0         42     
       sys_startup.obj                               616      0         0      
       Device_TMS570LS07.obj                         0        420       0      
       notification.obj                              324      0         0      
       dabort.obj                                    232      0         0      
       sys_pmu.obj                                   224      0         0      
       sys_intvecs.obj                               32       0         0      
       ti_fee_cfg.obj                                0        28        0      
       Fapi_UserDefinedFunctions.obj                 16       0         0      
       SST25PF040C.obj                               0        0         4      
       sys_phantom.obj                               4        0         0      
    +--+---------------------------------------------+--------+---------+---------+
       Total:                                        96640    2000      1334   
                                                                               
    C:/ti/Hercules/F021 Flash API/02.01.01/F021_API_CortexR4_BE_V3D16.lib
       FlashStateMachine.InitializeFlashBanks.obj    636      0         0      
       FlashStateMachine.SetActiveBank.obj           380      0         1      
       FlashStateMachine.EnableEepromSectors.obj     196      0         0      
       BlankCheck.obj                                148      0         0      
       Read.LoopDword.obj                            94       0         0      
       FlashStateMachine.Hercules.IsEccAddress.obj   80       0         0      
       FlashStateMachine.IssueFsmCommand.obj         60       0         0      
       Utilities.CalculateFletcher.obj               54       0         0      
       Async.WithAddress.obj                         48       0         0      
       Utilities.WaitDelay.obj                       48       0         0      
       Read.Common.obj                               44       0         0      
       Async.obj                                     42       0         0      
       FlashStateMachine.ScaleFclk.obj               32       0         8      
       Read.FlushPipeline.obj                        34       0         0      
       Utilities.GetNumberOfSectors.obj              16       0         0      
       Read.WdService.obj                            12       0         0      
    +--+---------------------------------------------+--------+---------+---------+
       Total:                                        1924     0         9      
                                                                               
    C:/ti/ccs930/ccs/tools/compiler/ti-cgt-arm_18.12.4.LTS/lib/rtsv7R4_T_be_v3D16_eabi.lib
       k_rem_pio2.c.obj                              1540     344       0      
       s_sin.c.obj                                   1008     0         0      
       s_scalbn.c.obj                                240      0         0      
       s_floor.c.obj                                 224      0         0      
       k_cos.c.obj                                   180      0         0      
       k_sin.c.obj                                   168      0         0      
       memcpy_t2.asm.obj                             156      0         0      
       memset_t2.asm.obj                             122      0         0      
       copy_decompress_lzss.c.obj                    108      0         0      
       i_div32.asm.obj                               84       0         0      
       u_div32.asm.obj                               80       0         0      
       autoinit.c.obj                                68       0         0      
       s_copysign.c.obj                              30       0         0      
       copy_zero_init.c.obj                          28       0         0      
       copy_decompress_none.c.obj                    14       0         0      
       errno.c.obj                                   8        0         4      
       exit.c.obj                                    4        0         0      
       div0.asm.obj                                  2        0         0      
    +--+---------------------------------------------+--------+---------+---------+
       Total:                                        4064     344       4      
                                                                               
       Linker Generated:                             0        102       0      
    +--+---------------------------------------------+--------+---------+---------+
       Grand Total:                                  102628   2446      1347   


LINKER GENERATED COPY TABLES

__TI_cinit_table @ 00019a68 records: 3, size/record: 8, table size: 24
	.data: load addr=00019a10, load size=00000031 bytes, run addr=08001930, run size=00000120 bytes, compression=lzss
	FEE_DATA_SECTION: load addr=00019a50, load size=00000009 bytes, run addr=080017f8, run size=00000131 bytes, compression=lzss
	.bss: load addr=00019a60, load size=00000008 bytes, run addr=08001500, run size=000002f7 bytes, compression=zero_init


LINKER GENERATED HANDLER TABLE

__TI_handler_table @ 00019a44 records: 3, size/record: 4, table size: 12
	index: 0, handler: __TI_zero_init
	index: 1, handler: __TI_decompress_lzss
	index: 2, handler: __TI_decompress_none

VENEERS

callee name               veneer name
   callee addr  veneer addr  call addr  call info
--------------  -----------  ---------  ----------------
Fapi_serviceWatchdogTimer  $Ven$TA$L$PI$$Fapi_serviceWatchdogTimer
   000177b4     000177d0     000177ac   F021_API_CortexR4_BE_V3D16.lib : Read.WdService.obj (.text:_Fapi_checkWdService)

[1 trampolines]
[1 trampoline calls]


GLOBAL SYMBOLS: SORTED ALPHABETICALLY BY Name 

address   name                                    
-------   ----                                    
00015e64  ADS1018Adcread                          
080016f0  ADS1018Data                             
080019e8  AciSonuc                                
080019a0  AcilStopON                              
080019a4  AlignmentAuto                           
0800199e  AlignmentAutoState                      
080019a3  AlignmentLeft                           
0800199d  AlignmentLeftState                      
080019a2  AlignmentRight                          
0800199c  AlignmentRightState                     
00008ca8  AlignmentValfLeftStatusGet              
00005b44  AllPowerSwitchSTatusGet                 
080017cc  Amount                                  
00005c0c  AngleToValue                            
080019f0  AngleValue                              
080017ce  AttractiveLeftSensorAndCamelNeck        
0800199b  AutoAligmentState                       
0800199f  AutoHizalama                            
080016f8  AutomaticAligmentDone                   
080017d0  Average                                 
08001700  BackSensorInoperative                   
08001788  BlockOffset                             
00005b30  Bottom1PowerSwitchStatusGet             
000177c5  C$$EXIT                                 
08001a28  CS_PIN                                  
08001708  CalibrationCancel                       
080019b3  CalibrationDone                         
08001710  CalibrationFailure                      
08001718  CalibrationFinalSettings                
08001720  CalibrationFirstTemprorySettings        
08001728  CalibrationSecondTemprorySettings       
08001730  Calibrationbegin                        
0800178c  CamelneckHomeTemporary                  
08001790  CamelneckLeftAngleTemporary             
08001794  CamelneckNumberTemporary                
080019c0  CamelneckNumberValue                    
08001798  CamelneckRightAngleTemporary            
00005ed4  CanRedHighLow                           
00005e80  CanYellowHighLow                        
00008498  CommandCheck                            
00007888  ControlLeds                             
080019ec  DegerSonuc                              
00019850  Device_FlashDevice                      
08001738  EmergencyStopActive                     
00017601  Fapi_calculateFletcherChecksum          
0001715d  Fapi_doBlankCheck                       
00017285  Fapi_enableEepromBankSectors            
000176ef  Fapi_flushPipeline                      
00017769  Fapi_getNumberOfBankSectors             
00016599  Fapi_initializeFlashBanks               
0001749d  Fapi_isAddressEcc                       
000176c5  Fapi_issueAsyncCommand                  
00017639  Fapi_issueAsyncCommandWithAddress       
000177b4  Fapi_serviceWatchdogTimer               
000167f9  Fapi_setActiveFlashBank                 
00017669  Fapi_waitDelay                          
00019a00  Fee_BlockConfiguration                  
000199f4  Fee_VirtualSectorConfiguration          
08001740  FifthWheelAnglePositioneLeft            
08001748  FifthWheelAnglePositioneRight           
0800179c  FifthWheelHomeTemporary                 
080017a0  FifthWheelLeftAngleTemporary            
080017a4  FifthWheelNumberTemporary               
080019bc  FifthWheelNumberValue                   
080017a8  FifthWheelRightAngleTemporary           
08001750  FrontSensorInoperative                  
08001758  Fullautomaticled                        
080019b7  Fullautomaticmode                       
080019f6  GIO_ALIGNMENT_VALF_LEFT_STATUS          
080019f4  GIO_OIL_PUMP_PIN_STATUS                 
0001555c  GetDate                                 
00015370  GetRegister                             
0001548c  Getdays                                 
00015458  Gethours                                
00015424  Getminutes                              
000154f4  Getmonths                               
000153ec  Getseconds                              
000154c0  Getweekdays                             
00015528  Getyears                                
0000583c  HardwareInit                            
00005c74  HedefAci                                
080019aa  ISS                                     
0800199a  ISSActiveState                          
0000662c  ISSCheck                                
08001760  ISSSingalActive                         
00005bc0  InputInit                               
00013a74  IsdwdKeySequenceCorrect                 
00005ae8  Left2PowerSwitchStatusGet               
00005a60  Left4PowerSwitchStatusGet               
080017ac  Length                                  
00014d64  MCP_Init                                
00014af0  MCP_PinMode                             
00014b88  MCP_PinOutput                           
00014c98  MCP_PortRead                            
00014c74  MCP_PortinputInvert                     
00014c50  MCP_PortpullupMode                      
00014cfc  MCP_pinRead                             
00005b5c  MCUADCread                              
08001768  ModeSelectDelay                         
00005948  OutputInit                              
00014acc  PortMode                                
08001998  PumpSlaveBtn                            
080019c5  PumpState                               
0000581c  RTIInit                                 
08001500  RX_DATA                                 
00015dcc  Register2write                          
00005b0c  Right2PowerSwitchStatusGet              
00005aa4  Right4PowerSwitchStatusGet              
UNDEFED   SHT$$INIT_ARRAY$$Base                   
UNDEFED   SHT$$INIT_ARRAY$$Limit                  
00005894  SPIADS1018Init                          
0000585c  SPIMCPInit                              
000058c8  SPIPCA2129Init                          
000058fc  SPISST25PF040CInit                      
08001a29  SPI_PORT_NUMBER                         
00005930  SPIdevicesinit                          
08001770  Semiautomaticled                        
080019b8  Semiautomaticmode                       
000155bc  SetDate                                 
080019a8  SetMode                                 
00015308  SetRegister                             
000154a0  Setdays                                 
0001546c  Sethours                                
00015438  Setminutes                              
00015508  Setmonths                               
00015400  Setseconds                              
000154d4  Setweekdays                             
0001553c  Setyears                                
080016d0  SpecialRamBlock                         
0000dcd4  SpiRxStatus                             
0000dc48  SpiTxStatus                             
080017d2  Status                                  
080019a9  StopMode                                
080019b0  StopModeState                           
080019a1  SysActive                               
080019b4  SystemActiveCaliber                     
00000af4  TI_FeeInternal_AlignAddressForECC       
00001188  TI_FeeInternal_BlankCheck               
00004f34  TI_FeeInternal_CheckForError            
00002a54  TI_FeeInternal_CheckModuleState         
00002ab4  TI_FeeInternal_CheckReadParameters      
000056cc  TI_FeeInternal_EnableRequiredFlashSector
00003044  TI_FeeInternal_FeeManager               
00000ec4  TI_FeeInternal_FindNextVirtualSector    
000050b4  TI_FeeInternal_Fletcher16               
00001d24  TI_FeeInternal_GetArrayIndex            
00001c68  TI_FeeInternal_GetBlockIndex            
00001c2c  TI_FeeInternal_GetBlockNumber           
00000e84  TI_FeeInternal_GetBlockSize             
00002be4  TI_FeeInternal_GetCurrentBlockAddress   
00001ce8  TI_FeeInternal_GetDataSetIndex          
00002ce8  TI_FeeInternal_GetNextFlashAddress      
00001a50  TI_FeeInternal_GetVirtualSectorIndex    
00000020  TI_FeeInternal_GetVirtualSectorParameter
00004b14  TI_FeeInternal_InvalidateErase          
00000e08  TI_FeeInternal_PollFlashStatus          
00002d38  TI_FeeInternal_SanityCheck              
00002f28  TI_FeeInternal_SetClearCopyBlockState   
00004dc4  TI_FeeInternal_StartProgramBlock        
00001e90  TI_FeeInternal_UpdateBlockOffsetArray   
000044bc  TI_FeeInternal_WriteBlockHeader         
00000664  TI_FeeInternal_WriteDataF021            
00000b2c  TI_FeeInternal_WriteInitialize          
0000481c  TI_FeeInternal_WritePreviousBlockHeader 
000001b8  TI_FeeInternal_WriteVirtualSectorHeader 
000051e0  TI_Fee_ErrorRecovery                    
080018ec  TI_Fee_FapiInitCalled                   
00018c38  TI_Fee_Format                           
00004ec8  TI_Fee_GetStatus                        
080017f8  TI_Fee_GlobalVariables                  
0000bb04  TI_Fee_Init                             
0000e3e8  TI_Fee_MainFunction                     
00018490  TI_Fee_Read                             
000054bc  TI_Fee_SuspendResumeErase               
000177d8  TI_Fee_WriteAsync                       
080018d5  TI_Fee_bEraseSuspended                  
080018d6  TI_Fee_bIsMainFunctionCalled            
080018d8  TI_Fee_oStatusWord                      
080018d0  TI_Fee_u32ActCpyVS                      
080018c8  TI_Fee_u32BlockEraseCount               
080018c4  TI_Fee_u32FletcherChecksum              
080018c0  TI_Fee_u8DataSets                       
080018cc  TI_Fee_u8DeviceIndex                    
080018d4  TI_Fee_u8ErrEraseVS                     
080018dc  TI_FlashStatusWord                      
080017d4  VN5T006ASPTRE_BOTTOM_CS1_VAL            
080017d6  VNQ5050KTRE_LEFT_1CS1_VAL               
080017d8  VNQ5050KTRE_LEFT_1CS2_VAL               
080017da  VNQ5050KTRE_LEFT_1STAT1_VAL             
080017dc  VNQ5050KTRE_LEFT_1STAT2_VAL             
080017de  VNQ5050KTRE_LEFT_1STAT3_VAL             
080017e0  VNQ5050KTRE_LEFT_1STAT4_VAL             
080017e2  VNQ5050KTRE_RIGHT_2CS1_VAL              
080017e4  VNQ5050KTRE_RIGHT_2CS2_VAL              
080017e6  VNQ5050KTRE_RIGHT_2STAT1_VAL            
080017e8  VNQ5050KTRE_RIGHT_2STAT2_VAL            
080017ea  VNQ5050KTRE_RIGHT_2STAT3_VAL            
080017ec  VNQ5050KTRE_RIGHT_2STAT4_VAL            
00005c3c  ValueToAngle                            
08001778  VehicleInRoute                          
0001753d  _Fapi_EnableSectors                     
000177a7  _Fapi_checkWdService                    
000175c5  _Fapi_issueFsmCommand                   
000173eb  _Fapi_loopRegionForValue                
00017699  _Fapi_readDword                         
00019a68  __TI_CINIT_Base                         
00019a80  __TI_CINIT_Limit                        
00019a44  __TI_Handler_Table_Base                 
00019a50  __TI_Handler_Table_Limit                
00015d6c  __TI_PINIT_Base                         
00015d70  __TI_PINIT_Limit                        
00017581  __TI_auto_init_nobinit_nopinit          
0001737f  __TI_decompress_lzss                    
00017799  __TI_decompress_none                    
ffffffff  __TI_pprof_out_hndl                     
ffffffff  __TI_prof_data_size                     
ffffffff  __TI_prof_data_start                    
00000000  __TI_static_base__                      
0001774b  __TI_zero_init_nomemset                 
000177bd  __aeabi_errno_addr                      
00017448  __aeabi_idiv                            
00017637  __aeabi_idiv0                           
00017448  __aeabi_idivmod                         
00017637  __aeabi_ldiv0                           
00017305  __aeabi_memclr                          
00017305  __aeabi_memclr4                         
00017305  __aeabi_memclr8                         
000170c1  __aeabi_memcpy                          
000170c1  __aeabi_memcpy4                         
000170c1  __aeabi_memcpy8                         
00017307  __aeabi_memset                          
00017307  __aeabi_memset4                         
00017307  __aeabi_memset8                         
000174ec  __aeabi_uidiv                           
000174ec  __aeabi_uidivmod                        
ffffffff  __binit__                               
ffffffff  __c_args__                              
00016f65  __kernel_cos                            
00013d45  __kernel_rem_pio2                       
00017019  __kernel_sin                            
00016334  _c_int00                                
00015c84  _coreClearAuxiliaryDataFault_           
00015c98  _coreClearAuxiliaryInstructionFault_    
00015c5c  _coreClearDataFaultAddress_             
00015c34  _coreClearDataFault_                    
00015c70  _coreClearInstructionFaultAddress_      
00015c48  _coreClearInstructionFault_             
00015bc8  _coreDisableEventBusExport_             
00015c0c  _coreDisableFlashEcc_                   
00015be8  _coreDisableRamEcc_                     
00015bb8  _coreEnableEventBusExport_              
00015bf8  _coreEnableFlashEcc_                    
00015c1c  _coreEnableIrqVicOffset_                
00015bd8  _coreEnableRamEcc_                      
00015ba0  _coreEnableVfp_                         
00015c7c  _coreGetAuxiliaryDataFault_             
00015c90  _coreGetAuxiliaryInstructionFault_      
00015c54  _coreGetDataFaultAddress_               
00015c2c  _coreGetDataFault_                      
00015c68  _coreGetInstructionFaultAddress_        
00015c40  _coreGetInstructionFault_               
00015a28  _coreInitRegisters_                     
00015b34  _coreInitStackPointer_                  
00016cbc  _dabort                                 
00015cac  _disable_FIQ_interrupt_                 
00015cb4  _disable_IRQ_interrupt_                 
00015ca4  _disable_interrupt_                     
00015cbc  _enable_interrupt_                      
00015d4c  _errata_CORTEXR4_57_                    
00015d5c  _errata_CORTEXR4_66_                    
000130a4  _errata_SSWF021_45_both_plls            
00013298  _errata_SSWF021_45_pll1                 
00013410  _errata_SSWF021_45_pll2                 
00015cc4  _esmCcmErrorsClear_                     
00015b80  _getCPSRValue_                          
00015b88  _gotoCPUIdle_                           
08001a24  _invertCache                            
08001a18  _modeCache                              
08001a1c  _outputCache                            
00016ee0  _pmuDisableCountersGlobal_              
00016ed0  _pmuEnableCountersGlobal_               
00016f3c  _pmuGetCycleCount_                      
00016f44  _pmuGetEventCount_                      
00016f50  _pmuGetOverflow_                        
00016e84  _pmuInit_                               
00016f10  _pmuResetCounters_                      
00016ef0  _pmuResetCycleCounter_                  
00016f00  _pmuResetEventCounters_                 
00016f30  _pmuSetCountEvent_                      
00016f20  _pmuStartCounters_                      
00016f28  _pmuStopCounters_                       
08001a20  _pullupCache                            
00017779  _scaleEEFclk                            
00017789  _scaleMainFclk                          
UNDEFED   _system_post_cinit                      
000177c5  abort                                   
0001083c  adc1GetConfigValue                      
0000a2b8  adc1ParityCheck                         
0000a3a4  adc2ParityCheck                         
00010418  adcCalibration                          
000107dc  adcDisableNotification                  
0001078c  adcEnableNotification                   
000101f0  adcGetData                              
00010824  adcGetEVTPin                            
0000ffc0  adcInit                                 
000103e8  adcIsConversionComplete                 
000103b8  adcIsFifoFull                           
000105f0  adcMidPointCalibration                  
000169dc  adcNotification                         
000101c8  adcResetFiFo                            
00010804  adcSetEVTPin                            
0001011c  adcStartConversion                      
000101a0  adcStopConversion                       
080015c8  adc_data                                
080017ee  adc_samplecounter                       
080019e4  adress_value                            
080017f4  aligment_buf                            
080019c4  aligment_set_level                      
080019ac  auto_aligment                           
000152c4  bcdToDec                                
080017b0  beginTime                               
ffffffff  binit                                   
00014a74  byteWrite                               
0000fdf4  can1GetConfigValue                      
0000a45c  can1ParityCheck                         
0000a534  can2ParityCheck                         
0000fc94  canDisableErrorNotification             
0000fc74  canDisableStatusChangeNotification      
0000fcec  canDisableloopback                      
0000fc34  canEnableErrorNotification              
0000fc54  canEnableStatusChangeNotification       
0000fcb4  canEnableloopback                       
000169f0  canErrorNotification                    
0000f9dc  canFillMessageObjectData                
0000f704  canGetData                              
0000fc10  canGetErrorLevel                        
0000f85c  canGetID                                
0000fbec  canGetLastError                         
0000f4c8  canInit                                 
0000fdd8  canIoRxGetBit                           
0000fd1c  canIoSetDirection                       
0000fd6c  canIoSetPort                            
0000fdbc  canIoTxGetBit                           
0000fb90  canIsMessageBoxValid                    
0000fb34  canIsRxMessageArrived                   
0000fad8  canIsTxMessagePending                   
00005f34  canMessageCheck                         
00016a18  canMessageNotification                  
0000f93c  canSendRemoteFrame                      
080017f0  canSensorData                           
00016a04  canStatusChangeNotification             
0000f608  canTransmit                             
0000f8c4  canUpdateID                             
08001a40  can_rx_data                             
08001780  can_tx_data                             
000125e0  capGetSignal                            
0000907c  ccmSelfCheck                            
0000b4a0  ccmr4GetConfigValue                     
080019c8  ch_count                                
00009984  checkB0RAMECC                           
00009b74  checkB1RAMECC                           
0000aa9c  checkClockMonitor                       
00009d64  checkFlashECC                           
0000ab64  checkFlashEEPROMECC                     
0000acf8  checkPLL1Slip                           
00008ef8  checkPackets                            
0000adfc  checkRAMAddrParity                      
0000a84c  checkRAMECC                             
0000af10  checkRAMUERRTest                        
00009808  checkefcSelfTest                        
00006abc  commandButtonscheck                     
00017711  copysign                                
00017711  copysignl                               
00009280  cpuSelfTest                             
00009e48  cpuSelfTestFail                         
08001a36  currentStep                             
000114bc  customTrimLPO                           
00009e40  custom_dabort                           
080017b4  dataconfig1_t                           
080017b8  dataconfig2_t                           
080017bc  dataconfig3_t                           
080017c0  dataconfig4_t                           
00015290  decToBcd                                
000057f0  delay                                   
00008bc0  delaymode                               
0000b908  disableParity                           
00016aa4  dmaGroupANotification                   
00009ef8  dmaParityCheck                          
00013adc  dwdClearFlag                            
00013a10  dwdCounterEnable                        
00013a58  dwdGenerateSysReset                     
00013aa8  dwdGetStatus                            
00013aec  dwdGetViolationStatus                   
00013994  dwdInit                                 
00013a3c  dwdReset                                
00013a20  dwdSetPreload                           
00013a04  dwwdGetCurrentDownCounter               
000139bc  dwwdInit                                
000125a0  edgeDisableNotification                 
00012564  edgeEnableNotification                  
00012538  edgeGetCounter                          
00016a7c  edgeNotification                        
0001250c  edgeResetCounter                        
00005dd8  eepromRead                              
080019f8  eeprom_read_data                        
080016e0  eeprom_write_data                       
000096ac  efcCheck                                
0000b408  efcGetConfigValue                       
000097e0  efcSelfTest                             
00009734  efcStuckZeroTest                        
080019ab  emergency_stop                          
0000b88c  enableParity                            
00005cb0  epromWrite                              
0000b520  errata_PBIST_4                          
08001994  errno                                   
080019e0  error                                   
000144cc  esmActivateNormalOperation              
000145a0  esmClearStatus                          
000145e0  esmClearStatusBuffer                    
00014494  esmDisableError                         
00014504  esmDisableInterrupt                     
0001446c  esmEnableError                          
000144dc  esmEnableInterrupt                      
000146d8  esmEnterSelfTest                        
00014450  esmError                                
000147b0  esmGetConfigValue                       
0001461c  esmGetStatus                            
000146a0  esmGetStatusBuffer                      
00016974  esmGroup1Notification                   
00016984  esmGroup2Notification                   
00016ab8  esmHighInterrupt                        
00014348  esmInit                                 
00014760  esmSelfTestStatus                       
000145fc  esmSetCounterPreloadValue               
0001452c  esmSetInterruptLevel                    
000144bc  esmTriggerErrorPinReset                 
08001a35  failStep                                
00016da5  floor                                   
00016da5  floorl                                  
0000b080  fmcBus1ParityCheck                      
000098a8  fmcBus2Check                            
000098e4  fmcECCcheck                             
00006f18  fullAutomaticAligmentCommandsCheck      
00008a9c  fullAutomaticAutoAlignmentProcess       
00006780  fullAutomaticPumpCheck                  
00008940  fullAutomaticStandBymode                
080019a5  fullPumpState                           
080019b1  full_Automatic_AutoAlignment            
080019b2  full_Automatic_Set_Aligment             
08001a30  functiontodo                            
0000665c  getSensorAndCamelNeckValue              
00015024  gioDisableNotification                  
00014fbc  gioEnableNotification                   
00014f24  gioGetBit                               
0001508c  gioGetConfigValue                       
00014f4c  gioGetPort                              
00014dc4  gioInit                                 
00016a2c  gioNotification                         
00014eb4  gioSetBit                               
00014e94  gioSetDirection                         
00014f04  gioSetPort                              
00014f64  gioToggleBit                            
080017f2  global_counter                          
000177cc  handlePLLLockFail                       
000126ec  het1GetConfigValue                      
00009fa4  het1ParityCheck                         
0000a10c  het2ParityCheck                         
000126d4  hetGetTimestamp                         
00011fd4  hetInit                                 
00016a90  hetNotification                         
000126b8  hetResetTimestamp                       
0000a050  htu1ParityCheck                         
0000a208  htu2ParityCheck                         
080019d0  id                                      
00016bcd  ldexp                                   
00016bcd  ldexpl                                  
080019ad  left_aligment                           
00008d50  main                                    
00010c04  mapClocks                               
000170c1  memcpy                                  
000091c0  memoryInit                              
00016994  memoryPort0TestFailNotification         
000169b0  memoryPort1TestFailNotification         
0001730d  memset                                  
0000a5fc  mibspi1ParityCheck                      
0000a70c  mibspi3ParityCheck                      
080017c4  mode                                    
000084c4  modeWarning                             
000128c8  muxInit                                 
080019e6  oResult                                 
00008c24  oilPumpStatusGet                        
0000b19c  pbistFail                               
0000b220  pbistGetConfigValue                     
000095f4  pbistIsTestCompleted                    
00009620  pbistIsTestPassed                       
00009654  pbistPortTestStatus                     
000094f8  pbistRun                                
00009318  pbistSelfCheck                          
000095c4  pbistStop                               
00010bb0  periphInit                              
000177c8  phantomInterrupt                        
00012ca0  pinmuxGetConfigValue                    
000124dc  pwmDisableNotification                  
00012494  pwmEnableNotification                   
000123b4  pwmGetSignal                            
00016a64  pwmNotification                         
000120fc  pwmSetDuty                              
00012238  pwmSetSignal                            
00012094  pwmStart                                
000120c8  pwmStop                                 
08001a48  rcvId                                   
08001930  read_data                               
00000000  resetEntry                              
080019ae  right_aligment                          
000171f0  rtiCompare0Interrupt                    
00017238  rtiCompare1Interrupt                    
00013b9c  rtiDisableNotification                  
00013b74  rtiEnableNotification                   
00013bb8  rtiGetConfigValue                       
00013908  rtiGetCurrentTick                       
000138e0  rtiGetPeriod                            
00013708  rtiInit                                 
00008ec0  rtiNotification                         
00013854  rtiResetCounter                         
000138b8  rtiSetPeriod                            
000137fc  rtiStartCounter                         
00013828  rtiStopCounter                          
00016bcd  scalbn                                  
00016bcd  scalbnl                                 
0000906c  selftestFailNotification                
00008738  semiAutomaticAutoHizalamaProcess        
000088b0  semiAutomaticStandByMode                
08001999  semi_Automatic_AutoAlignment            
080017f5  sensorLeft                              
080017f6  sensorRight                             
0000683c  setAligmentProcess                      
00015d74  setStep                                 
080019af  set_aligment                            
00015248  set_bit                                 
080019a6  setcounter                              
00010b70  setupFlash                              
00010aac  setupPLL                                
00015639  sin                                     
00015639  sinl                                    
0000de0c  spi1GetConfigValue                      
0000df9c  spi2GetConfigValue                      
0000e188  spi3GetConfigValue                      
0000dd94  spiDisableLoopback                      
0000dde0  spiDisableNotification                  
0000dd60  spiEnableLoopback                       
0000ddb0  spiEnableNotification                   
00016a54  spiEndNotification                      
0000d6b0  spiGetData                              
0000d1e8  spiInit                                 
00016a40  spiNotification                         
0000d594  spiReceiveData                          
0000db08  spiSendAndGetData                       
0000d8d4  spiSendData                             
0000d574  spiSetFunctional                        
0000d9cc  spiTransmitAndReceiveData               
0000d7a8  spiTransmitData                         
00014904  spiWrite                                
00014980  spiWriteRead                            
00011380  sramGetConfigValue                      
0000b368  stcGetConfigValue                       
00009204  stcSelfCheck                            
00009e44  stcSelfCheckFail                        
08001a2c  step                                    
08001a34  subStep                                 
08001a37  successStep                             
000065fc  systemActiveCheck                       
00010df8  systemGetConfigValue                    
00010cfc  systemInit                              
00010dc8  systemPowerDown                         
000111d4  tcmflashGetConfigValue                  
080019b5  tick                                    
080019b6  tick2                                   
080017c8  timeOut                                 
00010afc  trimLPO                                 
080019d8  value                                   
00011654  vimChannelMap                           
000118c0  vimDisableInterrupt                     
000116f8  vimEnableInterrupt                      
0001196c  vimGetConfigValue                       
00011580  vimInit                                 
00009e4c  vimParityCheck                          
00016068  vimParityErrorHandler                   
00014a14  wordWrite                               


GLOBAL SYMBOLS: SORTED BY Symbol Address 

address   name                                    
-------   ----                                    
00000000  __TI_static_base__                      
00000000  resetEntry                              
00000020  TI_FeeInternal_GetVirtualSectorParameter
000001b8  TI_FeeInternal_WriteVirtualSectorHeader 
00000664  TI_FeeInternal_WriteDataF021            
00000af4  TI_FeeInternal_AlignAddressForECC       
00000b2c  TI_FeeInternal_WriteInitialize          
00000e08  TI_FeeInternal_PollFlashStatus          
00000e84  TI_FeeInternal_GetBlockSize             
00000ec4  TI_FeeInternal_FindNextVirtualSector    
00001188  TI_FeeInternal_BlankCheck               
00001a50  TI_FeeInternal_GetVirtualSectorIndex    
00001c2c  TI_FeeInternal_GetBlockNumber           
00001c68  TI_FeeInternal_GetBlockIndex            
00001ce8  TI_FeeInternal_GetDataSetIndex          
00001d24  TI_FeeInternal_GetArrayIndex            
00001e90  TI_FeeInternal_UpdateBlockOffsetArray   
00002a54  TI_FeeInternal_CheckModuleState         
00002ab4  TI_FeeInternal_CheckReadParameters      
00002be4  TI_FeeInternal_GetCurrentBlockAddress   
00002ce8  TI_FeeInternal_GetNextFlashAddress      
00002d38  TI_FeeInternal_SanityCheck              
00002f28  TI_FeeInternal_SetClearCopyBlockState   
00003044  TI_FeeInternal_FeeManager               
000044bc  TI_FeeInternal_WriteBlockHeader         
0000481c  TI_FeeInternal_WritePreviousBlockHeader 
00004b14  TI_FeeInternal_InvalidateErase          
00004dc4  TI_FeeInternal_StartProgramBlock        
00004ec8  TI_Fee_GetStatus                        
00004f34  TI_FeeInternal_CheckForError            
000050b4  TI_FeeInternal_Fletcher16               
000051e0  TI_Fee_ErrorRecovery                    
000054bc  TI_Fee_SuspendResumeErase               
000056cc  TI_FeeInternal_EnableRequiredFlashSector
000057f0  delay                                   
0000581c  RTIInit                                 
0000583c  HardwareInit                            
0000585c  SPIMCPInit                              
00005894  SPIADS1018Init                          
000058c8  SPIPCA2129Init                          
000058fc  SPISST25PF040CInit                      
00005930  SPIdevicesinit                          
00005948  OutputInit                              
00005a60  Left4PowerSwitchStatusGet               
00005aa4  Right4PowerSwitchStatusGet              
00005ae8  Left2PowerSwitchStatusGet               
00005b0c  Right2PowerSwitchStatusGet              
00005b30  Bottom1PowerSwitchStatusGet             
00005b44  AllPowerSwitchSTatusGet                 
00005b5c  MCUADCread                              
00005bc0  InputInit                               
00005c0c  AngleToValue                            
00005c3c  ValueToAngle                            
00005c74  HedefAci                                
00005cb0  epromWrite                              
00005dd8  eepromRead                              
00005e80  CanYellowHighLow                        
00005ed4  CanRedHighLow                           
00005f34  canMessageCheck                         
000065fc  systemActiveCheck                       
0000662c  ISSCheck                                
0000665c  getSensorAndCamelNeckValue              
00006780  fullAutomaticPumpCheck                  
0000683c  setAligmentProcess                      
00006abc  commandButtonscheck                     
00006f18  fullAutomaticAligmentCommandsCheck      
00007888  ControlLeds                             
00008498  CommandCheck                            
000084c4  modeWarning                             
00008738  semiAutomaticAutoHizalamaProcess        
000088b0  semiAutomaticStandByMode                
00008940  fullAutomaticStandBymode                
00008a9c  fullAutomaticAutoAlignmentProcess       
00008bc0  delaymode                               
00008c24  oilPumpStatusGet                        
00008ca8  AlignmentValfLeftStatusGet              
00008d50  main                                    
00008ec0  rtiNotification                         
00008ef8  checkPackets                            
0000906c  selftestFailNotification                
0000907c  ccmSelfCheck                            
000091c0  memoryInit                              
00009204  stcSelfCheck                            
00009280  cpuSelfTest                             
00009318  pbistSelfCheck                          
000094f8  pbistRun                                
000095c4  pbistStop                               
000095f4  pbistIsTestCompleted                    
00009620  pbistIsTestPassed                       
00009654  pbistPortTestStatus                     
000096ac  efcCheck                                
00009734  efcStuckZeroTest                        
000097e0  efcSelfTest                             
00009808  checkefcSelfTest                        
000098a8  fmcBus2Check                            
000098e4  fmcECCcheck                             
00009984  checkB0RAMECC                           
00009b74  checkB1RAMECC                           
00009d64  checkFlashECC                           
00009e40  custom_dabort                           
00009e44  stcSelfCheckFail                        
00009e48  cpuSelfTestFail                         
00009e4c  vimParityCheck                          
00009ef8  dmaParityCheck                          
00009fa4  het1ParityCheck                         
0000a050  htu1ParityCheck                         
0000a10c  het2ParityCheck                         
0000a208  htu2ParityCheck                         
0000a2b8  adc1ParityCheck                         
0000a3a4  adc2ParityCheck                         
0000a45c  can1ParityCheck                         
0000a534  can2ParityCheck                         
0000a5fc  mibspi1ParityCheck                      
0000a70c  mibspi3ParityCheck                      
0000a84c  checkRAMECC                             
0000aa9c  checkClockMonitor                       
0000ab64  checkFlashEEPROMECC                     
0000acf8  checkPLL1Slip                           
0000adfc  checkRAMAddrParity                      
0000af10  checkRAMUERRTest                        
0000b080  fmcBus1ParityCheck                      
0000b19c  pbistFail                               
0000b220  pbistGetConfigValue                     
0000b368  stcGetConfigValue                       
0000b408  efcGetConfigValue                       
0000b4a0  ccmr4GetConfigValue                     
0000b520  errata_PBIST_4                          
0000b88c  enableParity                            
0000b908  disableParity                           
0000bb04  TI_Fee_Init                             
0000d1e8  spiInit                                 
0000d574  spiSetFunctional                        
0000d594  spiReceiveData                          
0000d6b0  spiGetData                              
0000d7a8  spiTransmitData                         
0000d8d4  spiSendData                             
0000d9cc  spiTransmitAndReceiveData               
0000db08  spiSendAndGetData                       
0000dc48  SpiTxStatus                             
0000dcd4  SpiRxStatus                             
0000dd60  spiEnableLoopback                       
0000dd94  spiDisableLoopback                      
0000ddb0  spiEnableNotification                   
0000dde0  spiDisableNotification                  
0000de0c  spi1GetConfigValue                      
0000df9c  spi2GetConfigValue                      
0000e188  spi3GetConfigValue                      
0000e3e8  TI_Fee_MainFunction                     
0000f4c8  canInit                                 
0000f608  canTransmit                             
0000f704  canGetData                              
0000f85c  canGetID                                
0000f8c4  canUpdateID                             
0000f93c  canSendRemoteFrame                      
0000f9dc  canFillMessageObjectData                
0000fad8  canIsTxMessagePending                   
0000fb34  canIsRxMessageArrived                   
0000fb90  canIsMessageBoxValid                    
0000fbec  canGetLastError                         
0000fc10  canGetErrorLevel                        
0000fc34  canEnableErrorNotification              
0000fc54  canEnableStatusChangeNotification       
0000fc74  canDisableStatusChangeNotification      
0000fc94  canDisableErrorNotification             
0000fcb4  canEnableloopback                       
0000fcec  canDisableloopback                      
0000fd1c  canIoSetDirection                       
0000fd6c  canIoSetPort                            
0000fdbc  canIoTxGetBit                           
0000fdd8  canIoRxGetBit                           
0000fdf4  can1GetConfigValue                      
0000ffc0  adcInit                                 
0001011c  adcStartConversion                      
000101a0  adcStopConversion                       
000101c8  adcResetFiFo                            
000101f0  adcGetData                              
000103b8  adcIsFifoFull                           
000103e8  adcIsConversionComplete                 
00010418  adcCalibration                          
000105f0  adcMidPointCalibration                  
0001078c  adcEnableNotification                   
000107dc  adcDisableNotification                  
00010804  adcSetEVTPin                            
00010824  adcGetEVTPin                            
0001083c  adc1GetConfigValue                      
00010aac  setupPLL                                
00010afc  trimLPO                                 
00010b70  setupFlash                              
00010bb0  periphInit                              
00010c04  mapClocks                               
00010cfc  systemInit                              
00010dc8  systemPowerDown                         
00010df8  systemGetConfigValue                    
000111d4  tcmflashGetConfigValue                  
00011380  sramGetConfigValue                      
000114bc  customTrimLPO                           
00011580  vimInit                                 
00011654  vimChannelMap                           
000116f8  vimEnableInterrupt                      
000118c0  vimDisableInterrupt                     
0001196c  vimGetConfigValue                       
00011fd4  hetInit                                 
00012094  pwmStart                                
000120c8  pwmStop                                 
000120fc  pwmSetDuty                              
00012238  pwmSetSignal                            
000123b4  pwmGetSignal                            
00012494  pwmEnableNotification                   
000124dc  pwmDisableNotification                  
0001250c  edgeResetCounter                        
00012538  edgeGetCounter                          
00012564  edgeEnableNotification                  
000125a0  edgeDisableNotification                 
000125e0  capGetSignal                            
000126b8  hetResetTimestamp                       
000126d4  hetGetTimestamp                         
000126ec  het1GetConfigValue                      
000128c8  muxInit                                 
00012ca0  pinmuxGetConfigValue                    
000130a4  _errata_SSWF021_45_both_plls            
00013298  _errata_SSWF021_45_pll1                 
00013410  _errata_SSWF021_45_pll2                 
00013708  rtiInit                                 
000137fc  rtiStartCounter                         
00013828  rtiStopCounter                          
00013854  rtiResetCounter                         
000138b8  rtiSetPeriod                            
000138e0  rtiGetPeriod                            
00013908  rtiGetCurrentTick                       
00013994  dwdInit                                 
000139bc  dwwdInit                                
00013a04  dwwdGetCurrentDownCounter               
00013a10  dwdCounterEnable                        
00013a20  dwdSetPreload                           
00013a3c  dwdReset                                
00013a58  dwdGenerateSysReset                     
00013a74  IsdwdKeySequenceCorrect                 
00013aa8  dwdGetStatus                            
00013adc  dwdClearFlag                            
00013aec  dwdGetViolationStatus                   
00013b74  rtiEnableNotification                   
00013b9c  rtiDisableNotification                  
00013bb8  rtiGetConfigValue                       
00013d45  __kernel_rem_pio2                       
00014348  esmInit                                 
00014450  esmError                                
0001446c  esmEnableError                          
00014494  esmDisableError                         
000144bc  esmTriggerErrorPinReset                 
000144cc  esmActivateNormalOperation              
000144dc  esmEnableInterrupt                      
00014504  esmDisableInterrupt                     
0001452c  esmSetInterruptLevel                    
000145a0  esmClearStatus                          
000145e0  esmClearStatusBuffer                    
000145fc  esmSetCounterPreloadValue               
0001461c  esmGetStatus                            
000146a0  esmGetStatusBuffer                      
000146d8  esmEnterSelfTest                        
00014760  esmSelfTestStatus                       
000147b0  esmGetConfigValue                       
00014904  spiWrite                                
00014980  spiWriteRead                            
00014a14  wordWrite                               
00014a74  byteWrite                               
00014acc  PortMode                                
00014af0  MCP_PinMode                             
00014b88  MCP_PinOutput                           
00014c50  MCP_PortpullupMode                      
00014c74  MCP_PortinputInvert                     
00014c98  MCP_PortRead                            
00014cfc  MCP_pinRead                             
00014d64  MCP_Init                                
00014dc4  gioInit                                 
00014e94  gioSetDirection                         
00014eb4  gioSetBit                               
00014f04  gioSetPort                              
00014f24  gioGetBit                               
00014f4c  gioGetPort                              
00014f64  gioToggleBit                            
00014fbc  gioEnableNotification                   
00015024  gioDisableNotification                  
0001508c  gioGetConfigValue                       
00015248  set_bit                                 
00015290  decToBcd                                
000152c4  bcdToDec                                
00015308  SetRegister                             
00015370  GetRegister                             
000153ec  Getseconds                              
00015400  Setseconds                              
00015424  Getminutes                              
00015438  Setminutes                              
00015458  Gethours                                
0001546c  Sethours                                
0001548c  Getdays                                 
000154a0  Setdays                                 
000154c0  Getweekdays                             
000154d4  Setweekdays                             
000154f4  Getmonths                               
00015508  Setmonths                               
00015528  Getyears                                
0001553c  Setyears                                
0001555c  GetDate                                 
000155bc  SetDate                                 
00015639  sin                                     
00015639  sinl                                    
00015a28  _coreInitRegisters_                     
00015b34  _coreInitStackPointer_                  
00015b80  _getCPSRValue_                          
00015b88  _gotoCPUIdle_                           
00015ba0  _coreEnableVfp_                         
00015bb8  _coreEnableEventBusExport_              
00015bc8  _coreDisableEventBusExport_             
00015bd8  _coreEnableRamEcc_                      
00015be8  _coreDisableRamEcc_                     
00015bf8  _coreEnableFlashEcc_                    
00015c0c  _coreDisableFlashEcc_                   
00015c1c  _coreEnableIrqVicOffset_                
00015c2c  _coreGetDataFault_                      
00015c34  _coreClearDataFault_                    
00015c40  _coreGetInstructionFault_               
00015c48  _coreClearInstructionFault_             
00015c54  _coreGetDataFaultAddress_               
00015c5c  _coreClearDataFaultAddress_             
00015c68  _coreGetInstructionFaultAddress_        
00015c70  _coreClearInstructionFaultAddress_      
00015c7c  _coreGetAuxiliaryDataFault_             
00015c84  _coreClearAuxiliaryDataFault_           
00015c90  _coreGetAuxiliaryInstructionFault_      
00015c98  _coreClearAuxiliaryInstructionFault_    
00015ca4  _disable_interrupt_                     
00015cac  _disable_FIQ_interrupt_                 
00015cb4  _disable_IRQ_interrupt_                 
00015cbc  _enable_interrupt_                      
00015cc4  _esmCcmErrorsClear_                     
00015d4c  _errata_CORTEXR4_57_                    
00015d5c  _errata_CORTEXR4_66_                    
00015d6c  __TI_PINIT_Base                         
00015d70  __TI_PINIT_Limit                        
00015d74  setStep                                 
00015dcc  Register2write                          
00015e64  ADS1018Adcread                          
00016068  vimParityErrorHandler                   
00016334  _c_int00                                
00016599  Fapi_initializeFlashBanks               
000167f9  Fapi_setActiveFlashBank                 
00016974  esmGroup1Notification                   
00016984  esmGroup2Notification                   
00016994  memoryPort0TestFailNotification         
000169b0  memoryPort1TestFailNotification         
000169dc  adcNotification                         
000169f0  canErrorNotification                    
00016a04  canStatusChangeNotification             
00016a18  canMessageNotification                  
00016a2c  gioNotification                         
00016a40  spiNotification                         
00016a54  spiEndNotification                      
00016a64  pwmNotification                         
00016a7c  edgeNotification                        
00016a90  hetNotification                         
00016aa4  dmaGroupANotification                   
00016ab8  esmHighInterrupt                        
00016bcd  ldexp                                   
00016bcd  ldexpl                                  
00016bcd  scalbn                                  
00016bcd  scalbnl                                 
00016cbc  _dabort                                 
00016da5  floor                                   
00016da5  floorl                                  
00016e84  _pmuInit_                               
00016ed0  _pmuEnableCountersGlobal_               
00016ee0  _pmuDisableCountersGlobal_              
00016ef0  _pmuResetCycleCounter_                  
00016f00  _pmuResetEventCounters_                 
00016f10  _pmuResetCounters_                      
00016f20  _pmuStartCounters_                      
00016f28  _pmuStopCounters_                       
00016f30  _pmuSetCountEvent_                      
00016f3c  _pmuGetCycleCount_                      
00016f44  _pmuGetEventCount_                      
00016f50  _pmuGetOverflow_                        
00016f65  __kernel_cos                            
00017019  __kernel_sin                            
000170c1  __aeabi_memcpy                          
000170c1  __aeabi_memcpy4                         
000170c1  __aeabi_memcpy8                         
000170c1  memcpy                                  
0001715d  Fapi_doBlankCheck                       
000171f0  rtiCompare0Interrupt                    
00017238  rtiCompare1Interrupt                    
00017285  Fapi_enableEepromBankSectors            
00017305  __aeabi_memclr                          
00017305  __aeabi_memclr4                         
00017305  __aeabi_memclr8                         
00017307  __aeabi_memset                          
00017307  __aeabi_memset4                         
00017307  __aeabi_memset8                         
0001730d  memset                                  
0001737f  __TI_decompress_lzss                    
000173eb  _Fapi_loopRegionForValue                
00017448  __aeabi_idiv                            
00017448  __aeabi_idivmod                         
0001749d  Fapi_isAddressEcc                       
000174ec  __aeabi_uidiv                           
000174ec  __aeabi_uidivmod                        
0001753d  _Fapi_EnableSectors                     
00017581  __TI_auto_init_nobinit_nopinit          
000175c5  _Fapi_issueFsmCommand                   
00017601  Fapi_calculateFletcherChecksum          
00017637  __aeabi_idiv0                           
00017637  __aeabi_ldiv0                           
00017639  Fapi_issueAsyncCommandWithAddress       
00017669  Fapi_waitDelay                          
00017699  _Fapi_readDword                         
000176c5  Fapi_issueAsyncCommand                  
000176ef  Fapi_flushPipeline                      
00017711  copysign                                
00017711  copysignl                               
0001774b  __TI_zero_init_nomemset                 
00017769  Fapi_getNumberOfBankSectors             
00017779  _scaleEEFclk                            
00017789  _scaleMainFclk                          
00017799  __TI_decompress_none                    
000177a7  _Fapi_checkWdService                    
000177b4  Fapi_serviceWatchdogTimer               
000177bd  __aeabi_errno_addr                      
000177c5  C$$EXIT                                 
000177c5  abort                                   
000177c8  phantomInterrupt                        
000177cc  handlePLLLockFail                       
000177d8  TI_Fee_WriteAsync                       
00018490  TI_Fee_Read                             
00018c38  TI_Fee_Format                           
00019850  Device_FlashDevice                      
000199f4  Fee_VirtualSectorConfiguration          
00019a00  Fee_BlockConfiguration                  
00019a44  __TI_Handler_Table_Base                 
00019a50  __TI_Handler_Table_Limit                
00019a68  __TI_CINIT_Base                         
00019a80  __TI_CINIT_Limit                        
08001500  RX_DATA                                 
080015c8  adc_data                                
080016d0  SpecialRamBlock                         
080016e0  eeprom_write_data                       
080016f0  ADS1018Data                             
080016f8  AutomaticAligmentDone                   
08001700  BackSensorInoperative                   
08001708  CalibrationCancel                       
08001710  CalibrationFailure                      
08001718  CalibrationFinalSettings                
08001720  CalibrationFirstTemprorySettings        
08001728  CalibrationSecondTemprorySettings       
08001730  Calibrationbegin                        
08001738  EmergencyStopActive                     
08001740  FifthWheelAnglePositioneLeft            
08001748  FifthWheelAnglePositioneRight           
08001750  FrontSensorInoperative                  
08001758  Fullautomaticled                        
08001760  ISSSingalActive                         
08001768  ModeSelectDelay                         
08001770  Semiautomaticled                        
08001778  VehicleInRoute                          
08001780  can_tx_data                             
08001788  BlockOffset                             
0800178c  CamelneckHomeTemporary                  
08001790  CamelneckLeftAngleTemporary             
08001794  CamelneckNumberTemporary                
08001798  CamelneckRightAngleTemporary            
0800179c  FifthWheelHomeTemporary                 
080017a0  FifthWheelLeftAngleTemporary            
080017a4  FifthWheelNumberTemporary               
080017a8  FifthWheelRightAngleTemporary           
080017ac  Length                                  
080017b0  beginTime                               
080017b4  dataconfig1_t                           
080017b8  dataconfig2_t                           
080017bc  dataconfig3_t                           
080017c0  dataconfig4_t                           
080017c4  mode                                    
080017c8  timeOut                                 
080017cc  Amount                                  
080017ce  AttractiveLeftSensorAndCamelNeck        
080017d0  Average                                 
080017d2  Status                                  
080017d4  VN5T006ASPTRE_BOTTOM_CS1_VAL            
080017d6  VNQ5050KTRE_LEFT_1CS1_VAL               
080017d8  VNQ5050KTRE_LEFT_1CS2_VAL               
080017da  VNQ5050KTRE_LEFT_1STAT1_VAL             
080017dc  VNQ5050KTRE_LEFT_1STAT2_VAL             
080017de  VNQ5050KTRE_LEFT_1STAT3_VAL             
080017e0  VNQ5050KTRE_LEFT_1STAT4_VAL             
080017e2  VNQ5050KTRE_RIGHT_2CS1_VAL              
080017e4  VNQ5050KTRE_RIGHT_2CS2_VAL              
080017e6  VNQ5050KTRE_RIGHT_2STAT1_VAL            
080017e8  VNQ5050KTRE_RIGHT_2STAT2_VAL            
080017ea  VNQ5050KTRE_RIGHT_2STAT3_VAL            
080017ec  VNQ5050KTRE_RIGHT_2STAT4_VAL            
080017ee  adc_samplecounter                       
080017f0  canSensorData                           
080017f2  global_counter                          
080017f4  aligment_buf                            
080017f5  sensorLeft                              
080017f6  sensorRight                             
080017f8  TI_Fee_GlobalVariables                  
080018c0  TI_Fee_u8DataSets                       
080018c4  TI_Fee_u32FletcherChecksum              
080018c8  TI_Fee_u32BlockEraseCount               
080018cc  TI_Fee_u8DeviceIndex                    
080018d0  TI_Fee_u32ActCpyVS                      
080018d4  TI_Fee_u8ErrEraseVS                     
080018d5  TI_Fee_bEraseSuspended                  
080018d6  TI_Fee_bIsMainFunctionCalled            
080018d8  TI_Fee_oStatusWord                      
080018dc  TI_FlashStatusWord                      
080018ec  TI_Fee_FapiInitCalled                   
08001930  read_data                               
08001994  errno                                   
08001998  PumpSlaveBtn                            
08001999  semi_Automatic_AutoAlignment            
0800199a  ISSActiveState                          
0800199b  AutoAligmentState                       
0800199c  AlignmentRightState                     
0800199d  AlignmentLeftState                      
0800199e  AlignmentAutoState                      
0800199f  AutoHizalama                            
080019a0  AcilStopON                              
080019a1  SysActive                               
080019a2  AlignmentRight                          
080019a3  AlignmentLeft                           
080019a4  AlignmentAuto                           
080019a5  fullPumpState                           
080019a6  setcounter                              
080019a8  SetMode                                 
080019a9  StopMode                                
080019aa  ISS                                     
080019ab  emergency_stop                          
080019ac  auto_aligment                           
080019ad  left_aligment                           
080019ae  right_aligment                          
080019af  set_aligment                            
080019b0  StopModeState                           
080019b1  full_Automatic_AutoAlignment            
080019b2  full_Automatic_Set_Aligment             
080019b3  CalibrationDone                         
080019b4  SystemActiveCaliber                     
080019b5  tick                                    
080019b6  tick2                                   
080019b7  Fullautomaticmode                       
080019b8  Semiautomaticmode                       
080019bc  FifthWheelNumberValue                   
080019c0  CamelneckNumberValue                    
080019c4  aligment_set_level                      
080019c5  PumpState                               
080019c8  ch_count                                
080019d0  id                                      
080019d8  value                                   
080019e0  error                                   
080019e4  adress_value                            
080019e6  oResult                                 
080019e8  AciSonuc                                
080019ec  DegerSonuc                              
080019f0  AngleValue                              
080019f4  GIO_OIL_PUMP_PIN_STATUS                 
080019f6  GIO_ALIGNMENT_VALF_LEFT_STATUS          
080019f8  eeprom_read_data                        
08001a18  _modeCache                              
08001a1c  _outputCache                            
08001a20  _pullupCache                            
08001a24  _invertCache                            
08001a28  CS_PIN                                  
08001a29  SPI_PORT_NUMBER                         
08001a2c  step                                    
08001a30  functiontodo                            
08001a34  subStep                                 
08001a35  failStep                                
08001a36  currentStep                             
08001a37  successStep                             
08001a40  can_rx_data                             
08001a48  rcvId                                   
ffffffff  __TI_pprof_out_hndl                     
ffffffff  __TI_prof_data_size                     
ffffffff  __TI_prof_data_start                    
ffffffff  __binit__                               
ffffffff  __c_args__                              
ffffffff  binit                                   
UNDEFED   SHT$$INIT_ARRAY$$Base                   
UNDEFED   SHT$$INIT_ARRAY$$Limit                  
UNDEFED   _system_post_cinit                      

[588 symbols]
