******************************************************************************
                  TI ARM Linker PC v18.12.4                    
******************************************************************************
>> Linked Wed Apr 14 16:34:37 2021

OUTPUT FILE NAME:   <Lowbadtest.out>
ENTRY POINT SYMBOL: "_c_int00"  address: 00017740


MEMORY CONFIGURATION

         name            origin    length      used     unused   attr    fill
----------------------  --------  ---------  --------  --------  ----  --------
  VECTORS               00000000   00000020  00000020  00000000     X
  FLASH0                00000020   000bffe0  0001c56c  000a3a74  R  X
  STACKS                08000000   00001500  00000000  00001500  RW  
  RAM                   08001500   0001eb00  000010fc  0001da04  RW  


SEGMENT ALLOCATION MAP

run origin  load origin   length   init length attrs members
----------  ----------- ---------- ----------- ----- -------
00000000    00000000    0001c590   0001c590    r-x
  00000000    00000000    00000020   00000020    r-x .intvecs
  00000020    00000020    0001a170   0001a170    r-x .text
  0001a190    0001a190    00001910   00001910    r-x FEE_TEXT_SECTION
  0001baa0    0001baa0    0000086c   0000086c    r-- .const
  0001c30c    0001c30c    000001c0   000001c0    r-- FEE_CONST_SECTION
  0001c4d0    0001c4d0    000000c0   000000c0    r-- .cinit
08001500    08001500    00001101   00000000    rw-
  08001500    08001500    00000800   00000000    rw- .sysmem
  08001d00    08001d00    000004cb   00000000    rw- .bss
  080021d0    080021d0    00000300   00000000    rw- .data
  080024d0    080024d0    00000131   00000000    rw- FEE_DATA_SECTION


SECTION ALLOCATION MAP

 output                                  attributes/
section   page    origin      length       input sections
--------  ----  ----------  ----------   ----------------
.intvecs   0    00000000    00000020     
                  00000000    00000020     sys_intvecs.obj (.intvecs)

.text      0    00000020    0001a170     
                  00000020    000057d0     ti_fee_util.obj (.text)
                  000057f0    00003fb8     sys_main.obj (.text)
                  000097a8    00002a14     sys_selftest.obj (.text)
                  0000c1bc    00001768     ti_fee_ini.obj (.text)
                  0000d924    00001200     spi.obj (.text)
                  0000eb24    000010e0     ti_fee_main.obj (.text)
                  0000fc04    00000af8     can.obj (.text)
                  000106fc    00000aec     adc.obj (.text)
                  000111e8    00000ad4     system.obj (.text)
                  00011cbc    00000a54     sys_vim.obj (.text)
                  00012710    00000a4a     rtsv7R4_T_be_v3D16_eabi.lib : _printfi.c.obj (.text:__TI_printfi)
                  0001315a    00000002                                 : _lock.c.obj (.text:_nop)
                  0001315c    000008f4     het.obj (.text)
                  00013a50    000007dc     pinmux.obj (.text)
                  0001422c    00000664     errata_SSWF021_45.obj (.text)
                  00014890    0000063c     rti.obj (.text)
                  00014ecc    00000604     rtsv7R4_T_be_v3D16_eabi.lib : k_rem_pio2.c.obj (.text:__kernel_rem_pio2)
                  000154d0    000005bc     esm.obj (.text)
                  00015a8c    000004c0     MCP23S17.obj (.text)
                  00015f4c    00000484     gio.obj (.text)
                  000163d0    000003f0     PCA2129.obj (.text)
                  000167c0    000003f0     rtsv7R4_T_be_v3D16_eabi.lib : s_sin.c.obj (.text:sin)
                  00016bb0    0000034c     sys_core.obj (.text)
                  00016efc    000002cc     sys_vim.obj (.text:retain)
                  000171c8    000002c0     ADS1018.obj (.text)
                  00017488    000002b8     rtsv7R4_T_be_v3D16_eabi.lib : ull_div32.asm.obj (.text)
                  00017740    00000264     sys_startup.obj (.text:retain)
                  000179a4    00000260     F021_API_CortexR4_BE_V3D16.lib : FlashStateMachine.InitializeFlashBanks.obj (.text:Fapi_initializeFlashBanks)
                  00017c04    00000248     rtsv7R4_T_be_v3D16_eabi.lib : _printfi.c.obj (.text:_pconv_a)
                  00017e4c    000001a0                                 : _printfi.c.obj (.text:_pconv_g)
                  00017fec    0000017c     F021_API_CortexR4_BE_V3D16.lib : FlashStateMachine.SetActiveBank.obj (.text:Fapi_setActiveFlashBank)
                  00018168    00000144     notification.obj (.text)
                  000182ac    00000118     rtsv7R4_T_be_v3D16_eabi.lib : fputs.c.obj (.text:fputs)
                  000183c4    00000114                                 : memory.c.obj (.text:aligned_alloc)
                  000184d8    00000114     esm.obj (.text:retain)
                  000185ec    00000104     rtsv7R4_T_be_v3D16_eabi.lib : _printfi.c.obj (.text:_pconv_e)
                  000186f0    000000fc                                 : _printfi.c.obj (.text:fcvt)
                  000187ec    000000f0                                 : s_scalbn.c.obj (.text:scalbn)
                  000188dc    000000e8     dabort.obj (.text)
                  000189c4    000000e4     rtsv7R4_T_be_v3D16_eabi.lib : memory.c.obj (.text:free)
                  00018aa8    000000e0                                 : s_floor.c.obj (.text:floor)
                  00018b88    000000e0     sys_pmu.obj (.text)
                  00018c68    000000dc     rtsv7R4_T_be_v3D16_eabi.lib : setvbuf.c.obj (.text:setvbuf)
                  00018d44    000000b4                                 : k_cos.c.obj (.text:__kernel_cos)
                  00018df8    000000ad                                 : _printfi.c.obj (.text:_ltostr)
                  00018ea5    00000001     --HOLE-- [fill = 0]
                  00018ea6    00000002                                 : div0.asm.obj (.text)
                  00018ea8    000000a8                                 : k_sin.c.obj (.text:__kernel_sin)
                  00018f50    0000009c                                 : memcpy_t2.asm.obj (.text)
                  00018fec    00000094     F021_API_CortexR4_BE_V3D16.lib : BlankCheck.obj (.text:Fapi_doBlankCheck)
                  00019080    00000094     rti.obj (.text:retain)
                  00019114    00000090     rtsv7R4_T_be_v3D16_eabi.lib : fputc.c.obj (.text:fputc)
                  000191a4    00000080     F021_API_CortexR4_BE_V3D16.lib : FlashStateMachine.EnableEepromSectors.obj (.text:Fapi_enableEepromBankSectors)
                  00019224    0000007a     rtsv7R4_T_be_v3D16_eabi.lib : _printfi.c.obj (.text:_mcpy)
                  0001929e    0000007a                                 : memset_t2.asm.obj (.text)
                  00019318    00000074                                 : fclose.c.obj (.text:__TI_closefile)
                  0001938c    00000074                                 : s_frexp.c.obj (.text:frexp)
                  00019400    00000070                                 : memory.c.obj (.text:split)
                  00019470    0000006c                                 : hostrename.c.obj (.text:HOSTrename)
                  000194dc    0000006c                                 : copy_decompress_lzss.c.obj (.text:decompress:lzss:__TI_decompress_lzss)
                  00019548    00000068                                 : hostlseek.c.obj (.text:HOSTlseek)
                  000195b0    00000068                                 : printf.c.obj (.text:printf)
                  00019618    00000064                                 : _io_perm.c.obj (.text:__TI_wrt_ok)
                  0001967c    00000064                                 : fseek.c.obj (.text:fseek)
                  000196e0    0000005e     F021_API_CortexR4_BE_V3D16.lib : Read.LoopDword.obj (.text:_Fapi_loopRegionForValue)
                  0001973e    00000002     --HOLE-- [fill = 0]
                  00019740    0000005c     rtsv7R4_T_be_v3D16_eabi.lib : hostopen.c.obj (.text:HOSTopen)
                  0001979c    0000005c                                 : hostread.c.obj (.text:HOSTread)
                  000197f8    00000058                                 : hostwrite.c.obj (.text:HOSTwrite)
                  00019850    00000058                                 : close.c.obj (.text:close)
                  000198a8    00000054                                 : _printfi.c.obj (.text:_ecpy)
                  000198fc    00000054                                 : ltoa.c.obj (.text:ltoa)
                  00019950    00000054                                 : i_div32.asm.obj (.text)
                  000199a4    00000050     F021_API_CortexR4_BE_V3D16.lib : FlashStateMachine.Hercules.IsEccAddress.obj (.text:Fapi_isAddressEcc)
                  000199f4    00000050     rtsv7R4_T_be_v3D16_eabi.lib : _printfi.c.obj (.text:_pconv_f)
                  00019a44    00000050                                 : atoi.c.obj (.text:atoi)
                  00019a94    00000050                                 : u_div32.asm.obj (.text)
                  00019ae4    0000004c                                 : fflush.c.obj (.text:__TI_doflush)
                  00019b30    00000044                                 : hostclose.c.obj (.text:HOSTclose)
                  00019b74    00000044                                 : hostunlink.c.obj (.text:HOSTunlink)
                  00019bb8    00000044     F021_API_CortexR4_BE_V3D16.lib : FlashStateMachine.EnableEepromSectors.obj (.text:_Fapi_EnableSectors)
                  00019bfc    00000044     rtsv7R4_T_be_v3D16_eabi.lib : autoinit.c.obj (.text:__TI_auto_init_nobinit_nopinit:__TI_auto_init_nobinit_nopinit)
                  00019c40    00000044                                 : exit.c.obj (.text:exit)
                  00019c84    00000044                                 : getdevice.c.obj (.text:getdevice)
                  00019cc8    00000040                                 : _printfi.c.obj (.text:_fcpy)
                  00019d08    0000003c     F021_API_CortexR4_BE_V3D16.lib : FlashStateMachine.IssueFsmCommand.obj (.text:_Fapi_issueFsmCommand)
                  00019d44    0000003c     rtsv7R4_T_be_v3D16_eabi.lib : trgmsg.c.obj (.text:__TI_writemsg)
                  00019d80    00000036     F021_API_CortexR4_BE_V3D16.lib : Utilities.CalculateFletcher.obj (.text:Fapi_calculateFletcherChecksum)
                  00019db6    00000036     rtsv7R4_T_be_v3D16_eabi.lib : strncpy.c.obj (.text:strncpy)
                  00019dec    00000034                                 : fopen.c.obj (.text:__TI_cleanup)
                  00019e20    00000034                                 : trgmsg.c.obj (.text:__TI_readmsg)
                  00019e54    00000034                                 : getdevice.c.obj (.text:finddevice)
                  00019e88    00000030     F021_API_CortexR4_BE_V3D16.lib : Async.WithAddress.obj (.text:Fapi_issueAsyncCommandWithAddress)
                  00019eb8    00000030                                    : Utilities.WaitDelay.obj (.text:Fapi_waitDelay)
                  00019ee8    0000002c                                    : Read.Common.obj (.text:_Fapi_readDword)
                  00019f14    0000002c     rtsv7R4_T_be_v3D16_eabi.lib : unlink.c.obj (.text:unlink)
                  00019f40    0000002a     F021_API_CortexR4_BE_V3D16.lib : Async.obj (.text:Fapi_issueAsyncCommand)
                  00019f6a    00000002     --HOLE-- [fill = 0]
                  00019f6c    00000028     rtsv7R4_T_be_v3D16_eabi.lib : memory.c.obj (.text:free_list_insert)
                  00019f94    00000028                                 : lseek.c.obj (.text:lseek)
                  00019fbc    00000028                                 : write.c.obj (.text:write)
                  00019fe4    00000022     F021_API_CortexR4_BE_V3D16.lib : Read.FlushPipeline.obj (.text:Fapi_flushPipeline)
                  0001a006    00000020     rtsv7R4_T_be_v3D16_eabi.lib : memchr.c.obj (.text:memchr)
                  0001a026    0000001e                                 : s_copysign.c.obj (.text:copysign)
                  0001a044    0000001c     F021_API_CortexR4_BE_V3D16.lib : FlashStateMachine.InitializeFlashBanks.obj (.text:_Fapi_divideUnsignedLong)
                  0001a060    0000001c     rtsv7R4_T_be_v3D16_eabi.lib : memory.c.obj (.text:free_list_remove)
                  0001a07c    0000001c                                 : memccpy.c.obj (.text:memccpy)
                  0001a098    00000018                                 : strcmp.c.obj (.text:strcmp)
                  0001a0b0    00000016                                 : strchr.c.obj (.text:strchr)
                  0001a0c6    00000016                                 : strlen.c.obj (.text:strlen)
                  0001a0dc    00000014                                 : strcpy.c.obj (.text:strcpy)
                  0001a0f0    00000012                                 : wcslen.c.obj (.text:wcslen)
                  0001a102    00000002     --HOLE-- [fill = 0]
                  0001a104    00000010     F021_API_CortexR4_BE_V3D16.lib : Utilities.GetNumberOfSectors.obj (.text:Fapi_getNumberOfBankSectors)
                  0001a114    00000010                                    : FlashStateMachine.ScaleFclk.obj (.text:_scaleEEFclk)
                  0001a124    00000010                                    : FlashStateMachine.ScaleFclk.obj (.text:_scaleMainFclk)
                  0001a134    0000000e     rtsv7R4_T_be_v3D16_eabi.lib : copy_decompress_none.c.obj (.text:decompress:none:__TI_decompress_none)
                  0001a142    0000000c     F021_API_CortexR4_BE_V3D16.lib : Read.WdService.obj (.text:_Fapi_checkWdService)
                  0001a14e    0000000c     rtsv7R4_T_be_v3D16_eabi.lib : copy_zero_init.c.obj (.text:decompress:ZI:__TI_zero_init)
                  0001a15a    00000002     --HOLE-- [fill = 0]
                  0001a15c    00000008     Fapi_UserDefinedFunctions.obj (.text)
                  0001a164    00000008     rtsv7R4_T_be_v3D16_eabi.lib : errno.c.obj (.text:__aeabi_errno_addr)
                  0001a16c    00000008                                 : memory.c.obj (.text:malloc)
                  0001a174    00000004                                 : printf.c.obj (.text:_outc)
                  0001a178    00000004                                 : printf.c.obj (.text:_outs)
                  0001a17c    00000004                                 : exit.c.obj (.text:abort:abort)
                  0001a180    00000004     sys_phantom.obj (.text:retain)
                  0001a184    00000004     sys_startup.obj (.text)
                  0001a188    00000008     Fapi_UserDefinedFunctions.obj (.tramp.Fapi_serviceWatchdogTimer.1)

FEE_TEXT_SECTION 
*          0    0001a190    00001910     
                  0001a190    00000cb8     ti_fee_writeAsync.obj (FEE_TEXT_SECTION)
                  0001ae48    000007a8     ti_fee_read.obj (FEE_TEXT_SECTION)
                  0001b5f0    000004b0     ti_fee_format.obj (FEE_TEXT_SECTION)

.const     0    0001baa0    0000086c     
                  0001baa0    000003a0     het.obj (.const:het1PROGRAM)
                  0001be40    00000200     sys_vim.obj (.const:s_vim_init)
                  0001c040    00000158     rtsv7R4_T_be_v3D16_eabi.lib : k_rem_pio2.c.obj (.const:$O1$$)
                  0001c198    00000101                                 : ctype.c.obj (.const:.string:_ctypes_)
                  0001c299    00000003     --HOLE-- [fill = 0]
                  0001c29c    00000020     can.obj (.const:s_canByteOrder)
                  0001c2bc    00000020     het.obj (.const:s_het1pwmPolarity)
                  0001c2dc    00000018     adc.obj (.const:s_adcFiFoSize)
                  0001c2f4    00000018     adc.obj (.const:s_adcSelect)

FEE_CONST_SECTION 
*          0    0001c30c    000001c0     
                  0001c30c    000001a4     Device_TMS570LS07.obj (FEE_CONST_SECTION)
                  0001c4b0    0000001c     ti_fee_cfg.obj (FEE_CONST_SECTION)

.cinit     0    0001c4d0    000000c0     
                  0001c4d0    00000082     (.cinit..data.load) [load image, compression = lzss]
                  0001c552    00000002     --HOLE-- [fill = 0]
                  0001c554    0000000c     (__TI_handler_table)
                  0001c560    00000009     (.cinit.FEE_DATA_SECTION.load) [load image, compression = lzss]
                  0001c569    00000007     --HOLE-- [fill = 0]
                  0001c570    00000008     (.cinit..bss.load) [load image, compression = zero_init]
                  0001c578    00000018     (__TI_cinit_table)

.sysmem    0    08001500    00000800     UNINITIALIZED
                  08001500    00000010     rtsv7R4_T_be_v3D16_eabi.lib : memory.c.obj (.sysmem)
                  08001510    000007f0     --HOLE--

.bss       0    08001d00    000004cb     UNINITIALIZED
                  08001d00    00000120     rtsv7R4_T_be_v3D16_eabi.lib : trgmsg.c.obj (.bss:_CIOBUF_)
                  08001e20    000000c8     (.common:RX_DATA)
                  08001ee8    000000a0     (.common:__TI_tmpnams)
                  08001f88    00000080     (.common:adc_data)
                  08002008    00000078     spi.obj (.bss:g_spiPacket_t)
                  08002080    00000010     PCA2129.obj (.bss:Date$1)
                  08002090    00000010     (.common:SpecialRamBlock)
                  080020a0    00000010     (.common:eeprom_write_data)
                  080020b0    00000008     (.common:ADS1018Data)
                  080020b8    00000008     (.common:AutomaticAligmentDone)
                  080020c0    00000008     (.common:BackSensorInoperative)
                  080020c8    00000008     (.common:CalibrationCancel)
                  080020d0    00000008     (.common:CalibrationFailure)
                  080020d8    00000008     (.common:CalibrationFinalSettings)
                  080020e0    00000008     (.common:CalibrationFirstTemprorySettings)
                  080020e8    00000008     (.common:CalibrationSecondTemprorySettings)
                  080020f0    00000008     (.common:Calibrationbegin)
                  080020f8    00000008     (.common:EmergencyStopActive)
                  08002100    00000008     (.common:FifthWheelAnglePositioneLeft)
                  08002108    00000008     (.common:FifthWheelAnglePositioneRight)
                  08002110    00000008     (.common:FrontSensorInoperative)
                  08002118    00000008     (.common:ISSSingalActive)
                  08002120    00000008     (.common:ModeSelectDelay)
                  08002128    00000008     (.common:VehicleInRoute)
                  08002130    00000008     (.common:can_tx_data)
                  08002138    00000008     (.common:parmbuf)
                  08002140    00000004     (.common:ArkaSensorAriza)
                  08002144    00000004     (.common:AutoHizalamaBitti)
                  08002148    00000004     (.common:BlockNumber)
                  0800214c    00000004     (.common:BlockOffset)
                  08002150    00000004     (.common:CaliberAcilStopLed)
                  08002154    00000004     (.common:CaliberBozuk)
                  08002158    00000004     (.common:CamelneckHomeTemporary)
                  0800215c    00000004     (.common:CamelneckLeftAngleTemporary)
                  08002160    00000004     (.common:CamelneckNumberTemporary)
                  08002164    00000004     (.common:CamelneckRightAngleTemporary)
                  08002168    00000004     (.common:FifthWheelHomeTemporary)
                  0800216c    00000004     (.common:FifthWheelLeftAngleTemporary)
                  08002170    00000004     (.common:FifthWheelNumberTemporary)
                  08002174    00000004     (.common:FifthWheelRightAngleTemporary)
                  08002178    00000004     (.common:Fullautomaticled)
                  0800217c    00000004     (.common:Length)
                  08002180    00000004     (.common:Semiautomaticled)
                  08002184    00000004     (.common:beginTime)
                  08002188    00000004     (.common:dataconfig1_t)
                  0800218c    00000004     (.common:dataconfig2_t)
                  08002190    00000004     (.common:dataconfig3_t)
                  08002194    00000004     (.common:dataconfig4_t)
                  08002198    00000004     (.common:mode)
                  0800219c    00000004     (.common:timeOut)
                  080021a0    00000002     (.common:Amount)
                  080021a2    00000002     (.common:AttractiveLeftSensorAndCamelNeck)
                  080021a4    00000002     (.common:Average)
                  080021a6    00000002     (.common:Status)
                  080021a8    00000002     (.common:VN5T006ASPTRE_BOTTOM_CS1_VAL)
                  080021aa    00000002     (.common:VNQ5050KTRE_LEFT_1CS1_VAL)
                  080021ac    00000002     (.common:VNQ5050KTRE_LEFT_1CS2_VAL)
                  080021ae    00000002     (.common:VNQ5050KTRE_LEFT_1STAT1_VAL)
                  080021b0    00000002     (.common:VNQ5050KTRE_LEFT_1STAT2_VAL)
                  080021b2    00000002     (.common:VNQ5050KTRE_LEFT_1STAT3_VAL)
                  080021b4    00000002     (.common:VNQ5050KTRE_LEFT_1STAT4_VAL)
                  080021b6    00000002     (.common:VNQ5050KTRE_RIGHT_2CS1_VAL)
                  080021b8    00000002     (.common:VNQ5050KTRE_RIGHT_2CS2_VAL)
                  080021ba    00000002     (.common:VNQ5050KTRE_RIGHT_2STAT1_VAL)
                  080021bc    00000002     (.common:VNQ5050KTRE_RIGHT_2STAT2_VAL)
                  080021be    00000002     (.common:VNQ5050KTRE_RIGHT_2STAT3_VAL)
                  080021c0    00000002     (.common:VNQ5050KTRE_RIGHT_2STAT4_VAL)
                  080021c2    00000002     (.common:adc_samplecounter)
                  080021c4    00000002     (.common:canSensorData)
                  080021c6    00000002     (.common:global_counter)
                  080021c8    00000001     (.common:aligment_buf)
                  080021c9    00000001     (.common:sensorLeft)
                  080021ca    00000001     (.common:sensorRight)

.data      0    080021d0    00000300     UNINITIALIZED
                  080021d0    000000f0     rtsv7R4_T_be_v3D16_eabi.lib : defs.c.obj (.data:_ftable)
                  080022c0    00000078                                 : host_device.c.obj (.data:_device)
                  08002338    00000064     sys_main.obj (.data:read_data)
                  0800239c    00000004     rtsv7R4_T_be_v3D16_eabi.lib : errno.c.obj (.data)
                  080023a0    0000005c     sys_main.obj (.data)
                  080023fc    00000050     rtsv7R4_T_be_v3D16_eabi.lib : host_device.c.obj (.data:_stream)
                  0800244c    00000020     sys_main.obj (.data:eeprom_read_data)
                  0800246c    00000012     MCP23S17.obj (.data)
                  0800247e    00000001     F021_API_CortexR4_BE_V3D16.lib : FlashStateMachine.SetActiveBank.obj (.data)
                  0800247f    00000001     --HOLE--
                  08002480    00000010     rtsv7R4_T_be_v3D16_eabi.lib : defs.c.obj (.data)
                  08002490    0000000c                                 : exit.c.obj (.data:$O1$$)
                  0800249c    0000000c     ADS1018.obj (.data)
                  080024a8    00000008     rtsv7R4_T_be_v3D16_eabi.lib : _lock.c.obj (.data:$O1$$)
                  080024b0    00000008                                 : memory.c.obj (.data:$O1$$)
                  080024b8    00000008     F021_API_CortexR4_BE_V3D16.lib : FlashStateMachine.ScaleFclk.obj (.data)
                  080024c0    00000008     sys_main.obj (.data:can_rx_data)
                  080024c8    00000008     ADS1018.obj (.data:rcvId)

FEE_DATA_SECTION 
*          0    080024d0    00000131     UNINITIALIZED
                  080024d0    000000f5     ti_fee_ini.obj (FEE_DATA_SECTION)
                  080025c5    00000001     ti_fee_main.obj (FEE_DATA_SECTION)
                  080025c6    00000002     --HOLE--
                  080025c8    0000002e     ti_fee_util.obj (FEE_DATA_SECTION:uninit)
                  080025f6    00000002     --HOLE--
                  080025f8    00000009     ti_fee_util.obj (FEE_DATA_SECTION:init)

MODULE SUMMARY

       Module                                        code     ro data   rw data
       ------                                        ----     -------   -------
    .\source\
       ti_fee_util.obj                               22480    0         55     
       sys_main.obj                                  16312    0         633    
       sys_selftest.obj                              10772    0         0      
       ti_fee_ini.obj                                5992     0         245    
       spi.obj                                       4608     0         120    
       ti_fee_main.obj                               4320     0         1      
       sys_vim.obj                                   3360     512       0      
       ti_fee_writeAsync.obj                         3256     0         0      
       het.obj                                       2292     960       0      
       adc.obj                                       2796     48        0      
       can.obj                                       2808     32        0      
       system.obj                                    2772     0         0      
       pinmux.obj                                    2012     0         0      
       ti_fee_read.obj                               1960     0         0      
       esm.obj                                       1744     0         0      
       rti.obj                                       1744     0         0      
       errata_SSWF021_45.obj                         1636     0         0      
       MCP23S17.obj                                  1216     0         22     
       PCA2129.obj                                   1008     0         220    
       ti_fee_format.obj                             1200     0         0      
       gio.obj                                       1156     0         0      
       sys_core.obj                                  844      0         0      
       ADS1018.obj                                   704      0         42     
       sys_startup.obj                               616      0         0      
       Device_TMS570LS07.obj                         0        420       0      
       notification.obj                              324      0         0      
       dabort.obj                                    232      0         0      
       sys_pmu.obj                                   224      0         0      
       sys_intvecs.obj                               32       0         0      
       ti_fee_cfg.obj                                0        28        0      
       Fapi_UserDefinedFunctions.obj                 16       0         0      
       SST25PF040C.obj                               0        0         4      
       sys_phantom.obj                               4        0         0      
    +--+---------------------------------------------+--------+---------+---------+
       Total:                                        98440    2000      1342   
                                                                               
    C:/ti/Hercules/F021 Flash API/02.01.01/F021_API_CortexR4_BE_V3D16.lib
       FlashStateMachine.InitializeFlashBanks.obj    636      0         0      
       FlashStateMachine.SetActiveBank.obj           380      0         1      
       FlashStateMachine.EnableEepromSectors.obj     196      0         0      
       BlankCheck.obj                                148      0         0      
       Read.LoopDword.obj                            94       0         0      
       FlashStateMachine.Hercules.IsEccAddress.obj   80       0         0      
       FlashStateMachine.IssueFsmCommand.obj         60       0         0      
       Utilities.CalculateFletcher.obj               54       0         0      
       Async.WithAddress.obj                         48       0         0      
       Utilities.WaitDelay.obj                       48       0         0      
       Read.Common.obj                               44       0         0      
       Async.obj                                     42       0         0      
       FlashStateMachine.ScaleFclk.obj               32       0         8      
       Read.FlushPipeline.obj                        34       0         0      
       Utilities.GetNumberOfSectors.obj              16       0         0      
       Read.WdService.obj                            12       0         0      
    +--+---------------------------------------------+--------+---------+---------+
       Total:                                        1924     0         9      
                                                                               
    C:/ti/ccs930/ccs/tools/compiler/ti-cgt-arm_18.12.4.LTS/lib/rtsv7R4_T_be_v3D16_eabi.lib
       _printfi.c.obj                                4669     0         0      
       k_rem_pio2.c.obj                              1540     344       0      
       s_sin.c.obj                                   1008     0         0      
       memory.c.obj                                  692      0         8      
       ull_div32.asm.obj                             696      0         0      
       defs.c.obj                                    0        0         416    
       trgmsg.c.obj                                  112      0         288    
       fputs.c.obj                                   280      0         0      
       ctype.c.obj                                   0        257       0      
       s_scalbn.c.obj                                240      0         0      
       s_floor.c.obj                                 224      0         0      
       setvbuf.c.obj                                 220      0         0      
       host_device.c.obj                             0        0         200    
       k_cos.c.obj                                   180      0         0      
       k_sin.c.obj                                   168      0         0      
       memcpy_t2.asm.obj                             156      0         0      
       fputc.c.obj                                   144      0         0      
       memset_t2.asm.obj                             122      0         0      
       getdevice.c.obj                               120      0         0      
       fclose.c.obj                                  116      0         0      
       s_frexp.c.obj                                 116      0         0      
       printf.c.obj                                  112      0         0      
       copy_decompress_lzss.c.obj                    108      0         0      
       hostrename.c.obj                              108      0         0      
       hostlseek.c.obj                               104      0         0      
       _io_perm.c.obj                                100      0         0      
       fseek.c.obj                                   100      0         0      
       hostopen.c.obj                                92       0         8      
       hostread.c.obj                                92       0         0      
       close.c.obj                                   88       0         0      
       hostwrite.c.obj                               88       0         0      
       exit.c.obj                                    72       0         12     
       i_div32.asm.obj                               84       0         0      
       ltoa.c.obj                                    84       0         0      
       atoi.c.obj                                    80       0         0      
       u_div32.asm.obj                               80       0         0      
       fflush.c.obj                                  76       0         0      
       autoinit.c.obj                                68       0         0      
       hostclose.c.obj                               68       0         0      
       hostunlink.c.obj                              68       0         0      
       strncpy.c.obj                                 54       0         0      
       fopen.c.obj                                   52       0         0      
       unlink.c.obj                                  44       0         0      
       lseek.c.obj                                   40       0         0      
       write.c.obj                                   40       0         0      
       memchr.c.obj                                  32       0         0      
       s_copysign.c.obj                              30       0         0      
       memccpy.c.obj                                 28       0         0      
       strcmp.c.obj                                  24       0         0      
       strchr.c.obj                                  22       0         0      
       strlen.c.obj                                  22       0         0      
       strcpy.c.obj                                  20       0         0      
       wcslen.c.obj                                  18       0         0      
       copy_decompress_none.c.obj                    14       0         0      
       copy_zero_init.c.obj                          12       0         0      
       errno.c.obj                                   8        0         4      
       _lock.c.obj                                   2        0         8      
       div0.asm.obj                                  2        0         0      
    +--+---------------------------------------------+--------+---------+---------+
       Total:                                        12939    601       944    
                                                                               
       Heap:                                         0        0         2048   
       Linker Generated:                             0        183       0      
    +--+---------------------------------------------+--------+---------+---------+
       Grand Total:                                  113303   2784      4343   


LINKER GENERATED COPY TABLES

__TI_cinit_table @ 0001c578 records: 3, size/record: 8, table size: 24
	.data: load addr=0001c4d0, load size=00000082 bytes, run addr=080021d0, run size=00000300 bytes, compression=lzss
	FEE_DATA_SECTION: load addr=0001c560, load size=00000009 bytes, run addr=080024d0, run size=00000131 bytes, compression=lzss
	.bss: load addr=0001c570, load size=00000008 bytes, run addr=08001d00, run size=000004cb bytes, compression=zero_init


LINKER GENERATED HANDLER TABLE

__TI_handler_table @ 0001c554 records: 3, size/record: 4, table size: 12
	index: 0, handler: __TI_zero_init
	index: 1, handler: __TI_decompress_lzss
	index: 2, handler: __TI_decompress_none

VENEERS

callee name               veneer name
   callee addr  veneer addr  call addr  call info
--------------  -----------  ---------  ----------------
Fapi_serviceWatchdogTimer  $Ven$TA$L$PI$$Fapi_serviceWatchdogTimer
   0001a15c     0001a188     0001a148   F021_API_CortexR4_BE_V3D16.lib : Read.WdService.obj (.text:_Fapi_checkWdService)

[1 trampolines]
[1 trampoline calls]


GLOBAL SYMBOLS: SORTED ALPHABETICALLY BY Name 

address   name                                    
-------   ----                                    
000172b8  ADS1018Adcread                          
080020b0  ADS1018Data                             
080023f0  AciSonuc                                
080023a7  AcilStopON                              
080023ab  AlignmentAuto                           
080023a5  AlignmentAutoState                      
080023aa  AlignmentLeft                           
080023a4  AlignmentLeftState                      
080023a9  AlignmentRight                          
080023a3  AlignmentRightState                     
00005b44  AllPowerSwitchSTatusGet                 
080021a0  Amount                                  
00005c10  AngleToValue                            
080023f8  AngleValue                              
08002140  ArkaSensorAriza                         
080021a2  AttractiveLeftSensorAndCamelNeck        
080023a6  AutoHizalama                            
08002144  AutoHizalamaBitti                       
080023a2  AutoHizalamaState                       
080020b8  AutomaticAligmentDone                   
080021a4  Average                                 
080020c0  BackSensorInoperative                   
08002148  BlockNumber                             
0800214c  BlockOffset                             
00005b30  Bottom1PowerSwitchStatusGet             
0001a17d  C$$EXIT                                 
00019d77  C$$IO$$                                 
0800247c  CS_PIN                                  
08002150  CaliberAcilStopLed                      
08002154  CaliberBozuk                            
080020c8  CalibrationCancel                       
080023b8  CalibrationDone                         
080020d0  CalibrationFailure                      
080020d8  CalibrationFinalSettings                
080020e0  CalibrationFirstTemprorySettings        
080020e8  CalibrationSecondTemprorySettings       
080020f0  Calibrationbegin                        
08002158  CamelneckHomeTemporary                  
0800215c  CamelneckLeftAngleTemporary             
08002160  CamelneckNumberTemporary                
080023c4  CamelneckNumberValue                    
08002164  CamelneckRightAngleTemporary            
00005ee4  CanRedHighLow                           
00005e90  CanYellowHighLow                        
080023f4  DegerSonuc                              
0001c30c  Device_FlashDevice                      
080020f8  EmergencyStopActive                     
00019d81  Fapi_calculateFletcherChecksum          
00018fed  Fapi_doBlankCheck                       
000191a5  Fapi_enableEepromBankSectors            
00019fe5  Fapi_flushPipeline                      
0001a105  Fapi_getNumberOfBankSectors             
000179a5  Fapi_initializeFlashBanks               
000199a5  Fapi_isAddressEcc                       
00019f41  Fapi_issueAsyncCommand                  
00019e89  Fapi_issueAsyncCommandWithAddress       
0001a15c  Fapi_serviceWatchdogTimer               
00017fed  Fapi_setActiveFlashBank                 
00019eb9  Fapi_waitDelay                          
0001c4bc  Fee_BlockConfiguration                  
0001c4b0  Fee_VirtualSectorConfiguration          
08002100  FifthWheelAnglePositioneLeft            
08002108  FifthWheelAnglePositioneRight           
08002168  FifthWheelHomeTemporary                 
0800216c  FifthWheelLeftAngleTemporary            
08002170  FifthWheelNumberTemporary               
080023c0  FifthWheelNumberValue                   
08002174  FifthWheelRightAngleTemporary           
08002110  FrontSensorInoperative                  
08002178  Fullautomaticled                        
080023bc  Fullautomaticmode                       
000166e4  GetDate                                 
000164f8  GetRegister                             
00016614  Getdays                                 
000165e0  Gethours                                
000165ac  Getminutes                              
0001667c  Getmonths                               
00016574  Getseconds                              
00016648  Getweekdays                             
000166b0  Getyears                                
00019b31  HOSTclose                               
00019549  HOSTlseek                               
00019741  HOSTopen                                
0001979d  HOSTread                                
00019471  HOSTrename                              
00019b75  HOSTunlink                              
000197f9  HOSTwrite                               
0000583c  HardwareInit                            
00005c78  HedefAci                                
080023af  ISS                                     
080023a1  ISSActiveState                          
00006660  ISSCheck                                
08002118  ISSSingalActive                         
00005bc4  InputInit                               
00014bfc  IsdwdKeySequenceCorrect                 
00005ae8  Left2PowerSwitchStatusGet               
00005a60  Left4PowerSwitchStatusGet               
0800217c  Length                                  
00015eec  MCP_Init                                
00015c78  MCP_PinMode                             
00015d10  MCP_PinOutput                           
00015e20  MCP_PortRead                            
00015dfc  MCP_PortinputInvert                     
00015dd8  MCP_PortpullupMode                      
00015e84  MCP_pinRead                             
00005b5c  MCUADCread                              
08002120  ModeSelectDelay                         
00005948  OutputInit                              
00015c54  PortMode                                
080023a0  PumpSlaveBtn                            
080023c9  PumpState                               
0000581c  RTIInit                                 
08001e20  RX_DATA                                 
00017220  Register2write                          
00005b0c  Right2PowerSwitchStatusGet              
00005aa4  Right4PowerSwitchStatusGet              
UNDEFED   SHT$$INIT_ARRAY$$Base                   
UNDEFED   SHT$$INIT_ARRAY$$Limit                  
00005894  SPIADS1018Init                          
0000585c  SPIMCPInit                              
000058c8  SPIPCA2129Init                          
000058fc  SPISST25PF040CInit                      
0800247d  SPI_PORT_NUMBER                         
00005930  SPIdevicesinit                          
08002180  Semiautomaticled                        
080023bd  Semiautomaticmode                       
00016744  SetDate                                 
080023ad  SetMode                                 
00016490  SetRegister                             
00016628  Setdays                                 
000165f4  Sethours                                
000165c0  Setminutes                              
00016690  Setmonths                               
00016588  Setseconds                              
0001665c  Setweekdays                             
000166c4  Setyears                                
08002090  SpecialRamBlock                         
0000e410  SpiRxStatus                             
0000e384  SpiTxStatus                             
080021a6  Status                                  
080023ae  StopMode                                
080023b5  StopModeState                           
080023a8  SysActive                               
080023b9  SystemActiveCaliber                     
00000af4  TI_FeeInternal_AlignAddressForECC       
00001188  TI_FeeInternal_BlankCheck               
00004f34  TI_FeeInternal_CheckForError            
00002a54  TI_FeeInternal_CheckModuleState         
00002ab4  TI_FeeInternal_CheckReadParameters      
000056cc  TI_FeeInternal_EnableRequiredFlashSector
00003044  TI_FeeInternal_FeeManager               
00000ec4  TI_FeeInternal_FindNextVirtualSector    
000050b4  TI_FeeInternal_Fletcher16               
00001d24  TI_FeeInternal_GetArrayIndex            
00001c68  TI_FeeInternal_GetBlockIndex            
00001c2c  TI_FeeInternal_GetBlockNumber           
00000e84  TI_FeeInternal_GetBlockSize             
00002be4  TI_FeeInternal_GetCurrentBlockAddress   
00001ce8  TI_FeeInternal_GetDataSetIndex          
00002ce8  TI_FeeInternal_GetNextFlashAddress      
00001a50  TI_FeeInternal_GetVirtualSectorIndex    
00000020  TI_FeeInternal_GetVirtualSectorParameter
00004b14  TI_FeeInternal_InvalidateErase          
00000e08  TI_FeeInternal_PollFlashStatus          
00002d38  TI_FeeInternal_SanityCheck              
00002f28  TI_FeeInternal_SetClearCopyBlockState   
00004dc4  TI_FeeInternal_StartProgramBlock        
00001e90  TI_FeeInternal_UpdateBlockOffsetArray   
000044bc  TI_FeeInternal_WriteBlockHeader         
00000664  TI_FeeInternal_WriteDataF021            
00000b2c  TI_FeeInternal_WriteInitialize          
0000481c  TI_FeeInternal_WritePreviousBlockHeader 
000001b8  TI_FeeInternal_WriteVirtualSectorHeader 
000051e0  TI_Fee_ErrorRecovery                    
080025c4  TI_Fee_FapiInitCalled                   
0001b5f0  TI_Fee_Format                           
00004ec8  TI_Fee_GetStatus                        
080024d0  TI_Fee_GlobalVariables                  
0000c240  TI_Fee_Init                             
0000eb24  TI_Fee_MainFunction                     
0001ae48  TI_Fee_Read                             
000054bc  TI_Fee_SuspendResumeErase               
0001a190  TI_Fee_WriteAsync                       
080025ad  TI_Fee_bEraseSuspended                  
080025ae  TI_Fee_bIsMainFunctionCalled            
080025b0  TI_Fee_oStatusWord                      
080025a8  TI_Fee_u32ActCpyVS                      
080025a0  TI_Fee_u32BlockEraseCount               
0800259c  TI_Fee_u32FletcherChecksum              
08002598  TI_Fee_u8DataSets                       
080025a4  TI_Fee_u8DeviceIndex                    
080025ac  TI_Fee_u8ErrEraseVS                     
080025b4  TI_FlashStatusWord                      
080021a8  VN5T006ASPTRE_BOTTOM_CS1_VAL            
080021aa  VNQ5050KTRE_LEFT_1CS1_VAL               
080021ac  VNQ5050KTRE_LEFT_1CS2_VAL               
080021ae  VNQ5050KTRE_LEFT_1STAT1_VAL             
080021b0  VNQ5050KTRE_LEFT_1STAT2_VAL             
080021b2  VNQ5050KTRE_LEFT_1STAT3_VAL             
080021b4  VNQ5050KTRE_LEFT_1STAT4_VAL             
080021b6  VNQ5050KTRE_RIGHT_2CS1_VAL              
080021b8  VNQ5050KTRE_RIGHT_2CS2_VAL              
080021ba  VNQ5050KTRE_RIGHT_2STAT1_VAL            
080021bc  VNQ5050KTRE_RIGHT_2STAT2_VAL            
080021be  VNQ5050KTRE_RIGHT_2STAT3_VAL            
080021c0  VNQ5050KTRE_RIGHT_2STAT4_VAL            
00005c40  ValueToAngle                            
08002128  VehicleInRoute                          
00019bb9  _Fapi_EnableSectors                     
0001a143  _Fapi_checkWdService                    
00019d09  _Fapi_issueFsmCommand                   
000196e1  _Fapi_loopRegionForValue                
00019ee9  _Fapi_readDword                         
08001d00  __CIOBUF_                               
00000800  __SYSMEM_SIZE                           
0001c578  __TI_CINIT_Base                         
0001c590  __TI_CINIT_Limit                        
0001c554  __TI_Handler_Table_Base                 
0001c560  __TI_Handler_Table_Limit                
00016ef4  __TI_PINIT_Base                         
00016ef8  __TI_PINIT_Limit                        
00019bfd  __TI_auto_init_nobinit_nopinit          
00019ded  __TI_cleanup                            
08002490  __TI_cleanup_ptr                        
00019319  __TI_closefile                          
000194dd  __TI_decompress_lzss                    
0001a135  __TI_decompress_none                    
00019ae5  __TI_doflush                            
08002494  __TI_dtors_ptr                          
08002498  __TI_enable_exit_profile_output         
08002480  __TI_ft_end                             
ffffffff  __TI_pprof_out_hndl                     
00012711  __TI_printfi                            
ffffffff  __TI_prof_data_size                     
ffffffff  __TI_prof_data_start                    
00019e21  __TI_readmsg                            
00000000  __TI_static_base__                      
08001ee8  __TI_tmpnams                            
00019d45  __TI_writemsg                           
00019619  __TI_wrt_ok                             
0001a14f  __TI_zero_init                          
0001a165  __aeabi_errno_addr                      
00019950  __aeabi_idiv                            
00018ea7  __aeabi_idiv0                           
00019950  __aeabi_idivmod                         
00018ea7  __aeabi_ldiv0                           
0001929f  __aeabi_memclr                          
0001929f  __aeabi_memclr4                         
0001929f  __aeabi_memclr8                         
00018f51  __aeabi_memcpy                          
00018f51  __aeabi_memcpy4                         
00018f51  __aeabi_memcpy8                         
000192a1  __aeabi_memset                          
000192a1  __aeabi_memset4                         
000192a1  __aeabi_memset8                         
0800248c  __aeabi_stderr                          
08002484  __aeabi_stdin                           
08002488  __aeabi_stdout                          
00019a94  __aeabi_uidiv                           
00019a94  __aeabi_uidivmod                        
00017488  __aeabi_uldivmod                        
ffffffff  __binit__                               
ffffffff  __c_args__                              
00018d45  __kernel_cos                            
00014ecd  __kernel_rem_pio2                       
00018ea9  __kernel_sin                            
00017740  _c_int00                                
00016e0c  _coreClearAuxiliaryDataFault_           
00016e20  _coreClearAuxiliaryInstructionFault_    
00016de4  _coreClearDataFaultAddress_             
00016dbc  _coreClearDataFault_                    
00016df8  _coreClearInstructionFaultAddress_      
00016dd0  _coreClearInstructionFault_             
00016d50  _coreDisableEventBusExport_             
00016d94  _coreDisableFlashEcc_                   
00016d70  _coreDisableRamEcc_                     
00016d40  _coreEnableEventBusExport_              
00016d80  _coreEnableFlashEcc_                    
00016da4  _coreEnableIrqVicOffset_                
00016d60  _coreEnableRamEcc_                      
00016d28  _coreEnableVfp_                         
00016e04  _coreGetAuxiliaryDataFault_             
00016e18  _coreGetAuxiliaryInstructionFault_      
00016ddc  _coreGetDataFaultAddress_               
00016db4  _coreGetDataFault_                      
00016df0  _coreGetInstructionFaultAddress_        
00016dc8  _coreGetInstructionFault_               
00016bb0  _coreInitRegisters_                     
00016cbc  _coreInitStackPointer_                  
0001c198  _ctypes_                                
000188dc  _dabort                                 
080022c0  _device                                 
00016e34  _disable_FIQ_interrupt_                 
00016e3c  _disable_IRQ_interrupt_                 
00016e2c  _disable_interrupt_                     
00016e44  _enable_interrupt_                      
00016ed4  _errata_CORTEXR4_57_                    
00016ee4  _errata_CORTEXR4_66_                    
0001422c  _errata_SSWF021_45_both_plls            
00014420  _errata_SSWF021_45_pll1                 
00014598  _errata_SSWF021_45_pll2                 
00016e4c  _esmCcmErrorsClear_                     
080021d0  _ftable                                 
00016d08  _getCPSRValue_                          
00016d10  _gotoCPUIdle_                           
08002478  _invertCache                            
080024a8  _lock                                   
0800246c  _modeCache                              
0001315b  _nop                                    
08002470  _outputCache                            
00018be4  _pmuDisableCountersGlobal_              
00018bd4  _pmuEnableCountersGlobal_               
00018c40  _pmuGetCycleCount_                      
00018c48  _pmuGetEventCount_                      
00018c54  _pmuGetOverflow_                        
00018b88  _pmuInit_                               
00018c14  _pmuResetCounters_                      
00018bf4  _pmuResetCycleCounter_                  
00018c04  _pmuResetEventCounters_                 
00018c34  _pmuSetCountEvent_                      
00018c24  _pmuStartCounters_                      
00018c2c  _pmuStopCounters_                       
08002474  _pullupCache                            
0001a115  _scaleEEFclk                            
0001a125  _scaleMainFclk                          
080023fc  _stream                                 
08001500  _sys_memory                             
UNDEFED   _system_post_cinit                      
080024ac  _unlock                                 
0001a17d  abort                                   
00010f78  adc1GetConfigValue                      
0000a9f4  adc1ParityCheck                         
0000aae0  adc2ParityCheck                         
00010b54  adcCalibration                          
00010f18  adcDisableNotification                  
00010ec8  adcEnableNotification                   
0001092c  adcGetData                              
00010f60  adcGetEVTPin                            
000106fc  adcInit                                 
00010b24  adcIsConversionComplete                 
00010af4  adcIsFifoFull                           
00010d2c  adcMidPointCalibration                  
000181d0  adcNotification                         
00010904  adcResetFiFo                            
00010f40  adcSetEVTPin                            
00010858  adcStartConversion                      
000108dc  adcStopConversion                       
08001f88  adc_data                                
080021c2  adc_samplecounter                       
080023ec  adress_value                            
080021c8  aligment_buf                            
080023c8  aligment_set_level                      
000183c5  aligned_alloc                           
00019a45  atoi                                    
080023b1  auto_aligment                           
0001644c  bcdToDec                                
08002184  beginTime                               
ffffffff  binit                                   
00015bfc  byteWrite                               
00010530  can1GetConfigValue                      
0000ab98  can1ParityCheck                         
0000ac70  can2ParityCheck                         
000103d0  canDisableErrorNotification             
000103b0  canDisableStatusChangeNotification      
00010428  canDisableloopback                      
00010370  canEnableErrorNotification              
00010390  canEnableStatusChangeNotification       
000103f0  canEnableloopback                       
000181e4  canErrorNotification                    
00010118  canFillMessageObjectData                
0000fe40  canGetData                              
0001034c  canGetErrorLevel                        
0000ff98  canGetID                                
00010328  canGetLastError                         
0000fc04  canInit                                 
00010514  canIoRxGetBit                           
00010458  canIoSetDirection                       
000104a8  canIoSetPort                            
000104f8  canIoTxGetBit                           
000102cc  canIsMessageBoxValid                    
00010270  canIsRxMessageArrived                   
00010214  canIsTxMessagePending                   
00005f44  canMessageCheck                         
0001820c  canMessageNotification                  
00010078  canSendRemoteFrame                      
080021c4  canSensorData                           
000181f8  canStatusChangeNotification             
0000fd44  canTransmit                             
00010000  canUpdateID                             
080024c0  can_rx_data                             
08002130  can_tx_data                             
00013768  capGetSignal                            
000097b8  ccmSelfCheck                            
0000bbdc  ccmr4GetConfigValue                     
080023d0  ch_count                                
0000a0c0  checkB0RAMECC                           
0000a2b0  checkB1RAMECC                           
0000b1d8  checkClockMonitor                       
0000a4a0  checkFlashECC                           
0000b2a0  checkFlashEEPROMECC                     
0000b434  checkPLL1Slip                           
00009654  checkPackets                            
0000b538  checkRAMAddrParity                      
0000af88  checkRAMECC                             
0000b64c  checkRAMUERRTest                        
00009f44  checkefcSelfTest                        
00019851  close                                   
00006e9c  commandButtonscheck                     
0001a027  copysign                                
0001a027  copysignl                               
000099bc  cpuSelfTest                             
0000a584  cpuSelfTestFail                         
080024a6  currentStep                             
00011bf8  customTrimLPO                           
0000a57c  custom_dabort                           
08002188  dataconfig1_t                           
0800218c  dataconfig2_t                           
08002190  dataconfig3_t                           
08002194  dataconfig4_t                           
00016418  decToBcd                                
000057f0  delay                                   
0000943c  delaymode                               
0000c044  disableParity                           
00018298  dmaGroupANotification                   
0000a634  dmaParityCheck                          
00014c64  dwdClearFlag                            
00014b98  dwdCounterEnable                        
00014be0  dwdGenerateSysReset                     
00014c30  dwdGetStatus                            
00014c74  dwdGetViolationStatus                   
00014b1c  dwdInit                                 
00014bc4  dwdReset                                
00014ba8  dwdSetPreload                           
00014b8c  dwwdGetCurrentDownCounter               
00014b44  dwwdInit                                
00013728  edgeDisableNotification                 
000136ec  edgeEnableNotification                  
000136c0  edgeGetCounter                          
00018270  edgeNotification                        
00013694  edgeResetCounter                        
00005de8  eepromRead                              
0800244c  eeprom_read_data                        
080020a0  eeprom_write_data                       
00009de8  efcCheck                                
0000bb44  efcGetConfigValue                       
00009f1c  efcSelfTest                             
00009e70  efcStuckZeroTest                        
080023b0  emergency_stop                          
0000bfc8  enableParity                            
00005cb4  epromWrite                              
0000bc5c  errata_PBIST_4                          
0800239c  errno                                   
080023e8  error                                   
00015654  esmActivateNormalOperation              
00015728  esmClearStatus                          
00015768  esmClearStatusBuffer                    
0001561c  esmDisableError                         
0001568c  esmDisableInterrupt                     
000155f4  esmEnableError                          
00015664  esmEnableInterrupt                      
00015860  esmEnterSelfTest                        
000155d8  esmError                                
00015938  esmGetConfigValue                       
000157a4  esmGetStatus                            
00015828  esmGetStatusBuffer                      
00018168  esmGroup1Notification                   
00018178  esmGroup2Notification                   
000184d8  esmHighInterrupt                        
000154d0  esmInit                                 
000158e8  esmSelfTestStatus                       
00015784  esmSetCounterPreloadValue               
000156b4  esmSetInterruptLevel                    
00015644  esmTriggerErrorPinReset                 
00019c41  exit                                    
080024a5  failStep                                
00019e55  finddevice                              
00018aa9  floor                                   
00018aa9  floorl                                  
0000b7bc  fmcBus1ParityCheck                      
00009fe4  fmcBus2Check                            
0000a020  fmcECCcheck                             
00019115  fputc                                   
000182ad  fputs                                   
000189c5  free                                    
0001938d  frexp                                   
0001938d  frexpl                                  
0001967d  fseek                                   
000071f4  fullAutomaticAligmentCommandsCheck      
00009314  fullAutomaticAutoAlignmentProcess       
00008ccc  fullAutomaticCommandCheck               
00007b1c  fullAutomaticControlLeds                
00006bbc  fullAutomaticPumpCheck                  
00009200  fullAutomaticStandBymode                
080023ac  fullPumpState                           
080023b6  full_Automatic_AutoAlignment            
080023b7  full_Automatic_Set_Aligment             
080024a0  functiontodo                            
000066ac  getSensorAndCamelNeckValue              
00019c85  getdevice                               
000161ac  gioDisableNotification                  
00016144  gioEnableNotification                   
000160ac  gioGetBit                               
00016214  gioGetConfigValue                       
000160d4  gioGetPort                              
00015f4c  gioInit                                 
00018220  gioNotification                         
0001603c  gioSetBit                               
0001601c  gioSetDirection                         
0001608c  gioSetPort                              
000160ec  gioToggleBit                            
080021c6  global_counter                          
0001a184  handlePLLLockFail                       
00013874  het1GetConfigValue                      
0000a6e0  het1ParityCheck                         
0000a848  het2ParityCheck                         
0001385c  hetGetTimestamp                         
0001315c  hetInit                                 
00018284  hetNotification                         
00013840  hetResetTimestamp                       
0000a78c  htu1ParityCheck                         
0000a944  htu2ParityCheck                         
080023d8  id                                      
000187ed  ldexp                                   
000187ed  ldexpl                                  
080023b2  left_aligment                           
00019f95  lseek                                   
000198fd  ltoa                                    
000094b4  main                                    
0001a16d  malloc                                  
00011340  mapClocks                               
000183c5  memalign                                
0001a07d  memccpy                                 
0001a007  memchr                                  
00018f51  memcpy                                  
000098fc  memoryInit                              
00018188  memoryPort0TestFailNotification         
000181a4  memoryPort1TestFailNotification         
000192a7  memset                                  
0000ad38  mibspi1ParityCheck                      
0000ae48  mibspi3ParityCheck                      
08002198  mode                                    
00008d2c  modeWarning                             
00013a50  muxInit                                 
080023ee  oResult                                 
08002138  parmbuf                                 
0000b8d8  pbistFail                               
0000b95c  pbistGetConfigValue                     
00009d30  pbistIsTestCompleted                    
00009d5c  pbistIsTestPassed                       
00009d90  pbistPortTestStatus                     
00009c34  pbistRun                                
00009a54  pbistSelfCheck                          
00009d00  pbistStop                               
000112ec  periphInit                              
0001a180  phantomInterrupt                        
00013e28  pinmuxGetConfigValue                    
000195b1  printf                                  
00019115  putc                                    
00013664  pwmDisableNotification                  
0001361c  pwmEnableNotification                   
0001353c  pwmGetSignal                            
00018258  pwmNotification                         
00013284  pwmSetDuty                              
000133c0  pwmSetSignal                            
0001321c  pwmStart                                
00013250  pwmStop                                 
080024c8  rcvId                                   
08002338  read_data                               
00019f15  remove                                  
00000000  resetEntry                              
080023b3  right_aligment                          
00019080  rtiCompare0Interrupt                    
000190c8  rtiCompare1Interrupt                    
00014d24  rtiDisableNotification                  
00014cfc  rtiEnableNotification                   
00014d40  rtiGetConfigValue                       
00014a90  rtiGetCurrentTick                       
00014a68  rtiGetPeriod                            
00014890  rtiInit                                 
0000961c  rtiNotification                         
000149dc  rtiResetCounter                         
00014a40  rtiSetPeriod                            
00014984  rtiStartCounter                         
000149b0  rtiStopCounter                          
000187ed  scalbn                                  
000187ed  scalbnl                                 
000097a8  selftestFailNotification                
00006928  semiAutomaticAligmentCommandsCheck      
00009004  semiAutomaticAutoHizalamaProcess        
00008cbc  semiAutomaticCommandsCheck              
00008b60  semiAutomaticControlLeds                
000067d8  semiAutomaticPumpCheck                  
00009178  semiAutomaticStandByMode                
080021c9  sensorLeft                              
080021ca  sensorRight                             
00006c40  setAligmentProcess                      
000171c8  setStep                                 
080023b4  set_aligment                            
000163d0  set_bit                                 
000112ac  setupFlash                              
000111e8  setupPLL                                
00018c69  setvbuf                                 
000167c1  sin                                     
000167c1  sinl                                    
0000e548  spi1GetConfigValue                      
0000e6d8  spi2GetConfigValue                      
0000e8c4  spi3GetConfigValue                      
0000e4d0  spiDisableLoopback                      
0000e51c  spiDisableNotification                  
0000e49c  spiEnableLoopback                       
0000e4ec  spiEnableNotification                   
00018248  spiEndNotification                      
0000ddec  spiGetData                              
0000d924  spiInit                                 
00018234  spiNotification                         
0000dcd0  spiReceiveData                          
0000e244  spiSendAndGetData                       
0000e010  spiSendData                             
0000dcb0  spiSetFunctional                        
0000e108  spiTransmitAndReceiveData               
0000dee4  spiTransmitData                         
00015a8c  spiWrite                                
00015b08  spiWriteRead                            
00011abc  sramGetConfigValue                      
0000baa4  stcGetConfigValue                       
00009940  stcSelfCheck                            
0000a580  stcSelfCheckFail                        
0800249c  step                                    
0001a0b1  strchr                                  
0001a099  strcmp                                  
0001a0dd  strcpy                                  
0001a0c7  strlen                                  
00019db7  strncpy                                 
080024a4  subStep                                 
080024a7  successStep                             
00006630  systemActiveCheck                       
00011534  systemGetConfigValue                    
00011438  systemInit                              
00011504  systemPowerDown                         
00011910  tcmflashGetConfigValue                  
080023ba  tick                                    
080023bb  tick2                                   
0800219c  timeOut                                 
00011238  trimLPO                                 
00019f15  unlink                                  
080023e0  value                                   
00011d90  vimChannelMap                           
00011ffc  vimDisableInterrupt                     
00011e34  vimEnableInterrupt                      
000120a8  vimGetConfigValue                       
00011cbc  vimInit                                 
0000a588  vimParityCheck                          
00016efc  vimParityErrorHandler                   
0001a0f1  wcslen                                  
00015b9c  wordWrite                               
00019fbd  write                                   


GLOBAL SYMBOLS: SORTED BY Symbol Address 

address   name                                    
-------   ----                                    
00000000  __TI_static_base__                      
00000000  resetEntry                              
00000020  TI_FeeInternal_GetVirtualSectorParameter
000001b8  TI_FeeInternal_WriteVirtualSectorHeader 
00000664  TI_FeeInternal_WriteDataF021            
00000800  __SYSMEM_SIZE                           
00000af4  TI_FeeInternal_AlignAddressForECC       
00000b2c  TI_FeeInternal_WriteInitialize          
00000e08  TI_FeeInternal_PollFlashStatus          
00000e84  TI_FeeInternal_GetBlockSize             
00000ec4  TI_FeeInternal_FindNextVirtualSector    
00001188  TI_FeeInternal_BlankCheck               
00001a50  TI_FeeInternal_GetVirtualSectorIndex    
00001c2c  TI_FeeInternal_GetBlockNumber           
00001c68  TI_FeeInternal_GetBlockIndex            
00001ce8  TI_FeeInternal_GetDataSetIndex          
00001d24  TI_FeeInternal_GetArrayIndex            
00001e90  TI_FeeInternal_UpdateBlockOffsetArray   
00002a54  TI_FeeInternal_CheckModuleState         
00002ab4  TI_FeeInternal_CheckReadParameters      
00002be4  TI_FeeInternal_GetCurrentBlockAddress   
00002ce8  TI_FeeInternal_GetNextFlashAddress      
00002d38  TI_FeeInternal_SanityCheck              
00002f28  TI_FeeInternal_SetClearCopyBlockState   
00003044  TI_FeeInternal_FeeManager               
000044bc  TI_FeeInternal_WriteBlockHeader         
0000481c  TI_FeeInternal_WritePreviousBlockHeader 
00004b14  TI_FeeInternal_InvalidateErase          
00004dc4  TI_FeeInternal_StartProgramBlock        
00004ec8  TI_Fee_GetStatus                        
00004f34  TI_FeeInternal_CheckForError            
000050b4  TI_FeeInternal_Fletcher16               
000051e0  TI_Fee_ErrorRecovery                    
000054bc  TI_Fee_SuspendResumeErase               
000056cc  TI_FeeInternal_EnableRequiredFlashSector
000057f0  delay                                   
0000581c  RTIInit                                 
0000583c  HardwareInit                            
0000585c  SPIMCPInit                              
00005894  SPIADS1018Init                          
000058c8  SPIPCA2129Init                          
000058fc  SPISST25PF040CInit                      
00005930  SPIdevicesinit                          
00005948  OutputInit                              
00005a60  Left4PowerSwitchStatusGet               
00005aa4  Right4PowerSwitchStatusGet              
00005ae8  Left2PowerSwitchStatusGet               
00005b0c  Right2PowerSwitchStatusGet              
00005b30  Bottom1PowerSwitchStatusGet             
00005b44  AllPowerSwitchSTatusGet                 
00005b5c  MCUADCread                              
00005bc4  InputInit                               
00005c10  AngleToValue                            
00005c40  ValueToAngle                            
00005c78  HedefAci                                
00005cb4  epromWrite                              
00005de8  eepromRead                              
00005e90  CanYellowHighLow                        
00005ee4  CanRedHighLow                           
00005f44  canMessageCheck                         
00006630  systemActiveCheck                       
00006660  ISSCheck                                
000066ac  getSensorAndCamelNeckValue              
000067d8  semiAutomaticPumpCheck                  
00006928  semiAutomaticAligmentCommandsCheck      
00006bbc  fullAutomaticPumpCheck                  
00006c40  setAligmentProcess                      
00006e9c  commandButtonscheck                     
000071f4  fullAutomaticAligmentCommandsCheck      
00007b1c  fullAutomaticControlLeds                
00008b60  semiAutomaticControlLeds                
00008cbc  semiAutomaticCommandsCheck              
00008ccc  fullAutomaticCommandCheck               
00008d2c  modeWarning                             
00009004  semiAutomaticAutoHizalamaProcess        
00009178  semiAutomaticStandByMode                
00009200  fullAutomaticStandBymode                
00009314  fullAutomaticAutoAlignmentProcess       
0000943c  delaymode                               
000094b4  main                                    
0000961c  rtiNotification                         
00009654  checkPackets                            
000097a8  selftestFailNotification                
000097b8  ccmSelfCheck                            
000098fc  memoryInit                              
00009940  stcSelfCheck                            
000099bc  cpuSelfTest                             
00009a54  pbistSelfCheck                          
00009c34  pbistRun                                
00009d00  pbistStop                               
00009d30  pbistIsTestCompleted                    
00009d5c  pbistIsTestPassed                       
00009d90  pbistPortTestStatus                     
00009de8  efcCheck                                
00009e70  efcStuckZeroTest                        
00009f1c  efcSelfTest                             
00009f44  checkefcSelfTest                        
00009fe4  fmcBus2Check                            
0000a020  fmcECCcheck                             
0000a0c0  checkB0RAMECC                           
0000a2b0  checkB1RAMECC                           
0000a4a0  checkFlashECC                           
0000a57c  custom_dabort                           
0000a580  stcSelfCheckFail                        
0000a584  cpuSelfTestFail                         
0000a588  vimParityCheck                          
0000a634  dmaParityCheck                          
0000a6e0  het1ParityCheck                         
0000a78c  htu1ParityCheck                         
0000a848  het2ParityCheck                         
0000a944  htu2ParityCheck                         
0000a9f4  adc1ParityCheck                         
0000aae0  adc2ParityCheck                         
0000ab98  can1ParityCheck                         
0000ac70  can2ParityCheck                         
0000ad38  mibspi1ParityCheck                      
0000ae48  mibspi3ParityCheck                      
0000af88  checkRAMECC                             
0000b1d8  checkClockMonitor                       
0000b2a0  checkFlashEEPROMECC                     
0000b434  checkPLL1Slip                           
0000b538  checkRAMAddrParity                      
0000b64c  checkRAMUERRTest                        
0000b7bc  fmcBus1ParityCheck                      
0000b8d8  pbistFail                               
0000b95c  pbistGetConfigValue                     
0000baa4  stcGetConfigValue                       
0000bb44  efcGetConfigValue                       
0000bbdc  ccmr4GetConfigValue                     
0000bc5c  errata_PBIST_4                          
0000bfc8  enableParity                            
0000c044  disableParity                           
0000c240  TI_Fee_Init                             
0000d924  spiInit                                 
0000dcb0  spiSetFunctional                        
0000dcd0  spiReceiveData                          
0000ddec  spiGetData                              
0000dee4  spiTransmitData                         
0000e010  spiSendData                             
0000e108  spiTransmitAndReceiveData               
0000e244  spiSendAndGetData                       
0000e384  SpiTxStatus                             
0000e410  SpiRxStatus                             
0000e49c  spiEnableLoopback                       
0000e4d0  spiDisableLoopback                      
0000e4ec  spiEnableNotification                   
0000e51c  spiDisableNotification                  
0000e548  spi1GetConfigValue                      
0000e6d8  spi2GetConfigValue                      
0000e8c4  spi3GetConfigValue                      
0000eb24  TI_Fee_MainFunction                     
0000fc04  canInit                                 
0000fd44  canTransmit                             
0000fe40  canGetData                              
0000ff98  canGetID                                
00010000  canUpdateID                             
00010078  canSendRemoteFrame                      
00010118  canFillMessageObjectData                
00010214  canIsTxMessagePending                   
00010270  canIsRxMessageArrived                   
000102cc  canIsMessageBoxValid                    
00010328  canGetLastError                         
0001034c  canGetErrorLevel                        
00010370  canEnableErrorNotification              
00010390  canEnableStatusChangeNotification       
000103b0  canDisableStatusChangeNotification      
000103d0  canDisableErrorNotification             
000103f0  canEnableloopback                       
00010428  canDisableloopback                      
00010458  canIoSetDirection                       
000104a8  canIoSetPort                            
000104f8  canIoTxGetBit                           
00010514  canIoRxGetBit                           
00010530  can1GetConfigValue                      
000106fc  adcInit                                 
00010858  adcStartConversion                      
000108dc  adcStopConversion                       
00010904  adcResetFiFo                            
0001092c  adcGetData                              
00010af4  adcIsFifoFull                           
00010b24  adcIsConversionComplete                 
00010b54  adcCalibration                          
00010d2c  adcMidPointCalibration                  
00010ec8  adcEnableNotification                   
00010f18  adcDisableNotification                  
00010f40  adcSetEVTPin                            
00010f60  adcGetEVTPin                            
00010f78  adc1GetConfigValue                      
000111e8  setupPLL                                
00011238  trimLPO                                 
000112ac  setupFlash                              
000112ec  periphInit                              
00011340  mapClocks                               
00011438  systemInit                              
00011504  systemPowerDown                         
00011534  systemGetConfigValue                    
00011910  tcmflashGetConfigValue                  
00011abc  sramGetConfigValue                      
00011bf8  customTrimLPO                           
00011cbc  vimInit                                 
00011d90  vimChannelMap                           
00011e34  vimEnableInterrupt                      
00011ffc  vimDisableInterrupt                     
000120a8  vimGetConfigValue                       
00012711  __TI_printfi                            
0001315b  _nop                                    
0001315c  hetInit                                 
0001321c  pwmStart                                
00013250  pwmStop                                 
00013284  pwmSetDuty                              
000133c0  pwmSetSignal                            
0001353c  pwmGetSignal                            
[...]
00015938  esmGetConfigValue                       
00015a8c  spiWrite                                
00015b08  spiWriteRead                            
00015b9c  wordWrite                               
00015bfc  byteWrite                               
00015c54  PortMode                                
00015c78  MCP_PinMode                             
00015d10  MCP_PinOutput                           
00015dd8  MCP_PortpullupMode                      
00015dfc  MCP_PortinputInvert                     
00015e20  MCP_PortRead                            
00015e84  MCP_pinRead                             
00015eec  MCP_Init                                
00015f4c  gioInit                                 
0001601c  gioSetDirection                         
0001603c  gioSetBit                               
0001608c  gioSetPort                              
000160ac  gioGetBit                               
000160d4  gioGetPort                              
000160ec  gioToggleBit                            
00016144  gioEnableNotification                   
000161ac  gioDisableNotification                  
00016214  gioGetConfigValue                       
000163d0  set_bit                                 
00016418  decToBcd                                
0001644c  bcdToDec                                
00016490  SetRegister                             
000164f8  GetRegister                             
00016574  Getseconds                              
00016588  Setseconds                              
000165ac  Getminutes                              
000165c0  Setminutes                              
000165e0  Gethours                                
000165f4  Sethours                                
00016614  Getdays                                 
00016628  Setdays                                 
00016648  Getweekdays                             
0001665c  Setweekdays                             
0001667c  Getmonths                               
00016690  Setmonths                               
000166b0  Getyears                                
000166c4  Setyears                                
000166e4  GetDate                                 
00016744  SetDate                                 
000167c1  sin                                     
000167c1  sinl                                    
00016bb0  _coreInitRegisters_                     
00016cbc  _coreInitStackPointer_                  
00016d08  _getCPSRValue_                          
00016d10  _gotoCPUIdle_                           
00016d28  _coreEnableVfp_                         
00016d40  _coreEnableEventBusExport_              
00016d50  _coreDisableEventBusExport_             
00016d60  _coreEnableRamEcc_                      
00016d70  _coreDisableRamEcc_                     
00016d80  _coreEnableFlashEcc_                    
00016d94  _coreDisableFlashEcc_                   
00016da4  _coreEnableIrqVicOffset_                
00016db4  _coreGetDataFault_                      
00016dbc  _coreClearDataFault_                    
00016dc8  _coreGetInstructionFault_               
00016dd0  _coreClearInstructionFault_             
00016ddc  _coreGetDataFaultAddress_               
00016de4  _coreClearDataFaultAddress_             
00016df0  _coreGetInstructionFaultAddress_        
00016df8  _coreClearInstructionFaultAddress_      
00016e04  _coreGetAuxiliaryDataFault_             
00016e0c  _coreClearAuxiliaryDataFault_           
00016e18  _coreGetAuxiliaryInstructionFault_      
00016e20  _coreClearAuxiliaryInstructionFault_    
00016e2c  _disable_interrupt_                     
00016e34  _disable_FIQ_interrupt_                 
00016e3c  _disable_IRQ_interrupt_                 
00016e44  _enable_interrupt_                      
00016e4c  _esmCcmErrorsClear_                     
00016ed4  _errata_CORTEXR4_57_                    
00016ee4  _errata_CORTEXR4_66_                    
00016ef4  __TI_PINIT_Base                         
00016ef8  __TI_PINIT_Limit                        
00016efc  vimParityErrorHandler                   
000171c8  setStep                                 
00017220  Register2write                          
000172b8  ADS1018Adcread                          
00017488  __aeabi_uldivmod                        
00017740  _c_int00                                
000179a5  Fapi_initializeFlashBanks               
00017fed  Fapi_setActiveFlashBank                 
00018168  esmGroup1Notification                   
00018178  esmGroup2Notification                   
00018188  memoryPort0TestFailNotification         
000181a4  memoryPort1TestFailNotification         
000181d0  adcNotification                         
000181e4  canErrorNotification                    
000181f8  canStatusChangeNotification             
0001820c  canMessageNotification                  
00018220  gioNotification                         
00018234  spiNotification                         
00018248  spiEndNotification                      
00018258  pwmNotification                         
00018270  edgeNotification                        
00018284  hetNotification                         
00018298  dmaGroupANotification                   
000182ad  fputs                                   
000183c5  aligned_alloc                           
000183c5  memalign                                
000184d8  esmHighInterrupt                        
000187ed  ldexp                                   
000187ed  ldexpl                                  
000187ed  scalbn                                  
000187ed  scalbnl                                 
000188dc  _dabort                                 
000189c5  free                                    
00018aa9  floor                                   
00018aa9  floorl                                  
00018b88  _pmuInit_                               
00018bd4  _pmuEnableCountersGlobal_               
00018be4  _pmuDisableCountersGlobal_              
00018bf4  _pmuResetCycleCounter_                  
00018c04  _pmuResetEventCounters_                 
00018c14  _pmuResetCounters_                      
00018c24  _pmuStartCounters_                      
00018c2c  _pmuStopCounters_                       
00018c34  _pmuSetCountEvent_                      
00018c40  _pmuGetCycleCount_                      
00018c48  _pmuGetEventCount_                      
00018c54  _pmuGetOverflow_                        
00018c69  setvbuf                                 
00018d45  __kernel_cos                            
00018ea7  __aeabi_idiv0                           
00018ea7  __aeabi_ldiv0                           
00018ea9  __kernel_sin                            
00018f51  __aeabi_memcpy                          
00018f51  __aeabi_memcpy4                         
00018f51  __aeabi_memcpy8                         
00018f51  memcpy                                  
00018fed  Fapi_doBlankCheck                       
00019080  rtiCompare0Interrupt                    
000190c8  rtiCompare1Interrupt                    
00019115  fputc                                   
00019115  putc                                    
000191a5  Fapi_enableEepromBankSectors            
0001929f  __aeabi_memclr                          
0001929f  __aeabi_memclr4                         
0001929f  __aeabi_memclr8                         
000192a1  __aeabi_memset                          
000192a1  __aeabi_memset4                         
000192a1  __aeabi_memset8                         
000192a7  memset                                  
00019319  __TI_closefile                          
0001938d  frexp                                   
0001938d  frexpl                                  
00019471  HOSTrename                              
000194dd  __TI_decompress_lzss                    
00019549  HOSTlseek                               
000195b1  printf                                  
00019619  __TI_wrt_ok                             
0001967d  fseek                                   
000196e1  _Fapi_loopRegionForValue                
00019741  HOSTopen                                
0001979d  HOSTread                                
000197f9  HOSTwrite                               
00019851  close                                   
000198fd  ltoa                                    
00019950  __aeabi_idiv                            
00019950  __aeabi_idivmod                         
000199a5  Fapi_isAddressEcc                       
00019a45  atoi                                    
00019a94  __aeabi_uidiv                           
00019a94  __aeabi_uidivmod                        
00019ae5  __TI_doflush                            
00019b31  HOSTclose                               
00019b75  HOSTunlink                              
00019bb9  _Fapi_EnableSectors                     
00019bfd  __TI_auto_init_nobinit_nopinit          
00019c41  exit                                    
00019c85  getdevice                               
00019d09  _Fapi_issueFsmCommand                   
00019d45  __TI_writemsg                           
00019d77  C$$IO$$                                 
00019d81  Fapi_calculateFletcherChecksum          
00019db7  strncpy                                 
00019ded  __TI_cleanup                            
00019e21  __TI_readmsg                            
00019e55  finddevice                              
00019e89  Fapi_issueAsyncCommandWithAddress       
00019eb9  Fapi_waitDelay                          
00019ee9  _Fapi_readDword                         
00019f15  remove                                  
00019f15  unlink                                  
00019f41  Fapi_issueAsyncCommand                  
00019f95  lseek                                   
00019fbd  write                                   
00019fe5  Fapi_flushPipeline                      
0001a007  memchr                                  
0001a027  copysign                                
0001a027  copysignl                               
0001a07d  memccpy                                 
0001a099  strcmp                                  
0001a0b1  strchr                                  
0001a0c7  strlen                                  
0001a0dd  strcpy                                  
0001a0f1  wcslen                                  
0001a105  Fapi_getNumberOfBankSectors             
0001a115  _scaleEEFclk                            
0001a125  _scaleMainFclk                          
0001a135  __TI_decompress_none                    
0001a143  _Fapi_checkWdService                    
0001a14f  __TI_zero_init                          
0001a15c  Fapi_serviceWatchdogTimer               
0001a165  __aeabi_errno_addr                      
0001a16d  malloc                                  
0001a17d  C$$EXIT                                 
0001a17d  abort                                   
0001a180  phantomInterrupt                        
0001a184  handlePLLLockFail                       
0001a190  TI_Fee_WriteAsync                       
0001ae48  TI_Fee_Read                             
0001b5f0  TI_Fee_Format                           
0001c198  _ctypes_                                
0001c30c  Device_FlashDevice                      
0001c4b0  Fee_VirtualSectorConfiguration          
0001c4bc  Fee_BlockConfiguration                  
0001c554  __TI_Handler_Table_Base                 
0001c560  __TI_Handler_Table_Limit                
0001c578  __TI_CINIT_Base                         
0001c590  __TI_CINIT_Limit                        
08001500  _sys_memory                             
08001d00  __CIOBUF_                               
08001e20  RX_DATA                                 
08001ee8  __TI_tmpnams                            
08001f88  adc_data                                
08002090  SpecialRamBlock                         
080020a0  eeprom_write_data                       
080020b0  ADS1018Data                             
080020b8  AutomaticAligmentDone                   
080020c0  BackSensorInoperative                   
080020c8  CalibrationCancel                       
080020d0  CalibrationFailure                      
080020d8  CalibrationFinalSettings                
080020e0  CalibrationFirstTemprorySettings        
080020e8  CalibrationSecondTemprorySettings       
080020f0  Calibrationbegin                        
080020f8  EmergencyStopActive                     
08002100  FifthWheelAnglePositioneLeft            
08002108  FifthWheelAnglePositioneRight           
08002110  FrontSensorInoperative                  
08002118  ISSSingalActive                         
08002120  ModeSelectDelay                         
08002128  VehicleInRoute                          
08002130  can_tx_data                             
08002138  parmbuf                                 
08002140  ArkaSensorAriza                         
08002144  AutoHizalamaBitti                       
08002148  BlockNumber                             
0800214c  BlockOffset                             
08002150  CaliberAcilStopLed                      
08002154  CaliberBozuk                            
08002158  CamelneckHomeTemporary                  
0800215c  CamelneckLeftAngleTemporary             
08002160  CamelneckNumberTemporary                
08002164  CamelneckRightAngleTemporary            
08002168  FifthWheelHomeTemporary                 
0800216c  FifthWheelLeftAngleTemporary            
08002170  FifthWheelNumberTemporary               
08002174  FifthWheelRightAngleTemporary           
08002178  Fullautomaticled                        
0800217c  Length                                  
08002180  Semiautomaticled                        
08002184  beginTime                               
08002188  dataconfig1_t                           
0800218c  dataconfig2_t                           
08002190  dataconfig3_t                           
08002194  dataconfig4_t                           
08002198  mode                                    
0800219c  timeOut                                 
080021a0  Amount                                  
080021a2  AttractiveLeftSensorAndCamelNeck        
080021a4  Average                                 
080021a6  Status                                  
080021a8  VN5T006ASPTRE_BOTTOM_CS1_VAL            
080021aa  VNQ5050KTRE_LEFT_1CS1_VAL               
080021ac  VNQ5050KTRE_LEFT_1CS2_VAL               
080021ae  VNQ5050KTRE_LEFT_1STAT1_VAL             
080021b0  VNQ5050KTRE_LEFT_1STAT2_VAL             
080021b2  VNQ5050KTRE_LEFT_1STAT3_VAL             
080021b4  VNQ5050KTRE_LEFT_1STAT4_VAL             
080021b6  VNQ5050KTRE_RIGHT_2CS1_VAL              
080021b8  VNQ5050KTRE_RIGHT_2CS2_VAL              
080021ba  VNQ5050KTRE_RIGHT_2STAT1_VAL            
080021bc  VNQ5050KTRE_RIGHT_2STAT2_VAL            
080021be  VNQ5050KTRE_RIGHT_2STAT3_VAL            
080021c0  VNQ5050KTRE_RIGHT_2STAT4_VAL            
080021c2  adc_samplecounter                       
080021c4  canSensorData                           
080021c6  global_counter                          
080021c8  aligment_buf                            
080021c9  sensorLeft                              
080021ca  sensorRight                             
080021d0  _ftable                                 
080022c0  _device                                 
08002338  read_data                               
0800239c  errno                                   
080023a0  PumpSlaveBtn                            
080023a1  ISSActiveState                          
080023a2  AutoHizalamaState                       
080023a3  AlignmentRightState                     
080023a4  AlignmentLeftState                      
080023a5  AlignmentAutoState                      
080023a6  AutoHizalama                            
080023a7  AcilStopON                              
080023a8  SysActive                               
080023a9  AlignmentRight                          
080023aa  AlignmentLeft                           
080023ab  AlignmentAuto                           
080023ac  fullPumpState                           
080023ad  SetMode                                 
080023ae  StopMode                                
080023af  ISS                                     
080023b0  emergency_stop                          
080023b1  auto_aligment                           
080023b2  left_aligment                           
080023b3  right_aligment                          
080023b4  set_aligment                            
080023b5  StopModeState                           
080023b6  full_Automatic_AutoAlignment            
080023b7  full_Automatic_Set_Aligment             
080023b8  CalibrationDone                         
080023b9  SystemActiveCaliber                     
080023ba  tick                                    
080023bb  tick2                                   
080023bc  Fullautomaticmode                       
080023bd  Semiautomaticmode                       
080023c0  FifthWheelNumberValue                   
080023c4  CamelneckNumberValue                    
080023c8  aligment_set_level                      
080023c9  PumpState                               
080023d0  ch_count                                
080023d8  id                                      
080023e0  value                                   
080023e8  error                                   
080023ec  adress_value                            
080023ee  oResult                                 
080023f0  AciSonuc                                
080023f4  DegerSonuc                              
080023f8  AngleValue                              
080023fc  _stream                                 
0800244c  eeprom_read_data                        
0800246c  _modeCache                              
08002470  _outputCache                            
08002474  _pullupCache                            
08002478  _invertCache                            
0800247c  CS_PIN                                  
0800247d  SPI_PORT_NUMBER                         
08002480  __TI_ft_end                             
08002484  __aeabi_stdin                           
08002488  __aeabi_stdout                          
0800248c  __aeabi_stderr                          
08002490  __TI_cleanup_ptr                        
08002494  __TI_dtors_ptr                          
08002498  __TI_enable_exit_profile_output         
0800249c  step                                    
080024a0  functiontodo                            
080024a4  subStep                                 
080024a5  failStep                                
080024a6  currentStep                             
080024a7  successStep                             
080024a8  _lock                                   
080024ac  _unlock                                 
080024c0  can_rx_data                             
080024c8  rcvId                                   
080024d0  TI_Fee_GlobalVariables                  
08002598  TI_Fee_u8DataSets                       
0800259c  TI_Fee_u32FletcherChecksum              
080025a0  TI_Fee_u32BlockEraseCount               
080025a4  TI_Fee_u8DeviceIndex                    
080025a8  TI_Fee_u32ActCpyVS                      
080025ac  TI_Fee_u8ErrEraseVS                     
080025ad  TI_Fee_bEraseSuspended                  
080025ae  TI_Fee_bIsMainFunctionCalled            
080025b0  TI_Fee_oStatusWord                      
080025b4  TI_FlashStatusWord                      
080025c4  TI_Fee_FapiInitCalled                   
ffffffff  __TI_pprof_out_hndl                     
ffffffff  __TI_prof_data_size                     
ffffffff  __TI_prof_data_start                    
ffffffff  __binit__                               
ffffffff  __c_args__                              
ffffffff  binit                                   
UNDEFED   SHT$$INIT_ARRAY$$Base                   
UNDEFED   SHT$$INIT_ARRAY$$Limit                  
UNDEFED   _system_post_cinit                      

[656 symbols]
