<?xml version="1.0" encoding="ISO-8859-1" ?>
<link_info>
   <banner>TI ARM Linker PC v18.12.4.LTS</banner>
   <copyright>Copyright (c) 1996-2018 Texas Instruments Incorporated</copyright>
   <link_time>0x607d8361</link_time>
   <link_errors>0x0</link_errors>
   <output_file>Lowbadtest.out</output_file>
   <entry_point>
      <name>_c_int00</name>
      <address>0x17390</address>
   </entry_point>
   <input_file_list>
      <input_file id="fl-2">
         <path>.\source\</path>
         <kind>object</kind>
         <file>ADS1018.obj</file>
         <name>ADS1018.obj</name>
      </input_file>
      <input_file id="fl-3">
         <path>.\source\</path>
         <kind>object</kind>
         <file>Device_TMS570LS07.obj</file>
         <name>Device_TMS570LS07.obj</name>
      </input_file>
      <input_file id="fl-4">
         <path>.\source\</path>
         <kind>object</kind>
         <file>Fapi_UserDefinedFunctions.obj</file>
         <name>Fapi_UserDefinedFunctions.obj</name>
      </input_file>
      <input_file id="fl-5">
         <path>.\source\</path>
         <kind>object</kind>
         <file>MCP23S17.obj</file>
         <name>MCP23S17.obj</name>
      </input_file>
      <input_file id="fl-6">
         <path>.\source\</path>
         <kind>object</kind>
         <file>PCA2129.obj</file>
         <name>PCA2129.obj</name>
      </input_file>
      <input_file id="fl-7">
         <path>.\source\</path>
         <kind>object</kind>
         <file>SST25PF040C.obj</file>
         <name>SST25PF040C.obj</name>
      </input_file>
      <input_file id="fl-8">
         <path>.\source\</path>
         <kind>object</kind>
         <file>adc.obj</file>
         <name>adc.obj</name>
      </input_file>
      <input_file id="fl-9">
         <path>.\source\</path>
         <kind>object</kind>
         <file>can.obj</file>
         <name>can.obj</name>
      </input_file>
      <input_file id="fl-a">
         <path>.\source\</path>
         <kind>object</kind>
         <file>dabort.obj</file>
         <name>dabort.obj</name>
      </input_file>
      <input_file id="fl-b">
         <path>.\source\</path>
         <kind>object</kind>
         <file>errata_SSWF021_45.obj</file>
         <name>errata_SSWF021_45.obj</name>
      </input_file>
      <input_file id="fl-c">
         <path>.\source\</path>
         <kind>object</kind>
         <file>esm.obj</file>
         <name>esm.obj</name>
      </input_file>
      <input_file id="fl-d">
         <path>.\source\</path>
         <kind>object</kind>
         <file>gio.obj</file>
         <name>gio.obj</name>
      </input_file>
      <input_file id="fl-e">
         <path>.\source\</path>
         <kind>object</kind>
         <file>het.obj</file>
         <name>het.obj</name>
      </input_file>
      <input_file id="fl-f">
         <path>.\source\</path>
         <kind>object</kind>
         <file>notification.obj</file>
         <name>notification.obj</name>
      </input_file>
      <input_file id="fl-10">
         <path>.\source\</path>
         <kind>object</kind>
         <file>pinmux.obj</file>
         <name>pinmux.obj</name>
      </input_file>
      <input_file id="fl-11">
         <path>.\source\</path>
         <kind>object</kind>
         <file>rti.obj</file>
         <name>rti.obj</name>
      </input_file>
      <input_file id="fl-12">
         <path>.\source\</path>
         <kind>object</kind>
         <file>spi.obj</file>
         <name>spi.obj</name>
      </input_file>
      <input_file id="fl-13">
         <path>.\source\</path>
         <kind>object</kind>
         <file>sys_core.obj</file>
         <name>sys_core.obj</name>
      </input_file>
      <input_file id="fl-14">
         <path>.\source\</path>
         <kind>object</kind>
         <file>sys_dma.obj</file>
         <name>sys_dma.obj</name>
      </input_file>
      <input_file id="fl-15">
         <path>.\source\</path>
         <kind>object</kind>
         <file>sys_intvecs.obj</file>
         <name>sys_intvecs.obj</name>
      </input_file>
      <input_file id="fl-16">
         <path>.\source\</path>
         <kind>object</kind>
         <file>sys_main.obj</file>
         <name>sys_main.obj</name>
      </input_file>
      <input_file id="fl-17">
         <path>.\source\</path>
         <kind>object</kind>
         <file>sys_mpu.obj</file>
         <name>sys_mpu.obj</name>
      </input_file>
      <input_file id="fl-18">
         <path>.\source\</path>
         <kind>object</kind>
         <file>sys_pcr.obj</file>
         <name>sys_pcr.obj</name>
      </input_file>
      <input_file id="fl-19">
         <path>.\source\</path>
         <kind>object</kind>
         <file>sys_phantom.obj</file>
         <name>sys_phantom.obj</name>
      </input_file>
      <input_file id="fl-1a">
         <path>.\source\</path>
         <kind>object</kind>
         <file>sys_pmm.obj</file>
         <name>sys_pmm.obj</name>
      </input_file>
      <input_file id="fl-1b">
         <path>.\source\</path>
         <kind>object</kind>
         <file>sys_pmu.obj</file>
         <name>sys_pmu.obj</name>
      </input_file>
      <input_file id="fl-1c">
         <path>.\source\</path>
         <kind>object</kind>
         <file>sys_selftest.obj</file>
         <name>sys_selftest.obj</name>
      </input_file>
      <input_file id="fl-1d">
         <path>.\source\</path>
         <kind>object</kind>
         <file>sys_startup.obj</file>
         <name>sys_startup.obj</name>
      </input_file>
      <input_file id="fl-1e">
         <path>.\source\</path>
         <kind>object</kind>
         <file>sys_vim.obj</file>
         <name>sys_vim.obj</name>
      </input_file>
      <input_file id="fl-1f">
         <path>.\source\</path>
         <kind>object</kind>
         <file>system.obj</file>
         <name>system.obj</name>
      </input_file>
      <input_file id="fl-20">
         <path>.\source\</path>
         <kind>object</kind>
         <file>ti_fee_Info.obj</file>
         <name>ti_fee_Info.obj</name>
      </input_file>
      <input_file id="fl-21">
         <path>.\source\</path>
         <kind>object</kind>
         <file>ti_fee_cancel.obj</file>
         <name>ti_fee_cancel.obj</name>
      </input_file>
      <input_file id="fl-22">
         <path>.\source\</path>
         <kind>object</kind>
         <file>ti_fee_cfg.obj</file>
         <name>ti_fee_cfg.obj</name>
      </input_file>
      <input_file id="fl-23">
         <path>.\source\</path>
         <kind>object</kind>
         <file>ti_fee_eraseimmediateblock.obj</file>
         <name>ti_fee_eraseimmediateblock.obj</name>
      </input_file>
      <input_file id="fl-24">
         <path>.\source\</path>
         <kind>object</kind>
         <file>ti_fee_format.obj</file>
         <name>ti_fee_format.obj</name>
      </input_file>
      <input_file id="fl-25">
         <path>.\source\</path>
         <kind>object</kind>
         <file>ti_fee_ini.obj</file>
         <name>ti_fee_ini.obj</name>
      </input_file>
      <input_file id="fl-26">
         <path>.\source\</path>
         <kind>object</kind>
         <file>ti_fee_invalidateblock.obj</file>
         <name>ti_fee_invalidateblock.obj</name>
      </input_file>
      <input_file id="fl-27">
         <path>.\source\</path>
         <kind>object</kind>
         <file>ti_fee_main.obj</file>
         <name>ti_fee_main.obj</name>
      </input_file>
      <input_file id="fl-28">
         <path>.\source\</path>
         <kind>object</kind>
         <file>ti_fee_read.obj</file>
         <name>ti_fee_read.obj</name>
      </input_file>
      <input_file id="fl-29">
         <path>.\source\</path>
         <kind>object</kind>
         <file>ti_fee_readSync.obj</file>
         <name>ti_fee_readSync.obj</name>
      </input_file>
      <input_file id="fl-2a">
         <path>.\source\</path>
         <kind>object</kind>
         <file>ti_fee_shutdown.obj</file>
         <name>ti_fee_shutdown.obj</name>
      </input_file>
      <input_file id="fl-2b">
         <path>.\source\</path>
         <kind>object</kind>
         <file>ti_fee_util.obj</file>
         <name>ti_fee_util.obj</name>
      </input_file>
      <input_file id="fl-2c">
         <path>.\source\</path>
         <kind>object</kind>
         <file>ti_fee_writeAsync.obj</file>
         <name>ti_fee_writeAsync.obj</name>
      </input_file>
      <input_file id="fl-2d">
         <path>.\source\</path>
         <kind>object</kind>
         <file>ti_fee_writeSync.obj</file>
         <name>ti_fee_writeSync.obj</name>
      </input_file>
      <input_file id="fl-32">
         <kind>object</kind>
         <file>&lt;internal&gt;</file>
         <name>&lt;internal&gt;</name>
      </input_file>
      <input_file id="fl-33">
         <path>C:\ti\ccs930\ccs\tools\compiler\ti-cgt-arm_18.12.4.LTS\lib\</path>
         <kind>archive</kind>
         <file>rtsv7R4_T_be_v3D16_eabi.lib</file>
         <name>s_sin.c.obj</name>
      </input_file>
      <input_file id="fl-34">
         <path>C:\ti\ccs930\ccs\tools\compiler\ti-cgt-arm_18.12.4.LTS\lib\</path>
         <kind>archive</kind>
         <file>rtsv7R4_T_be_v3D16_eabi.lib</file>
         <name>printf.c.obj</name>
      </input_file>
      <input_file id="fl-35">
         <path>C:\ti\ccs930\ccs\tools\compiler\ti-cgt-arm_18.12.4.LTS\lib\</path>
         <kind>archive</kind>
         <file>rtsv7R4_T_be_v3D16_eabi.lib</file>
         <name>_printfi.c.obj</name>
      </input_file>
      <input_file id="fl-36">
         <path>C:\ti\ccs930\ccs\tools\compiler\ti-cgt-arm_18.12.4.LTS\lib\</path>
         <kind>archive</kind>
         <file>rtsv7R4_T_be_v3D16_eabi.lib</file>
         <name>fputc.c.obj</name>
      </input_file>
      <input_file id="fl-37">
         <path>C:\ti\ccs930\ccs\tools\compiler\ti-cgt-arm_18.12.4.LTS\lib\</path>
         <kind>archive</kind>
         <file>rtsv7R4_T_be_v3D16_eabi.lib</file>
         <name>fputs.c.obj</name>
      </input_file>
      <input_file id="fl-38">
         <path>C:\ti\ccs930\ccs\tools\compiler\ti-cgt-arm_18.12.4.LTS\lib\</path>
         <kind>archive</kind>
         <file>rtsv7R4_T_be_v3D16_eabi.lib</file>
         <name>_io_perm.c.obj</name>
      </input_file>
      <input_file id="fl-39">
         <path>C:\ti\ccs930\ccs\tools\compiler\ti-cgt-arm_18.12.4.LTS\lib\</path>
         <kind>archive</kind>
         <file>rtsv7R4_T_be_v3D16_eabi.lib</file>
         <name>setvbuf.c.obj</name>
      </input_file>
      <input_file id="fl-3a">
         <path>C:\ti\ccs930\ccs\tools\compiler\ti-cgt-arm_18.12.4.LTS\lib\</path>
         <kind>archive</kind>
         <file>rtsv7R4_T_be_v3D16_eabi.lib</file>
         <name>memcpy_t2.asm.obj</name>
      </input_file>
      <input_file id="fl-3b">
         <path>C:\ti\ccs930\ccs\tools\compiler\ti-cgt-arm_18.12.4.LTS\lib\</path>
         <kind>archive</kind>
         <file>rtsv7R4_T_be_v3D16_eabi.lib</file>
         <name>ull_div32.asm.obj</name>
      </input_file>
      <input_file id="fl-3c">
         <path>C:\ti\ccs930\ccs\tools\compiler\ti-cgt-arm_18.12.4.LTS\lib\</path>
         <kind>archive</kind>
         <file>rtsv7R4_T_be_v3D16_eabi.lib</file>
         <name>i_div32.asm.obj</name>
      </input_file>
      <input_file id="fl-3d">
         <path>C:\ti\ccs930\ccs\tools\compiler\ti-cgt-arm_18.12.4.LTS\lib\</path>
         <kind>archive</kind>
         <file>rtsv7R4_T_be_v3D16_eabi.lib</file>
         <name>u_div32.asm.obj</name>
      </input_file>
      <input_file id="fl-3e">
         <path>C:\ti\ccs930\ccs\tools\compiler\ti-cgt-arm_18.12.4.LTS\lib\</path>
         <kind>archive</kind>
         <file>rtsv7R4_T_be_v3D16_eabi.lib</file>
         <name>memset_t2.asm.obj</name>
      </input_file>
      <input_file id="fl-3f">
         <path>C:\ti\ccs930\ccs\tools\compiler\ti-cgt-arm_18.12.4.LTS\lib\</path>
         <kind>archive</kind>
         <file>rtsv7R4_T_be_v3D16_eabi.lib</file>
         <name>autoinit.c.obj</name>
      </input_file>
      <input_file id="fl-40">
         <path>C:\ti\ccs930\ccs\tools\compiler\ti-cgt-arm_18.12.4.LTS\lib\</path>
         <kind>archive</kind>
         <file>rtsv7R4_T_be_v3D16_eabi.lib</file>
         <name>cpy_tbl.c.obj</name>
      </input_file>
      <input_file id="fl-41">
         <path>C:\ti\ccs930\ccs\tools\compiler\ti-cgt-arm_18.12.4.LTS\lib\</path>
         <kind>archive</kind>
         <file>rtsv7R4_T_be_v3D16_eabi.lib</file>
         <name>copy_zero_init.c.obj</name>
      </input_file>
      <input_file id="fl-42">
         <path>C:\ti\ccs930\ccs\tools\compiler\ti-cgt-arm_18.12.4.LTS\lib\</path>
         <kind>archive</kind>
         <file>rtsv7R4_T_be_v3D16_eabi.lib</file>
         <name>copy_decompress_none.c.obj</name>
      </input_file>
      <input_file id="fl-43">
         <path>C:\ti\ccs930\ccs\tools\compiler\ti-cgt-arm_18.12.4.LTS\lib\</path>
         <kind>archive</kind>
         <file>rtsv7R4_T_be_v3D16_eabi.lib</file>
         <name>copy_decompress_lzss.c.obj</name>
      </input_file>
      <input_file id="fl-44">
         <path>C:\ti\ccs930\ccs\tools\compiler\ti-cgt-arm_18.12.4.LTS\lib\</path>
         <kind>archive</kind>
         <file>rtsv7R4_T_be_v3D16_eabi.lib</file>
         <name>k_rem_pio2.c.obj</name>
      </input_file>
      <input_file id="fl-45">
         <path>C:\ti\ccs930\ccs\tools\compiler\ti-cgt-arm_18.12.4.LTS\lib\</path>
         <kind>archive</kind>
         <file>rtsv7R4_T_be_v3D16_eabi.lib</file>
         <name>exit.c.obj</name>
      </input_file>
      <input_file id="fl-46">
         <path>C:\ti\ccs930\ccs\tools\compiler\ti-cgt-arm_18.12.4.LTS\lib\</path>
         <kind>archive</kind>
         <file>rtsv7R4_T_be_v3D16_eabi.lib</file>
         <name>_lock.c.obj</name>
      </input_file>
      <input_file id="fl-47">
         <path>C:\ti\ccs930\ccs\tools\compiler\ti-cgt-arm_18.12.4.LTS\lib\</path>
         <kind>archive</kind>
         <file>rtsv7R4_T_be_v3D16_eabi.lib</file>
         <name>atoi.c.obj</name>
      </input_file>
      <input_file id="fl-48">
         <path>C:\ti\ccs930\ccs\tools\compiler\ti-cgt-arm_18.12.4.LTS\lib\</path>
         <kind>archive</kind>
         <file>rtsv7R4_T_be_v3D16_eabi.lib</file>
         <name>ctype.c.obj</name>
      </input_file>
      <input_file id="fl-49">
         <path>C:\ti\ccs930\ccs\tools\compiler\ti-cgt-arm_18.12.4.LTS\lib\</path>
         <kind>archive</kind>
         <file>rtsv7R4_T_be_v3D16_eabi.lib</file>
         <name>defs.c.obj</name>
      </input_file>
      <input_file id="fl-4a">
         <path>C:\ti\ccs930\ccs\tools\compiler\ti-cgt-arm_18.12.4.LTS\lib\</path>
         <kind>archive</kind>
         <file>rtsv7R4_T_be_v3D16_eabi.lib</file>
         <name>ltoa.c.obj</name>
      </input_file>
      <input_file id="fl-4b">
         <path>C:\ti\ccs930\ccs\tools\compiler\ti-cgt-arm_18.12.4.LTS\lib\</path>
         <kind>archive</kind>
         <file>rtsv7R4_T_be_v3D16_eabi.lib</file>
         <name>memccpy.c.obj</name>
      </input_file>
      <input_file id="fl-4c">
         <path>C:\ti\ccs930\ccs\tools\compiler\ti-cgt-arm_18.12.4.LTS\lib\</path>
         <kind>archive</kind>
         <file>rtsv7R4_T_be_v3D16_eabi.lib</file>
         <name>memchr.c.obj</name>
      </input_file>
      <input_file id="fl-4d">
         <path>C:\ti\ccs930\ccs\tools\compiler\ti-cgt-arm_18.12.4.LTS\lib\</path>
         <kind>archive</kind>
         <file>rtsv7R4_T_be_v3D16_eabi.lib</file>
         <name>memory.c.obj</name>
      </input_file>
      <input_file id="fl-4e">
         <path>C:\ti\ccs930\ccs\tools\compiler\ti-cgt-arm_18.12.4.LTS\lib\</path>
         <kind>archive</kind>
         <file>rtsv7R4_T_be_v3D16_eabi.lib</file>
         <name>strchr.c.obj</name>
      </input_file>
      <input_file id="fl-4f">
         <path>C:\ti\ccs930\ccs\tools\compiler\ti-cgt-arm_18.12.4.LTS\lib\</path>
         <kind>archive</kind>
         <file>rtsv7R4_T_be_v3D16_eabi.lib</file>
         <name>strlen.c.obj</name>
      </input_file>
      <input_file id="fl-50">
         <path>C:\ti\ccs930\ccs\tools\compiler\ti-cgt-arm_18.12.4.LTS\lib\</path>
         <kind>archive</kind>
         <file>rtsv7R4_T_be_v3D16_eabi.lib</file>
         <name>write.c.obj</name>
      </input_file>
      <input_file id="fl-51">
         <path>C:\ti\ccs930\ccs\tools\compiler\ti-cgt-arm_18.12.4.LTS\lib\</path>
         <kind>archive</kind>
         <file>rtsv7R4_T_be_v3D16_eabi.lib</file>
         <name>host_device.c.obj</name>
      </input_file>
      <input_file id="fl-52">
         <path>C:\ti\ccs930\ccs\tools\compiler\ti-cgt-arm_18.12.4.LTS\lib\</path>
         <kind>archive</kind>
         <file>rtsv7R4_T_be_v3D16_eabi.lib</file>
         <name>errno.c.obj</name>
      </input_file>
      <input_file id="fl-53">
         <path>C:\ti\ccs930\ccs\tools\compiler\ti-cgt-arm_18.12.4.LTS\lib\</path>
         <kind>archive</kind>
         <file>rtsv7R4_T_be_v3D16_eabi.lib</file>
         <name>wcslen.c.obj</name>
      </input_file>
      <input_file id="fl-54">
         <path>C:\ti\ccs930\ccs\tools\compiler\ti-cgt-arm_18.12.4.LTS\lib\</path>
         <kind>archive</kind>
         <file>rtsv7R4_T_be_v3D16_eabi.lib</file>
         <name>k_cos.c.obj</name>
      </input_file>
      <input_file id="fl-55">
         <path>C:\ti\ccs930\ccs\tools\compiler\ti-cgt-arm_18.12.4.LTS\lib\</path>
         <kind>archive</kind>
         <file>rtsv7R4_T_be_v3D16_eabi.lib</file>
         <name>k_sin.c.obj</name>
      </input_file>
      <input_file id="fl-56">
         <path>C:\ti\ccs930\ccs\tools\compiler\ti-cgt-arm_18.12.4.LTS\lib\</path>
         <kind>archive</kind>
         <file>rtsv7R4_T_be_v3D16_eabi.lib</file>
         <name>s_floor.c.obj</name>
      </input_file>
      <input_file id="fl-57">
         <path>C:\ti\ccs930\ccs\tools\compiler\ti-cgt-arm_18.12.4.LTS\lib\</path>
         <kind>archive</kind>
         <file>rtsv7R4_T_be_v3D16_eabi.lib</file>
         <name>s_frexp.c.obj</name>
      </input_file>
      <input_file id="fl-58">
         <path>C:\ti\ccs930\ccs\tools\compiler\ti-cgt-arm_18.12.4.LTS\lib\</path>
         <kind>archive</kind>
         <file>rtsv7R4_T_be_v3D16_eabi.lib</file>
         <name>s_scalbn.c.obj</name>
      </input_file>
      <input_file id="fl-59">
         <path>C:\ti\ccs930\ccs\tools\compiler\ti-cgt-arm_18.12.4.LTS\lib\</path>
         <kind>archive</kind>
         <file>rtsv7R4_T_be_v3D16_eabi.lib</file>
         <name>fflush.c.obj</name>
      </input_file>
      <input_file id="fl-5a">
         <path>C:\ti\ccs930\ccs\tools\compiler\ti-cgt-arm_18.12.4.LTS\lib\</path>
         <kind>archive</kind>
         <file>rtsv7R4_T_be_v3D16_eabi.lib</file>
         <name>fopen.c.obj</name>
      </input_file>
      <input_file id="fl-5b">
         <path>C:\ti\ccs930\ccs\tools\compiler\ti-cgt-arm_18.12.4.LTS\lib\</path>
         <kind>archive</kind>
         <file>rtsv7R4_T_be_v3D16_eabi.lib</file>
         <name>fseek.c.obj</name>
      </input_file>
      <input_file id="fl-5c">
         <path>C:\ti\ccs930\ccs\tools\compiler\ti-cgt-arm_18.12.4.LTS\lib\</path>
         <kind>archive</kind>
         <file>rtsv7R4_T_be_v3D16_eabi.lib</file>
         <name>div0.asm.obj</name>
      </input_file>
      <input_file id="fl-5d">
         <path>C:\ti\ccs930\ccs\tools\compiler\ti-cgt-arm_18.12.4.LTS\lib\</path>
         <kind>archive</kind>
         <file>rtsv7R4_T_be_v3D16_eabi.lib</file>
         <name>hostclose.c.obj</name>
      </input_file>
      <input_file id="fl-5e">
         <path>C:\ti\ccs930\ccs\tools\compiler\ti-cgt-arm_18.12.4.LTS\lib\</path>
         <kind>archive</kind>
         <file>rtsv7R4_T_be_v3D16_eabi.lib</file>
         <name>hostlseek.c.obj</name>
      </input_file>
      <input_file id="fl-5f">
         <path>C:\ti\ccs930\ccs\tools\compiler\ti-cgt-arm_18.12.4.LTS\lib\</path>
         <kind>archive</kind>
         <file>rtsv7R4_T_be_v3D16_eabi.lib</file>
         <name>hostopen.c.obj</name>
      </input_file>
      <input_file id="fl-60">
         <path>C:\ti\ccs930\ccs\tools\compiler\ti-cgt-arm_18.12.4.LTS\lib\</path>
         <kind>archive</kind>
         <file>rtsv7R4_T_be_v3D16_eabi.lib</file>
         <name>hostread.c.obj</name>
      </input_file>
      <input_file id="fl-61">
         <path>C:\ti\ccs930\ccs\tools\compiler\ti-cgt-arm_18.12.4.LTS\lib\</path>
         <kind>archive</kind>
         <file>rtsv7R4_T_be_v3D16_eabi.lib</file>
         <name>hostrename.c.obj</name>
      </input_file>
      <input_file id="fl-62">
         <path>C:\ti\ccs930\ccs\tools\compiler\ti-cgt-arm_18.12.4.LTS\lib\</path>
         <kind>archive</kind>
         <file>rtsv7R4_T_be_v3D16_eabi.lib</file>
         <name>hostunlink.c.obj</name>
      </input_file>
      <input_file id="fl-63">
         <path>C:\ti\ccs930\ccs\tools\compiler\ti-cgt-arm_18.12.4.LTS\lib\</path>
         <kind>archive</kind>
         <file>rtsv7R4_T_be_v3D16_eabi.lib</file>
         <name>hostwrite.c.obj</name>
      </input_file>
      <input_file id="fl-64">
         <path>C:\ti\ccs930\ccs\tools\compiler\ti-cgt-arm_18.12.4.LTS\lib\</path>
         <kind>archive</kind>
         <file>rtsv7R4_T_be_v3D16_eabi.lib</file>
         <name>trgmsg.c.obj</name>
      </input_file>
      <input_file id="fl-65">
         <path>C:\ti\ccs930\ccs\tools\compiler\ti-cgt-arm_18.12.4.LTS\lib\</path>
         <kind>archive</kind>
         <file>rtsv7R4_T_be_v3D16_eabi.lib</file>
         <name>open.c.obj</name>
      </input_file>
      <input_file id="fl-66">
         <path>C:\ti\ccs930\ccs\tools\compiler\ti-cgt-arm_18.12.4.LTS\lib\</path>
         <kind>archive</kind>
         <file>rtsv7R4_T_be_v3D16_eabi.lib</file>
         <name>lseek.c.obj</name>
      </input_file>
      <input_file id="fl-67">
         <path>C:\ti\ccs930\ccs\tools\compiler\ti-cgt-arm_18.12.4.LTS\lib\</path>
         <kind>archive</kind>
         <file>rtsv7R4_T_be_v3D16_eabi.lib</file>
         <name>s_copysign.c.obj</name>
      </input_file>
      <input_file id="fl-68">
         <path>C:\ti\ccs930\ccs\tools\compiler\ti-cgt-arm_18.12.4.LTS\lib\</path>
         <kind>archive</kind>
         <file>rtsv7R4_T_be_v3D16_eabi.lib</file>
         <name>fclose.c.obj</name>
      </input_file>
      <input_file id="fl-69">
         <path>C:\ti\ccs930\ccs\tools\compiler\ti-cgt-arm_18.12.4.LTS\lib\</path>
         <kind>archive</kind>
         <file>rtsv7R4_T_be_v3D16_eabi.lib</file>
         <name>getdevice.c.obj</name>
      </input_file>
      <input_file id="fl-6a">
         <path>C:\ti\ccs930\ccs\tools\compiler\ti-cgt-arm_18.12.4.LTS\lib\</path>
         <kind>archive</kind>
         <file>rtsv7R4_T_be_v3D16_eabi.lib</file>
         <name>strcmp.c.obj</name>
      </input_file>
      <input_file id="fl-6b">
         <path>C:\ti\ccs930\ccs\tools\compiler\ti-cgt-arm_18.12.4.LTS\lib\</path>
         <kind>archive</kind>
         <file>rtsv7R4_T_be_v3D16_eabi.lib</file>
         <name>strcpy.c.obj</name>
      </input_file>
      <input_file id="fl-6c">
         <path>C:\ti\ccs930\ccs\tools\compiler\ti-cgt-arm_18.12.4.LTS\lib\</path>
         <kind>archive</kind>
         <file>rtsv7R4_T_be_v3D16_eabi.lib</file>
         <name>strncpy.c.obj</name>
      </input_file>
      <input_file id="fl-6d">
         <path>C:\ti\ccs930\ccs\tools\compiler\ti-cgt-arm_18.12.4.LTS\lib\</path>
         <kind>archive</kind>
         <file>rtsv7R4_T_be_v3D16_eabi.lib</file>
         <name>remove.c.obj</name>
      </input_file>
      <input_file id="fl-6e">
         <path>C:\ti\ccs930\ccs\tools\compiler\ti-cgt-arm_18.12.4.LTS\lib\</path>
         <kind>archive</kind>
         <file>rtsv7R4_T_be_v3D16_eabi.lib</file>
         <name>close.c.obj</name>
      </input_file>
      <input_file id="fl-6f">
         <path>C:\ti\ccs930\ccs\tools\compiler\ti-cgt-arm_18.12.4.LTS\lib\</path>
         <kind>archive</kind>
         <file>rtsv7R4_T_be_v3D16_eabi.lib</file>
         <name>unlink.c.obj</name>
      </input_file>
      <input_file id="fl-70">
         <path>C:\ti\Hercules\F021 Flash API\02.01.01\</path>
         <kind>archive</kind>
         <file>F021_API_CortexR4_BE_V3D16.lib</file>
         <name>Async.obj</name>
      </input_file>
      <input_file id="fl-71">
         <path>C:\ti\Hercules\F021 Flash API\02.01.01\</path>
         <kind>archive</kind>
         <file>F021_API_CortexR4_BE_V3D16.lib</file>
         <name>Async.WithAddress.obj</name>
      </input_file>
      <input_file id="fl-72">
         <path>C:\ti\Hercules\F021 Flash API\02.01.01\</path>
         <kind>archive</kind>
         <file>F021_API_CortexR4_BE_V3D16.lib</file>
         <name>BlankCheck.obj</name>
      </input_file>
      <input_file id="fl-73">
         <path>C:\ti\Hercules\F021 Flash API\02.01.01\</path>
         <kind>archive</kind>
         <file>F021_API_CortexR4_BE_V3D16.lib</file>
         <name>FlashStateMachine.EnableEepromSectors.obj</name>
      </input_file>
      <input_file id="fl-74">
         <path>C:\ti\Hercules\F021 Flash API\02.01.01\</path>
         <kind>archive</kind>
         <file>F021_API_CortexR4_BE_V3D16.lib</file>
         <name>FlashStateMachine.InitializeFlashBanks.obj</name>
      </input_file>
      <input_file id="fl-75">
         <path>C:\ti\Hercules\F021 Flash API\02.01.01\</path>
         <kind>archive</kind>
         <file>F021_API_CortexR4_BE_V3D16.lib</file>
         <name>FlashStateMachine.IssueFsmCommand.obj</name>
      </input_file>
      <input_file id="fl-76">
         <path>C:\ti\Hercules\F021 Flash API\02.01.01\</path>
         <kind>archive</kind>
         <file>F021_API_CortexR4_BE_V3D16.lib</file>
         <name>FlashStateMachine.ScaleFclk.obj</name>
      </input_file>
      <input_file id="fl-77">
         <path>C:\ti\Hercules\F021 Flash API\02.01.01\</path>
         <kind>archive</kind>
         <file>F021_API_CortexR4_BE_V3D16.lib</file>
         <name>FlashStateMachine.SetActiveBank.obj</name>
      </input_file>
      <input_file id="fl-78">
         <path>C:\ti\Hercules\F021 Flash API\02.01.01\</path>
         <kind>archive</kind>
         <file>F021_API_CortexR4_BE_V3D16.lib</file>
         <name>Read.FlushPipeline.obj</name>
      </input_file>
      <input_file id="fl-79">
         <path>C:\ti\Hercules\F021 Flash API\02.01.01\</path>
         <kind>archive</kind>
         <file>F021_API_CortexR4_BE_V3D16.lib</file>
         <name>Read.LoopDword.obj</name>
      </input_file>
      <input_file id="fl-7a">
         <path>C:\ti\Hercules\F021 Flash API\02.01.01\</path>
         <kind>archive</kind>
         <file>F021_API_CortexR4_BE_V3D16.lib</file>
         <name>Read.WdService.obj</name>
      </input_file>
      <input_file id="fl-7b">
         <path>C:\ti\Hercules\F021 Flash API\02.01.01\</path>
         <kind>archive</kind>
         <file>F021_API_CortexR4_BE_V3D16.lib</file>
         <name>Utilities.CalculateFletcher.obj</name>
      </input_file>
      <input_file id="fl-7c">
         <path>C:\ti\Hercules\F021 Flash API\02.01.01\</path>
         <kind>archive</kind>
         <file>F021_API_CortexR4_BE_V3D16.lib</file>
         <name>Utilities.WaitDelay.obj</name>
      </input_file>
      <input_file id="fl-7d">
         <path>C:\ti\Hercules\F021 Flash API\02.01.01\</path>
         <kind>archive</kind>
         <file>F021_API_CortexR4_BE_V3D16.lib</file>
         <name>Utilities.GetNumberOfSectors.obj</name>
      </input_file>
      <input_file id="fl-7e">
         <path>C:\ti\Hercules\F021 Flash API\02.01.01\</path>
         <kind>archive</kind>
         <file>F021_API_CortexR4_BE_V3D16.lib</file>
         <name>Read.Common.obj</name>
      </input_file>
      <input_file id="fl-7f">
         <path>C:\ti\Hercules\F021 Flash API\02.01.01\</path>
         <kind>archive</kind>
         <file>F021_API_CortexR4_BE_V3D16.lib</file>
         <name>FlashStateMachine.Hercules.IsEccAddress.obj</name>
      </input_file>
   </input_file_list>
   <object_component_list>
      <object_component id="oc-31">
         <name>.intvecs</name>
         <load_address>0x0</load_address>
         <run_address>0x0</run_address>
         <size>0x20</size>
         <input_file_ref idref="fl-15"/>
      </object_component>
      <object_component id="oc-170">
         <name>.text</name>
         <load_address>0x20</load_address>
         <run_address>0x20</run_address>
         <size>0x57d0</size>
         <input_file_ref idref="fl-2b"/>
      </object_component>
      <object_component id="oc-92">
         <name>.text</name>
         <load_address>0x57f0</load_address>
         <run_address>0x57f0</run_address>
         <size>0x3bd4</size>
         <input_file_ref idref="fl-16"/>
      </object_component>
      <object_component id="oc-85">
         <name>.text</name>
         <load_address>0x93c4</load_address>
         <run_address>0x93c4</run_address>
         <size>0x2a14</size>
         <input_file_ref idref="fl-1c"/>
      </object_component>
      <object_component id="oc-164">
         <name>.text</name>
         <load_address>0xbdd8</load_address>
         <run_address>0xbdd8</run_address>
         <size>0x1768</size>
         <input_file_ref idref="fl-25"/>
      </object_component>
      <object_component id="oc-147">
         <name>.text</name>
         <load_address>0xd540</load_address>
         <run_address>0xd540</run_address>
         <size>0x1200</size>
         <input_file_ref idref="fl-12"/>
      </object_component>
      <object_component id="oc-16a">
         <name>.text</name>
         <load_address>0xe740</load_address>
         <run_address>0xe740</run_address>
         <size>0x10e0</size>
         <input_file_ref idref="fl-27"/>
      </object_component>
      <object_component id="oc-14d">
         <name>.text</name>
         <load_address>0xf820</load_address>
         <run_address>0xf820</run_address>
         <size>0xaf8</size>
         <input_file_ref idref="fl-9"/>
      </object_component>
      <object_component id="oc-141">
         <name>.text</name>
         <load_address>0x10318</load_address>
         <run_address>0x10318</run_address>
         <size>0xaec</size>
         <input_file_ref idref="fl-8"/>
      </object_component>
      <object_component id="oc-7f">
         <name>.text</name>
         <load_address>0x10e04</load_address>
         <run_address>0x10e04</run_address>
         <size>0xad4</size>
         <input_file_ref idref="fl-1f"/>
      </object_component>
      <object_component id="oc-40">
         <name>.text</name>
         <load_address>0x118d8</load_address>
         <run_address>0x118d8</run_address>
         <size>0xa54</size>
         <input_file_ref idref="fl-1e"/>
      </object_component>
      <object_component id="oc-37e">
         <name>.text:__TI_printfi</name>
         <load_address>0x1232c</load_address>
         <run_address>0x1232c</run_address>
         <size>0xa4a</size>
         <input_file_ref idref="fl-35"/>
      </object_component>
      <object_component id="oc-4c6">
         <name>.text:_nop</name>
         <load_address>0x12d76</load_address>
         <run_address>0x12d76</run_address>
         <size>0x2</size>
         <input_file_ref idref="fl-46"/>
      </object_component>
      <object_component id="oc-135">
         <name>.text</name>
         <load_address>0x12d78</load_address>
         <run_address>0x12d78</run_address>
         <size>0x8f4</size>
         <input_file_ref idref="fl-e"/>
      </object_component>
      <object_component id="oc-e9">
         <name>.text</name>
         <load_address>0x1366c</load_address>
         <run_address>0x1366c</run_address>
         <size>0x7dc</size>
         <input_file_ref idref="fl-10"/>
      </object_component>
      <object_component id="oc-73">
         <name>.text</name>
         <load_address>0x13e48</load_address>
         <run_address>0x13e48</run_address>
         <size>0x664</size>
         <input_file_ref idref="fl-b"/>
      </object_component>
      <object_component id="oc-12f">
         <name>.text</name>
         <load_address>0x144ac</load_address>
         <run_address>0x144ac</run_address>
         <size>0x63c</size>
         <input_file_ref idref="fl-11"/>
      </object_component>
      <object_component id="oc-2e1">
         <name>.text:__kernel_rem_pio2</name>
         <load_address>0x14ae8</load_address>
         <run_address>0x14ae8</run_address>
         <size>0x604</size>
         <input_file_ref idref="fl-44"/>
      </object_component>
      <object_component id="oc-8b">
         <name>.text</name>
         <load_address>0x150ec</load_address>
         <run_address>0x150ec</run_address>
         <size>0x5bc</size>
         <input_file_ref idref="fl-c"/>
      </object_component>
      <object_component id="oc-153">
         <name>.text</name>
         <load_address>0x156a8</load_address>
         <run_address>0x156a8</run_address>
         <size>0x4c0</size>
         <input_file_ref idref="fl-5"/>
      </object_component>
      <object_component id="oc-13b">
         <name>.text</name>
         <load_address>0x15b68</load_address>
         <run_address>0x15b68</run_address>
         <size>0x484</size>
         <input_file_ref idref="fl-d"/>
      </object_component>
      <object_component id="oc-1b1">
         <name>.text</name>
         <load_address>0x15fec</load_address>
         <run_address>0x15fec</run_address>
         <size>0x3f0</size>
         <input_file_ref idref="fl-6"/>
      </object_component>
      <object_component id="oc-15e">
         <name>.text:sin</name>
         <load_address>0x163dc</load_address>
         <run_address>0x163dc</run_address>
         <size>0x3f0</size>
         <input_file_ref idref="fl-33"/>
      </object_component>
      <object_component id="oc-6e">
         <name>.text</name>
         <load_address>0x167cc</load_address>
         <run_address>0x167cc</run_address>
         <size>0x34c</size>
         <input_file_ref idref="fl-13"/>
      </object_component>
      <object_component id="oc-188">
         <name>.text</name>
         <load_address>0x16b18</load_address>
         <run_address>0x16b18</run_address>
         <size>0x2f4</size>
         <input_file_ref idref="fl-2"/>
      </object_component>
      <object_component id="oc-3c">
         <name>.text:retain</name>
         <load_address>0x16e0c</load_address>
         <run_address>0x16e0c</run_address>
         <size>0x2cc</size>
         <input_file_ref idref="fl-1e"/>
      </object_component>
      <object_component id="oc-55e">
         <name>.text</name>
         <load_address>0x170d8</load_address>
         <run_address>0x170d8</run_address>
         <size>0x2b8</size>
         <input_file_ref idref="fl-3b"/>
      </object_component>
      <object_component id="oc-1c">
         <name>.text:retain</name>
         <load_address>0x17390</load_address>
         <run_address>0x17390</run_address>
         <size>0x264</size>
         <input_file_ref idref="fl-1d"/>
      </object_component>
      <object_component id="oc-303">
         <name>.text:Fapi_initializeFlashBanks</name>
         <load_address>0x175f4</load_address>
         <run_address>0x175f4</run_address>
         <size>0x260</size>
         <input_file_ref idref="fl-74"/>
      </object_component>
      <object_component id="oc-4a2">
         <name>.text:_pconv_a</name>
         <load_address>0x17854</load_address>
         <run_address>0x17854</run_address>
         <size>0x248</size>
         <input_file_ref idref="fl-35"/>
      </object_component>
      <object_component id="oc-490">
         <name>.text:_pconv_g</name>
         <load_address>0x17a9c</load_address>
         <run_address>0x17a9c</run_address>
         <size>0x1a0</size>
         <input_file_ref idref="fl-35"/>
      </object_component>
      <object_component id="oc-309">
         <name>.text:Fapi_setActiveFlashBank</name>
         <load_address>0x17c3c</load_address>
         <run_address>0x17c3c</run_address>
         <size>0x17c</size>
         <input_file_ref idref="fl-77"/>
      </object_component>
      <object_component id="oc-9a">
         <name>.text</name>
         <load_address>0x17db8</load_address>
         <run_address>0x17db8</run_address>
         <size>0x144</size>
         <input_file_ref idref="fl-f"/>
      </object_component>
      <object_component id="oc-4d4">
         <name>.text:fputs</name>
         <load_address>0x17efc</load_address>
         <run_address>0x17efc</run_address>
         <size>0x118</size>
         <input_file_ref idref="fl-37"/>
      </object_component>
      <object_component id="oc-691">
         <name>.text:aligned_alloc</name>
         <load_address>0x18014</load_address>
         <run_address>0x18014</run_address>
         <size>0x114</size>
         <input_file_ref idref="fl-4d"/>
      </object_component>
      <object_component id="oc-22">
         <name>.text:retain</name>
         <load_address>0x18128</load_address>
         <run_address>0x18128</run_address>
         <size>0x114</size>
         <input_file_ref idref="fl-c"/>
      </object_component>
      <object_component id="oc-49c">
         <name>.text:_pconv_e</name>
         <load_address>0x1823c</load_address>
         <run_address>0x1823c</run_address>
         <size>0x104</size>
         <input_file_ref idref="fl-35"/>
      </object_component>
      <object_component id="oc-577">
         <name>.text:fcvt</name>
         <load_address>0x18340</load_address>
         <run_address>0x18340</run_address>
         <size>0xfc</size>
         <input_file_ref idref="fl-35"/>
      </object_component>
      <object_component id="oc-3f5">
         <name>.text:scalbn</name>
         <load_address>0x1843c</load_address>
         <run_address>0x1843c</run_address>
         <size>0xf0</size>
         <input_file_ref idref="fl-58"/>
      </object_component>
      <object_component id="oc-aa">
         <name>.text</name>
         <load_address>0x1852c</load_address>
         <run_address>0x1852c</run_address>
         <size>0xe8</size>
         <input_file_ref idref="fl-a"/>
      </object_component>
      <object_component id="oc-64d">
         <name>.text:free</name>
         <load_address>0x18614</load_address>
         <run_address>0x18614</run_address>
         <size>0xe4</size>
         <input_file_ref idref="fl-4d"/>
      </object_component>
      <object_component id="oc-3fb">
         <name>.text:floor</name>
         <load_address>0x186f8</load_address>
         <run_address>0x186f8</run_address>
         <size>0xe0</size>
         <input_file_ref idref="fl-56"/>
      </object_component>
      <object_component id="oc-f1">
         <name>.text</name>
         <load_address>0x187d8</load_address>
         <run_address>0x187d8</run_address>
         <size>0xe0</size>
         <input_file_ref idref="fl-1b"/>
      </object_component>
      <object_component id="oc-61f">
         <name>.text:setvbuf</name>
         <load_address>0x188b8</load_address>
         <run_address>0x188b8</run_address>
         <size>0xdc</size>
         <input_file_ref idref="fl-39"/>
      </object_component>
      <object_component id="oc-2ed">
         <name>.text:__kernel_cos</name>
         <load_address>0x18994</load_address>
         <run_address>0x18994</run_address>
         <size>0xb4</size>
         <input_file_ref idref="fl-54"/>
      </object_component>
      <object_component id="oc-48a">
         <name>.text:_ltostr</name>
         <load_address>0x18a48</load_address>
         <run_address>0x18a48</run_address>
         <size>0xad</size>
         <input_file_ref idref="fl-35"/>
      </object_component>
      <object_component id="oc-2db">
         <name>.text</name>
         <load_address>0x18af6</load_address>
         <run_address>0x18af6</run_address>
         <size>0x2</size>
         <input_file_ref idref="fl-5c"/>
      </object_component>
      <object_component id="oc-2e7">
         <name>.text:__kernel_sin</name>
         <load_address>0x18af8</load_address>
         <run_address>0x18af8</run_address>
         <size>0xa8</size>
         <input_file_ref idref="fl-55"/>
      </object_component>
      <object_component id="oc-56">
         <name>.text</name>
         <load_address>0x18ba0</load_address>
         <run_address>0x18ba0</run_address>
         <size>0x9c</size>
         <input_file_ref idref="fl-3a"/>
      </object_component>
      <object_component id="oc-324">
         <name>.text:Fapi_doBlankCheck</name>
         <load_address>0x18c3c</load_address>
         <run_address>0x18c3c</run_address>
         <size>0x94</size>
         <input_file_ref idref="fl-72"/>
      </object_component>
      <object_component id="oc-2b">
         <name>.text:retain</name>
         <load_address>0x18cd0</load_address>
         <run_address>0x18cd0</run_address>
         <size>0x94</size>
         <input_file_ref idref="fl-11"/>
      </object_component>
      <object_component id="oc-4db">
         <name>.text:fputc</name>
         <load_address>0x18d64</load_address>
         <run_address>0x18d64</run_address>
         <size>0x90</size>
         <input_file_ref idref="fl-36"/>
      </object_component>
      <object_component id="oc-30f">
         <name>.text:Fapi_enableEepromBankSectors</name>
         <load_address>0x18df4</load_address>
         <run_address>0x18df4</run_address>
         <size>0x80</size>
         <input_file_ref idref="fl-73"/>
      </object_component>
      <object_component id="oc-570">
         <name>.text:_mcpy</name>
         <load_address>0x18e74</load_address>
         <run_address>0x18e74</run_address>
         <size>0x7a</size>
         <input_file_ref idref="fl-35"/>
      </object_component>
      <object_component id="oc-db">
         <name>.text</name>
         <load_address>0x18eee</load_address>
         <run_address>0x18eee</run_address>
         <size>0x7a</size>
         <input_file_ref idref="fl-3e"/>
      </object_component>
      <object_component id="oc-698">
         <name>.text:__TI_closefile</name>
         <load_address>0x18f68</load_address>
         <run_address>0x18f68</run_address>
         <size>0x74</size>
         <input_file_ref idref="fl-68"/>
      </object_component>
      <object_component id="oc-585">
         <name>.text:frexp</name>
         <load_address>0x18fdc</load_address>
         <run_address>0x18fdc</run_address>
         <size>0x74</size>
         <input_file_ref idref="fl-57"/>
      </object_component>
      <object_component id="oc-6d9">
         <name>.text:split</name>
         <load_address>0x19050</load_address>
         <run_address>0x19050</run_address>
         <size>0x70</size>
         <input_file_ref idref="fl-4d"/>
      </object_component>
      <object_component id="oc-6c8">
         <name>.text:HOSTrename</name>
         <load_address>0x190c0</load_address>
         <run_address>0x190c0</run_address>
         <size>0x6c</size>
         <input_file_ref idref="fl-61"/>
      </object_component>
      <object_component id="oc-f">
         <name>.text:decompress:lzss:__TI_decompress_lzss</name>
         <load_address>0x1912c</load_address>
         <run_address>0x1912c</run_address>
         <size>0x6c</size>
         <input_file_ref idref="fl-43"/>
      </object_component>
      <object_component id="oc-6bc">
         <name>.text:HOSTlseek</name>
         <load_address>0x19198</load_address>
         <run_address>0x19198</run_address>
         <size>0x68</size>
         <input_file_ref idref="fl-5e"/>
      </object_component>
      <object_component id="oc-1cd">
         <name>.text:printf</name>
         <load_address>0x19200</load_address>
         <run_address>0x19200</run_address>
         <size>0x68</size>
         <input_file_ref idref="fl-34"/>
      </object_component>
      <object_component id="oc-5b6">
         <name>.text:__TI_wrt_ok</name>
         <load_address>0x19268</load_address>
         <run_address>0x19268</run_address>
         <size>0x64</size>
         <input_file_ref idref="fl-38"/>
      </object_component>
      <object_component id="oc-619">
         <name>.text:fseek</name>
         <load_address>0x192cc</load_address>
         <run_address>0x192cc</run_address>
         <size>0x64</size>
         <input_file_ref idref="fl-5b"/>
      </object_component>
      <object_component id="oc-45d">
         <name>.text:_Fapi_loopRegionForValue</name>
         <load_address>0x19330</load_address>
         <run_address>0x19330</run_address>
         <size>0x5e</size>
         <input_file_ref idref="fl-79"/>
      </object_component>
      <object_component id="oc-6a4">
         <name>.text:HOSTopen</name>
         <load_address>0x19390</load_address>
         <run_address>0x19390</run_address>
         <size>0x5c</size>
         <input_file_ref idref="fl-5f"/>
      </object_component>
      <object_component id="oc-6b0">
         <name>.text:HOSTread</name>
         <load_address>0x193ec</load_address>
         <run_address>0x193ec</run_address>
         <size>0x5c</size>
         <input_file_ref idref="fl-60"/>
      </object_component>
      <object_component id="oc-6b6">
         <name>.text:HOSTwrite</name>
         <load_address>0x19448</load_address>
         <run_address>0x19448</run_address>
         <size>0x58</size>
         <input_file_ref idref="fl-63"/>
      </object_component>
      <object_component id="oc-6e0">
         <name>.text:close</name>
         <load_address>0x194a0</load_address>
         <run_address>0x194a0</run_address>
         <size>0x58</size>
         <input_file_ref idref="fl-6e"/>
      </object_component>
      <object_component id="oc-56a">
         <name>.text:_ecpy</name>
         <load_address>0x194f8</load_address>
         <run_address>0x194f8</run_address>
         <size>0x54</size>
         <input_file_ref idref="fl-35"/>
      </object_component>
      <object_component id="oc-564">
         <name>.text:ltoa</name>
         <load_address>0x1954c</load_address>
         <run_address>0x1954c</run_address>
         <size>0x54</size>
         <input_file_ref idref="fl-4a"/>
      </object_component>
      <object_component id="oc-159">
         <name>.text</name>
         <load_address>0x195a0</load_address>
         <run_address>0x195a0</run_address>
         <size>0x54</size>
         <input_file_ref idref="fl-3c"/>
      </object_component>
      <object_component id="oc-5e1">
         <name>.text:Fapi_isAddressEcc</name>
         <load_address>0x195f4</load_address>
         <run_address>0x195f4</run_address>
         <size>0x50</size>
         <input_file_ref idref="fl-7f"/>
      </object_component>
      <object_component id="oc-496">
         <name>.text:_pconv_f</name>
         <load_address>0x19644</load_address>
         <run_address>0x19644</run_address>
         <size>0x50</size>
         <input_file_ref idref="fl-35"/>
      </object_component>
      <object_component id="oc-484">
         <name>.text:atoi</name>
         <load_address>0x19694</load_address>
         <run_address>0x19694</run_address>
         <size>0x50</size>
         <input_file_ref idref="fl-47"/>
      </object_component>
      <object_component id="oc-2a8">
         <name>.text</name>
         <load_address>0x196e4</load_address>
         <run_address>0x196e4</run_address>
         <size>0x50</size>
         <input_file_ref idref="fl-3d"/>
      </object_component>
      <object_component id="oc-5c2">
         <name>.text:__TI_doflush</name>
         <load_address>0x19734</load_address>
         <run_address>0x19734</run_address>
         <size>0x4c</size>
         <input_file_ref idref="fl-59"/>
      </object_component>
      <object_component id="oc-6aa">
         <name>.text:HOSTclose</name>
         <load_address>0x19780</load_address>
         <run_address>0x19780</run_address>
         <size>0x44</size>
         <input_file_ref idref="fl-5d"/>
      </object_component>
      <object_component id="oc-6c2">
         <name>.text:HOSTunlink</name>
         <load_address>0x197c4</load_address>
         <run_address>0x197c4</run_address>
         <size>0x44</size>
         <input_file_ref idref="fl-62"/>
      </object_component>
      <object_component id="oc-44b">
         <name>.text:_Fapi_EnableSectors</name>
         <load_address>0x19808</load_address>
         <run_address>0x19808</run_address>
         <size>0x44</size>
         <input_file_ref idref="fl-73"/>
      </object_component>
      <object_component id="oc-ff">
         <name>.text:__TI_auto_init_nobinit_nopinit:__TI_auto_init_nobinit_nopinit</name>
         <load_address>0x1984c</load_address>
         <run_address>0x1984c</run_address>
         <size>0x44</size>
         <input_file_ref idref="fl-3f"/>
      </object_component>
      <object_component id="oc-1f3">
         <name>.text:exit</name>
         <load_address>0x19890</load_address>
         <run_address>0x19890</run_address>
         <size>0x44</size>
         <input_file_ref idref="fl-45"/>
      </object_component>
      <object_component id="oc-718">
         <name>.text:getdevice</name>
         <load_address>0x198d4</load_address>
         <run_address>0x198d4</run_address>
         <size>0x44</size>
         <input_file_ref idref="fl-69"/>
      </object_component>
      <object_component id="oc-57d">
         <name>.text:_fcpy</name>
         <load_address>0x19918</load_address>
         <run_address>0x19918</run_address>
         <size>0x40</size>
         <input_file_ref idref="fl-35"/>
      </object_component>
      <object_component id="oc-465">
         <name>.text:_Fapi_issueFsmCommand</name>
         <load_address>0x19958</load_address>
         <run_address>0x19958</run_address>
         <size>0x3c</size>
         <input_file_ref idref="fl-75"/>
      </object_component>
      <object_component id="oc-6f1">
         <name>.text:__TI_writemsg</name>
         <load_address>0x19994</load_address>
         <run_address>0x19994</run_address>
         <size>0x3c</size>
         <input_file_ref idref="fl-64"/>
      </object_component>
      <object_component id="oc-41e">
         <name>.text:Fapi_calculateFletcherChecksum</name>
         <load_address>0x199d0</load_address>
         <run_address>0x199d0</run_address>
         <size>0x36</size>
         <input_file_ref idref="fl-7b"/>
      </object_component>
      <object_component id="oc-73a">
         <name>.text:strncpy</name>
         <load_address>0x19a06</load_address>
         <run_address>0x19a06</run_address>
         <size>0x36</size>
         <input_file_ref idref="fl-6c"/>
      </object_component>
      <object_component id="oc-659">
         <name>.text:__TI_cleanup</name>
         <load_address>0x19a3c</load_address>
         <run_address>0x19a3c</run_address>
         <size>0x34</size>
         <input_file_ref idref="fl-5a"/>
      </object_component>
      <object_component id="oc-6f7">
         <name>.text:__TI_readmsg</name>
         <load_address>0x19a70</load_address>
         <run_address>0x19a70</run_address>
         <size>0x34</size>
         <input_file_ref idref="fl-64"/>
      </object_component>
      <object_component id="oc-740">
         <name>.text:finddevice</name>
         <load_address>0x19aa4</load_address>
         <run_address>0x19aa4</run_address>
         <size>0x34</size>
         <input_file_ref idref="fl-69"/>
      </object_component>
      <object_component id="oc-330">
         <name>.text:Fapi_issueAsyncCommandWithAddress</name>
         <load_address>0x19ad8</load_address>
         <run_address>0x19ad8</run_address>
         <size>0x30</size>
         <input_file_ref idref="fl-71"/>
      </object_component>
      <object_component id="oc-534">
         <name>.text:Fapi_waitDelay</name>
         <load_address>0x19b08</load_address>
         <run_address>0x19b08</run_address>
         <size>0x30</size>
         <input_file_ref idref="fl-7c"/>
      </object_component>
      <object_component id="oc-53c">
         <name>.text:_Fapi_readDword</name>
         <load_address>0x19b38</load_address>
         <run_address>0x19b38</run_address>
         <size>0x2c</size>
         <input_file_ref idref="fl-7e"/>
      </object_component>
      <object_component id="oc-6e6">
         <name>.text:unlink</name>
         <load_address>0x19b64</load_address>
         <run_address>0x19b64</run_address>
         <size>0x2c</size>
         <input_file_ref idref="fl-6f"/>
      </object_component>
      <object_component id="oc-32a">
         <name>.text:Fapi_issueAsyncCommand</name>
         <load_address>0x19b90</load_address>
         <run_address>0x19b90</run_address>
         <size>0x2a</size>
         <input_file_ref idref="fl-70"/>
      </object_component>
      <object_component id="oc-68a">
         <name>.text:free_list_insert</name>
         <load_address>0x19bbc</load_address>
         <run_address>0x19bbc</run_address>
         <size>0x28</size>
         <input_file_ref idref="fl-4d"/>
      </object_component>
      <object_component id="oc-645">
         <name>.text:lseek</name>
         <load_address>0x19be4</load_address>
         <run_address>0x19be4</run_address>
         <size>0x28</size>
         <input_file_ref idref="fl-66"/>
      </object_component>
      <object_component id="oc-5c8">
         <name>.text:write</name>
         <load_address>0x19c0c</load_address>
         <run_address>0x19c0c</run_address>
         <size>0x28</size>
         <input_file_ref idref="fl-50"/>
      </object_component>
      <object_component id="oc-457">
         <name>.text:Fapi_flushPipeline</name>
         <load_address>0x19c34</load_address>
         <run_address>0x19c34</run_address>
         <size>0x22</size>
         <input_file_ref idref="fl-78"/>
      </object_component>
      <object_component id="oc-5bc">
         <name>.text:memchr</name>
         <load_address>0x19c56</load_address>
         <run_address>0x19c56</run_address>
         <size>0x20</size>
         <input_file_ref idref="fl-4c"/>
      </object_component>
      <object_component id="oc-500">
         <name>.text:copysign</name>
         <load_address>0x19c76</load_address>
         <run_address>0x19c76</run_address>
         <size>0x1e</size>
         <input_file_ref idref="fl-67"/>
      </object_component>
      <object_component id="oc-424">
         <name>.text:_Fapi_divideUnsignedLong</name>
         <load_address>0x19c94</load_address>
         <run_address>0x19c94</run_address>
         <size>0x1c</size>
         <input_file_ref idref="fl-74"/>
      </object_component>
      <object_component id="oc-684">
         <name>.text:free_list_remove</name>
         <load_address>0x19cb0</load_address>
         <run_address>0x19cb0</run_address>
         <size>0x1c</size>
         <input_file_ref idref="fl-4d"/>
      </object_component>
      <object_component id="oc-4a8">
         <name>.text:memccpy</name>
         <load_address>0x19ccc</load_address>
         <run_address>0x19ccc</run_address>
         <size>0x1c</size>
         <input_file_ref idref="fl-4b"/>
      </object_component>
      <object_component id="oc-757">
         <name>.text:strcmp</name>
         <load_address>0x19ce8</load_address>
         <run_address>0x19ce8</run_address>
         <size>0x18</size>
         <input_file_ref idref="fl-6a"/>
      </object_component>
      <object_component id="oc-58b">
         <name>.text:strchr</name>
         <load_address>0x19d00</load_address>
         <run_address>0x19d00</run_address>
         <size>0x16</size>
         <input_file_ref idref="fl-4e"/>
      </object_component>
      <object_component id="oc-47e">
         <name>.text:strlen</name>
         <load_address>0x19d16</load_address>
         <run_address>0x19d16</run_address>
         <size>0x16</size>
         <input_file_ref idref="fl-4f"/>
      </object_component>
      <object_component id="oc-70b">
         <name>.text:strcpy</name>
         <load_address>0x19d2c</load_address>
         <run_address>0x19d2c</run_address>
         <size>0x14</size>
         <input_file_ref idref="fl-6b"/>
      </object_component>
      <object_component id="oc-4ae">
         <name>.text:wcslen</name>
         <load_address>0x19d40</load_address>
         <run_address>0x19d40</run_address>
         <size>0x12</size>
         <input_file_ref idref="fl-53"/>
      </object_component>
      <object_component id="oc-445">
         <name>.text:Fapi_getNumberOfBankSectors</name>
         <load_address>0x19d54</load_address>
         <run_address>0x19d54</run_address>
         <size>0x10</size>
         <input_file_ref idref="fl-7d"/>
      </object_component>
      <object_component id="oc-430">
         <name>.text:_scaleEEFclk</name>
         <load_address>0x19d64</load_address>
         <run_address>0x19d64</run_address>
         <size>0x10</size>
         <input_file_ref idref="fl-76"/>
      </object_component>
      <object_component id="oc-42a">
         <name>.text:_scaleMainFclk</name>
         <load_address>0x19d74</load_address>
         <run_address>0x19d74</run_address>
         <size>0x10</size>
         <input_file_ref idref="fl-76"/>
      </object_component>
      <object_component id="oc-15">
         <name>.text:decompress:none:__TI_decompress_none</name>
         <load_address>0x19d84</load_address>
         <run_address>0x19d84</run_address>
         <size>0xe</size>
         <input_file_ref idref="fl-42"/>
      </object_component>
      <object_component id="oc-542">
         <name>.text:_Fapi_checkWdService</name>
         <load_address>0x19d92</load_address>
         <run_address>0x19d92</run_address>
         <size>0xc</size>
         <input_file_ref idref="fl-7a"/>
      </object_component>
      <object_component id="oc-68">
         <name>.text:decompress:ZI:__TI_zero_init</name>
         <load_address>0x19d9e</load_address>
         <run_address>0x19d9e</run_address>
         <size>0xc</size>
         <input_file_ref idref="fl-41"/>
      </object_component>
      <object_component id="oc-5e9">
         <name>.text</name>
         <load_address>0x19dac</load_address>
         <run_address>0x19dac</run_address>
         <size>0x8</size>
         <input_file_ref idref="fl-4"/>
      </object_component>
      <object_component id="oc-4b4">
         <name>.text:__aeabi_errno_addr</name>
         <load_address>0x19db4</load_address>
         <run_address>0x19db4</run_address>
         <size>0x8</size>
         <input_file_ref idref="fl-52"/>
      </object_component>
      <object_component id="oc-653">
         <name>.text:malloc</name>
         <load_address>0x19dbc</load_address>
         <run_address>0x19dbc</run_address>
         <size>0x8</size>
         <input_file_ref idref="fl-4d"/>
      </object_component>
      <object_component id="oc-390">
         <name>.text:_outc</name>
         <load_address>0x19dc4</load_address>
         <run_address>0x19dc4</run_address>
         <size>0x4</size>
         <input_file_ref idref="fl-34"/>
      </object_component>
      <object_component id="oc-38a">
         <name>.text:_outs</name>
         <load_address>0x19dc8</load_address>
         <run_address>0x19dc8</run_address>
         <size>0x4</size>
         <input_file_ref idref="fl-34"/>
      </object_component>
      <object_component id="oc-1ed">
         <name>.text:abort:abort</name>
         <load_address>0x19dcc</load_address>
         <run_address>0x19dcc</run_address>
         <size>0x4</size>
         <input_file_ref idref="fl-45"/>
      </object_component>
      <object_component id="oc-36">
         <name>.text:retain</name>
         <load_address>0x19dd0</load_address>
         <run_address>0x19dd0</run_address>
         <size>0x4</size>
         <input_file_ref idref="fl-19"/>
      </object_component>
      <object_component id="oc-79">
         <name>.text</name>
         <load_address>0x19dd4</load_address>
         <run_address>0x19dd4</run_address>
         <size>0x4</size>
         <input_file_ref idref="fl-1d"/>
      </object_component>
      <object_component id="oc-791">
         <name>.tramp.Fapi_serviceWatchdogTimer.1</name>
         <load_address>0x19dd8</load_address>
         <run_address>0x19dd8</run_address>
         <size>0x8</size>
         <input_file_ref idref="fl-4"/>
      </object_component>
      <object_component id="oc-2ad">
         <name>.const:het1PROGRAM</name>
         <load_address>0x1b6f0</load_address>
         <run_address>0x1b6f0</run_address>
         <size>0x3a0</size>
         <input_file_ref idref="fl-e"/>
      </object_component>
      <object_component id="oc-28">
         <name>.const:s_vim_init</name>
         <load_address>0x1ba90</load_address>
         <run_address>0x1ba90</run_address>
         <size>0x200</size>
         <input_file_ref idref="fl-1e"/>
      </object_component>
      <object_component id="oc-401">
         <name>.const:$O1$$</name>
         <load_address>0x1bc90</load_address>
         <run_address>0x1bc90</run_address>
         <size>0x158</size>
         <input_file_ref idref="fl-44"/>
      </object_component>
      <object_component id="oc-559">
         <name>.const:.string:_ctypes_</name>
         <load_address>0x1bde8</load_address>
         <run_address>0x1bde8</run_address>
         <size>0x101</size>
         <input_file_ref idref="fl-48"/>
      </object_component>
      <object_component id="oc-2cd">
         <name>.const:s_canByteOrder</name>
         <load_address>0x1beec</load_address>
         <run_address>0x1beec</run_address>
         <size>0x20</size>
         <input_file_ref idref="fl-9"/>
      </object_component>
      <object_component id="oc-2b0">
         <name>.const:s_het1pwmPolarity</name>
         <load_address>0x1bf0c</load_address>
         <run_address>0x1bf0c</run_address>
         <size>0x20</size>
         <input_file_ref idref="fl-e"/>
      </object_component>
      <object_component id="oc-2bc">
         <name>.const:s_adcFiFoSize</name>
         <load_address>0x1bf2c</load_address>
         <run_address>0x1bf2c</run_address>
         <size>0x18</size>
         <input_file_ref idref="fl-8"/>
      </object_component>
      <object_component id="oc-2bf">
         <name>.const:s_adcSelect</name>
         <load_address>0x1bf44</load_address>
         <run_address>0x1bf44</run_address>
         <size>0x18</size>
         <input_file_ref idref="fl-8"/>
      </object_component>
      <object_component id="oc-78e">
         <name>.cinit..data.load</name>
         <load_address>0x1c120</load_address>
         <run_address>0x1c120</run_address>
         <size>0x92</size>
      </object_component>
      <object_component id="oc-78b">
         <name>__TI_handler_table</name>
         <load_address>0x1c1b4</load_address>
         <run_address>0x1c1b4</run_address>
         <size>0xc</size>
      </object_component>
      <object_component id="oc-78f">
         <name>.cinit.FEE_DATA_SECTION.load</name>
         <load_address>0x1c1c0</load_address>
         <run_address>0x1c1c0</run_address>
         <size>0x9</size>
      </object_component>
      <object_component id="oc-78d">
         <name>.cinit..bss.load</name>
         <load_address>0x1c1d0</load_address>
         <run_address>0x1c1d0</run_address>
         <size>0x8</size>
      </object_component>
      <object_component id="oc-78c">
         <name>__TI_cinit_table</name>
         <load_address>0x1c1d8</load_address>
         <run_address>0x1c1d8</run_address>
         <size>0x18</size>
      </object_component>
      <object_component id="oc-378">
         <name>.bss:Date$1</name>
         <uninitialized>true</uninitialized>
         <run_address>0x8002080</run_address>
         <size>0x10</size>
         <input_file_ref idref="fl-6"/>
      </object_component>
      <object_component id="oc-2c3">
         <name>.bss:g_spiPacket_t</name>
         <uninitialized>true</uninitialized>
         <run_address>0x8002008</run_address>
         <size>0x78</size>
         <input_file_ref idref="fl-12"/>
      </object_component>
      <object_component id="oc-722">
         <name>.bss:_CIOBUF_</name>
         <uninitialized>true</uninitialized>
         <run_address>0x8001d00</run_address>
         <size>0x120</size>
         <input_file_ref idref="fl-64"/>
      </object_component>
      <object_component id="oc-195">
         <name>.common:dataconfig2_t</name>
         <uninitialized>true</uninitialized>
         <run_address>0x8002180</run_address>
         <size>0x4</size>
      </object_component>
      <object_component id="oc-348">
         <name>.common:beginTime</name>
         <uninitialized>true</uninitialized>
         <run_address>0x8002178</run_address>
         <size>0x4</size>
      </object_component>
      <object_component id="oc-347">
         <name>.common:timeOut</name>
         <uninitialized>true</uninitialized>
         <run_address>0x8002190</run_address>
         <size>0x4</size>
      </object_component>
      <object_component id="oc-1eb">
         <name>.common:global_counter</name>
         <uninitialized>true</uninitialized>
         <run_address>0x80021ba</run_address>
         <size>0x2</size>
      </object_component>
      <object_component id="oc-1c2">
         <name>.common:ADS1018Data</name>
         <uninitialized>true</uninitialized>
         <run_address>0x80020b0</run_address>
         <size>0x8</size>
      </object_component>
      <object_component id="oc-18e">
         <name>.common:dataconfig1_t</name>
         <uninitialized>true</uninitialized>
         <run_address>0x800217c</run_address>
         <size>0x4</size>
      </object_component>
      <object_component id="oc-198">
         <name>.common:dataconfig3_t</name>
         <uninitialized>true</uninitialized>
         <run_address>0x8002184</run_address>
         <size>0x4</size>
      </object_component>
      <object_component id="oc-377">
         <name>.common:RX_DATA</name>
         <uninitialized>true</uninitialized>
         <run_address>0x8001e20</run_address>
         <size>0xc8</size>
      </object_component>
      <object_component id="oc-199">
         <name>.common:dataconfig4_t</name>
         <uninitialized>true</uninitialized>
         <run_address>0x8002188</run_address>
         <size>0x4</size>
      </object_component>
      <object_component id="oc-19c">
         <name>.common:VNQ5050KTRE_LEFT_1STAT1_VAL</name>
         <uninitialized>true</uninitialized>
         <run_address>0x80021a2</run_address>
         <size>0x2</size>
      </object_component>
      <object_component id="oc-19e">
         <name>.common:VNQ5050KTRE_LEFT_1STAT2_VAL</name>
         <uninitialized>true</uninitialized>
         <run_address>0x80021a4</run_address>
         <size>0x2</size>
      </object_component>
      <object_component id="oc-19f">
         <name>.common:VNQ5050KTRE_LEFT_1STAT3_VAL</name>
         <uninitialized>true</uninitialized>
         <run_address>0x80021a6</run_address>
         <size>0x2</size>
      </object_component>
      <object_component id="oc-1a0">
         <name>.common:VNQ5050KTRE_LEFT_1STAT4_VAL</name>
         <uninitialized>true</uninitialized>
         <run_address>0x80021a8</run_address>
         <size>0x2</size>
      </object_component>
      <object_component id="oc-1a1">
         <name>.common:VNQ5050KTRE_RIGHT_2STAT1_VAL</name>
         <uninitialized>true</uninitialized>
         <run_address>0x80021ae</run_address>
         <size>0x2</size>
      </object_component>
      <object_component id="oc-1a2">
         <name>.common:VNQ5050KTRE_RIGHT_2STAT2_VAL</name>
         <uninitialized>true</uninitialized>
         <run_address>0x80021b0</run_address>
         <size>0x2</size>
      </object_component>
      <object_component id="oc-1a3">
         <name>.common:VNQ5050KTRE_RIGHT_2STAT3_VAL</name>
         <uninitialized>true</uninitialized>
         <run_address>0x80021b2</run_address>
         <size>0x2</size>
      </object_component>
      <object_component id="oc-1a4">
         <name>.common:VNQ5050KTRE_RIGHT_2STAT4_VAL</name>
         <uninitialized>true</uninitialized>
         <run_address>0x80021b4</run_address>
         <size>0x2</size>
      </object_component>
      <object_component id="oc-1a5">
         <name>.common:VNQ5050KTRE_LEFT_1CS1_VAL</name>
         <uninitialized>true</uninitialized>
         <run_address>0x800219e</run_address>
         <size>0x2</size>
      </object_component>
      <object_component id="oc-1a6">
         <name>.common:VNQ5050KTRE_LEFT_1CS2_VAL</name>
         <uninitialized>true</uninitialized>
         <run_address>0x80021a0</run_address>
         <size>0x2</size>
      </object_component>
      <object_component id="oc-1a7">
         <name>.common:VNQ5050KTRE_RIGHT_2CS1_VAL</name>
         <uninitialized>true</uninitialized>
         <run_address>0x80021aa</run_address>
         <size>0x2</size>
      </object_component>
      <object_component id="oc-1a8">
         <name>.common:VNQ5050KTRE_RIGHT_2CS2_VAL</name>
         <uninitialized>true</uninitialized>
         <run_address>0x80021ac</run_address>
         <size>0x2</size>
      </object_component>
      <object_component id="oc-1a9">
         <name>.common:VN5T006ASPTRE_BOTTOM_CS1_VAL</name>
         <uninitialized>true</uninitialized>
         <run_address>0x800219c</run_address>
         <size>0x2</size>
      </object_component>
      <object_component id="oc-1cb">
         <name>.common:Amount</name>
         <uninitialized>true</uninitialized>
         <run_address>0x8002194</run_address>
         <size>0x2</size>
      </object_component>
      <object_component id="oc-1cc">
         <name>.common:Average</name>
         <uninitialized>true</uninitialized>
         <run_address>0x8002198</run_address>
         <size>0x2</size>
      </object_component>
      <object_component id="oc-1ca">
         <name>.common:adc_samplecounter</name>
         <uninitialized>true</uninitialized>
         <run_address>0x80021b6</run_address>
         <size>0x2</size>
      </object_component>
      <object_component id="oc-1db">
         <name>.common:aligment_buf</name>
         <uninitialized>true</uninitialized>
         <run_address>0x80021bc</run_address>
         <size>0x1</size>
      </object_component>
      <object_component id="oc-1d3">
         <name>.common:CamelneckHomeTemporary</name>
         <uninitialized>true</uninitialized>
         <run_address>0x8002154</run_address>
         <size>0x4</size>
      </object_component>
      <object_component id="oc-1d8">
         <name>.common:FifthWheelHomeTemporary</name>
         <uninitialized>true</uninitialized>
         <run_address>0x8002164</run_address>
         <size>0x4</size>
      </object_component>
      <object_component id="oc-1d4">
         <name>.common:CamelneckRightAngleTemporary</name>
         <uninitialized>true</uninitialized>
         <run_address>0x8002160</run_address>
         <size>0x4</size>
      </object_component>
      <object_component id="oc-1d7">
         <name>.common:FifthWheelRightAngleTemporary</name>
         <uninitialized>true</uninitialized>
         <run_address>0x8002170</run_address>
         <size>0x4</size>
      </object_component>
      <object_component id="oc-1d5">
         <name>.common:CamelneckLeftAngleTemporary</name>
         <uninitialized>true</uninitialized>
         <run_address>0x8002158</run_address>
         <size>0x4</size>
      </object_component>
      <object_component id="oc-1d9">
         <name>.common:FifthWheelLeftAngleTemporary</name>
         <uninitialized>true</uninitialized>
         <run_address>0x8002168</run_address>
         <size>0x4</size>
      </object_component>
      <object_component id="oc-1d6">
         <name>.common:CamelneckNumberTemporary</name>
         <uninitialized>true</uninitialized>
         <run_address>0x800215c</run_address>
         <size>0x4</size>
      </object_component>
      <object_component id="oc-1da">
         <name>.common:FifthWheelNumberTemporary</name>
         <uninitialized>true</uninitialized>
         <run_address>0x800216c</run_address>
         <size>0x4</size>
      </object_component>
      <object_component id="oc-1e8">
         <name>.common:Fullautomaticled</name>
         <uninitialized>true</uninitialized>
         <run_address>0x8002118</run_address>
         <size>0x8</size>
      </object_component>
      <object_component id="oc-1e7">
         <name>.common:Semiautomaticled</name>
         <uninitialized>true</uninitialized>
         <run_address>0x8002130</run_address>
         <size>0x8</size>
      </object_component>
      <object_component id="oc-1e9">
         <name>.common:ModeSelectDelay</name>
         <uninitialized>true</uninitialized>
         <run_address>0x8002128</run_address>
         <size>0x8</size>
      </object_component>
      <object_component id="oc-1de">
         <name>.common:Calibrationbegin</name>
         <uninitialized>true</uninitialized>
         <run_address>0x80020f0</run_address>
         <size>0x8</size>
      </object_component>
      <object_component id="oc-1dd">
         <name>.common:CalibrationFirstTemprorySettings</name>
         <uninitialized>true</uninitialized>
         <run_address>0x80020e0</run_address>
         <size>0x8</size>
      </object_component>
      <object_component id="oc-1e4">
         <name>.common:CalibrationSecondTemprorySettings</name>
         <uninitialized>true</uninitialized>
         <run_address>0x80020e8</run_address>
         <size>0x8</size>
      </object_component>
      <object_component id="oc-1e3">
         <name>.common:CalibrationFinalSettings</name>
         <uninitialized>true</uninitialized>
         <run_address>0x80020d8</run_address>
         <size>0x8</size>
      </object_component>
      <object_component id="oc-1e5">
         <name>.common:CalibrationCancel</name>
         <uninitialized>true</uninitialized>
         <run_address>0x80020c8</run_address>
         <size>0x8</size>
      </object_component>
      <object_component id="oc-1c6">
         <name>.common:CalibrationFailure</name>
         <uninitialized>true</uninitialized>
         <run_address>0x80020d0</run_address>
         <size>0x8</size>
      </object_component>
      <object_component id="oc-1c5">
         <name>.common:FifthWheelAnglePositioneLeft</name>
         <uninitialized>true</uninitialized>
         <run_address>0x8002100</run_address>
         <size>0x8</size>
      </object_component>
      <object_component id="oc-1c4">
         <name>.common:FifthWheelAnglePositioneRight</name>
         <uninitialized>true</uninitialized>
         <run_address>0x8002108</run_address>
         <size>0x8</size>
      </object_component>
      <object_component id="oc-1c3">
         <name>.common:VehicleInRoute</name>
         <uninitialized>true</uninitialized>
         <run_address>0x8002138</run_address>
         <size>0x8</size>
      </object_component>
      <object_component id="oc-1e6">
         <name>.common:AutomaticAligmentDone</name>
         <uninitialized>true</uninitialized>
         <run_address>0x80020b8</run_address>
         <size>0x8</size>
      </object_component>
      <object_component id="oc-1c9">
         <name>.common:ISSSingalActive</name>
         <uninitialized>true</uninitialized>
         <run_address>0x8002120</run_address>
         <size>0x8</size>
      </object_component>
      <object_component id="oc-1c7">
         <name>.common:FrontSensorInoperative</name>
         <uninitialized>true</uninitialized>
         <run_address>0x8002110</run_address>
         <size>0x8</size>
      </object_component>
      <object_component id="oc-1c8">
         <name>.common:BackSensorInoperative</name>
         <uninitialized>true</uninitialized>
         <run_address>0x80020c0</run_address>
         <size>0x8</size>
      </object_component>
      <object_component id="oc-1dc">
         <name>.common:EmergencyStopActive</name>
         <uninitialized>true</uninitialized>
         <run_address>0x80020f8</run_address>
         <size>0x8</size>
      </object_component>
      <object_component id="oc-1bd">
         <name>.common:AttractiveLeftSensorAndCamelNeck</name>
         <uninitialized>true</uninitialized>
         <run_address>0x8002196</run_address>
         <size>0x2</size>
      </object_component>
      <object_component id="oc-1c1">
         <name>.common:canSensorData</name>
         <uninitialized>true</uninitialized>
         <run_address>0x80021b8</run_address>
         <size>0x2</size>
      </object_component>
      <object_component id="oc-19d">
         <name>.common:adc_data</name>
         <uninitialized>true</uninitialized>
         <run_address>0x8001f88</run_address>
         <size>0x80</size>
      </object_component>
      <object_component id="oc-1b7">
         <name>.common:can_tx_data</name>
         <uninitialized>true</uninitialized>
         <run_address>0x8002140</run_address>
         <size>0x8</size>
      </object_component>
      <object_component id="oc-1bb">
         <name>.common:sensorRight</name>
         <uninitialized>true</uninitialized>
         <run_address>0x80021be</run_address>
         <size>0x1</size>
      </object_component>
      <object_component id="oc-1bc">
         <name>.common:sensorLeft</name>
         <uninitialized>true</uninitialized>
         <run_address>0x80021bd</run_address>
         <size>0x1</size>
      </object_component>
      <object_component id="oc-1ae">
         <name>.common:Status</name>
         <uninitialized>true</uninitialized>
         <run_address>0x800219a</run_address>
         <size>0x2</size>
      </object_component>
      <object_component id="oc-1ad">
         <name>.common:SpecialRamBlock</name>
         <uninitialized>true</uninitialized>
         <run_address>0x8002090</run_address>
         <size>0x10</size>
      </object_component>
      <object_component id="oc-1df">
         <name>.common:eeprom_write_data</name>
         <uninitialized>true</uninitialized>
         <run_address>0x80020a0</run_address>
         <size>0x10</size>
      </object_component>
      <object_component id="oc-1af">
         <name>.common:BlockOffset</name>
         <uninitialized>true</uninitialized>
         <run_address>0x8002150</run_address>
         <size>0x4</size>
      </object_component>
      <object_component id="oc-1b0">
         <name>.common:Length</name>
         <uninitialized>true</uninitialized>
         <run_address>0x8002174</run_address>
         <size>0x4</size>
      </object_component>
      <object_component id="oc-1ea">
         <name>.common:mode</name>
         <uninitialized>true</uninitialized>
         <run_address>0x800218c</run_address>
         <size>0x4</size>
      </object_component>
      <object_component id="oc-6ec">
         <name>.common:__TI_tmpnams</name>
         <uninitialized>true</uninitialized>
         <run_address>0x8001ee8</run_address>
         <size>0xa0</size>
      </object_component>
      <object_component id="oc-6fd">
         <name>.common:parmbuf</name>
         <uninitialized>true</uninitialized>
         <run_address>0x8002148</run_address>
         <size>0x8</size>
      </object_component>
      <object_component id="oc-344">
         <name>.data</name>
         <load_address>0x800248c</load_address>
         <run_address>0x800248c</run_address>
         <size>0xc</size>
         <input_file_ref idref="fl-2"/>
      </object_component>
      <object_component id="oc-349">
         <name>.data:rcvId</name>
         <load_address>0x80024b8</load_address>
         <run_address>0x80024b8</run_address>
         <size>0x8</size>
         <input_file_ref idref="fl-2"/>
      </object_component>
      <object_component id="oc-2d7">
         <name>.data</name>
         <load_address>0x800245c</load_address>
         <run_address>0x800245c</run_address>
         <size>0x12</size>
         <input_file_ref idref="fl-5"/>
      </object_component>
      <object_component id="oc-1aa">
         <name>.data</name>
         <load_address>0x8002390</load_address>
         <run_address>0x8002390</run_address>
[...]
         <object_component_ref idref="oc-170"/>
      </symbol>
      <symbol id="sm-1043">
         <name>TI_Fee_SuspendResumeErase</name>
         <value>0x54bc</value>
         <object_component_ref idref="oc-170"/>
      </symbol>
      <symbol id="sm-1044">
         <name>TI_FeeInternal_SanityCheck</name>
         <value>0x2d38</value>
         <object_component_ref idref="oc-170"/>
      </symbol>
      <symbol id="sm-1089">
         <name>TI_Fee_WriteAsync</name>
         <value>0x19de0</value>
         <object_component_ref idref="oc-17c"/>
      </symbol>
      <symbol id="sm-10d8">
         <name>sin</name>
         <value>0x163dd</value>
         <object_component_ref idref="oc-15e"/>
      </symbol>
      <symbol id="sm-10d9">
         <name>sinl</name>
         <value>0x163dd</value>
         <object_component_ref idref="oc-15e"/>
      </symbol>
      <symbol id="sm-1105">
         <name>printf</name>
         <value>0x19201</value>
         <object_component_ref idref="oc-1cd"/>
      </symbol>
      <symbol id="sm-1261">
         <name>__TI_printfi</name>
         <value>0x1232d</value>
         <object_component_ref idref="oc-37e"/>
      </symbol>
      <symbol id="sm-1276">
         <name>putc</name>
         <value>0x18d65</value>
         <object_component_ref idref="oc-4db"/>
      </symbol>
      <symbol id="sm-1277">
         <name>fputc</name>
         <value>0x18d65</value>
         <object_component_ref idref="oc-4db"/>
      </symbol>
      <symbol id="sm-1295">
         <name>fputs</name>
         <value>0x17efd</value>
         <object_component_ref idref="oc-4d4"/>
      </symbol>
      <symbol id="sm-12ad">
         <name>__TI_wrt_ok</name>
         <value>0x19269</value>
         <object_component_ref idref="oc-5b6"/>
      </symbol>
      <symbol id="sm-12c9">
         <name>setvbuf</name>
         <value>0x188b9</value>
         <object_component_ref idref="oc-61f"/>
      </symbol>
      <symbol id="sm-12e4">
         <name>memcpy</name>
         <value>0x18ba1</value>
         <object_component_ref idref="oc-56"/>
      </symbol>
      <symbol id="sm-12e5">
         <name>__aeabi_memcpy</name>
         <value>0x18ba1</value>
         <object_component_ref idref="oc-56"/>
      </symbol>
      <symbol id="sm-12e6">
         <name>__aeabi_memcpy8</name>
         <value>0x18ba1</value>
         <object_component_ref idref="oc-56"/>
      </symbol>
      <symbol id="sm-12e7">
         <name>__aeabi_memcpy4</name>
         <value>0x18ba1</value>
         <object_component_ref idref="oc-56"/>
      </symbol>
      <symbol id="sm-1303">
         <name>__aeabi_uldivmod</name>
         <value>0x170d8</value>
         <object_component_ref idref="oc-55e"/>
      </symbol>
      <symbol id="sm-130f">
         <name>__aeabi_idivmod</name>
         <value>0x195a0</value>
         <object_component_ref idref="oc-159"/>
      </symbol>
      <symbol id="sm-1310">
         <name>__aeabi_idiv</name>
         <value>0x195a0</value>
         <object_component_ref idref="oc-159"/>
      </symbol>
      <symbol id="sm-131c">
         <name>__aeabi_uidivmod</name>
         <value>0x196e4</value>
         <object_component_ref idref="oc-2a8"/>
      </symbol>
      <symbol id="sm-131d">
         <name>__aeabi_uidiv</name>
         <value>0x196e4</value>
         <object_component_ref idref="oc-2a8"/>
      </symbol>
      <symbol id="sm-132c">
         <name>__aeabi_memset</name>
         <value>0x18ef1</value>
         <object_component_ref idref="oc-db"/>
      </symbol>
      <symbol id="sm-132d">
         <name>memset</name>
         <value>0x18ef7</value>
         <object_component_ref idref="oc-db"/>
      </symbol>
      <symbol id="sm-132e">
         <name>__aeabi_memset8</name>
         <value>0x18ef1</value>
         <object_component_ref idref="oc-db"/>
      </symbol>
      <symbol id="sm-132f">
         <name>__aeabi_memset4</name>
         <value>0x18ef1</value>
         <object_component_ref idref="oc-db"/>
      </symbol>
      <symbol id="sm-1330">
         <name>__aeabi_memclr8</name>
         <value>0x18eef</value>
         <object_component_ref idref="oc-db"/>
      </symbol>
      <symbol id="sm-1331">
         <name>__aeabi_memclr4</name>
         <value>0x18eef</value>
         <object_component_ref idref="oc-db"/>
      </symbol>
      <symbol id="sm-1332">
         <name>__aeabi_memclr</name>
         <value>0x18eef</value>
         <object_component_ref idref="oc-db"/>
      </symbol>
      <symbol id="sm-135a">
         <name>__TI_auto_init_nobinit_nopinit</name>
         <value>0x1984d</value>
         <object_component_ref idref="oc-ff"/>
      </symbol>
      <symbol id="sm-136d">
         <name>__TI_zero_init</name>
         <value>0x19d9f</value>
         <object_component_ref idref="oc-68"/>
      </symbol>
      <symbol id="sm-1384">
         <name>__TI_decompress_none</name>
         <value>0x19d85</value>
         <object_component_ref idref="oc-15"/>
      </symbol>
      <symbol id="sm-13a7">
         <name>__TI_decompress_lzss</name>
         <value>0x1912d</value>
         <object_component_ref idref="oc-f"/>
      </symbol>
      <symbol id="sm-1416">
         <name>__kernel_rem_pio2</name>
         <value>0x14ae9</value>
         <object_component_ref idref="oc-2e1"/>
      </symbol>
      <symbol id="sm-143c">
         <name>C$$EXIT</name>
         <value>0x19dcd</value>
         <object_component_ref idref="oc-1ed"/>
      </symbol>
      <symbol id="sm-143d">
         <name>abort</name>
         <value>0x19dcd</value>
         <object_component_ref idref="oc-1ed"/>
      </symbol>
      <symbol id="sm-143e">
         <name>__TI_dtors_ptr</name>
         <value>0x8002484</value>
         <object_component_ref idref="oc-3a0"/>
      </symbol>
      <symbol id="sm-143f">
         <name>__TI_cleanup_ptr</name>
         <value>0x8002480</value>
         <object_component_ref idref="oc-3a0"/>
      </symbol>
      <symbol id="sm-1440">
         <name>__TI_enable_exit_profile_output</name>
         <value>0x8002488</value>
         <object_component_ref idref="oc-3a0"/>
      </symbol>
      <symbol id="sm-1441">
         <name>exit</name>
         <value>0x19891</value>
         <object_component_ref idref="oc-1f3"/>
      </symbol>
      <symbol id="sm-1456">
         <name>_nop</name>
         <value>0x12d77</value>
         <object_component_ref idref="oc-4c6"/>
      </symbol>
      <symbol id="sm-1457">
         <name>_lock</name>
         <value>0x8002498</value>
         <object_component_ref idref="oc-384"/>
      </symbol>
      <symbol id="sm-1458">
         <name>_unlock</name>
         <value>0x800249c</value>
         <object_component_ref idref="oc-384"/>
      </symbol>
      <symbol id="sm-146d">
         <name>atoi</name>
         <value>0x19695</value>
         <object_component_ref idref="oc-484"/>
      </symbol>
      <symbol id="sm-1478">
         <name>_ctypes_</name>
         <value>0x1bde8</value>
         <object_component_ref idref="oc-559"/>
      </symbol>
      <symbol id="sm-148d">
         <name>__TI_tmpnams</name>
         <value>0x8001ee8</value>
      </symbol>
      <symbol id="sm-148e">
         <name>__aeabi_stdout</name>
         <value>0x8002478</value>
         <object_component_ref idref="oc-69e"/>
      </symbol>
      <symbol id="sm-148f">
         <name>__aeabi_stderr</name>
         <value>0x800247c</value>
         <object_component_ref idref="oc-69e"/>
      </symbol>
      <symbol id="sm-1490">
         <name>__aeabi_stdin</name>
         <value>0x8002474</value>
         <object_component_ref idref="oc-69e"/>
      </symbol>
      <symbol id="sm-1491">
         <name>_ftable</name>
         <value>0x80021c0</value>
         <object_component_ref idref="oc-387"/>
      </symbol>
      <symbol id="sm-1492">
         <name>__TI_ft_end</name>
         <value>0x8002470</value>
         <object_component_ref idref="oc-69e"/>
      </symbol>
      <symbol id="sm-14a1">
         <name>ltoa</name>
         <value>0x1954d</value>
         <object_component_ref idref="oc-564"/>
      </symbol>
      <symbol id="sm-14b1">
         <name>memccpy</name>
         <value>0x19ccd</value>
         <object_component_ref idref="oc-4a8"/>
      </symbol>
      <symbol id="sm-14c1">
         <name>memchr</name>
         <value>0x19c57</value>
         <object_component_ref idref="oc-5bc"/>
      </symbol>
      <symbol id="sm-1549">
         <name>_sys_memory</name>
         <value>0x8001500</value>
         <object_component_ref idref="oc-48"/>
      </symbol>
      <symbol id="sm-154a">
         <name>free</name>
         <value>0x18615</value>
         <object_component_ref idref="oc-64d"/>
      </symbol>
      <symbol id="sm-154b">
         <name>memalign</name>
         <value>0x18015</value>
         <object_component_ref idref="oc-691"/>
      </symbol>
      <symbol id="sm-154c">
         <name>malloc</name>
         <value>0x19dbd</value>
         <object_component_ref idref="oc-653"/>
      </symbol>
      <symbol id="sm-154d">
         <name>aligned_alloc</name>
         <value>0x18015</value>
         <object_component_ref idref="oc-691"/>
      </symbol>
      <symbol id="sm-155d">
         <name>strchr</name>
         <value>0x19d01</value>
         <object_component_ref idref="oc-58b"/>
      </symbol>
      <symbol id="sm-156b">
         <name>strlen</name>
         <value>0x19d17</value>
         <object_component_ref idref="oc-47e"/>
      </symbol>
      <symbol id="sm-1585">
         <name>write</name>
         <value>0x19c0d</value>
         <object_component_ref idref="oc-5c8"/>
      </symbol>
      <symbol id="sm-1596">
         <name>_stream</name>
         <value>0x80023ec</value>
         <object_component_ref idref="oc-62b"/>
      </symbol>
      <symbol id="sm-1597">
         <name>_device</name>
         <value>0x80022b0</value>
         <object_component_ref idref="oc-66c"/>
      </symbol>
      <symbol id="sm-15ad">
         <name>__aeabi_errno_addr</name>
         <value>0x19db5</value>
         <object_component_ref idref="oc-4b4"/>
      </symbol>
      <symbol id="sm-15ae">
         <name>errno</name>
         <value>0x800238c</value>
         <object_component_ref idref="oc-59b"/>
      </symbol>
      <symbol id="sm-15c7">
         <name>wcslen</name>
         <value>0x19d41</value>
         <object_component_ref idref="oc-4ae"/>
      </symbol>
      <symbol id="sm-15d8">
         <name>__kernel_cos</name>
         <value>0x18995</value>
         <object_component_ref idref="oc-2ed"/>
      </symbol>
      <symbol id="sm-15ed">
         <name>__kernel_sin</name>
         <value>0x18af9</value>
         <object_component_ref idref="oc-2e7"/>
      </symbol>
      <symbol id="sm-1609">
         <name>floorl</name>
         <value>0x186f9</value>
         <object_component_ref idref="oc-3fb"/>
      </symbol>
      <symbol id="sm-160a">
         <name>floor</name>
         <value>0x186f9</value>
         <object_component_ref idref="oc-3fb"/>
      </symbol>
      <symbol id="sm-161e">
         <name>frexpl</name>
         <value>0x18fdd</value>
         <object_component_ref idref="oc-585"/>
      </symbol>
      <symbol id="sm-161f">
         <name>frexp</name>
         <value>0x18fdd</value>
         <object_component_ref idref="oc-585"/>
      </symbol>
      <symbol id="sm-163c">
         <name>scalbn</name>
         <value>0x1843d</value>
         <object_component_ref idref="oc-3f5"/>
      </symbol>
      <symbol id="sm-163d">
         <name>scalbnl</name>
         <value>0x1843d</value>
         <object_component_ref idref="oc-3f5"/>
      </symbol>
      <symbol id="sm-163e">
         <name>ldexpl</name>
         <value>0x1843d</value>
         <object_component_ref idref="oc-3f5"/>
      </symbol>
      <symbol id="sm-163f">
         <name>ldexp</name>
         <value>0x1843d</value>
         <object_component_ref idref="oc-3f5"/>
      </symbol>
      <symbol id="sm-164f">
         <name>__TI_doflush</name>
         <value>0x19735</value>
         <object_component_ref idref="oc-5c2"/>
      </symbol>
      <symbol id="sm-165f">
         <name>__TI_cleanup</name>
         <value>0x19a3d</value>
         <object_component_ref idref="oc-659"/>
      </symbol>
      <symbol id="sm-1671">
         <name>fseek</name>
         <value>0x192cd</value>
         <object_component_ref idref="oc-619"/>
      </symbol>
      <symbol id="sm-167b">
         <name>__aeabi_idiv0</name>
         <value>0x18af7</value>
         <object_component_ref idref="oc-2db"/>
      </symbol>
      <symbol id="sm-167c">
         <name>__aeabi_ldiv0</name>
         <value>0x18af7</value>
         <object_component_ref idref="oc-2db"/>
      </symbol>
      <symbol id="sm-168d">
         <name>HOSTclose</name>
         <value>0x19781</value>
         <object_component_ref idref="oc-6aa"/>
      </symbol>
      <symbol id="sm-169e">
         <name>HOSTlseek</name>
         <value>0x19199</value>
         <object_component_ref idref="oc-6bc"/>
      </symbol>
      <symbol id="sm-16b0">
         <name>parmbuf</name>
         <value>0x8002148</value>
      </symbol>
      <symbol id="sm-16b1">
         <name>HOSTopen</name>
         <value>0x19391</value>
         <object_component_ref idref="oc-6a4"/>
      </symbol>
      <symbol id="sm-16c2">
         <name>HOSTread</name>
         <value>0x193ed</value>
         <object_component_ref idref="oc-6b0"/>
      </symbol>
      <symbol id="sm-16d3">
         <name>HOSTrename</name>
         <value>0x190c1</value>
         <object_component_ref idref="oc-6c8"/>
      </symbol>
      <symbol id="sm-16e4">
         <name>HOSTunlink</name>
         <value>0x197c5</value>
         <object_component_ref idref="oc-6c2"/>
      </symbol>
      <symbol id="sm-16f5">
         <name>HOSTwrite</name>
         <value>0x19449</value>
         <object_component_ref idref="oc-6b6"/>
      </symbol>
      <symbol id="sm-1719">
         <name>__TI_readmsg</name>
         <value>0x19a71</value>
         <object_component_ref idref="oc-6f7"/>
      </symbol>
      <symbol id="sm-171a">
         <name>C$$IO$$</name>
         <value>0x199c7</value>
         <object_component_ref idref="oc-6f1"/>
      </symbol>
      <symbol id="sm-171b">
         <name>__CIOBUF_</name>
         <value>0x8001d00</value>
         <object_component_ref idref="oc-722"/>
      </symbol>
      <symbol id="sm-171c">
         <name>__TI_writemsg</name>
         <value>0x19995</value>
         <object_component_ref idref="oc-6f1"/>
      </symbol>
      <symbol id="sm-172d">
         <name>lseek</name>
         <value>0x19be5</value>
         <object_component_ref idref="oc-645"/>
      </symbol>
      <symbol id="sm-1737">
         <name>copysign</name>
         <value>0x19c77</value>
         <object_component_ref idref="oc-500"/>
      </symbol>
      <symbol id="sm-1738">
         <name>copysignl</name>
         <value>0x19c77</value>
         <object_component_ref idref="oc-500"/>
      </symbol>
      <symbol id="sm-174d">
         <name>__TI_closefile</name>
         <value>0x18f69</value>
         <object_component_ref idref="oc-698"/>
      </symbol>
      <symbol id="sm-1770">
         <name>finddevice</name>
         <value>0x19aa5</value>
         <object_component_ref idref="oc-740"/>
      </symbol>
      <symbol id="sm-1771">
         <name>getdevice</name>
         <value>0x198d5</value>
         <object_component_ref idref="oc-718"/>
      </symbol>
      <symbol id="sm-1780">
         <name>strcmp</name>
         <value>0x19ce9</value>
         <object_component_ref idref="oc-757"/>
      </symbol>
      <symbol id="sm-178e">
         <name>strcpy</name>
         <value>0x19d2d</value>
         <object_component_ref idref="oc-70b"/>
      </symbol>
      <symbol id="sm-179e">
         <name>strncpy</name>
         <value>0x19a07</value>
         <object_component_ref idref="oc-73a"/>
      </symbol>
      <symbol id="sm-17b3">
         <name>close</name>
         <value>0x194a1</value>
         <object_component_ref idref="oc-6e0"/>
      </symbol>
      <symbol id="sm-17c3">
         <name>unlink</name>
         <value>0x19b65</value>
         <object_component_ref idref="oc-6e6"/>
      </symbol>
      <symbol id="sm-17eb">
         <name>Fapi_issueAsyncCommand</name>
         <value>0x19b91</value>
         <object_component_ref idref="oc-32a"/>
      </symbol>
      <symbol id="sm-17fc">
         <name>Fapi_issueAsyncCommandWithAddress</name>
         <value>0x19ad9</value>
         <object_component_ref idref="oc-330"/>
      </symbol>
      <symbol id="sm-180d">
         <name>Fapi_doBlankCheck</name>
         <value>0x18c3d</value>
         <object_component_ref idref="oc-324"/>
      </symbol>
      <symbol id="sm-182d">
         <name>_Fapi_EnableSectors</name>
         <value>0x19809</value>
         <object_component_ref idref="oc-44b"/>
      </symbol>
      <symbol id="sm-182e">
         <name>Fapi_enableEepromBankSectors</name>
         <value>0x18df5</value>
         <object_component_ref idref="oc-30f"/>
      </symbol>
      <symbol id="sm-1851">
         <name>Fapi_initializeFlashBanks</name>
         <value>0x175f5</value>
         <object_component_ref idref="oc-303"/>
      </symbol>
      <symbol id="sm-1860">
         <name>_Fapi_issueFsmCommand</name>
         <value>0x19959</value>
         <object_component_ref idref="oc-465"/>
      </symbol>
      <symbol id="sm-187d">
         <name>_scaleMainFclk</name>
         <value>0x19d75</value>
         <object_component_ref idref="oc-42a"/>
      </symbol>
      <symbol id="sm-187e">
         <name>_scaleEEFclk</name>
         <value>0x19d65</value>
         <object_component_ref idref="oc-430"/>
      </symbol>
      <symbol id="sm-1898">
         <name>Fapi_setActiveFlashBank</name>
         <value>0x17c3d</value>
         <object_component_ref idref="oc-309"/>
      </symbol>
      <symbol id="sm-18a5">
         <name>Fapi_flushPipeline</name>
         <value>0x19c35</value>
         <object_component_ref idref="oc-457"/>
      </symbol>
      <symbol id="sm-18b6">
         <name>_Fapi_loopRegionForValue</name>
         <value>0x19331</value>
         <object_component_ref idref="oc-45d"/>
      </symbol>
      <symbol id="sm-18c4">
         <name>_Fapi_checkWdService</name>
         <value>0x19d93</value>
         <object_component_ref idref="oc-542"/>
      </symbol>
      <symbol id="sm-18d3">
         <name>Fapi_calculateFletcherChecksum</name>
         <value>0x199d1</value>
         <object_component_ref idref="oc-41e"/>
      </symbol>
      <symbol id="sm-18e3">
         <name>Fapi_waitDelay</name>
         <value>0x19b09</value>
         <object_component_ref idref="oc-534"/>
      </symbol>
      <symbol id="sm-18f2">
         <name>Fapi_getNumberOfBankSectors</name>
         <value>0x19d55</value>
         <object_component_ref idref="oc-445"/>
      </symbol>
      <symbol id="sm-1901">
         <name>_Fapi_readDword</name>
         <value>0x19b39</value>
         <object_component_ref idref="oc-53c"/>
      </symbol>
      <symbol id="sm-1916">
         <name>Fapi_isAddressEcc</name>
         <value>0x195f5</value>
         <object_component_ref idref="oc-5e1"/>
      </symbol>
      <symbol id="sm-1917">
         <name>__TI_static_base__</name>
         <value>0x0</value>
      </symbol>
      <symbol id="sm-191d">
         <name>SHT$$INIT_ARRAY$$Base</name>
         <value>0x0</value>
      </symbol>
      <symbol id="sm-191e">
         <name>SHT$$INIT_ARRAY$$Limit</name>
         <value>0x0</value>
      </symbol>
      <symbol id="sm-191f">
         <name>_system_post_cinit</name>
         <value>0x0</value>
      </symbol>
      <symbol id="sm-1920">
         <name>remove</name>
         <value>0x19b65</value>
      </symbol>
   </symbol_table>
   <title>Link successful</title>
</link_info>
