******************************************************************************
                  TI ARM Linker PC v18.12.4                    
******************************************************************************
>> Linked Mon Apr 19 13:56:20 2021

OUTPUT FILE NAME:   <Lowbadtest.out>
ENTRY POINT SYMBOL: "_c_int00"  address: 0001735c


MEMORY CONFIGURATION

         name            origin    length      used     unused   attr    fill
----------------------  --------  ---------  --------  --------  ----  --------
  VECTORS               00000000   00000020  00000020  00000000     X
  FLASH0                00000020   000bffe0  0001c198  000a3e48  R  X
  STACKS                08000000   00001500  00000000  00001500  RW  
  RAM                   08001500   0001eb00  000010f0  0001da10  RW  


SEGMENT ALLOCATION MAP

run origin  load origin   length   init length attrs members
----------  ----------- ---------- ----------- ----- -------
00000000    00000000    0001c1c0   0001c1c0    r-x
  00000000    00000000    00000020   00000020    r-x .intvecs
  00000020    00000020    00019d8c   00019d8c    r-x .text
  00019dac    00019dac    00001910   00001910    r-x FEE_TEXT_SECTION
  0001b6c0    0001b6c0    0000086c   0000086c    r-- .const
  0001bf2c    0001bf2c    000001c0   000001c0    r-- FEE_CONST_SECTION
  0001c0f0    0001c0f0    000000d0   000000d0    r-- .cinit
08001500    08001500    000010f1   00000000    rw-
  08001500    08001500    00000800   00000000    rw- .sysmem
  08001d00    08001d00    000004bf   00000000    rw- .bss
  080021c0    080021c0    00000300   00000000    rw- .data
  080024c0    080024c0    00000131   00000000    rw- FEE_DATA_SECTION


SECTION ALLOCATION MAP

 output                                  attributes/
section   page    origin      length       input sections
--------  ----  ----------  ----------   ----------------
.intvecs   0    00000000    00000020     
                  00000000    00000020     sys_intvecs.obj (.intvecs)

.text      0    00000020    00019d8c     
                  00000020    000057d0     ti_fee_util.obj (.text)
                  000057f0    00003bd4     sys_main.obj (.text)
                  000093c4    00002a14     sys_selftest.obj (.text)
                  0000bdd8    00001768     ti_fee_ini.obj (.text)
                  0000d540    00001200     spi.obj (.text)
                  0000e740    000010e0     ti_fee_main.obj (.text)
                  0000f820    00000af8     can.obj (.text)
                  00010318    00000aec     adc.obj (.text)
                  00010e04    00000ad4     system.obj (.text)
                  000118d8    00000a54     sys_vim.obj (.text)
                  0001232c    00000a4a     rtsv7R4_T_be_v3D16_eabi.lib : _printfi.c.obj (.text:__TI_printfi)
                  00012d76    00000002                                 : _lock.c.obj (.text:_nop)
                  00012d78    000008f4     het.obj (.text)
                  0001366c    000007dc     pinmux.obj (.text)
                  00013e48    00000664     errata_SSWF021_45.obj (.text)
                  000144ac    0000063c     rti.obj (.text)
                  00014ae8    00000604     rtsv7R4_T_be_v3D16_eabi.lib : k_rem_pio2.c.obj (.text:__kernel_rem_pio2)
                  000150ec    000005bc     esm.obj (.text)
                  000156a8    000004c0     MCP23S17.obj (.text)
                  00015b68    00000484     gio.obj (.text)
                  00015fec    000003f0     PCA2129.obj (.text)
                  000163dc    000003f0     rtsv7R4_T_be_v3D16_eabi.lib : s_sin.c.obj (.text:sin)
                  000167cc    0000034c     sys_core.obj (.text)
                  00016b18    000002cc     sys_vim.obj (.text:retain)
                  00016de4    000002c0     ADS1018.obj (.text)
                  000170a4    000002b8     rtsv7R4_T_be_v3D16_eabi.lib : ull_div32.asm.obj (.text)
                  0001735c    00000264     sys_startup.obj (.text:retain)
                  000175c0    00000260     F021_API_CortexR4_BE_V3D16.lib : FlashStateMachine.InitializeFlashBanks.obj (.text:Fapi_initializeFlashBanks)
                  00017820    00000248     rtsv7R4_T_be_v3D16_eabi.lib : _printfi.c.obj (.text:_pconv_a)
                  00017a68    000001a0                                 : _printfi.c.obj (.text:_pconv_g)
                  00017c08    0000017c     F021_API_CortexR4_BE_V3D16.lib : FlashStateMachine.SetActiveBank.obj (.text:Fapi_setActiveFlashBank)
                  00017d84    00000144     notification.obj (.text)
                  00017ec8    00000118     rtsv7R4_T_be_v3D16_eabi.lib : fputs.c.obj (.text:fputs)
                  00017fe0    00000114                                 : memory.c.obj (.text:aligned_alloc)
                  000180f4    00000114     esm.obj (.text:retain)
                  00018208    00000104     rtsv7R4_T_be_v3D16_eabi.lib : _printfi.c.obj (.text:_pconv_e)
                  0001830c    000000fc                                 : _printfi.c.obj (.text:fcvt)
                  00018408    000000f0                                 : s_scalbn.c.obj (.text:scalbn)
                  000184f8    000000e8     dabort.obj (.text)
                  000185e0    000000e4     rtsv7R4_T_be_v3D16_eabi.lib : memory.c.obj (.text:free)
                  000186c4    000000e0                                 : s_floor.c.obj (.text:floor)
                  000187a4    000000e0     sys_pmu.obj (.text)
                  00018884    000000dc     rtsv7R4_T_be_v3D16_eabi.lib : setvbuf.c.obj (.text:setvbuf)
                  00018960    000000b4                                 : k_cos.c.obj (.text:__kernel_cos)
                  00018a14    000000ad                                 : _printfi.c.obj (.text:_ltostr)
                  00018ac1    00000001     --HOLE-- [fill = 0]
                  00018ac2    00000002                                 : div0.asm.obj (.text)
                  00018ac4    000000a8                                 : k_sin.c.obj (.text:__kernel_sin)
                  00018b6c    0000009c                                 : memcpy_t2.asm.obj (.text)
                  00018c08    00000094     F021_API_CortexR4_BE_V3D16.lib : BlankCheck.obj (.text:Fapi_doBlankCheck)
                  00018c9c    00000094     rti.obj (.text:retain)
                  00018d30    00000090     rtsv7R4_T_be_v3D16_eabi.lib : fputc.c.obj (.text:fputc)
                  00018dc0    00000080     F021_API_CortexR4_BE_V3D16.lib : FlashStateMachine.EnableEepromSectors.obj (.text:Fapi_enableEepromBankSectors)
                  00018e40    0000007a     rtsv7R4_T_be_v3D16_eabi.lib : _printfi.c.obj (.text:_mcpy)
                  00018eba    0000007a                                 : memset_t2.asm.obj (.text)
                  00018f34    00000074                                 : fclose.c.obj (.text:__TI_closefile)
                  00018fa8    00000074                                 : s_frexp.c.obj (.text:frexp)
                  0001901c    00000070                                 : memory.c.obj (.text:split)
                  0001908c    0000006c                                 : hostrename.c.obj (.text:HOSTrename)
                  000190f8    0000006c                                 : copy_decompress_lzss.c.obj (.text:decompress:lzss:__TI_decompress_lzss)
                  00019164    00000068                                 : hostlseek.c.obj (.text:HOSTlseek)
                  000191cc    00000068                                 : printf.c.obj (.text:printf)
                  00019234    00000064                                 : _io_perm.c.obj (.text:__TI_wrt_ok)
                  00019298    00000064                                 : fseek.c.obj (.text:fseek)
                  000192fc    0000005e     F021_API_CortexR4_BE_V3D16.lib : Read.LoopDword.obj (.text:_Fapi_loopRegionForValue)
                  0001935a    00000002     --HOLE-- [fill = 0]
                  0001935c    0000005c     rtsv7R4_T_be_v3D16_eabi.lib : hostopen.c.obj (.text:HOSTopen)
                  000193b8    0000005c                                 : hostread.c.obj (.text:HOSTread)
                  00019414    00000058                                 : hostwrite.c.obj (.text:HOSTwrite)
                  0001946c    00000058                                 : close.c.obj (.text:close)
                  000194c4    00000054                                 : _printfi.c.obj (.text:_ecpy)
                  00019518    00000054                                 : ltoa.c.obj (.text:ltoa)
                  0001956c    00000054                                 : i_div32.asm.obj (.text)
                  000195c0    00000050     F021_API_CortexR4_BE_V3D16.lib : FlashStateMachine.Hercules.IsEccAddress.obj (.text:Fapi_isAddressEcc)
                  00019610    00000050     rtsv7R4_T_be_v3D16_eabi.lib : _printfi.c.obj (.text:_pconv_f)
                  00019660    00000050                                 : atoi.c.obj (.text:atoi)
                  000196b0    00000050                                 : u_div32.asm.obj (.text)
                  00019700    0000004c                                 : fflush.c.obj (.text:__TI_doflush)
                  0001974c    00000044                                 : hostclose.c.obj (.text:HOSTclose)
                  00019790    00000044                                 : hostunlink.c.obj (.text:HOSTunlink)
                  000197d4    00000044     F021_API_CortexR4_BE_V3D16.lib : FlashStateMachine.EnableEepromSectors.obj (.text:_Fapi_EnableSectors)
                  00019818    00000044     rtsv7R4_T_be_v3D16_eabi.lib : autoinit.c.obj (.text:__TI_auto_init_nobinit_nopinit:__TI_auto_init_nobinit_nopinit)
                  0001985c    00000044                                 : exit.c.obj (.text:exit)
                  000198a0    00000044                                 : getdevice.c.obj (.text:getdevice)
                  000198e4    00000040                                 : _printfi.c.obj (.text:_fcpy)
                  00019924    0000003c     F021_API_CortexR4_BE_V3D16.lib : FlashStateMachine.IssueFsmCommand.obj (.text:_Fapi_issueFsmCommand)
                  00019960    0000003c     rtsv7R4_T_be_v3D16_eabi.lib : trgmsg.c.obj (.text:__TI_writemsg)
                  0001999c    00000036     F021_API_CortexR4_BE_V3D16.lib : Utilities.CalculateFletcher.obj (.text:Fapi_calculateFletcherChecksum)
                  000199d2    00000036     rtsv7R4_T_be_v3D16_eabi.lib : strncpy.c.obj (.text:strncpy)
                  00019a08    00000034                                 : fopen.c.obj (.text:__TI_cleanup)
                  00019a3c    00000034                                 : trgmsg.c.obj (.text:__TI_readmsg)
                  00019a70    00000034                                 : getdevice.c.obj (.text:finddevice)
                  00019aa4    00000030     F021_API_CortexR4_BE_V3D16.lib : Async.WithAddress.obj (.text:Fapi_issueAsyncCommandWithAddress)
                  00019ad4    00000030                                    : Utilities.WaitDelay.obj (.text:Fapi_waitDelay)
                  00019b04    0000002c                                    : Read.Common.obj (.text:_Fapi_readDword)
                  00019b30    0000002c     rtsv7R4_T_be_v3D16_eabi.lib : unlink.c.obj (.text:unlink)
                  00019b5c    0000002a     F021_API_CortexR4_BE_V3D16.lib : Async.obj (.text:Fapi_issueAsyncCommand)
                  00019b86    00000002     --HOLE-- [fill = 0]
                  00019b88    00000028     rtsv7R4_T_be_v3D16_eabi.lib : memory.c.obj (.text:free_list_insert)
                  00019bb0    00000028                                 : lseek.c.obj (.text:lseek)
                  00019bd8    00000028                                 : write.c.obj (.text:write)
                  00019c00    00000022     F021_API_CortexR4_BE_V3D16.lib : Read.FlushPipeline.obj (.text:Fapi_flushPipeline)
                  00019c22    00000020     rtsv7R4_T_be_v3D16_eabi.lib : memchr.c.obj (.text:memchr)
                  00019c42    0000001e                                 : s_copysign.c.obj (.text:copysign)
                  00019c60    0000001c     F021_API_CortexR4_BE_V3D16.lib : FlashStateMachine.InitializeFlashBanks.obj (.text:_Fapi_divideUnsignedLong)
                  00019c7c    0000001c     rtsv7R4_T_be_v3D16_eabi.lib : memory.c.obj (.text:free_list_remove)
                  00019c98    0000001c                                 : memccpy.c.obj (.text:memccpy)
                  00019cb4    00000018                                 : strcmp.c.obj (.text:strcmp)
                  00019ccc    00000016                                 : strchr.c.obj (.text:strchr)
                  00019ce2    00000016                                 : strlen.c.obj (.text:strlen)
                  00019cf8    00000014                                 : strcpy.c.obj (.text:strcpy)
                  00019d0c    00000012                                 : wcslen.c.obj (.text:wcslen)
                  00019d1e    00000002     --HOLE-- [fill = 0]
                  00019d20    00000010     F021_API_CortexR4_BE_V3D16.lib : Utilities.GetNumberOfSectors.obj (.text:Fapi_getNumberOfBankSectors)
                  00019d30    00000010                                    : FlashStateMachine.ScaleFclk.obj (.text:_scaleEEFclk)
                  00019d40    00000010                                    : FlashStateMachine.ScaleFclk.obj (.text:_scaleMainFclk)
                  00019d50    0000000e     rtsv7R4_T_be_v3D16_eabi.lib : copy_decompress_none.c.obj (.text:decompress:none:__TI_decompress_none)
                  00019d5e    0000000c     F021_API_CortexR4_BE_V3D16.lib : Read.WdService.obj (.text:_Fapi_checkWdService)
                  00019d6a    0000000c     rtsv7R4_T_be_v3D16_eabi.lib : copy_zero_init.c.obj (.text:decompress:ZI:__TI_zero_init)
                  00019d76    00000002     --HOLE-- [fill = 0]
                  00019d78    00000008     Fapi_UserDefinedFunctions.obj (.text)
                  00019d80    00000008     rtsv7R4_T_be_v3D16_eabi.lib : errno.c.obj (.text:__aeabi_errno_addr)
                  00019d88    00000008                                 : memory.c.obj (.text:malloc)
                  00019d90    00000004                                 : printf.c.obj (.text:_outc)
                  00019d94    00000004                                 : printf.c.obj (.text:_outs)
                  00019d98    00000004                                 : exit.c.obj (.text:abort:abort)
                  00019d9c    00000004     sys_phantom.obj (.text:retain)
                  00019da0    00000004     sys_startup.obj (.text)
                  00019da4    00000008     Fapi_UserDefinedFunctions.obj (.tramp.Fapi_serviceWatchdogTimer.1)

FEE_TEXT_SECTION 
*          0    00019dac    00001910     
                  00019dac    00000cb8     ti_fee_writeAsync.obj (FEE_TEXT_SECTION)
                  0001aa64    000007a8     ti_fee_read.obj (FEE_TEXT_SECTION)
                  0001b20c    000004b0     ti_fee_format.obj (FEE_TEXT_SECTION)

.const     0    0001b6c0    0000086c     
                  0001b6c0    000003a0     het.obj (.const:het1PROGRAM)
                  0001ba60    00000200     sys_vim.obj (.const:s_vim_init)
                  0001bc60    00000158     rtsv7R4_T_be_v3D16_eabi.lib : k_rem_pio2.c.obj (.const:$O1$$)
                  0001bdb8    00000101                                 : ctype.c.obj (.const:.string:_ctypes_)
                  0001beb9    00000003     --HOLE-- [fill = 0]
                  0001bebc    00000020     can.obj (.const:s_canByteOrder)
                  0001bedc    00000020     het.obj (.const:s_het1pwmPolarity)
                  0001befc    00000018     adc.obj (.const:s_adcFiFoSize)
                  0001bf14    00000018     adc.obj (.const:s_adcSelect)

FEE_CONST_SECTION 
*          0    0001bf2c    000001c0     
                  0001bf2c    000001a4     Device_TMS570LS07.obj (FEE_CONST_SECTION)
                  0001c0d0    0000001c     ti_fee_cfg.obj (FEE_CONST_SECTION)

.cinit     0    0001c0f0    000000d0     
                  0001c0f0    00000092     (.cinit..data.load) [load image, compression = lzss]
                  0001c182    00000002     --HOLE-- [fill = 0]
                  0001c184    0000000c     (__TI_handler_table)
                  0001c190    00000009     (.cinit.FEE_DATA_SECTION.load) [load image, compression = lzss]
                  0001c199    00000007     --HOLE-- [fill = 0]
                  0001c1a0    00000008     (.cinit..bss.load) [load image, compression = zero_init]
                  0001c1a8    00000018     (__TI_cinit_table)

.sysmem    0    08001500    00000800     UNINITIALIZED
                  08001500    00000010     rtsv7R4_T_be_v3D16_eabi.lib : memory.c.obj (.sysmem)
                  08001510    000007f0     --HOLE--

.bss       0    08001d00    000004bf     UNINITIALIZED
                  08001d00    00000120     rtsv7R4_T_be_v3D16_eabi.lib : trgmsg.c.obj (.bss:_CIOBUF_)
                  08001e20    000000c8     (.common:RX_DATA)
                  08001ee8    000000a0     (.common:__TI_tmpnams)
                  08001f88    00000080     (.common:adc_data)
                  08002008    00000078     spi.obj (.bss:g_spiPacket_t)
                  08002080    00000010     PCA2129.obj (.bss:Date$1)
                  08002090    00000010     (.common:SpecialRamBlock)
                  080020a0    00000010     (.common:eeprom_write_data)
                  080020b0    00000008     (.common:ADS1018Data)
                  080020b8    00000008     (.common:AutomaticAligmentDone)
                  080020c0    00000008     (.common:BackSensorInoperative)
                  080020c8    00000008     (.common:CalibrationCancel)
                  080020d0    00000008     (.common:CalibrationFailure)
                  080020d8    00000008     (.common:CalibrationFinalSettings)
                  080020e0    00000008     (.common:CalibrationFirstTemprorySettings)
                  080020e8    00000008     (.common:CalibrationSecondTemprorySettings)
                  080020f0    00000008     (.common:Calibrationbegin)
                  080020f8    00000008     (.common:EmergencyStopActive)
                  08002100    00000008     (.common:FifthWheelAnglePositioneLeft)
                  08002108    00000008     (.common:FifthWheelAnglePositioneRight)
                  08002110    00000008     (.common:FrontSensorInoperative)
                  08002118    00000008     (.common:Fullautomaticled)
                  08002120    00000008     (.common:ISSSingalActive)
                  08002128    00000008     (.common:ModeSelectDelay)
                  08002130    00000008     (.common:Semiautomaticled)
                  08002138    00000008     (.common:VehicleInRoute)
                  08002140    00000008     (.common:can_tx_data)
                  08002148    00000008     (.common:parmbuf)
                  08002150    00000004     (.common:BlockOffset)
                  08002154    00000004     (.common:CamelneckHomeTemporary)
                  08002158    00000004     (.common:CamelneckLeftAngleTemporary)
                  0800215c    00000004     (.common:CamelneckNumberTemporary)
                  08002160    00000004     (.common:CamelneckRightAngleTemporary)
                  08002164    00000004     (.common:FifthWheelHomeTemporary)
                  08002168    00000004     (.common:FifthWheelLeftAngleTemporary)
                  0800216c    00000004     (.common:FifthWheelNumberTemporary)
                  08002170    00000004     (.common:FifthWheelRightAngleTemporary)
                  08002174    00000004     (.common:Length)
                  08002178    00000004     (.common:beginTime)
                  0800217c    00000004     (.common:dataconfig1_t)
                  08002180    00000004     (.common:dataconfig2_t)
                  08002184    00000004     (.common:dataconfig3_t)
                  08002188    00000004     (.common:dataconfig4_t)
                  0800218c    00000004     (.common:mode)
                  08002190    00000004     (.common:timeOut)
                  08002194    00000002     (.common:Amount)
                  08002196    00000002     (.common:AttractiveLeftSensorAndCamelNeck)
                  08002198    00000002     (.common:Average)
                  0800219a    00000002     (.common:Status)
                  0800219c    00000002     (.common:VN5T006ASPTRE_BOTTOM_CS1_VAL)
                  0800219e    00000002     (.common:VNQ5050KTRE_LEFT_1CS1_VAL)
                  080021a0    00000002     (.common:VNQ5050KTRE_LEFT_1CS2_VAL)
                  080021a2    00000002     (.common:VNQ5050KTRE_LEFT_1STAT1_VAL)
                  080021a4    00000002     (.common:VNQ5050KTRE_LEFT_1STAT2_VAL)
                  080021a6    00000002     (.common:VNQ5050KTRE_LEFT_1STAT3_VAL)
                  080021a8    00000002     (.common:VNQ5050KTRE_LEFT_1STAT4_VAL)
                  080021aa    00000002     (.common:VNQ5050KTRE_RIGHT_2CS1_VAL)
                  080021ac    00000002     (.common:VNQ5050KTRE_RIGHT_2CS2_VAL)
                  080021ae    00000002     (.common:VNQ5050KTRE_RIGHT_2STAT1_VAL)
                  080021b0    00000002     (.common:VNQ5050KTRE_RIGHT_2STAT2_VAL)
                  080021b2    00000002     (.common:VNQ5050KTRE_RIGHT_2STAT3_VAL)
                  080021b4    00000002     (.common:VNQ5050KTRE_RIGHT_2STAT4_VAL)
                  080021b6    00000002     (.common:adc_samplecounter)
                  080021b8    00000002     (.common:canSensorData)
                  080021ba    00000002     (.common:global_counter)
                  080021bc    00000001     (.common:aligment_buf)
                  080021bd    00000001     (.common:sensorLeft)
                  080021be    00000001     (.common:sensorRight)

.data      0    080021c0    00000300     UNINITIALIZED
                  080021c0    000000f0     rtsv7R4_T_be_v3D16_eabi.lib : defs.c.obj (.data:_ftable)
                  080022b0    00000078                                 : host_device.c.obj (.data:_device)
                  08002328    00000064     sys_main.obj (.data:read_data)
                  0800238c    00000004     rtsv7R4_T_be_v3D16_eabi.lib : errno.c.obj (.data)
                  08002390    0000005c     sys_main.obj (.data)
                  080023ec    00000050     rtsv7R4_T_be_v3D16_eabi.lib : host_device.c.obj (.data:_stream)
                  0800243c    00000020     sys_main.obj (.data:eeprom_read_data)
                  0800245c    00000012     MCP23S17.obj (.data)
                  0800246e    00000001     F021_API_CortexR4_BE_V3D16.lib : FlashStateMachine.SetActiveBank.obj (.data)
                  0800246f    00000001     --HOLE--
                  08002470    00000010     rtsv7R4_T_be_v3D16_eabi.lib : defs.c.obj (.data)
                  08002480    0000000c                                 : exit.c.obj (.data:$O1$$)
                  0800248c    0000000c     ADS1018.obj (.data)
                  08002498    00000008     rtsv7R4_T_be_v3D16_eabi.lib : _lock.c.obj (.data:$O1$$)
                  080024a0    00000008                                 : memory.c.obj (.data:$O1$$)
                  080024a8    00000008     F021_API_CortexR4_BE_V3D16.lib : FlashStateMachine.ScaleFclk.obj (.data)
                  080024b0    00000008     sys_main.obj (.data:can_rx_data)
                  080024b8    00000008     ADS1018.obj (.data:rcvId)

FEE_DATA_SECTION 
*          0    080024c0    00000131     UNINITIALIZED
                  080024c0    000000f5     ti_fee_ini.obj (FEE_DATA_SECTION)
                  080025b5    00000001     ti_fee_main.obj (FEE_DATA_SECTION)
                  080025b6    00000002     --HOLE--
                  080025b8    0000002e     ti_fee_util.obj (FEE_DATA_SECTION:uninit)
                  080025e6    00000002     --HOLE--
                  080025e8    00000009     ti_fee_util.obj (FEE_DATA_SECTION:init)

MODULE SUMMARY

       Module                                        code     ro data   rw data
       ------                                        ----     -------   -------
    .\source\
       ti_fee_util.obj                               22480    0         55     
       sys_main.obj                                  15316    0         621    
       sys_selftest.obj                              10772    0         0      
       ti_fee_ini.obj                                5992     0         245    
       spi.obj                                       4608     0         120    
       ti_fee_main.obj                               4320     0         1      
       sys_vim.obj                                   3360     512       0      
       ti_fee_writeAsync.obj                         3256     0         0      
       het.obj                                       2292     960       0      
       adc.obj                                       2796     48        0      
       can.obj                                       2808     32        0      
       system.obj                                    2772     0         0      
       pinmux.obj                                    2012     0         0      
       ti_fee_read.obj                               1960     0         0      
       esm.obj                                       1744     0         0      
       rti.obj                                       1744     0         0      
       errata_SSWF021_45.obj                         1636     0         0      
       MCP23S17.obj                                  1216     0         22     
       PCA2129.obj                                   1008     0         220    
       ti_fee_format.obj                             1200     0         0      
       gio.obj                                       1156     0         0      
       sys_core.obj                                  844      0         0      
       ADS1018.obj                                   704      0         42     
       sys_startup.obj                               616      0         0      
       Device_TMS570LS07.obj                         0        420       0      
       notification.obj                              324      0         0      
       dabort.obj                                    232      0         0      
       sys_pmu.obj                                   224      0         0      
       sys_intvecs.obj                               32       0         0      
       ti_fee_cfg.obj                                0        28        0      
       Fapi_UserDefinedFunctions.obj                 16       0         0      
       SST25PF040C.obj                               0        0         4      
       sys_phantom.obj                               4        0         0      
    +--+---------------------------------------------+--------+---------+---------+
       Total:                                        97444    2000      1330   
                                                                               
    C:/ti/Hercules/F021 Flash API/02.01.01/F021_API_CortexR4_BE_V3D16.lib
       FlashStateMachine.InitializeFlashBanks.obj    636      0         0      
       FlashStateMachine.SetActiveBank.obj           380      0         1      
       FlashStateMachine.EnableEepromSectors.obj     196      0         0      
       BlankCheck.obj                                148      0         0      
       Read.LoopDword.obj                            94       0         0      
       FlashStateMachine.Hercules.IsEccAddress.obj   80       0         0      
       FlashStateMachine.IssueFsmCommand.obj         60       0         0      
       Utilities.CalculateFletcher.obj               54       0         0      
       Async.WithAddress.obj                         48       0         0      
       Utilities.WaitDelay.obj                       48       0         0      
       Read.Common.obj                               44       0         0      
       Async.obj                                     42       0         0      
       FlashStateMachine.ScaleFclk.obj               32       0         8      
       Read.FlushPipeline.obj                        34       0         0      
       Utilities.GetNumberOfSectors.obj              16       0         0      
       Read.WdService.obj                            12       0         0      
    +--+---------------------------------------------+--------+---------+---------+
       Total:                                        1924     0         9      
                                                                               
    C:/ti/ccs930/ccs/tools/compiler/ti-cgt-arm_18.12.4.LTS/lib/rtsv7R4_T_be_v3D16_eabi.lib
       _printfi.c.obj                                4669     0         0      
       k_rem_pio2.c.obj                              1540     344       0      
       s_sin.c.obj                                   1008     0         0      
       memory.c.obj                                  692      0         8      
       ull_div32.asm.obj                             696      0         0      
       defs.c.obj                                    0        0         416    
       trgmsg.c.obj                                  112      0         288    
       fputs.c.obj                                   280      0         0      
       ctype.c.obj                                   0        257       0      
       s_scalbn.c.obj                                240      0         0      
       s_floor.c.obj                                 224      0         0      
       setvbuf.c.obj                                 220      0         0      
       host_device.c.obj                             0        0         200    
       k_cos.c.obj                                   180      0         0      
       k_sin.c.obj                                   168      0         0      
       memcpy_t2.asm.obj                             156      0         0      
       fputc.c.obj                                   144      0         0      
       memset_t2.asm.obj                             122      0         0      
       getdevice.c.obj                               120      0         0      
       fclose.c.obj                                  116      0         0      
       s_frexp.c.obj                                 116      0         0      
       printf.c.obj                                  112      0         0      
       copy_decompress_lzss.c.obj                    108      0         0      
       hostrename.c.obj                              108      0         0      
       hostlseek.c.obj                               104      0         0      
       _io_perm.c.obj                                100      0         0      
       fseek.c.obj                                   100      0         0      
       hostopen.c.obj                                92       0         8      
       hostread.c.obj                                92       0         0      
       close.c.obj                                   88       0         0      
       hostwrite.c.obj                               88       0         0      
       exit.c.obj                                    72       0         12     
       i_div32.asm.obj                               84       0         0      
       ltoa.c.obj                                    84       0         0      
       atoi.c.obj                                    80       0         0      
       u_div32.asm.obj                               80       0         0      
       fflush.c.obj                                  76       0         0      
       autoinit.c.obj                                68       0         0      
       hostclose.c.obj                               68       0         0      
       hostunlink.c.obj                              68       0         0      
       strncpy.c.obj                                 54       0         0      
       fopen.c.obj                                   52       0         0      
       unlink.c.obj                                  44       0         0      
       lseek.c.obj                                   40       0         0      
       write.c.obj                                   40       0         0      
       memchr.c.obj                                  32       0         0      
       s_copysign.c.obj                              30       0         0      
       memccpy.c.obj                                 28       0         0      
       strcmp.c.obj                                  24       0         0      
       strchr.c.obj                                  22       0         0      
       strlen.c.obj                                  22       0         0      
       strcpy.c.obj                                  20       0         0      
       wcslen.c.obj                                  18       0         0      
       copy_decompress_none.c.obj                    14       0         0      
       copy_zero_init.c.obj                          12       0         0      
       errno.c.obj                                   8        0         4      
       _lock.c.obj                                   2        0         8      
       div0.asm.obj                                  2        0         0      
    +--+---------------------------------------------+--------+---------+---------+
       Total:                                        12939    601       944    
                                                                               
       Heap:                                         0        0         2048   
       Linker Generated:                             0        199       0      
    +--+---------------------------------------------+--------+---------+---------+
       Grand Total:                                  112307   2800      4331   


LINKER GENERATED COPY TABLES

__TI_cinit_table @ 0001c1a8 records: 3, size/record: 8, table size: 24
	.data: load addr=0001c0f0, load size=00000092 bytes, run addr=080021c0, run size=00000300 bytes, compression=lzss
	FEE_DATA_SECTION: load addr=0001c190, load size=00000009 bytes, run addr=080024c0, run size=00000131 bytes, compression=lzss
	.bss: load addr=0001c1a0, load size=00000008 bytes, run addr=08001d00, run size=000004bf bytes, compression=zero_init


LINKER GENERATED HANDLER TABLE

__TI_handler_table @ 0001c184 records: 3, size/record: 4, table size: 12
	index: 0, handler: __TI_zero_init
	index: 1, handler: __TI_decompress_lzss
	index: 2, handler: __TI_decompress_none

VENEERS

callee name               veneer name
   callee addr  veneer addr  call addr  call info
--------------  -----------  ---------  ----------------
Fapi_serviceWatchdogTimer  $Ven$TA$L$PI$$Fapi_serviceWatchdogTimer
   00019d78     00019da4     00019d64   F021_API_CortexR4_BE_V3D16.lib : Read.WdService.obj (.text:_Fapi_checkWdService)

[1 trampolines]
[1 trampoline calls]


GLOBAL SYMBOLS: SORTED ALPHABETICALLY BY Name 

address   name                                    
-------   ----                                    
00016ed4  ADS1018Adcread                          
080020b0  ADS1018Data                             
080023e0  AciSonuc                                
08002398  AcilStopON                              
0800239c  AlignmentAuto                           
08002396  AlignmentAutoState                      
0800239b  AlignmentLeft                           
08002395  AlignmentLeftState                      
0800239a  AlignmentRight                          
08002394  AlignmentRightState                     
00005b44  AllPowerSwitchSTatusGet                 
08002194  Amount                                  
00005c10  AngleToValue                            
080023e8  AngleValue                              
08002196  AttractiveLeftSensorAndCamelNeck        
08002393  AutoAligmentState                       
08002397  AutoHizalama                            
080020b8  AutomaticAligmentDone                   
08002198  Average                                 
080020c0  BackSensorInoperative                   
08002150  BlockOffset                             
00005b30  Bottom1PowerSwitchStatusGet             
00019d99  C$$EXIT                                 
00019993  C$$IO$$                                 
0800246c  CS_PIN                                  
080020c8  CalibrationCancel                       
080023ab  CalibrationDone                         
080020d0  CalibrationFailure                      
080020d8  CalibrationFinalSettings                
080020e0  CalibrationFirstTemprorySettings        
080020e8  CalibrationSecondTemprorySettings       
080020f0  Calibrationbegin                        
08002154  CamelneckHomeTemporary                  
08002158  CamelneckLeftAngleTemporary             
0800215c  CamelneckNumberTemporary                
080023b8  CamelneckNumberValue                    
08002160  CamelneckRightAngleTemporary            
00005ed8  CanRedHighLow                           
00005e84  CanYellowHighLow                        
000088cc  CommandCheck                            
00007978  ControlLeds                             
080023e4  DegerSonuc                              
0001bf2c  Device_FlashDevice                      
080020f8  EmergencyStopActive                     
0001999d  Fapi_calculateFletcherChecksum          
00018c09  Fapi_doBlankCheck                       
00018dc1  Fapi_enableEepromBankSectors            
00019c01  Fapi_flushPipeline                      
00019d21  Fapi_getNumberOfBankSectors             
000175c1  Fapi_initializeFlashBanks               
000195c1  Fapi_isAddressEcc                       
00019b5d  Fapi_issueAsyncCommand                  
00019aa5  Fapi_issueAsyncCommandWithAddress       
00019d78  Fapi_serviceWatchdogTimer               
00017c09  Fapi_setActiveFlashBank                 
00019ad5  Fapi_waitDelay                          
0001c0dc  Fee_BlockConfiguration                  
0001c0d0  Fee_VirtualSectorConfiguration          
08002100  FifthWheelAnglePositioneLeft            
08002108  FifthWheelAnglePositioneRight           
08002164  FifthWheelHomeTemporary                 
08002168  FifthWheelLeftAngleTemporary            
0800216c  FifthWheelNumberTemporary               
080023b4  FifthWheelNumberValue                   
08002170  FifthWheelRightAngleTemporary           
08002110  FrontSensorInoperative                  
08002118  Fullautomaticled                        
080023af  Fullautomaticmode                       
00016300  GetDate                                 
00016114  GetRegister                             
00016230  Getdays                                 
000161fc  Gethours                                
000161c8  Getminutes                              
00016298  Getmonths                               
00016190  Getseconds                              
00016264  Getweekdays                             
000162cc  Getyears                                
0001974d  HOSTclose                               
00019165  HOSTlseek                               
0001935d  HOSTopen                                
000193b9  HOSTread                                
0001908d  HOSTrename                              
00019791  HOSTunlink                              
00019415  HOSTwrite                               
0000583c  HardwareInit                            
00005c78  HedefAci                                
080023a2  ISS                                     
08002392  ISSActiveState                          
00006630  ISSCheck                                
08002120  ISSSingalActive                         
00005bc4  InputInit                               
00014818  IsdwdKeySequenceCorrect                 
00005ae8  Left2PowerSwitchStatusGet               
00005a60  Left4PowerSwitchStatusGet               
08002174  Length                                  
00015b08  MCP_Init                                
00015894  MCP_PinMode                             
0001592c  MCP_PinOutput                           
00015a3c  MCP_PortRead                            
00015a18  MCP_PortinputInvert                     
000159f4  MCP_PortpullupMode                      
00015aa0  MCP_pinRead                             
00005b5c  MCUADCread                              
08002128  ModeSelectDelay                         
00005948  OutputInit                              
00015870  PortMode                                
08002390  PumpSlaveBtn                            
080023bd  PumpState                               
0000581c  RTIInit                                 
08001e20  RX_DATA                                 
00016e3c  Register2write                          
00005b0c  Right2PowerSwitchStatusGet              
00005aa4  Right4PowerSwitchStatusGet              
UNDEFED   SHT$$INIT_ARRAY$$Base                   
UNDEFED   SHT$$INIT_ARRAY$$Limit                  
00005894  SPIADS1018Init                          
0000585c  SPIMCPInit                              
000058c8  SPIPCA2129Init                          
000058fc  SPISST25PF040CInit                      
0800246d  SPI_PORT_NUMBER                         
00005930  SPIdevicesinit                          
08002130  Semiautomaticled                        
080023b0  Semiautomaticmode                       
00016360  SetDate                                 
080023a0  SetMode                                 
000160ac  SetRegister                             
00016244  Setdays                                 
00016210  Sethours                                
000161dc  Setminutes                              
000162ac  Setmonths                               
000161a4  Setseconds                              
00016278  Setweekdays                             
000162e0  Setyears                                
08002090  SpecialRamBlock                         
0000e02c  SpiRxStatus                             
0000dfa0  SpiTxStatus                             
0800219a  Status                                  
080023a1  StopMode                                
080023a8  StopModeState                           
08002399  SysActive                               
080023ac  SystemActiveCaliber                     
00000af4  TI_FeeInternal_AlignAddressForECC       
00001188  TI_FeeInternal_BlankCheck               
00004f34  TI_FeeInternal_CheckForError            
00002a54  TI_FeeInternal_CheckModuleState         
00002ab4  TI_FeeInternal_CheckReadParameters      
000056cc  TI_FeeInternal_EnableRequiredFlashSector
00003044  TI_FeeInternal_FeeManager               
00000ec4  TI_FeeInternal_FindNextVirtualSector    
000050b4  TI_FeeInternal_Fletcher16               
00001d24  TI_FeeInternal_GetArrayIndex            
00001c68  TI_FeeInternal_GetBlockIndex            
00001c2c  TI_FeeInternal_GetBlockNumber           
00000e84  TI_FeeInternal_GetBlockSize             
00002be4  TI_FeeInternal_GetCurrentBlockAddress   
00001ce8  TI_FeeInternal_GetDataSetIndex          
00002ce8  TI_FeeInternal_GetNextFlashAddress      
00001a50  TI_FeeInternal_GetVirtualSectorIndex    
00000020  TI_FeeInternal_GetVirtualSectorParameter
00004b14  TI_FeeInternal_InvalidateErase          
00000e08  TI_FeeInternal_PollFlashStatus          
00002d38  TI_FeeInternal_SanityCheck              
00002f28  TI_FeeInternal_SetClearCopyBlockState   
00004dc4  TI_FeeInternal_StartProgramBlock        
00001e90  TI_FeeInternal_UpdateBlockOffsetArray   
000044bc  TI_FeeInternal_WriteBlockHeader         
00000664  TI_FeeInternal_WriteDataF021            
00000b2c  TI_FeeInternal_WriteInitialize          
0000481c  TI_FeeInternal_WritePreviousBlockHeader 
000001b8  TI_FeeInternal_WriteVirtualSectorHeader 
000051e0  TI_Fee_ErrorRecovery                    
080025b4  TI_Fee_FapiInitCalled                   
0001b20c  TI_Fee_Format                           
00004ec8  TI_Fee_GetStatus                        
080024c0  TI_Fee_GlobalVariables                  
0000be5c  TI_Fee_Init                             
0000e740  TI_Fee_MainFunction                     
0001aa64  TI_Fee_Read                             
000054bc  TI_Fee_SuspendResumeErase               
00019dac  TI_Fee_WriteAsync                       
0800259d  TI_Fee_bEraseSuspended                  
0800259e  TI_Fee_bIsMainFunctionCalled            
080025a0  TI_Fee_oStatusWord                      
08002598  TI_Fee_u32ActCpyVS                      
08002590  TI_Fee_u32BlockEraseCount               
0800258c  TI_Fee_u32FletcherChecksum              
08002588  TI_Fee_u8DataSets                       
08002594  TI_Fee_u8DeviceIndex                    
0800259c  TI_Fee_u8ErrEraseVS                     
080025a4  TI_FlashStatusWord                      
0800219c  VN5T006ASPTRE_BOTTOM_CS1_VAL            
0800219e  VNQ5050KTRE_LEFT_1CS1_VAL               
080021a0  VNQ5050KTRE_LEFT_1CS2_VAL               
080021a2  VNQ5050KTRE_LEFT_1STAT1_VAL             
080021a4  VNQ5050KTRE_LEFT_1STAT2_VAL             
080021a6  VNQ5050KTRE_LEFT_1STAT3_VAL             
080021a8  VNQ5050KTRE_LEFT_1STAT4_VAL             
080021aa  VNQ5050KTRE_RIGHT_2CS1_VAL              
080021ac  VNQ5050KTRE_RIGHT_2CS2_VAL              
080021ae  VNQ5050KTRE_RIGHT_2STAT1_VAL            
080021b0  VNQ5050KTRE_RIGHT_2STAT2_VAL            
080021b2  VNQ5050KTRE_RIGHT_2STAT3_VAL            
080021b4  VNQ5050KTRE_RIGHT_2STAT4_VAL            
00005c40  ValueToAngle                            
08002138  VehicleInRoute                          
000197d5  _Fapi_EnableSectors                     
00019d5f  _Fapi_checkWdService                    
00019925  _Fapi_issueFsmCommand                   
000192fd  _Fapi_loopRegionForValue                
00019b05  _Fapi_readDword                         
08001d00  __CIOBUF_                               
00000800  __SYSMEM_SIZE                           
0001c1a8  __TI_CINIT_Base                         
0001c1c0  __TI_CINIT_Limit                        
0001c184  __TI_Handler_Table_Base                 
0001c190  __TI_Handler_Table_Limit                
00016b10  __TI_PINIT_Base                         
00016b14  __TI_PINIT_Limit                        
00019819  __TI_auto_init_nobinit_nopinit          
00019a09  __TI_cleanup                            
08002480  __TI_cleanup_ptr                        
00018f35  __TI_closefile                          
000190f9  __TI_decompress_lzss                    
00019d51  __TI_decompress_none                    
00019701  __TI_doflush                            
08002484  __TI_dtors_ptr                          
08002488  __TI_enable_exit_profile_output         
08002470  __TI_ft_end                             
ffffffff  __TI_pprof_out_hndl                     
0001232d  __TI_printfi                            
ffffffff  __TI_prof_data_size                     
ffffffff  __TI_prof_data_start                    
00019a3d  __TI_readmsg                            
00000000  __TI_static_base__                      
08001ee8  __TI_tmpnams                            
00019961  __TI_writemsg                           
00019235  __TI_wrt_ok                             
00019d6b  __TI_zero_init                          
00019d81  __aeabi_errno_addr                      
0001956c  __aeabi_idiv                            
00018ac3  __aeabi_idiv0                           
0001956c  __aeabi_idivmod                         
00018ac3  __aeabi_ldiv0                           
00018ebb  __aeabi_memclr                          
00018ebb  __aeabi_memclr4                         
00018ebb  __aeabi_memclr8                         
00018b6d  __aeabi_memcpy                          
00018b6d  __aeabi_memcpy4                         
00018b6d  __aeabi_memcpy8                         
00018ebd  __aeabi_memset                          
00018ebd  __aeabi_memset4                         
00018ebd  __aeabi_memset8                         
0800247c  __aeabi_stderr                          
08002474  __aeabi_stdin                           
08002478  __aeabi_stdout                          
000196b0  __aeabi_uidiv                           
000196b0  __aeabi_uidivmod                        
000170a4  __aeabi_uldivmod                        
ffffffff  __binit__                               
ffffffff  __c_args__                              
00018961  __kernel_cos                            
00014ae9  __kernel_rem_pio2                       
00018ac5  __kernel_sin                            
0001735c  _c_int00                                
00016a28  _coreClearAuxiliaryDataFault_           
00016a3c  _coreClearAuxiliaryInstructionFault_    
00016a00  _coreClearDataFaultAddress_             
000169d8  _coreClearDataFault_                    
00016a14  _coreClearInstructionFaultAddress_      
000169ec  _coreClearInstructionFault_             
0001696c  _coreDisableEventBusExport_             
000169b0  _coreDisableFlashEcc_                   
0001698c  _coreDisableRamEcc_                     
0001695c  _coreEnableEventBusExport_              
0001699c  _coreEnableFlashEcc_                    
000169c0  _coreEnableIrqVicOffset_                
0001697c  _coreEnableRamEcc_                      
00016944  _coreEnableVfp_                         
00016a20  _coreGetAuxiliaryDataFault_             
00016a34  _coreGetAuxiliaryInstructionFault_      
000169f8  _coreGetDataFaultAddress_               
000169d0  _coreGetDataFault_                      
00016a0c  _coreGetInstructionFaultAddress_        
000169e4  _coreGetInstructionFault_               
000167cc  _coreInitRegisters_                     
000168d8  _coreInitStackPointer_                  
0001bdb8  _ctypes_                                
000184f8  _dabort                                 
080022b0  _device                                 
00016a50  _disable_FIQ_interrupt_                 
00016a58  _disable_IRQ_interrupt_                 
00016a48  _disable_interrupt_                     
00016a60  _enable_interrupt_                      
00016af0  _errata_CORTEXR4_57_                    
00016b00  _errata_CORTEXR4_66_                    
00013e48  _errata_SSWF021_45_both_plls            
0001403c  _errata_SSWF021_45_pll1                 
000141b4  _errata_SSWF021_45_pll2                 
00016a68  _esmCcmErrorsClear_                     
080021c0  _ftable                                 
00016924  _getCPSRValue_                          
0001692c  _gotoCPUIdle_                           
08002468  _invertCache                            
08002498  _lock                                   
0800245c  _modeCache                              
00012d77  _nop                                    
08002460  _outputCache                            
00018800  _pmuDisableCountersGlobal_              
000187f0  _pmuEnableCountersGlobal_               
0001885c  _pmuGetCycleCount_                      
00018864  _pmuGetEventCount_                      
00018870  _pmuGetOverflow_                        
000187a4  _pmuInit_                               
00018830  _pmuResetCounters_                      
00018810  _pmuResetCycleCounter_                  
00018820  _pmuResetEventCounters_                 
00018850  _pmuSetCountEvent_                      
00018840  _pmuStartCounters_                      
00018848  _pmuStopCounters_                       
08002464  _pullupCache                            
00019d31  _scaleEEFclk                            
00019d41  _scaleMainFclk                          
080023ec  _stream                                 
08001500  _sys_memory                             
UNDEFED   _system_post_cinit                      
0800249c  _unlock                                 
00019d99  abort                                   
00010b94  adc1GetConfigValue                      
0000a610  adc1ParityCheck                         
0000a6fc  adc2ParityCheck                         
00010770  adcCalibration                          
00010b34  adcDisableNotification                  
00010ae4  adcEnableNotification                   
00010548  adcGetData                              
00010b7c  adcGetEVTPin                            
00010318  adcInit                                 
00010740  adcIsConversionComplete                 
00010710  adcIsFifoFull                           
00010948  adcMidPointCalibration                  
00017dec  adcNotification                         
00010520  adcResetFiFo                            
00010b5c  adcSetEVTPin                            
00010474  adcStartConversion                      
000104f8  adcStopConversion                       
08001f88  adc_data                                
080021b6  adc_samplecounter                       
080023dc  adress_value                            
080021bc  aligment_buf                            
080023bc  aligment_set_level                      
00017fe1  aligned_alloc                           
00019661  atoi                                    
080023a4  auto_aligment                           
00016068  bcdToDec                                
08002178  beginTime                               
ffffffff  binit                                   
00015818  byteWrite                               
0001014c  can1GetConfigValue                      
0000a7b4  can1ParityCheck                         
0000a88c  can2ParityCheck                         
0000ffec  canDisableErrorNotification             
0000ffcc  canDisableStatusChangeNotification      
00010044  canDisableloopback                      
0000ff8c  canEnableErrorNotification              
0000ffac  canEnableStatusChangeNotification       
0001000c  canEnableloopback                       
00017e00  canErrorNotification                    
0000fd34  canFillMessageObjectData                
0000fa5c  canGetData                              
0000ff68  canGetErrorLevel                        
0000fbb4  canGetID                                
0000ff44  canGetLastError                         
0000f820  canInit                                 
00010130  canIoRxGetBit                           
00010074  canIoSetDirection                       
000100c4  canIoSetPort                            
00010114  canIoTxGetBit                           
0000fee8  canIsMessageBoxValid                    
0000fe8c  canIsRxMessageArrived                   
0000fe30  canIsTxMessagePending                   
00005f38  canMessageCheck                         
00017e28  canMessageNotification                  
0000fc94  canSendRemoteFrame                      
080021b8  canSensorData                           
00017e14  canStatusChangeNotification             
0000f960  canTransmit                             
0000fc1c  canUpdateID                             
080024b0  can_rx_data                             
08002140  can_tx_data                             
00013384  capGetSignal                            
000093d4  ccmSelfCheck                            
0000b7f8  ccmr4GetConfigValue                     
080023c0  ch_count                                
00009cdc  checkB0RAMECC                           
00009ecc  checkB1RAMECC                           
0000adf4  checkClockMonitor                       
0000a0bc  checkFlashECC                           
0000aebc  checkFlashEEPROMECC                     
0000b050  checkPLL1Slip                           
00009260  checkPackets                            
0000b154  checkRAMAddrParity                      
0000aba4  checkRAMECC                             
0000b268  checkRAMUERRTest                        
00009b60  checkefcSelfTest                        
0001946d  close                                   
00006adc  commandButtonscheck                     
00019c43  copysign                                
00019c43  copysignl                               
000095d8  cpuSelfTest                             
0000a1a0  cpuSelfTestFail                         
08002496  currentStep                             
00011814  customTrimLPO                           
0000a198  custom_dabort                           
0800217c  dataconfig1_t                           
08002180  dataconfig2_t                           
08002184  dataconfig3_t                           
08002188  dataconfig4_t                           
00016034  decToBcd                                
000057f0  delay                                   
00009060  delaymode                               
0000bc60  disableParity                           
00017eb4  dmaGroupANotification                   
0000a250  dmaParityCheck                          
00014880  dwdClearFlag                            
000147b4  dwdCounterEnable                        
000147fc  dwdGenerateSysReset                     
0001484c  dwdGetStatus                            
00014890  dwdGetViolationStatus                   
00014738  dwdInit                                 
000147e0  dwdReset                                
000147c4  dwdSetPreload                           
000147a8  dwwdGetCurrentDownCounter               
00014760  dwwdInit                                
00013344  edgeDisableNotification                 
00013308  edgeEnableNotification                  
000132dc  edgeGetCounter                          
00017e8c  edgeNotification                        
000132b0  edgeResetCounter                        
00005ddc  eepromRead                              
0800243c  eeprom_read_data                        
080020a0  eeprom_write_data                       
00009a04  efcCheck                                
0000b760  efcGetConfigValue                       
00009b38  efcSelfTest                             
00009a8c  efcStuckZeroTest                        
080023a3  emergency_stop                          
0000bbe4  enableParity                            
00005cb4  epromWrite                              
0000b878  errata_PBIST_4                          
0800238c  errno                                   
080023d8  error                                   
00015270  esmActivateNormalOperation              
00015344  esmClearStatus                          
00015384  esmClearStatusBuffer                    
00015238  esmDisableError                         
000152a8  esmDisableInterrupt                     
00015210  esmEnableError                          
00015280  esmEnableInterrupt                      
0001547c  esmEnterSelfTest                        
000151f4  esmError                                
00015554  esmGetConfigValue                       
000153c0  esmGetStatus                            
00015444  esmGetStatusBuffer                      
00017d84  esmGroup1Notification                   
00017d94  esmGroup2Notification                   
000180f4  esmHighInterrupt                        
000150ec  esmInit                                 
00015504  esmSelfTestStatus                       
000153a0  esmSetCounterPreloadValue               
000152d0  esmSetInterruptLevel                    
00015260  esmTriggerErrorPinReset                 
0001985d  exit                                    
08002495  failStep                                
00019a71  finddevice                              
000186c5  floor                                   
000186c5  floorl                                  
0000b3d8  fmcBus1ParityCheck                      
00009c00  fmcBus2Check                            
00009c3c  fmcECCcheck                             
00018d31  fputc                                   
00017ec9  fputs                                   
000185e1  free                                    
00018fa9  frexp                                   
00018fa9  frexpl                                  
00019299  fseek                                   
00006f44  fullAutomaticAligmentCommandsCheck      
00008f38  fullAutomaticAutoAlignmentProcess       
000067a0  fullAutomaticPumpCheck                  
00008de0  fullAutomaticStandBymode                
0800239d  fullPumpState                           
080023a9  full_Automatic_AutoAlignment            
080023aa  full_Automatic_Set_Aligment             
08002490  functiontodo                            
0000667c  getSensorAndCamelNeckValue              
000198a1  getdevice                               
00015dc8  gioDisableNotification                  
00015d60  gioEnableNotification                   
00015cc8  gioGetBit                               
00015e30  gioGetConfigValue                       
00015cf0  gioGetPort                              
00015b68  gioInit                                 
00017e3c  gioNotification                         
00015c58  gioSetBit                               
00015c38  gioSetDirection                         
00015ca8  gioSetPort                              
00015d08  gioToggleBit                            
080021ba  global_counter                          
00019da0  handlePLLLockFail                       
00013490  het1GetConfigValue                      
0000a2fc  het1ParityCheck                         
0000a464  het2ParityCheck                         
00013478  hetGetTimestamp                         
00012d78  hetInit                                 
00017ea0  hetNotification                         
0001345c  hetResetTimestamp                       
0000a3a8  htu1ParityCheck                         
0000a560  htu2ParityCheck                         
080023c8  id                                      
00018409  ldexp                                   
00018409  ldexpl                                  
080023a5  left_aligment                           
00019bb1  lseek                                   
00019519  ltoa                                    
000090cc  main                                    
00019d89  malloc                                  
00010f5c  mapClocks                               
00017fe1  memalign                                
00019c99  memccpy                                 
00019c23  memchr                                  
00018b6d  memcpy                                  
00009518  memoryInit                              
00017da4  memoryPort0TestFailNotification         
00017dc0  memoryPort1TestFailNotification         
00018ec3  memset                                  
0000a954  mibspi1ParityCheck                      
0000aa64  mibspi3ParityCheck                      
0800218c  mode                                    
00008960  modeWarning                             
0001366c  muxInit                                 
080023de  oResult                                 
08002148  parmbuf                                 
0000b4f4  pbistFail                               
0000b578  pbistGetConfigValue                     
0000994c  pbistIsTestCompleted                    
00009978  pbistIsTestPassed                       
000099ac  pbistPortTestStatus                     
00009850  pbistRun                                
00009670  pbistSelfCheck                          
0000991c  pbistStop                               
00010f08  periphInit                              
00019d9c  phantomInterrupt                        
00013a44  pinmuxGetConfigValue                    
000191cd  printf                                  
00018d31  putc                                    
00013280  pwmDisableNotification                  
00013238  pwmEnableNotification                   
00013158  pwmGetSignal                            
00017e74  pwmNotification                         
00012ea0  pwmSetDuty                              
00012fdc  pwmSetSignal                            
00012e38  pwmStart                                
00012e6c  pwmStop                                 
080024b8  rcvId                                   
08002328  read_data                               
00019b31  remove                                  
00000000  resetEntry                              
080023a6  right_aligment                          
00018c9c  rtiCompare0Interrupt                    
00018ce4  rtiCompare1Interrupt                    
00014940  rtiDisableNotification                  
00014918  rtiEnableNotification                   
0001495c  rtiGetConfigValue                       
000146ac  rtiGetCurrentTick                       
00014684  rtiGetPeriod                            
000144ac  rtiInit                                 
00009224  rtiNotification                         
000145f8  rtiResetCounter                         
0001465c  rtiSetPeriod                            
000145a0  rtiStartCounter                         
000145cc  rtiStopCounter                          
00018409  scalbn                                  
00018409  scalbnl                                 
000093c4  selftestFailNotification                
00008be4  semiAutomaticAutoHizalamaProcess        
00008d54  semiAutomaticStandByMode                
08002391  semi_Automatic_AutoAlignment            
080021bd  sensorLeft                              
080021be  sensorRight                             
0000685c  setAligmentProcess                      
00016de4  setStep                                 
080023a7  set_aligment                            
00015fec  set_bit                                 
0800239e  setcounter                              
00010ec8  setupFlash                              
00010e04  setupPLL                                
00018885  setvbuf                                 
000163dd  sin                                     
000163dd  sinl                                    
0000e164  spi1GetConfigValue                      
0000e2f4  spi2GetConfigValue                      
0000e4e0  spi3GetConfigValue                      
0000e0ec  spiDisableLoopback                      
0000e138  spiDisableNotification                  
0000e0b8  spiEnableLoopback                       
0000e108  spiEnableNotification                   
00017e64  spiEndNotification                      
0000da08  spiGetData                              
0000d540  spiInit                                 
00017e50  spiNotification                         
0000d8ec  spiReceiveData                          
0000de60  spiSendAndGetData                       
0000dc2c  spiSendData                             
0000d8cc  spiSetFunctional                        
0000dd24  spiTransmitAndReceiveData               
0000db00  spiTransmitData                         
000156a8  spiWrite                                
00015724  spiWriteRead                            
000116d8  sramGetConfigValue                      
0000b6c0  stcGetConfigValue                       
0000955c  stcSelfCheck                            
0000a19c  stcSelfCheckFail                        
0800248c  step                                    
00019ccd  strchr                                  
00019cb5  strcmp                                  
00019cf9  strcpy                                  
00019ce3  strlen                                  
000199d3  strncpy                                 
08002494  subStep                                 
08002497  successStep                             
00006600  systemActiveCheck                       
00011150  systemGetConfigValue                    
00011054  systemInit                              
00011120  systemPowerDown                         
0001152c  tcmflashGetConfigValue                  
080023ad  tick                                    
080023ae  tick2                                   
08002190  timeOut                                 
00010e54  trimLPO                                 
00019b31  unlink                                  
080023d0  value                                   
000119ac  vimChannelMap                           
00011c18  vimDisableInterrupt                     
00011a50  vimEnableInterrupt                      
00011cc4  vimGetConfigValue                       
000118d8  vimInit                                 
0000a1a4  vimParityCheck                          
00016b18  vimParityErrorHandler                   
00019d0d  wcslen                                  
000157b8  wordWrite                               
00019bd9  write                                   


GLOBAL SYMBOLS: SORTED BY Symbol Address 

address   name                                    
-------   ----                                    
00000000  __TI_static_base__                      
00000000  resetEntry                              
00000020  TI_FeeInternal_GetVirtualSectorParameter
000001b8  TI_FeeInternal_WriteVirtualSectorHeader 
00000664  TI_FeeInternal_WriteDataF021            
00000800  __SYSMEM_SIZE                           
00000af4  TI_FeeInternal_AlignAddressForECC       
00000b2c  TI_FeeInternal_WriteInitialize          
00000e08  TI_FeeInternal_PollFlashStatus          
00000e84  TI_FeeInternal_GetBlockSize             
00000ec4  TI_FeeInternal_FindNextVirtualSector    
00001188  TI_FeeInternal_BlankCheck               
00001a50  TI_FeeInternal_GetVirtualSectorIndex    
00001c2c  TI_FeeInternal_GetBlockNumber           
00001c68  TI_FeeInternal_GetBlockIndex            
00001ce8  TI_FeeInternal_GetDataSetIndex          
00001d24  TI_FeeInternal_GetArrayIndex            
00001e90  TI_FeeInternal_UpdateBlockOffsetArray   
00002a54  TI_FeeInternal_CheckModuleState         
00002ab4  TI_FeeInternal_CheckReadParameters      
00002be4  TI_FeeInternal_GetCurrentBlockAddress   
00002ce8  TI_FeeInternal_GetNextFlashAddress      
00002d38  TI_FeeInternal_SanityCheck              
00002f28  TI_FeeInternal_SetClearCopyBlockState   
00003044  TI_FeeInternal_FeeManager               
000044bc  TI_FeeInternal_WriteBlockHeader         
0000481c  TI_FeeInternal_WritePreviousBlockHeader 
00004b14  TI_FeeInternal_InvalidateErase          
00004dc4  TI_FeeInternal_StartProgramBlock        
00004ec8  TI_Fee_GetStatus                        
00004f34  TI_FeeInternal_CheckForError            
000050b4  TI_FeeInternal_Fletcher16               
000051e0  TI_Fee_ErrorRecovery                    
000054bc  TI_Fee_SuspendResumeErase               
000056cc  TI_FeeInternal_EnableRequiredFlashSector
000057f0  delay                                   
0000581c  RTIInit                                 
0000583c  HardwareInit                            
0000585c  SPIMCPInit                              
00005894  SPIADS1018Init                          
000058c8  SPIPCA2129Init                          
000058fc  SPISST25PF040CInit                      
00005930  SPIdevicesinit                          
00005948  OutputInit                              
00005a60  Left4PowerSwitchStatusGet               
00005aa4  Right4PowerSwitchStatusGet              
00005ae8  Left2PowerSwitchStatusGet               
00005b0c  Right2PowerSwitchStatusGet              
00005b30  Bottom1PowerSwitchStatusGet             
00005b44  AllPowerSwitchSTatusGet                 
00005b5c  MCUADCread                              
00005bc4  InputInit                               
00005c10  AngleToValue                            
00005c40  ValueToAngle                            
00005c78  HedefAci                                
00005cb4  epromWrite                              
00005ddc  eepromRead                              
00005e84  CanYellowHighLow                        
00005ed8  CanRedHighLow                           
00005f38  canMessageCheck                         
00006600  systemActiveCheck                       
00006630  ISSCheck                                
0000667c  getSensorAndCamelNeckValue              
000067a0  fullAutomaticPumpCheck                  
0000685c  setAligmentProcess                      
00006adc  commandButtonscheck                     
00006f44  fullAutomaticAligmentCommandsCheck      
00007978  ControlLeds                             
000088cc  CommandCheck                            
00008960  modeWarning                             
00008be4  semiAutomaticAutoHizalamaProcess        
00008d54  semiAutomaticStandByMode                
00008de0  fullAutomaticStandBymode                
00008f38  fullAutomaticAutoAlignmentProcess       
00009060  delaymode                               
000090cc  main                                    
00009224  rtiNotification                         
00009260  checkPackets                            
000093c4  selftestFailNotification                
000093d4  ccmSelfCheck                            
00009518  memoryInit                              
0000955c  stcSelfCheck                            
000095d8  cpuSelfTest                             
00009670  pbistSelfCheck                          
00009850  pbistRun                                
0000991c  pbistStop                               
0000994c  pbistIsTestCompleted                    
00009978  pbistIsTestPassed                       
000099ac  pbistPortTestStatus                     
00009a04  efcCheck                                
00009a8c  efcStuckZeroTest                        
00009b38  efcSelfTest                             
00009b60  checkefcSelfTest                        
00009c00  fmcBus2Check                            
00009c3c  fmcECCcheck                             
00009cdc  checkB0RAMECC                           
00009ecc  checkB1RAMECC                           
0000a0bc  checkFlashECC                           
0000a198  custom_dabort                           
0000a19c  stcSelfCheckFail                        
0000a1a0  cpuSelfTestFail                         
0000a1a4  vimParityCheck                          
0000a250  dmaParityCheck                          
0000a2fc  het1ParityCheck                         
0000a3a8  htu1ParityCheck                         
0000a464  het2ParityCheck                         
0000a560  htu2ParityCheck                         
0000a610  adc1ParityCheck                         
0000a6fc  adc2ParityCheck                         
0000a7b4  can1ParityCheck                         
0000a88c  can2ParityCheck                         
0000a954  mibspi1ParityCheck                      
0000aa64  mibspi3ParityCheck                      
0000aba4  checkRAMECC                             
0000adf4  checkClockMonitor                       
0000aebc  checkFlashEEPROMECC                     
0000b050  checkPLL1Slip                           
0000b154  checkRAMAddrParity                      
0000b268  checkRAMUERRTest                        
0000b3d8  fmcBus1ParityCheck                      
0000b4f4  pbistFail                               
0000b578  pbistGetConfigValue                     
0000b6c0  stcGetConfigValue                       
0000b760  efcGetConfigValue                       
0000b7f8  ccmr4GetConfigValue                     
0000b878  errata_PBIST_4                          
0000bbe4  enableParity                            
0000bc60  disableParity                           
0000be5c  TI_Fee_Init                             
0000d540  spiInit                                 
0000d8cc  spiSetFunctional                        
0000d8ec  spiReceiveData                          
0000da08  spiGetData                              
0000db00  spiTransmitData                         
0000dc2c  spiSendData                             
0000dd24  spiTransmitAndReceiveData               
0000de60  spiSendAndGetData                       
0000dfa0  SpiTxStatus                             
0000e02c  SpiRxStatus                             
0000e0b8  spiEnableLoopback                       
0000e0ec  spiDisableLoopback                      
0000e108  spiEnableNotification                   
0000e138  spiDisableNotification                  
0000e164  spi1GetConfigValue                      
0000e2f4  spi2GetConfigValue                      
0000e4e0  spi3GetConfigValue                      
0000e740  TI_Fee_MainFunction                     
0000f820  canInit                                 
0000f960  canTransmit                             
0000fa5c  canGetData                              
0000fbb4  canGetID                                
0000fc1c  canUpdateID                             
0000fc94  canSendRemoteFrame                      
0000fd34  canFillMessageObjectData                
0000fe30  canIsTxMessagePending                   
0000fe8c  canIsRxMessageArrived                   
0000fee8  canIsMessageBoxValid                    
0000ff44  canGetLastError                         
0000ff68  canGetErrorLevel                        
0000ff8c  canEnableErrorNotification              
0000ffac  canEnableStatusChangeNotification       
0000ffcc  canDisableStatusChangeNotification      
0000ffec  canDisableErrorNotification             
0001000c  canEnableloopback                       
00010044  canDisableloopback                      
00010074  canIoSetDirection                       
000100c4  canIoSetPort                            
00010114  canIoTxGetBit                           
00010130  canIoRxGetBit                           
0001014c  can1GetConfigValue                      
00010318  adcInit                                 
00010474  adcStartConversion                      
000104f8  adcStopConversion                       
00010520  adcResetFiFo                            
00010548  adcGetData                              
00010710  adcIsFifoFull                           
00010740  adcIsConversionComplete                 
00010770  adcCalibration                          
00010948  adcMidPointCalibration                  
00010ae4  adcEnableNotification                   
00010b34  adcDisableNotification                  
00010b5c  adcSetEVTPin                            
00010b7c  adcGetEVTPin                            
00010b94  adc1GetConfigValue                      
00010e04  setupPLL                                
00010e54  trimLPO                                 
00010ec8  setupFlash                              
00010f08  periphInit                              
00010f5c  mapClocks                               
00011054  systemInit                              
00011120  systemPowerDown                         
00011150  systemGetConfigValue                    
0001152c  tcmflashGetConfigValue                  
000116d8  sramGetConfigValue                      
00011814  customTrimLPO                           
000118d8  vimInit                                 
000119ac  vimChannelMap                           
00011a50  vimEnableInterrupt                      
00011c18  vimDisableInterrupt                     
00011cc4  vimGetConfigValue                       
0001232d  __TI_printfi                            
00012d77  _nop                                    
00012d78  hetInit                                 
00012e38  pwmStart                                
00012e6c  pwmStop                                 
00012ea0  pwmSetDuty                              
00012fdc  pwmSetSignal                            
00013158  pwmGetSignal                            
00013238  pwmEnableNotification                   
00013280  pwmDisableNotification                  
000132b0  edgeResetCounter                        
000132dc  edgeGetCounter                          
00013308  edgeEnableNotification                  
00013344  edgeDisableNotification                 
00013384  capGetSignal                            
0001345c  hetResetTimestamp                       
00013478  hetGetTimestamp                         
00013490  het1GetConfigValue                      
0001366c  muxInit                                 
00013a44  pinmuxGetConfigValue                    
00013e48  _errata_SSWF021_45_both_plls            
0001403c  _errata_SSWF021_45_pll1                 
000141b4  _errata_SSWF021_45_pll2                 
000144ac  rtiInit                                 
000145a0  rtiStartCounter                         
[...]
00015444  esmGetStatusBuffer                      
0001547c  esmEnterSelfTest                        
00015504  esmSelfTestStatus                       
00015554  esmGetConfigValue                       
000156a8  spiWrite                                
00015724  spiWriteRead                            
000157b8  wordWrite                               
00015818  byteWrite                               
00015870  PortMode                                
00015894  MCP_PinMode                             
0001592c  MCP_PinOutput                           
000159f4  MCP_PortpullupMode                      
00015a18  MCP_PortinputInvert                     
00015a3c  MCP_PortRead                            
00015aa0  MCP_pinRead                             
00015b08  MCP_Init                                
00015b68  gioInit                                 
00015c38  gioSetDirection                         
00015c58  gioSetBit                               
00015ca8  gioSetPort                              
00015cc8  gioGetBit                               
00015cf0  gioGetPort                              
00015d08  gioToggleBit                            
00015d60  gioEnableNotification                   
00015dc8  gioDisableNotification                  
00015e30  gioGetConfigValue                       
00015fec  set_bit                                 
00016034  decToBcd                                
00016068  bcdToDec                                
000160ac  SetRegister                             
00016114  GetRegister                             
00016190  Getseconds                              
000161a4  Setseconds                              
000161c8  Getminutes                              
000161dc  Setminutes                              
000161fc  Gethours                                
00016210  Sethours                                
00016230  Getdays                                 
00016244  Setdays                                 
00016264  Getweekdays                             
00016278  Setweekdays                             
00016298  Getmonths                               
000162ac  Setmonths                               
000162cc  Getyears                                
000162e0  Setyears                                
00016300  GetDate                                 
00016360  SetDate                                 
000163dd  sin                                     
000163dd  sinl                                    
000167cc  _coreInitRegisters_                     
000168d8  _coreInitStackPointer_                  
00016924  _getCPSRValue_                          
0001692c  _gotoCPUIdle_                           
00016944  _coreEnableVfp_                         
0001695c  _coreEnableEventBusExport_              
0001696c  _coreDisableEventBusExport_             
0001697c  _coreEnableRamEcc_                      
0001698c  _coreDisableRamEcc_                     
0001699c  _coreEnableFlashEcc_                    
000169b0  _coreDisableFlashEcc_                   
000169c0  _coreEnableIrqVicOffset_                
000169d0  _coreGetDataFault_                      
000169d8  _coreClearDataFault_                    
000169e4  _coreGetInstructionFault_               
000169ec  _coreClearInstructionFault_             
000169f8  _coreGetDataFaultAddress_               
00016a00  _coreClearDataFaultAddress_             
00016a0c  _coreGetInstructionFaultAddress_        
00016a14  _coreClearInstructionFaultAddress_      
00016a20  _coreGetAuxiliaryDataFault_             
00016a28  _coreClearAuxiliaryDataFault_           
00016a34  _coreGetAuxiliaryInstructionFault_      
00016a3c  _coreClearAuxiliaryInstructionFault_    
00016a48  _disable_interrupt_                     
00016a50  _disable_FIQ_interrupt_                 
00016a58  _disable_IRQ_interrupt_                 
00016a60  _enable_interrupt_                      
00016a68  _esmCcmErrorsClear_                     
00016af0  _errata_CORTEXR4_57_                    
00016b00  _errata_CORTEXR4_66_                    
00016b10  __TI_PINIT_Base                         
00016b14  __TI_PINIT_Limit                        
00016b18  vimParityErrorHandler                   
00016de4  setStep                                 
00016e3c  Register2write                          
00016ed4  ADS1018Adcread                          
000170a4  __aeabi_uldivmod                        
0001735c  _c_int00                                
000175c1  Fapi_initializeFlashBanks               
00017c09  Fapi_setActiveFlashBank                 
00017d84  esmGroup1Notification                   
00017d94  esmGroup2Notification                   
00017da4  memoryPort0TestFailNotification         
00017dc0  memoryPort1TestFailNotification         
00017dec  adcNotification                         
00017e00  canErrorNotification                    
00017e14  canStatusChangeNotification             
00017e28  canMessageNotification                  
00017e3c  gioNotification                         
00017e50  spiNotification                         
00017e64  spiEndNotification                      
00017e74  pwmNotification                         
00017e8c  edgeNotification                        
00017ea0  hetNotification                         
00017eb4  dmaGroupANotification                   
00017ec9  fputs                                   
00017fe1  aligned_alloc                           
00017fe1  memalign                                
000180f4  esmHighInterrupt                        
00018409  ldexp                                   
00018409  ldexpl                                  
00018409  scalbn                                  
00018409  scalbnl                                 
000184f8  _dabort                                 
000185e1  free                                    
000186c5  floor                                   
000186c5  floorl                                  
000187a4  _pmuInit_                               
000187f0  _pmuEnableCountersGlobal_               
00018800  _pmuDisableCountersGlobal_              
00018810  _pmuResetCycleCounter_                  
00018820  _pmuResetEventCounters_                 
00018830  _pmuResetCounters_                      
00018840  _pmuStartCounters_                      
00018848  _pmuStopCounters_                       
00018850  _pmuSetCountEvent_                      
0001885c  _pmuGetCycleCount_                      
00018864  _pmuGetEventCount_                      
00018870  _pmuGetOverflow_                        
00018885  setvbuf                                 
00018961  __kernel_cos                            
00018ac3  __aeabi_idiv0                           
00018ac3  __aeabi_ldiv0                           
00018ac5  __kernel_sin                            
00018b6d  __aeabi_memcpy                          
00018b6d  __aeabi_memcpy4                         
00018b6d  __aeabi_memcpy8                         
00018b6d  memcpy                                  
00018c09  Fapi_doBlankCheck                       
00018c9c  rtiCompare0Interrupt                    
00018ce4  rtiCompare1Interrupt                    
00018d31  fputc                                   
00018d31  putc                                    
00018dc1  Fapi_enableEepromBankSectors            
00018ebb  __aeabi_memclr                          
00018ebb  __aeabi_memclr4                         
00018ebb  __aeabi_memclr8                         
00018ebd  __aeabi_memset                          
00018ebd  __aeabi_memset4                         
00018ebd  __aeabi_memset8                         
00018ec3  memset                                  
00018f35  __TI_closefile                          
00018fa9  frexp                                   
00018fa9  frexpl                                  
0001908d  HOSTrename                              
000190f9  __TI_decompress_lzss                    
00019165  HOSTlseek                               
000191cd  printf                                  
00019235  __TI_wrt_ok                             
00019299  fseek                                   
000192fd  _Fapi_loopRegionForValue                
0001935d  HOSTopen                                
000193b9  HOSTread                                
00019415  HOSTwrite                               
0001946d  close                                   
00019519  ltoa                                    
0001956c  __aeabi_idiv                            
0001956c  __aeabi_idivmod                         
000195c1  Fapi_isAddressEcc                       
00019661  atoi                                    
000196b0  __aeabi_uidiv                           
000196b0  __aeabi_uidivmod                        
00019701  __TI_doflush                            
0001974d  HOSTclose                               
00019791  HOSTunlink                              
000197d5  _Fapi_EnableSectors                     
00019819  __TI_auto_init_nobinit_nopinit          
0001985d  exit                                    
000198a1  getdevice                               
00019925  _Fapi_issueFsmCommand                   
00019961  __TI_writemsg                           
00019993  C$$IO$$                                 
0001999d  Fapi_calculateFletcherChecksum          
000199d3  strncpy                                 
00019a09  __TI_cleanup                            
00019a3d  __TI_readmsg                            
00019a71  finddevice                              
00019aa5  Fapi_issueAsyncCommandWithAddress       
00019ad5  Fapi_waitDelay                          
00019b05  _Fapi_readDword                         
00019b31  remove                                  
00019b31  unlink                                  
00019b5d  Fapi_issueAsyncCommand                  
00019bb1  lseek                                   
00019bd9  write                                   
00019c01  Fapi_flushPipeline                      
00019c23  memchr                                  
00019c43  copysign                                
00019c43  copysignl                               
00019c99  memccpy                                 
00019cb5  strcmp                                  
00019ccd  strchr                                  
00019ce3  strlen                                  
00019cf9  strcpy                                  
00019d0d  wcslen                                  
00019d21  Fapi_getNumberOfBankSectors             
00019d31  _scaleEEFclk                            
00019d41  _scaleMainFclk                          
00019d51  __TI_decompress_none                    
00019d5f  _Fapi_checkWdService                    
00019d6b  __TI_zero_init                          
00019d78  Fapi_serviceWatchdogTimer               
00019d81  __aeabi_errno_addr                      
00019d89  malloc                                  
00019d99  C$$EXIT                                 
00019d99  abort                                   
00019d9c  phantomInterrupt                        
00019da0  handlePLLLockFail                       
00019dac  TI_Fee_WriteAsync                       
0001aa64  TI_Fee_Read                             
0001b20c  TI_Fee_Format                           
0001bdb8  _ctypes_                                
0001bf2c  Device_FlashDevice                      
0001c0d0  Fee_VirtualSectorConfiguration          
0001c0dc  Fee_BlockConfiguration                  
0001c184  __TI_Handler_Table_Base                 
0001c190  __TI_Handler_Table_Limit                
0001c1a8  __TI_CINIT_Base                         
0001c1c0  __TI_CINIT_Limit                        
08001500  _sys_memory                             
08001d00  __CIOBUF_                               
08001e20  RX_DATA                                 
08001ee8  __TI_tmpnams                            
08001f88  adc_data                                
08002090  SpecialRamBlock                         
080020a0  eeprom_write_data                       
080020b0  ADS1018Data                             
080020b8  AutomaticAligmentDone                   
080020c0  BackSensorInoperative                   
080020c8  CalibrationCancel                       
080020d0  CalibrationFailure                      
080020d8  CalibrationFinalSettings                
080020e0  CalibrationFirstTemprorySettings        
080020e8  CalibrationSecondTemprorySettings       
080020f0  Calibrationbegin                        
080020f8  EmergencyStopActive                     
08002100  FifthWheelAnglePositioneLeft            
08002108  FifthWheelAnglePositioneRight           
08002110  FrontSensorInoperative                  
08002118  Fullautomaticled                        
08002120  ISSSingalActive                         
08002128  ModeSelectDelay                         
08002130  Semiautomaticled                        
08002138  VehicleInRoute                          
08002140  can_tx_data                             
08002148  parmbuf                                 
08002150  BlockOffset                             
08002154  CamelneckHomeTemporary                  
08002158  CamelneckLeftAngleTemporary             
0800215c  CamelneckNumberTemporary                
08002160  CamelneckRightAngleTemporary            
08002164  FifthWheelHomeTemporary                 
08002168  FifthWheelLeftAngleTemporary            
0800216c  FifthWheelNumberTemporary               
08002170  FifthWheelRightAngleTemporary           
08002174  Length                                  
08002178  beginTime                               
0800217c  dataconfig1_t                           
08002180  dataconfig2_t                           
08002184  dataconfig3_t                           
08002188  dataconfig4_t                           
0800218c  mode                                    
08002190  timeOut                                 
08002194  Amount                                  
08002196  AttractiveLeftSensorAndCamelNeck        
08002198  Average                                 
0800219a  Status                                  
0800219c  VN5T006ASPTRE_BOTTOM_CS1_VAL            
0800219e  VNQ5050KTRE_LEFT_1CS1_VAL               
080021a0  VNQ5050KTRE_LEFT_1CS2_VAL               
080021a2  VNQ5050KTRE_LEFT_1STAT1_VAL             
080021a4  VNQ5050KTRE_LEFT_1STAT2_VAL             
080021a6  VNQ5050KTRE_LEFT_1STAT3_VAL             
080021a8  VNQ5050KTRE_LEFT_1STAT4_VAL             
080021aa  VNQ5050KTRE_RIGHT_2CS1_VAL              
080021ac  VNQ5050KTRE_RIGHT_2CS2_VAL              
080021ae  VNQ5050KTRE_RIGHT_2STAT1_VAL            
080021b0  VNQ5050KTRE_RIGHT_2STAT2_VAL            
080021b2  VNQ5050KTRE_RIGHT_2STAT3_VAL            
080021b4  VNQ5050KTRE_RIGHT_2STAT4_VAL            
080021b6  adc_samplecounter                       
080021b8  canSensorData                           
080021ba  global_counter                          
080021bc  aligment_buf                            
080021bd  sensorLeft                              
080021be  sensorRight                             
080021c0  _ftable                                 
080022b0  _device                                 
08002328  read_data                               
0800238c  errno                                   
08002390  PumpSlaveBtn                            
08002391  semi_Automatic_AutoAlignment            
08002392  ISSActiveState                          
08002393  AutoAligmentState                       
08002394  AlignmentRightState                     
08002395  AlignmentLeftState                      
08002396  AlignmentAutoState                      
08002397  AutoHizalama                            
08002398  AcilStopON                              
08002399  SysActive                               
0800239a  AlignmentRight                          
0800239b  AlignmentLeft                           
0800239c  AlignmentAuto                           
0800239d  fullPumpState                           
0800239e  setcounter                              
080023a0  SetMode                                 
080023a1  StopMode                                
080023a2  ISS                                     
080023a3  emergency_stop                          
080023a4  auto_aligment                           
080023a5  left_aligment                           
080023a6  right_aligment                          
080023a7  set_aligment                            
080023a8  StopModeState                           
080023a9  full_Automatic_AutoAlignment            
080023aa  full_Automatic_Set_Aligment             
080023ab  CalibrationDone                         
080023ac  SystemActiveCaliber                     
080023ad  tick                                    
080023ae  tick2                                   
080023af  Fullautomaticmode                       
080023b0  Semiautomaticmode                       
080023b4  FifthWheelNumberValue                   
080023b8  CamelneckNumberValue                    
080023bc  aligment_set_level                      
080023bd  PumpState                               
080023c0  ch_count                                
080023c8  id                                      
080023d0  value                                   
080023d8  error                                   
080023dc  adress_value                            
080023de  oResult                                 
080023e0  AciSonuc                                
080023e4  DegerSonuc                              
080023e8  AngleValue                              
080023ec  _stream                                 
0800243c  eeprom_read_data                        
0800245c  _modeCache                              
08002460  _outputCache                            
08002464  _pullupCache                            
08002468  _invertCache                            
0800246c  CS_PIN                                  
0800246d  SPI_PORT_NUMBER                         
08002470  __TI_ft_end                             
08002474  __aeabi_stdin                           
08002478  __aeabi_stdout                          
0800247c  __aeabi_stderr                          
08002480  __TI_cleanup_ptr                        
08002484  __TI_dtors_ptr                          
08002488  __TI_enable_exit_profile_output         
0800248c  step                                    
08002490  functiontodo                            
08002494  subStep                                 
08002495  failStep                                
08002496  currentStep                             
08002497  successStep                             
08002498  _lock                                   
0800249c  _unlock                                 
080024b0  can_rx_data                             
080024b8  rcvId                                   
080024c0  TI_Fee_GlobalVariables                  
08002588  TI_Fee_u8DataSets                       
0800258c  TI_Fee_u32FletcherChecksum              
08002590  TI_Fee_u32BlockEraseCount               
08002594  TI_Fee_u8DeviceIndex                    
08002598  TI_Fee_u32ActCpyVS                      
0800259c  TI_Fee_u8ErrEraseVS                     
0800259d  TI_Fee_bEraseSuspended                  
0800259e  TI_Fee_bIsMainFunctionCalled            
080025a0  TI_Fee_oStatusWord                      
080025a4  TI_FlashStatusWord                      
080025b4  TI_Fee_FapiInitCalled                   
ffffffff  __TI_pprof_out_hndl                     
ffffffff  __TI_prof_data_size                     
ffffffff  __TI_prof_data_start                    
ffffffff  __binit__                               
ffffffff  __c_args__                              
ffffffff  binit                                   
UNDEFED   SHT$$INIT_ARRAY$$Base                   
UNDEFED   SHT$$INIT_ARRAY$$Limit                  
UNDEFED   _system_post_cinit                      

[649 symbols]
