******************************************************************************
                  TI ARM Linker PC v18.12.4                    
******************************************************************************
>> Linked Fri Apr  9 16:42:51 2021

OUTPUT FILE NAME:   <Lowbadtest.out>
ENTRY POINT SYMBOL: "_c_int00"  address: 0000ca44


MEMORY CONFIGURATION

         name            origin    length      used     unused   attr    fill
----------------------  --------  ---------  --------  --------  ----  --------
  VECTORS               00000000   00000020  00000020  00000000     X
  FLASH0                00000020   000bffe0  0000f264  000b0d7c  R  X
  STACKS                08000000   00001500  00000000  00001500  RW  
  RAM                   08001500   0001eb00  00000eba  0001dc46  RW  


SEGMENT ALLOCATION MAP

run origin  load origin   length   init length attrs members
----------  ----------- ---------- ----------- ----- -------
00000000    00000000    0000f288   0000f288    r-x
  00000000    00000000    00000020   00000020    r-x .intvecs
  00000020    00000020    0000eaa0   0000eaa0    r-x .text
  0000eac0    0000eac0    00000714   00000714    r-- .const
  0000f1d8    0000f1d8    000000b0   000000b0    r-- .cinit
08001500    08001500    00000ebc   00000000    rw-
  08001500    08001500    00000800   00000000    rw- .sysmem
  08001d00    08001d00    00000446   00000000    rw- .bss
  08002148    08002148    00000274   00000000    rw- .data


SECTION ALLOCATION MAP

 output                                  attributes/
section   page    origin      length       input sections
--------  ----  ----------  ----------   ----------------
.intvecs   0    00000000    00000020     
                  00000000    00000020     sys_intvecs.obj (.intvecs)

.text      0    00000020    0000eaa0     
                  00000020    00002a14     sys_selftest.obj (.text)
                  00002a34    00001f88     sys_main.obj (.text)
                  000049bc    00001200     spi.obj (.text)
                  00005bbc    00000af8     can.obj (.text)
                  000066b4    00000aec     adc.obj (.text)
                  000071a0    00000ad4     system.obj (.text)
                  00007c74    00000a54     sys_vim.obj (.text)
                  000086c8    00000a4a     rtsv7R4_T_be_v3D16_eabi.lib : _printfi.c.obj (.text:__TI_printfi)
                  00009112    00000002                                 : _lock.c.obj (.text:_nop)
                  00009114    000008f4     het.obj (.text)
                  00009a08    000007dc     pinmux.obj (.text)
                  0000a1e4    00000664     errata_SSWF021_45.obj (.text)
                  0000a848    0000063c     rti.obj (.text)
                  0000ae84    000005bc     esm.obj (.text)
                  0000b440    000004c0     MCP23S17.obj (.text)
                  0000b900    00000484     gio.obj (.text)
                  0000bd84    000003f0     PCA2129.obj (.text)
                  0000c174    0000034c     sys_core.obj (.text)
                  0000c4c0    000002cc     sys_vim.obj (.text:retain)
                  0000c78c    000002b8     rtsv7R4_T_be_v3D16_eabi.lib : ull_div32.asm.obj (.text)
                  0000ca44    00000264     sys_startup.obj (.text:retain)
                  0000cca8    00000248     rtsv7R4_T_be_v3D16_eabi.lib : _printfi.c.obj (.text:_pconv_a)
                  0000cef0    000001a0                                 : _printfi.c.obj (.text:_pconv_g)
                  0000d090    00000144     notification.obj (.text)
                  0000d1d4    00000118     rtsv7R4_T_be_v3D16_eabi.lib : fputs.c.obj (.text:fputs)
                  0000d2ec    00000114                                 : memory.c.obj (.text:aligned_alloc)
                  0000d400    00000114     esm.obj (.text:retain)
                  0000d514    00000104     rtsv7R4_T_be_v3D16_eabi.lib : _printfi.c.obj (.text:_pconv_e)
                  0000d618    000000fc                                 : _printfi.c.obj (.text:fcvt)
                  0000d714    000000f0                                 : s_scalbn.c.obj (.text:scalbn)
                  0000d804    000000e8     dabort.obj (.text)
                  0000d8ec    000000e4     rtsv7R4_T_be_v3D16_eabi.lib : memory.c.obj (.text:free)
                  0000d9d0    000000e0     sys_pmu.obj (.text)
                  0000dab0    000000dc     rtsv7R4_T_be_v3D16_eabi.lib : setvbuf.c.obj (.text:setvbuf)
                  0000db8c    000000ad                                 : _printfi.c.obj (.text:_ltostr)
                  0000dc39    00000001     --HOLE-- [fill = 0]
                  0000dc3a    0000009c                                 : memcpy_t2.asm.obj (.text)
                  0000dcd6    00000002                                 : div0.asm.obj (.text)
                  0000dcd8    00000094     rti.obj (.text:retain)
                  0000dd6c    00000090     rtsv7R4_T_be_v3D16_eabi.lib : fputc.c.obj (.text:fputc)
                  0000ddfc    0000007a                                 : _printfi.c.obj (.text:_mcpy)
                  0000de76    0000007a                                 : memset_t2.asm.obj (.text)
                  0000def0    00000074                                 : fclose.c.obj (.text:__TI_closefile)
                  0000df64    00000074                                 : s_frexp.c.obj (.text:frexp)
                  0000dfd8    00000070                                 : memory.c.obj (.text:split)
                  0000e048    0000006c                                 : hostrename.c.obj (.text:HOSTrename)
                  0000e0b4    0000006c                                 : copy_decompress_lzss.c.obj (.text:decompress:lzss:__TI_decompress_lzss)
                  0000e120    00000068                                 : hostlseek.c.obj (.text:HOSTlseek)
                  0000e188    00000068                                 : printf.c.obj (.text:printf)
                  0000e1f0    00000064                                 : _io_perm.c.obj (.text:__TI_wrt_ok)
                  0000e254    00000064                                 : fseek.c.obj (.text:fseek)
                  0000e2b8    0000005c                                 : hostopen.c.obj (.text:HOSTopen)
                  0000e314    0000005c                                 : hostread.c.obj (.text:HOSTread)
                  0000e370    00000058                                 : hostwrite.c.obj (.text:HOSTwrite)
                  0000e3c8    00000058                                 : close.c.obj (.text:close)
                  0000e420    00000054                                 : _printfi.c.obj (.text:_ecpy)
                  0000e474    00000054                                 : ltoa.c.obj (.text:ltoa)
                  0000e4c8    00000054                                 : i_div32.asm.obj (.text)
                  0000e51c    00000050                                 : _printfi.c.obj (.text:_pconv_f)
                  0000e56c    00000050                                 : atoi.c.obj (.text:atoi)
                  0000e5bc    00000050                                 : u_div32.asm.obj (.text)
                  0000e60c    0000004c                                 : fflush.c.obj (.text:__TI_doflush)
                  0000e658    00000044                                 : hostclose.c.obj (.text:HOSTclose)
                  0000e69c    00000044                                 : hostunlink.c.obj (.text:HOSTunlink)
                  0000e6e0    00000044                                 : autoinit.c.obj (.text:__TI_auto_init_nobinit_nopinit:__TI_auto_init_nobinit_nopinit)
                  0000e724    00000044                                 : exit.c.obj (.text:exit)
                  0000e768    00000044                                 : getdevice.c.obj (.text:getdevice)
                  0000e7ac    00000040                                 : _printfi.c.obj (.text:_fcpy)
                  0000e7ec    0000003c                                 : trgmsg.c.obj (.text:__TI_writemsg)
                  0000e828    00000036                                 : strncpy.c.obj (.text:strncpy)
                  0000e85e    00000002     --HOLE-- [fill = 0]
                  0000e860    00000034                                 : fopen.c.obj (.text:__TI_cleanup)
                  0000e894    00000034                                 : trgmsg.c.obj (.text:__TI_readmsg)
                  0000e8c8    00000034                                 : getdevice.c.obj (.text:finddevice)
                  0000e8fc    0000002c                                 : unlink.c.obj (.text:unlink)
                  0000e928    00000028                                 : memory.c.obj (.text:free_list_insert)
                  0000e950    00000028                                 : lseek.c.obj (.text:lseek)
                  0000e978    00000028                                 : write.c.obj (.text:write)
                  0000e9a0    00000020                                 : memchr.c.obj (.text:memchr)
                  0000e9c0    0000001e                                 : s_copysign.c.obj (.text:copysign)
                  0000e9de    00000002     --HOLE-- [fill = 0]
                  0000e9e0    0000001c                                 : memory.c.obj (.text:free_list_remove)
                  0000e9fc    0000001c                                 : memccpy.c.obj (.text:memccpy)
                  0000ea18    00000018                                 : strcmp.c.obj (.text:strcmp)
                  0000ea30    00000016                                 : strchr.c.obj (.text:strchr)
                  0000ea46    00000016                                 : strlen.c.obj (.text:strlen)
                  0000ea5c    00000014                                 : strcpy.c.obj (.text:strcpy)
                  0000ea70    00000012                                 : wcslen.c.obj (.text:wcslen)
                  0000ea82    0000000e                                 : copy_decompress_none.c.obj (.text:decompress:none:__TI_decompress_none)
                  0000ea90    0000000c                                 : copy_zero_init.c.obj (.text:decompress:ZI:__TI_zero_init)
                  0000ea9c    00000008                                 : errno.c.obj (.text:__aeabi_errno_addr)
                  0000eaa4    00000008                                 : memory.c.obj (.text:malloc)
                  0000eaac    00000004                                 : printf.c.obj (.text:_outc)
                  0000eab0    00000004                                 : printf.c.obj (.text:_outs)
                  0000eab4    00000004                                 : exit.c.obj (.text:abort:abort)
                  0000eab8    00000004     sys_phantom.obj (.text:retain)
                  0000eabc    00000004     sys_startup.obj (.text)

.const     0    0000eac0    00000714     
                  0000eac0    000003a0     het.obj (.const:het1PROGRAM)
                  0000ee60    00000200     sys_vim.obj (.const:s_vim_init)
                  0000f060    00000101     rtsv7R4_T_be_v3D16_eabi.lib : ctype.c.obj (.const:.string:_ctypes_)
                  0000f161    00000003     --HOLE-- [fill = 0]
                  0000f164    00000020     can.obj (.const:s_canByteOrder)
                  0000f184    00000020     het.obj (.const:s_het1pwmPolarity)
                  0000f1a4    00000018     adc.obj (.const:s_adcFiFoSize)
                  0000f1bc    00000018     adc.obj (.const:s_adcSelect)

.cinit     0    0000f1d8    000000b0     
                  0000f1d8    00000087     (.cinit..data.load) [load image, compression = lzss]
                  0000f25f    00000001     --HOLE-- [fill = 0]
                  0000f260    0000000c     (__TI_handler_table)
                  0000f26c    00000004     --HOLE-- [fill = 0]
                  0000f270    00000008     (.cinit..bss.load) [load image, compression = zero_init]
                  0000f278    00000010     (__TI_cinit_table)

.sysmem    0    08001500    00000800     UNINITIALIZED
                  08001500    00000010     rtsv7R4_T_be_v3D16_eabi.lib : memory.c.obj (.sysmem)
                  08001510    000007f0     --HOLE--

.bss       0    08001d00    00000446     UNINITIALIZED
                  08001d00    00000120     rtsv7R4_T_be_v3D16_eabi.lib : trgmsg.c.obj (.bss:_CIOBUF_)
                  08001e20    000000c8     (.common:RX_DATA)
                  08001ee8    000000a0     (.common:__TI_tmpnams)
                  08001f88    00000080     (.common:adc_data)
                  08002008    00000078     spi.obj (.bss:g_spiPacket_t)
                  08002080    00000020     (.common:myinput)
                  080020a0    00000010     PCA2129.obj (.bss:Date$1)
                  080020b0    00000008     (.common:ADS1018Data)
                  080020b8    00000008     (.common:can_tx_data)
                  080020c0    00000008     (.common:parmbuf)
                  080020c8    00000004     (.common:AutoHizalamaBitti)
                  080020cc    00000004     (.common:CaliberAcilStopLed)
                  080020d0    00000004     (.common:CaliberBirinciKayitLed)
                  080020d4    00000004     (.common:CaliberBozuk)
                  080020d8    00000004     (.common:CaliberKesinKayitLed)
                  080020dc    00000004     (.common:CaliberStartLed)
                  080020e0    00000004     (.common:CaliberStopLed)
                  080020e4    00000004     (.common:CaliberikinciKayitLed)
                  080020e8    00000004     (.common:CamelneckHomeTemporary)
                  080020ec    00000004     (.common:FifthWheelHomeTemporary)
                  080020f0    00000004     (.common:Fullautomaticled)
                  080020f4    00000004     (.common:Semiautomaticled)
                  080020f8    00000004     (.common:TekerlekDuzLed)
                  080020fc    00000004     (.common:TekerlekSagLed)
                  08002100    00000004     (.common:TekerlekSolLed)
                  08002104    00000004     (.common:beginTime)
                  08002108    00000004     (.common:dataconfig1_t)
                  0800210c    00000004     (.common:dataconfig2_t)
                  08002110    00000004     (.common:dataconfig3_t)
                  08002114    00000004     (.common:dataconfig4_t)
                  08002118    00000004     (.common:timeOut)
                  0800211c    00000003     (.common:KalibrasyonKesinKayit)
                  0800211f    00000003     (.common:KalibrasyonStart)
                  08002122    00000003     (.common:KalibrasyonStop)
                  08002125    00000001     (.common:aligment_buf)
                  08002126    00000002     (.common:AttractiveLeftSensorAndCamelNeck)
                  08002128    00000002     (.common:VN5T006ASPTRE_BOTTOM_CS1_VAL)
                  0800212a    00000002     (.common:VNQ5050KTRE_LEFT_1CS1_VAL)
                  0800212c    00000002     (.common:VNQ5050KTRE_LEFT_1CS2_VAL)
                  0800212e    00000002     (.common:VNQ5050KTRE_LEFT_1STAT1_VAL)
                  08002130    00000002     (.common:VNQ5050KTRE_LEFT_1STAT2_VAL)
                  08002132    00000002     (.common:VNQ5050KTRE_LEFT_1STAT3_VAL)
                  08002134    00000002     (.common:VNQ5050KTRE_LEFT_1STAT4_VAL)
                  08002136    00000002     (.common:VNQ5050KTRE_RIGHT_2CS1_VAL)
                  08002138    00000002     (.common:VNQ5050KTRE_RIGHT_2CS2_VAL)
                  0800213a    00000002     (.common:VNQ5050KTRE_RIGHT_2STAT1_VAL)
                  0800213c    00000002     (.common:VNQ5050KTRE_RIGHT_2STAT2_VAL)
                  0800213e    00000002     (.common:VNQ5050KTRE_RIGHT_2STAT3_VAL)
                  08002140    00000002     (.common:VNQ5050KTRE_RIGHT_2STAT4_VAL)
                  08002142    00000002     (.common:sensorData)
                  08002144    00000001     (.common:sensorLeft)
                  08002145    00000001     (.common:sensorRight)

.data      0    08002148    00000274     UNINITIALIZED
                  08002148    000000f0     rtsv7R4_T_be_v3D16_eabi.lib : defs.c.obj (.data:_ftable)
                  08002238    00000078                                 : host_device.c.obj (.data:_device)
                  080022b0    00000067     sys_main.obj (.data)
                  08002317    00000001     --HOLE--
                  08002318    00000050     rtsv7R4_T_be_v3D16_eabi.lib : host_device.c.obj (.data:_stream)
                  08002368    00000012     MCP23S17.obj (.data)
                  0800237a    00000002     --HOLE--
                  0800237c    00000010     rtsv7R4_T_be_v3D16_eabi.lib : defs.c.obj (.data)
                  0800238c    0000000c                                 : exit.c.obj (.data:$O1$$)
                  08002398    00000008                                 : _lock.c.obj (.data:$O1$$)
                  080023a0    00000008                                 : memory.c.obj (.data:$O1$$)
                  080023a8    00000008     sys_main.obj (.data:can_rx_data)
                  080023b0    00000008     sys_main.obj (.data:rcvId)
                  080023b8    00000004     rtsv7R4_T_be_v3D16_eabi.lib : errno.c.obj (.data)

MODULE SUMMARY

       Module                       code    ro data   rw data
       ------                       ----    -------   -------
    .\source\
       sys_selftest.obj             10772   0         0      
       sys_main.obj                 8072    0         409    
       spi.obj                      4608    0         120    
       sys_vim.obj                  3360    512       0      
       het.obj                      2292    960       0      
       adc.obj                      2796    48        0      
       can.obj                      2808    32        0      
       system.obj                   2772    0         0      
       pinmux.obj                   2012    0         0      
       esm.obj                      1744    0         0      
       rti.obj                      1744    0         0      
       errata_SSWF021_45.obj        1636    0         0      
       MCP23S17.obj                 1216    0         22     
       PCA2129.obj                  1008    0         220    
       gio.obj                      1156    0         0      
       sys_core.obj                 844     0         0      
       sys_startup.obj              616     0         0      
       notification.obj             324     0         0      
       dabort.obj                   232     0         0      
       sys_pmu.obj                  224     0         0      
       sys_intvecs.obj              32      0         0      
       SST25PF040C.obj              0       0         4      
       sys_phantom.obj              4       0         0      
    +--+----------------------------+-------+---------+---------+
       Total:                       50272   1552      775    
                                                             
    C:/ti/ccs930/ccs/tools/compiler/ti-cgt-arm_18.12.4.LTS/lib/rtsv7R4_T_be_v3D16_eabi.lib
       _printfi.c.obj               4669    0         0      
       memory.c.obj                 692     0         8      
       ull_div32.asm.obj            696     0         0      
       defs.c.obj                   0       0         416    
       trgmsg.c.obj                 112     0         288    
       fputs.c.obj                  280     0         0      
       ctype.c.obj                  0       257       0      
       s_scalbn.c.obj               240     0         0      
       setvbuf.c.obj                220     0         0      
       host_device.c.obj            0       0         200    
       memcpy_t2.asm.obj            156     0         0      
       fputc.c.obj                  144     0         0      
       memset_t2.asm.obj            122     0         0      
       getdevice.c.obj              120     0         0      
       fclose.c.obj                 116     0         0      
       s_frexp.c.obj                116     0         0      
       printf.c.obj                 112     0         0      
       copy_decompress_lzss.c.obj   108     0         0      
       hostrename.c.obj             108     0         0      
       hostlseek.c.obj              104     0         0      
       _io_perm.c.obj               100     0         0      
       fseek.c.obj                  100     0         0      
       hostopen.c.obj               92      0         8      
       hostread.c.obj               92      0         0      
       close.c.obj                  88      0         0      
       hostwrite.c.obj              88      0         0      
       exit.c.obj                   72      0         12     
       i_div32.asm.obj              84      0         0      
       ltoa.c.obj                   84      0         0      
       atoi.c.obj                   80      0         0      
       u_div32.asm.obj              80      0         0      
       fflush.c.obj                 76      0         0      
       autoinit.c.obj               68      0         0      
       hostclose.c.obj              68      0         0      
       hostunlink.c.obj             68      0         0      
       strncpy.c.obj                54      0         0      
       fopen.c.obj                  52      0         0      
       unlink.c.obj                 44      0         0      
       lseek.c.obj                  40      0         0      
       write.c.obj                  40      0         0      
       memchr.c.obj                 32      0         0      
       s_copysign.c.obj             30      0         0      
       memccpy.c.obj                28      0         0      
       strcmp.c.obj                 24      0         0      
       strchr.c.obj                 22      0         0      
       strlen.c.obj                 22      0         0      
       strcpy.c.obj                 20      0         0      
       wcslen.c.obj                 18      0         0      
       copy_decompress_none.c.obj   14      0         0      
       copy_zero_init.c.obj         12      0         0      
       errno.c.obj                  8       0         4      
       _lock.c.obj                  2       0         8      
       div0.asm.obj                 2       0         0      
    +--+----------------------------+-------+---------+---------+
       Total:                       9819    257       944    
                                                             
       Heap:                        0       0         2048   
       Linker Generated:            0       171       0      
    +--+----------------------------+-------+---------+---------+
       Grand Total:                 60091   1980      3767   


LINKER GENERATED COPY TABLES

__TI_cinit_table @ 0000f278 records: 2, size/record: 8, table size: 16
	.data: load addr=0000f1d8, load size=00000087 bytes, run addr=08002148, run size=00000274 bytes, compression=lzss
	.bss: load addr=0000f270, load size=00000008 bytes, run addr=08001d00, run size=00000446 bytes, compression=zero_init


LINKER GENERATED HANDLER TABLE

__TI_handler_table @ 0000f260 records: 3, size/record: 4, table size: 12
	index: 0, handler: __TI_zero_init
	index: 1, handler: __TI_decompress_lzss
	index: 2, handler: __TI_decompress_none


GLOBAL SYMBOLS: SORTED ALPHABETICALLY BY Name 

address   name                                
-------   ----                                
00002bb8  ADS1018Adcread                      
080020b0  ADS1018Data                         
080022ec  AciSonuc                            
080022c2  AcilStopON                          
080022ca  AlignmentAuto                       
080022cd  AlignmentAutoState                  
080022c9  AlignmentLeft                       
080022cc  AlignmentLeftState                  
080022c8  AlignmentRight                      
080022cb  AlignmentRightState                 
00003010  AllPowerSwitchSTatusGet             
08002126  AttractiveLeftSensorAndCamelNeck    
080022f7  AutoControl                         
080022c7  AutoHizalama                        
080020c8  AutoHizalamaBitti                   
080022c6  AutoHizalamaState                   
080022f0  BigAngle                            
00002ffc  Bottom1PowerSwitchStatusGet         
0000eab5  C$$EXIT                             
0000e81f  C$$IO$$                             
08002378  CS_PIN                              
080020cc  CaliberAcilStopLed                  
080020d0  CaliberBirinciKayitLed              
080020d4  CaliberBozuk                        
080020d8  CaliberKesinKayitLed                
080022f6  CaliberMod                          
080020dc  CaliberStartLed                     
080020e0  CaliberStopLed                      
080020e4  CaliberikinciKayitLed               
080022d9  Caliberundefined                    
080020e8  CamelneckHomeTemporary              
080022e0  CamelneckNumberValue                
0000307c  CanRedHighLow                       
00003028  CanYellowHighLow                    
080020ec  FifthWheelHomeTemporary             
080022dc  FifthWheelNumberValue               
080020f0  Fullautomaticled                    
080022e8  Fullautomaticmode                   
0000c098  GetDate                             
0000beac  GetRegister                         
0000bfc8  Getdays                             
0000bf94  Gethours                            
0000bf60  Getminutes                          
0000c030  Getmonths                           
0000bf28  Getseconds                          
0000bffc  Getweekdays                         
0000c064  Getyears                            
0000e659  HOSTclose                           
0000e121  HOSTlseek                           
0000e2b9  HOSTopen                            
0000e315  HOSTread                            
0000e049  HOSTrename                          
0000e69d  HOSTunlink                          
0000e371  HOSTwrite                           
00002d70  HardwareInit                        
080022d1  ISS                                 
080022c5  ISSActiveState                      
080022c3  ISSAktive                           
000032c0  ISSCheck                            
00003138  InputInit                           
0000abb4  IsdwdKeySequenceCorrect             
0800211c  KalibrasyonKesinKayit               
0800211f  KalibrasyonStart                    
08002122  KalibrasyonStop                     
00002fb4  Left2PowerSwitchStatusGet           
00002f2c  Left4PowerSwitchStatusGet           
080022f2  LevelState                          
0000b8a0  MCP_Init                            
0000b62c  MCP_PinMode                         
0000b6c4  MCP_PinOutput                       
0000b7d4  MCP_PortRead                        
0000b7b0  MCP_PortinputInvert                 
0000b78c  MCP_PortpullupMode                  
0000b838  MCP_pinRead                         
000030d0  MCUADCread                          
00002e14  OutputInit                          
0000b608  PortMode                            
080022c0  PumpSlaveBtn                        
080022f5  PumpState                           
00002d50  RTIInit                             
08001e20  RX_DATA                             
00002b20  Register2write                      
00002fd8  Right2PowerSwitchStatusGet          
00002f70  Right4PowerSwitchStatusGet          
UNDEFED   SHT$$INIT_ARRAY$$Base               
UNDEFED   SHT$$INIT_ARRAY$$Limit              
00002dc8  SPIADS1018Init                      
00002d90  SPIMCPInit                          
00002a60  SPIPCA2129Init                      
00002a94  SPISST25PF040CInit                  
08002379  SPI_PORT_NUMBER                     
00002dfc  SPIdevicesinit                      
080020f4  Semiautomaticled                    
080022e9  Semiautomaticmode                   
0000c0f8  SetDate                             
080022ce  SetMode                             
080022d6  SetModeState                        
0000be44  SetRegister                         
0000bfdc  Setdays                             
0000bfa8  Sethours                            
0000bf74  Setminutes                          
0000c044  Setmonths                           
0000bf3c  Setseconds                          
0000c010  Setweekdays                         
0000c078  Setyears                            
080022f1  SmallAngle                          
000054a8  SpiRxStatus                         
0000541c  SpiTxStatus                         
080022cf  StopMode                            
080022d7  StopModeState                       
080022d8  StopModeStateTwo                    
080022c4  SysActive                           
080022da  SystemActiveCaliber                 
080020f8  TekerlekDuzLed                      
080020fc  TekerlekSagLed                      
08002100  TekerlekSolLed                      
08002128  VN5T006ASPTRE_BOTTOM_CS1_VAL        
0800212a  VNQ5050KTRE_LEFT_1CS1_VAL           
0800212c  VNQ5050KTRE_LEFT_1CS2_VAL           
0800212e  VNQ5050KTRE_LEFT_1STAT1_VAL         
08002130  VNQ5050KTRE_LEFT_1STAT2_VAL         
08002132  VNQ5050KTRE_LEFT_1STAT3_VAL         
08002134  VNQ5050KTRE_LEFT_1STAT4_VAL         
08002136  VNQ5050KTRE_RIGHT_2CS1_VAL          
08002138  VNQ5050KTRE_RIGHT_2CS2_VAL          
0800213a  VNQ5050KTRE_RIGHT_2STAT1_VAL        
0800213c  VNQ5050KTRE_RIGHT_2STAT2_VAL        
0800213e  VNQ5050KTRE_RIGHT_2STAT3_VAL        
08002140  VNQ5050KTRE_RIGHT_2STAT4_VAL        
08001d00  __CIOBUF_                           
00000800  __SYSMEM_SIZE                       
0000f278  __TI_CINIT_Base                     
0000f288  __TI_CINIT_Limit                    
0000f260  __TI_Handler_Table_Base             
0000f26c  __TI_Handler_Table_Limit            
0000c4b8  __TI_PINIT_Base                     
0000c4bc  __TI_PINIT_Limit                    
0000e6e1  __TI_auto_init_nobinit_nopinit      
0000e861  __TI_cleanup                        
0800238c  __TI_cleanup_ptr                    
0000def1  __TI_closefile                      
0000e0b5  __TI_decompress_lzss                
0000ea83  __TI_decompress_none                
0000e60d  __TI_doflush                        
08002390  __TI_dtors_ptr                      
08002394  __TI_enable_exit_profile_output     
0800237c  __TI_ft_end                         
ffffffff  __TI_pprof_out_hndl                 
000086c9  __TI_printfi                        
ffffffff  __TI_prof_data_size                 
ffffffff  __TI_prof_data_start                
0000e895  __TI_readmsg                        
00000000  __TI_static_base__                  
08001ee8  __TI_tmpnams                        
0000e7ed  __TI_writemsg                       
0000e1f1  __TI_wrt_ok                         
0000ea91  __TI_zero_init                      
0000ea9d  __aeabi_errno_addr                  
0000e4c8  __aeabi_idiv                        
0000dcd7  __aeabi_idiv0                       
0000e4c8  __aeabi_idivmod                     
0000dcd7  __aeabi_ldiv0                       
0000de77  __aeabi_memclr                      
0000de77  __aeabi_memclr4                     
0000de77  __aeabi_memclr8                     
0000dc3b  __aeabi_memcpy                      
0000dc3b  __aeabi_memcpy4                     
0000dc3b  __aeabi_memcpy8                     
0000de79  __aeabi_memset                      
0000de79  __aeabi_memset4                     
0000de79  __aeabi_memset8                     
08002388  __aeabi_stderr                      
08002380  __aeabi_stdin                       
08002384  __aeabi_stdout                      
0000e5bc  __aeabi_uidiv                       
0000e5bc  __aeabi_uidivmod                    
0000c78c  __aeabi_uldivmod                    
ffffffff  __binit__                           
ffffffff  __c_args__                          
0000ca44  _c_int00                            
0000c3d0  _coreClearAuxiliaryDataFault_       
0000c3e4  _coreClearAuxiliaryInstructionFault_
0000c3a8  _coreClearDataFaultAddress_         
0000c380  _coreClearDataFault_                
0000c3bc  _coreClearInstructionFaultAddress_  
0000c394  _coreClearInstructionFault_         
0000c314  _coreDisableEventBusExport_         
0000c358  _coreDisableFlashEcc_               
0000c334  _coreDisableRamEcc_                 
0000c304  _coreEnableEventBusExport_          
0000c344  _coreEnableFlashEcc_                
0000c368  _coreEnableIrqVicOffset_            
0000c324  _coreEnableRamEcc_                  
0000c2ec  _coreEnableVfp_                     
0000c3c8  _coreGetAuxiliaryDataFault_         
0000c3dc  _coreGetAuxiliaryInstructionFault_  
0000c3a0  _coreGetDataFaultAddress_           
0000c378  _coreGetDataFault_                  
0000c3b4  _coreGetInstructionFaultAddress_    
0000c38c  _coreGetInstructionFault_           
0000c174  _coreInitRegisters_                 
0000c280  _coreInitStackPointer_              
0000f060  _ctypes_                            
0000d804  _dabort                             
08002238  _device                             
0000c3f8  _disable_FIQ_interrupt_             
0000c400  _disable_IRQ_interrupt_             
0000c3f0  _disable_interrupt_                 
0000c408  _enable_interrupt_                  
0000c498  _errata_CORTEXR4_57_                
0000c4a8  _errata_CORTEXR4_66_                
0000a1e4  _errata_SSWF021_45_both_plls        
0000a3d8  _errata_SSWF021_45_pll1             
0000a550  _errata_SSWF021_45_pll2             
0000c410  _esmCcmErrorsClear_                 
08002148  _ftable                             
0000c2cc  _getCPSRValue_                      
0000c2d4  _gotoCPUIdle_                       
08002374  _invertCache                        
08002398  _lock                               
08002368  _modeCache                          
00009113  _nop                                
0800236c  _outputCache                        
0000da2c  _pmuDisableCountersGlobal_          
0000da1c  _pmuEnableCountersGlobal_           
0000da88  _pmuGetCycleCount_                  
0000da90  _pmuGetEventCount_                  
0000da9c  _pmuGetOverflow_                    
0000d9d0  _pmuInit_                           
0000da5c  _pmuResetCounters_                  
0000da3c  _pmuResetCycleCounter_              
0000da4c  _pmuResetEventCounters_             
0000da7c  _pmuSetCountEvent_                  
0000da6c  _pmuStartCounters_                  
0000da74  _pmuStopCounters_                   
08002370  _pullupCache                        
08002318  _stream                             
08001500  _sys_memory                         
UNDEFED   _system_post_cinit                  
0800239c  _unlock                             
0000eab5  abort                               
00006f30  adc1GetConfigValue                  
0000126c  adc1ParityCheck                     
00001358  adc2ParityCheck                     
00006b0c  adcCalibration                      
00006ed0  adcDisableNotification              
00006e80  adcEnableNotification               
000068e4  adcGetData                          
00006f18  adcGetEVTPin                        
000066b4  adcInit                             
00006adc  adcIsConversionComplete             
00006aac  adcIsFifoFull                       
00006ce4  adcMidPointCalibration              
0000d0f8  adcNotification                     
000068bc  adcResetFiFo                        
00006ef8  adcSetEVTPin                        
00006810  adcStartConversion                  
00006894  adcStopConversion                   
08001f88  adc_data                            
08002314  adress_value                        
08002125  aligment_buf                        
080022f4  aligment_set_level                  
0000d2ed  aligned_alloc                       
0000e56d  atoi                                
080022d2  auto_aligment                       
0000be00  bcdToDec                            
08002104  beginTime                           
ffffffff  binit                               
0000b5b0  byteWrite                           
000064e8  can1GetConfigValue                  
00001410  can1ParityCheck                     
000014e8  can2ParityCheck                     
00006388  canDisableErrorNotification         
00006368  canDisableStatusChangeNotification  
000063e0  canDisableloopback                  
00006328  canEnableErrorNotification          
00006348  canEnableStatusChangeNotification   
000063a8  canEnableloopback                   
0000d10c  canErrorNotification                
000060d0  canFillMessageObjectData            
00005df8  canGetData                          
00006304  canGetErrorLevel                    
00005f50  canGetID                            
000062e0  canGetLastError                     
00005bbc  canInit                             
000064cc  canIoRxGetBit                       
00006410  canIoSetDirection                   
00006460  canIoSetPort                        
000064b0  canIoTxGetBit                       
00006284  canIsMessageBoxValid                
00006228  canIsRxMessageArrived               
000061cc  canIsTxMessagePending               
00003184  canMessageCheck                     
0000d134  canMessageNotification              
00006030  canSendRemoteFrame                  
0000d120  canStatusChangeNotification         
00005cfc  canTransmit                         
00005fb8  canUpdateID                         
080023a8  can_rx_data                         
080020b8  can_tx_data                         
00009720  capGetSignal                        
00000030  ccmSelfCheck                        
00002454  ccmr4GetConfigValue                 
080022f8  ch_count                            
00000938  checkB0RAMECC                       
00000b28  checkB1RAMECC                       
00001a50  checkClockMonitor                   
00000d18  checkFlashECC                       
00001b18  checkFlashEEPROMECC                 
00001cac  checkPLL1Slip                       
00004868  checkPackets                        
00001db0  checkRAMAddrParity                  
00001800  checkRAMECC                         
00001ec4  checkRAMUERRTest                    
000007bc  checkefcSelfTest                    
0000e3c9  close                               
00003700  commandButtonscheck                 
0000e9c1  copysign                            
0000e9c1  copysignl                           
00000234  cpuSelfTest                         
00000dfc  cpuSelfTestFail                     
080022be  currentStep                         
00007bb0  customTrimLPO                       
00000df4  custom_dabort                       
08002108  dataconfig1_t                       
0800210c  dataconfig2_t                       
08002110  dataconfig3_t                       
08002114  dataconfig4_t                       
0000bdcc  decToBcd                            
00002a34  delay                               
000028bc  disableParity                       
0000d1c0  dmaGroupANotification               
00000eac  dmaParityCheck                      
0000ac1c  dwdClearFlag                        
0000ab50  dwdCounterEnable                    
0000ab98  dwdGenerateSysReset                 
0000abe8  dwdGetStatus                        
0000ac2c  dwdGetViolationStatus               
0000aad4  dwdInit                             
0000ab7c  dwdReset                            
0000ab60  dwdSetPreload                       
0000ab44  dwwdGetCurrentDownCounter           
0000aafc  dwwdInit                            
000096e0  edgeDisableNotification             
000096a4  edgeEnableNotification              
00009678  edgeGetCounter                      
0000d198  edgeNotification                    
0000964c  edgeResetCounter                    
00000660  efcCheck                            
000023bc  efcGetConfigValue                   
00000794  efcSelfTest                         
000006e8  efcStuckZeroTest                    
080022d0  emergency_stop                      
00002840  enableParity                        
000024d4  errata_PBIST_4                      
080023b8  errno                               
08002310  error                               
0000b008  esmActivateNormalOperation          
0000b0dc  esmClearStatus                      
0000b11c  esmClearStatusBuffer                
0000afd0  esmDisableError                     
0000b040  esmDisableInterrupt                 
0000afa8  esmEnableError                      
0000b018  esmEnableInterrupt                  
0000b214  esmEnterSelfTest                    
0000af8c  esmError                            
0000b2ec  esmGetConfigValue                   
0000b158  esmGetStatus                        
0000b1dc  esmGetStatusBuffer                  
0000d090  esmGroup1Notification               
0000d0a0  esmGroup2Notification               
0000d400  esmHighInterrupt                    
0000ae84  esmInit                             
0000b29c  esmSelfTestStatus                   
0000b138  esmSetCounterPreloadValue           
0000b068  esmSetInterruptLevel                
0000aff8  esmTriggerErrorPinReset             
0000e725  exit                                
080022bd  failStep                            
0000e8c9  finddevice                          
00002034  fmcBus1ParityCheck                  
0000085c  fmcBus2Check                        
00000898  fmcECCcheck                         
0000dd6d  fputc                               
0000d1d5  fputs                               
0000d8ed  free                                
0000df65  frexp                               
0000df65  frexpl                              
0000e255  fseek                               
00003a54  fullAutomaticAligmentCommandsCheck  
00004690  fullAutomaticAutoAlignmentProcess   
000040d0  fullAutomaticCommandCheck           
000040b8  fullAutomaticControlLeds            
000033d0  fullAutomaticPumpCheck              
0000468c  fullAutomaticStandBymode            
080022c1  fullPumpState                       
080022e4  full_Automatic_AutoAlignment        
080022e5  full_Automatic_Set_Aligment         
080022b8  functiontodo                        
000032f0  getSensorAndCamelNeckValue          
0000e769  getdevice                           
0000bb60  gioDisableNotification              
0000baf8  gioEnableNotification               
0000ba60  gioGetBit                           
0000bbc8  gioGetConfigValue                   
0000ba88  gioGetPort                          
0000b900  gioInit                             
0000d148  gioNotification                     
0000b9f0  gioSetBit                           
0000b9d0  gioSetDirection                     
0000ba40  gioSetPort                          
0000baa0  gioToggleBit                        
080022b0  global_counter                      
0000eabc  handlePLLLockFail                   
0000982c  het1GetConfigValue                  
00000f58  het1ParityCheck                     
000010c0  het2ParityCheck                     
00009814  hetGetTimestamp                     
00009114  hetInit                             
0000d1ac  hetNotification                     
000097f8  hetResetTimestamp                   
00001004  htu1ParityCheck                     
000011bc  htu2ParityCheck                     
08002300  id                                  
0000d715  ldexp                               
0000d715  ldexpl                              
080022d3  left_aligment                       
0000e951  lseek                               
0000e475  ltoa                                
000046b4  main                                
0000eaa5  malloc                              
000072f8  mapClocks                           
0000d2ed  memalign                            
0000e9fd  memccpy                             
0000e9a1  memchr                              
0000dc3b  memcpy                              
00000174  memoryInit                          
0000d0b0  memoryPort0TestFailNotification     
0000d0cc  memoryPort1TestFailNotification     
0000de7f  memset                              
000015b0  mibspi1ParityCheck                  
000016c0  mibspi3ParityCheck                  
00004140  modeWarning                         
00009a08  muxInit                             
08002080  myinput                             
08002316  oResult                             
080020c0  parmbuf                             
00002150  pbistFail                           
000021d4  pbistGetConfigValue                 
000005a8  pbistIsTestCompleted                
000005d4  pbistIsTestPassed                   
00000608  pbistPortTestStatus                 
000004ac  pbistRun                            
000002cc  pbistSelfCheck                      
00000578  pbistStop                           
000072a4  periphInit                          
0000eab8  phantomInterrupt                    
00009de0  pinmuxGetConfigValue                
0000e189  printf                              
0000dd6d  putc                                
0000961c  pwmDisableNotification              
000095d4  pwmEnableNotification               
000094f4  pwmGetSignal                        
0000d180  pwmNotification                     
0000923c  pwmSetDuty                          
00009378  pwmSetSignal                        
000091d4  pwmStart                            
00009208  pwmStop                             
080023b0  rcvId                               
0000e8fd  remove                              
00000000  resetEntry                          
080022d4  right_aligment                      
0000dcd8  rtiCompare0Interrupt                
0000dd20  rtiCompare1Interrupt                
0000acdc  rtiDisableNotification              
0000acb4  rtiEnableNotification               
0000acf8  rtiGetConfigValue                   
0000aa48  rtiGetCurrentTick                   
0000aa20  rtiGetPeriod                        
0000a848  rtiInit                             
0000482c  rtiNotification                     
0000a994  rtiResetCounter                     
0000a9f8  rtiSetPeriod                        
0000a93c  rtiStartCounter                     
0000a968  rtiStopCounter                      
0000d715  scalbn                              
0000d715  scalbnl                             
00000020  selftestFailNotification            
00003434  semiAutomaticAligmentCommandsCheck  
00004484  semiAutomaticAutoHizalamaProcess    
000040bc  semiAutomaticCommandsCheck          
00003ddc  semiAutomaticControlLeds            
00003334  semiAutomaticPumpCheck              
00004600  semiAutomaticStandByMode            
08002142  sensorData                          
08002144  sensorLeft                          
08002145  sensorRight                         
000036d4  setAligmentProcess                  
00002ac8  setStep                             
080022d5  set_aligment                        
0000bd84  set_bit                             
00007264  setupFlash                          
000071a0  setupPLL                            
0000dab1  setvbuf                             
000055e0  spi1GetConfigValue                  
00005770  spi2GetConfigValue                  
0000595c  spi3GetConfigValue                  
00005568  spiDisableLoopback                  
000055b4  spiDisableNotification              
00005534  spiEnableLoopback                   
00005584  spiEnableNotification               
0000d170  spiEndNotification                  
00004e84  spiGetData                          
000049bc  spiInit                             
0000d15c  spiNotification                     
00004d68  spiReceiveData                      
000052dc  spiSendAndGetData                   
000050a8  spiSendData                         
00004d48  spiSetFunctional                    
000051a0  spiTransmitAndReceiveData           
00004f7c  spiTransmitData                     
0000b440  spiWrite                            
0000b4bc  spiWriteRead                        
00007a74  sramGetConfigValue                  
0000231c  stcGetConfigValue                   
000001b8  stcSelfCheck                        
00000df8  stcSelfCheckFail                    
080022b4  step                                
0000ea31  strchr                              
0000ea19  strcmp                              
0000ea5d  strcpy                              
0000ea47  strlen                              
0000e829  strncpy                             
080022bc  subStep                             
080022bf  successStep                         
00003290  systemActiveCheck                   
000074ec  systemGetConfigValue                
000073f0  systemInit                          
000074bc  systemPowerDown                     
000078c8  tcmflashGetConfigValue              
080022e6  tick                                
080022e7  tick2                               
08002118  timeOut                             
000071f0  trimLPO                             
0000e8fd  unlink                              
08002308  value                               
00007d48  vimChannelMap                       
00007fb4  vimDisableInterrupt                 
00007dec  vimEnableInterrupt                  
00008060  vimGetConfigValue                   
00007c74  vimInit                             
00000e00  vimParityCheck                      
0000c4c0  vimParityErrorHandler               
0000ea71  wcslen                              
0000b550  wordWrite                           
0000e979  write                               


GLOBAL SYMBOLS: SORTED BY Symbol Address 

address   name                                
-------   ----                                
00000000  __TI_static_base__                  
00000000  resetEntry                          
00000020  selftestFailNotification            
00000030  ccmSelfCheck                        
00000174  memoryInit                          
000001b8  stcSelfCheck                        
00000234  cpuSelfTest                         
000002cc  pbistSelfCheck                      
000004ac  pbistRun                            
00000578  pbistStop                           
000005a8  pbistIsTestCompleted                
000005d4  pbistIsTestPassed                   
00000608  pbistPortTestStatus                 
00000660  efcCheck                            
000006e8  efcStuckZeroTest                    
00000794  efcSelfTest                         
000007bc  checkefcSelfTest                    
00000800  __SYSMEM_SIZE                       
0000085c  fmcBus2Check                        
00000898  fmcECCcheck                         
00000938  checkB0RAMECC                       
00000b28  checkB1RAMECC                       
00000d18  checkFlashECC                       
00000df4  custom_dabort                       
00000df8  stcSelfCheckFail                    
00000dfc  cpuSelfTestFail                     
00000e00  vimParityCheck                      
00000eac  dmaParityCheck                      
00000f58  het1ParityCheck                     
00001004  htu1ParityCheck                     
000010c0  het2ParityCheck                     
000011bc  htu2ParityCheck                     
0000126c  adc1ParityCheck                     
00001358  adc2ParityCheck                     
00001410  can1ParityCheck                     
000014e8  can2ParityCheck                     
000015b0  mibspi1ParityCheck                  
000016c0  mibspi3ParityCheck                  
00001800  checkRAMECC                         
00001a50  checkClockMonitor                   
00001b18  checkFlashEEPROMECC                 
00001cac  checkPLL1Slip                       
00001db0  checkRAMAddrParity                  
00001ec4  checkRAMUERRTest                    
00002034  fmcBus1ParityCheck                  
00002150  pbistFail                           
000021d4  pbistGetConfigValue                 
0000231c  stcGetConfigValue                   
000023bc  efcGetConfigValue                   
00002454  ccmr4GetConfigValue                 
000024d4  errata_PBIST_4                      
00002840  enableParity                        
000028bc  disableParity                       
00002a34  delay                               
00002a60  SPIPCA2129Init                      
00002a94  SPISST25PF040CInit                  
00002ac8  setStep                             
00002b20  Register2write                      
00002bb8  ADS1018Adcread                      
00002d50  RTIInit                             
00002d70  HardwareInit                        
00002d90  SPIMCPInit                          
00002dc8  SPIADS1018Init                      
00002dfc  SPIdevicesinit                      
00002e14  OutputInit                          
00002f2c  Left4PowerSwitchStatusGet           
00002f70  Right4PowerSwitchStatusGet          
00002fb4  Left2PowerSwitchStatusGet           
00002fd8  Right2PowerSwitchStatusGet          
00002ffc  Bottom1PowerSwitchStatusGet         
00003010  AllPowerSwitchSTatusGet             
00003028  CanYellowHighLow                    
0000307c  CanRedHighLow                       
000030d0  MCUADCread                          
00003138  InputInit                           
00003184  canMessageCheck                     
00003290  systemActiveCheck                   
000032c0  ISSCheck                            
000032f0  getSensorAndCamelNeckValue          
00003334  semiAutomaticPumpCheck              
000033d0  fullAutomaticPumpCheck              
00003434  semiAutomaticAligmentCommandsCheck  
000036d4  setAligmentProcess                  
00003700  commandButtonscheck                 
00003a54  fullAutomaticAligmentCommandsCheck  
00003ddc  semiAutomaticControlLeds            
000040b8  fullAutomaticControlLeds            
000040bc  semiAutomaticCommandsCheck          
000040d0  fullAutomaticCommandCheck           
00004140  modeWarning                         
00004484  semiAutomaticAutoHizalamaProcess    
00004600  semiAutomaticStandByMode            
0000468c  fullAutomaticStandBymode            
00004690  fullAutomaticAutoAlignmentProcess   
000046b4  main                                
0000482c  rtiNotification                     
00004868  checkPackets                        
000049bc  spiInit                             
00004d48  spiSetFunctional                    
00004d68  spiReceiveData                      
00004e84  spiGetData                          
00004f7c  spiTransmitData                     
000050a8  spiSendData                         
000051a0  spiTransmitAndReceiveData           
000052dc  spiSendAndGetData                   
0000541c  SpiTxStatus                         
000054a8  SpiRxStatus                         
00005534  spiEnableLoopback                   
00005568  spiDisableLoopback                  
00005584  spiEnableNotification               
000055b4  spiDisableNotification              
000055e0  spi1GetConfigValue                  
00005770  spi2GetConfigValue                  
0000595c  spi3GetConfigValue                  
00005bbc  canInit                             
00005cfc  canTransmit                         
00005df8  canGetData                          
00005f50  canGetID                            
00005fb8  canUpdateID                         
00006030  canSendRemoteFrame                  
000060d0  canFillMessageObjectData            
000061cc  canIsTxMessagePending               
00006228  canIsRxMessageArrived               
00006284  canIsMessageBoxValid                
000062e0  canGetLastError                     
00006304  canGetErrorLevel                    
00006328  canEnableErrorNotification          
00006348  canEnableStatusChangeNotification   
00006368  canDisableStatusChangeNotification  
00006388  canDisableErrorNotification         
000063a8  canEnableloopback                   
000063e0  canDisableloopback                  
00006410  canIoSetDirection                   
00006460  canIoSetPort                        
000064b0  canIoTxGetBit                       
000064cc  canIoRxGetBit                       
000064e8  can1GetConfigValue                  
000066b4  adcInit                             
00006810  adcStartConversion                  
00006894  adcStopConversion                   
000068bc  adcResetFiFo                        
000068e4  adcGetData                          
00006aac  adcIsFifoFull                       
00006adc  adcIsConversionComplete             
00006b0c  adcCalibration                      
00006ce4  adcMidPointCalibration              
00006e80  adcEnableNotification               
00006ed0  adcDisableNotification              
00006ef8  adcSetEVTPin                        
00006f18  adcGetEVTPin                        
00006f30  adc1GetConfigValue                  
000071a0  setupPLL                            
000071f0  trimLPO                             
00007264  setupFlash                          
000072a4  periphInit                          
000072f8  mapClocks                           
000073f0  systemInit                          
000074bc  systemPowerDown                     
000074ec  systemGetConfigValue                
000078c8  tcmflashGetConfigValue              
00007a74  sramGetConfigValue                  
00007bb0  customTrimLPO                       
00007c74  vimInit                             
00007d48  vimChannelMap                       
00007dec  vimEnableInterrupt                  
00007fb4  vimDisableInterrupt                 
00008060  vimGetConfigValue                   
000086c9  __TI_printfi                        
00009113  _nop                                
00009114  hetInit                             
000091d4  pwmStart                            
00009208  pwmStop                             
0000923c  pwmSetDuty                          
00009378  pwmSetSignal                        
000094f4  pwmGetSignal                        
000095d4  pwmEnableNotification               
0000961c  pwmDisableNotification              
0000964c  edgeResetCounter                    
00009678  edgeGetCounter                      
000096a4  edgeEnableNotification              
000096e0  edgeDisableNotification             
00009720  capGetSignal                        
000097f8  hetResetTimestamp                   
00009814  hetGetTimestamp                     
0000982c  het1GetConfigValue                  
00009a08  muxInit                             
00009de0  pinmuxGetConfigValue                
0000a1e4  _errata_SSWF021_45_both_plls        
0000a3d8  _errata_SSWF021_45_pll1             
0000a550  _errata_SSWF021_45_pll2             
0000a848  rtiInit                             
0000a93c  rtiStartCounter                     
0000a968  rtiStopCounter                      
0000a994  rtiResetCounter                     
0000a9f8  rtiSetPeriod                        
0000aa20  rtiGetPeriod                        
0000aa48  rtiGetCurrentTick                   
0000aad4  dwdInit                             
0000aafc  dwwdInit                            
0000ab44  dwwdGetCurrentDownCounter           
0000ab50  dwdCounterEnable                    
0000ab60  dwdSetPreload                       
0000ab7c  dwdReset                            
0000ab98  dwdGenerateSysReset                 
0000abb4  IsdwdKeySequenceCorrect             
0000abe8  dwdGetStatus                        
0000ac1c  dwdClearFlag                        
0000ac2c  dwdGetViolationStatus               
0000acb4  rtiEnableNotification               
0000acdc  rtiDisableNotification              
0000acf8  rtiGetConfigValue                   
0000ae84  esmInit                             
0000af8c  esmError                            
0000afa8  esmEnableError                      
0000afd0  esmDisableError                     
0000aff8  esmTriggerErrorPinReset             
0000b008  esmActivateNormalOperation          
0000b018  esmEnableInterrupt                  
0000b040  esmDisableInterrupt                 
0000b068  esmSetInterruptLevel                
0000b0dc  esmClearStatus                      
0000b11c  esmClearStatusBuffer                
0000b138  esmSetCounterPreloadValue           
0000b158  esmGetStatus                        
0000b1dc  esmGetStatusBuffer                  
0000b214  esmEnterSelfTest                    
0000b29c  esmSelfTestStatus                   
0000b2ec  esmGetConfigValue                   
0000b440  spiWrite                            
0000b4bc  spiWriteRead                        
0000b550  wordWrite                           
0000b5b0  byteWrite                           
0000b608  PortMode                            
0000b62c  MCP_PinMode                         
0000b6c4  MCP_PinOutput                       
0000b78c  MCP_PortpullupMode                  
0000b7b0  MCP_PortinputInvert                 
0000b7d4  MCP_PortRead                        
0000b838  MCP_pinRead                         
0000b8a0  MCP_Init                            
0000b900  gioInit                             
0000b9d0  gioSetDirection                     
0000b9f0  gioSetBit                           
0000ba40  gioSetPort                          
0000ba60  gioGetBit                           
0000ba88  gioGetPort                          
0000baa0  gioToggleBit                        
0000baf8  gioEnableNotification               
0000bb60  gioDisableNotification              
0000bbc8  gioGetConfigValue                   
0000bd84  set_bit                             
0000bdcc  decToBcd                            
0000be00  bcdToDec                            
0000be44  SetRegister                         
0000beac  GetRegister                         
0000bf28  Getseconds                          
0000bf3c  Setseconds                          
0000bf60  Getminutes                          
0000bf74  Setminutes                          
0000bf94  Gethours                            
0000bfa8  Sethours                            
0000bfc8  Getdays                             
0000bfdc  Setdays                             
0000bffc  Getweekdays                         
0000c010  Setweekdays                         
0000c030  Getmonths                           
0000c044  Setmonths                           
0000c064  Getyears                            
0000c078  Setyears                            
0000c098  GetDate                             
0000c0f8  SetDate                             
0000c174  _coreInitRegisters_                 
0000c280  _coreInitStackPointer_              
0000c2cc  _getCPSRValue_                      
0000c2d4  _gotoCPUIdle_                       
0000c2ec  _coreEnableVfp_                     
0000c304  _coreEnableEventBusExport_          
0000c314  _coreDisableEventBusExport_         
0000c324  _coreEnableRamEcc_                  
0000c334  _coreDisableRamEcc_                 
0000c344  _coreEnableFlashEcc_                
0000c358  _coreDisableFlashEcc_               
0000c368  _coreEnableIrqVicOffset_            
0000c378  _coreGetDataFault_                  
0000c380  _coreClearDataFault_                
0000c38c  _coreGetInstructionFault_           
0000c394  _coreClearInstructionFault_         
0000c3a0  _coreGetDataFaultAddress_           
0000c3a8  _coreClearDataFaultAddress_         
0000c3b4  _coreGetInstructionFaultAddress_    
0000c3bc  _coreClearInstructionFaultAddress_  
0000c3c8  _coreGetAuxiliaryDataFault_         
0000c3d0  _coreClearAuxiliaryDataFault_       
0000c3dc  _coreGetAuxiliaryInstructionFault_  
0000c3e4  _coreClearAuxiliaryInstructionFault_
0000c3f0  _disable_interrupt_                 
0000c3f8  _disable_FIQ_interrupt_             
0000c400  _disable_IRQ_interrupt_             
0000c408  _enable_interrupt_                  
0000c410  _esmCcmErrorsClear_                 
0000c498  _errata_CORTEXR4_57_                
0000c4a8  _errata_CORTEXR4_66_                
0000c4b8  __TI_PINIT_Base                     
0000c4bc  __TI_PINIT_Limit                    
0000c4c0  vimParityErrorHandler               
0000c78c  __aeabi_uldivmod                    
0000ca44  _c_int00                            
0000d090  esmGroup1Notification               
0000d0a0  esmGroup2Notification               
0000d0b0  memoryPort0TestFailNotification     
0000d0cc  memoryPort1TestFailNotification     
0000d0f8  adcNotification                     
0000d10c  canErrorNotification                
0000d120  canStatusChangeNotification         
0000d134  canMessageNotification              
0000d148  gioNotification                     
0000d15c  spiNotification                     
0000d170  spiEndNotification                  
0000d180  pwmNotification                     
0000d198  edgeNotification                    
0000d1ac  hetNotification                     
0000d1c0  dmaGroupANotification               
0000d1d5  fputs                               
0000d2ed  aligned_alloc                       
0000d2ed  memalign                            
0000d400  esmHighInterrupt                    
0000d715  ldexp                               
0000d715  ldexpl                              
0000d715  scalbn                              
0000d715  scalbnl                             
0000d804  _dabort                             
0000d8ed  free                                
0000d9d0  _pmuInit_                           
0000da1c  _pmuEnableCountersGlobal_           
0000da2c  _pmuDisableCountersGlobal_          
0000da3c  _pmuResetCycleCounter_              
0000da4c  _pmuResetEventCounters_             
0000da5c  _pmuResetCounters_                  
0000da6c  _pmuStartCounters_                  
0000da74  _pmuStopCounters_                   
0000da7c  _pmuSetCountEvent_                  
0000da88  _pmuGetCycleCount_                  
0000da90  _pmuGetEventCount_                  
0000da9c  _pmuGetOverflow_                    
0000dab1  setvbuf                             
0000dc3b  __aeabi_memcpy                      
0000dc3b  __aeabi_memcpy4                     
0000dc3b  __aeabi_memcpy8                     
0000dc3b  memcpy                              
0000dcd7  __aeabi_idiv0                       
0000dcd7  __aeabi_ldiv0                       
0000dcd8  rtiCompare0Interrupt                
0000dd20  rtiCompare1Interrupt                
0000dd6d  fputc                               
0000dd6d  putc                                
0000de77  __aeabi_memclr                      
0000de77  __aeabi_memclr4                     
0000de77  __aeabi_memclr8                     
0000de79  __aeabi_memset                      
0000de79  __aeabi_memset4                     
0000de79  __aeabi_memset8                     
0000de7f  memset                              
0000def1  __TI_closefile                      
0000df65  frexp                               
0000df65  frexpl                              
0000e049  HOSTrename                          
0000e0b5  __TI_decompress_lzss                
0000e121  HOSTlseek                           
0000e189  printf                              
0000e1f1  __TI_wrt_ok                         
0000e255  fseek                               
0000e2b9  HOSTopen                            
0000e315  HOSTread                            
0000e371  HOSTwrite                           
0000e3c9  close                               
0000e475  ltoa                                
0000e4c8  __aeabi_idiv                        
0000e4c8  __aeabi_idivmod                     
0000e56d  atoi                                
0000e5bc  __aeabi_uidiv                       
0000e5bc  __aeabi_uidivmod                    
0000e60d  __TI_doflush                        
0000e659  HOSTclose                           
0000e69d  HOSTunlink                          
0000e6e1  __TI_auto_init_nobinit_nopinit      
0000e725  exit                                
0000e769  getdevice                           
0000e7ed  __TI_writemsg                       
0000e81f  C$$IO$$                             
0000e829  strncpy                             
0000e861  __TI_cleanup                        
0000e895  __TI_readmsg                        
0000e8c9  finddevice                          
0000e8fd  remove                              
0000e8fd  unlink                              
0000e951  lseek                               
0000e979  write                               
0000e9a1  memchr                              
0000e9c1  copysign                            
0000e9c1  copysignl                           
0000e9fd  memccpy                             
0000ea19  strcmp                              
0000ea31  strchr                              
0000ea47  strlen                              
0000ea5d  strcpy                              
0000ea71  wcslen                              
0000ea83  __TI_decompress_none                
0000ea91  __TI_zero_init                      
0000ea9d  __aeabi_errno_addr                  
0000eaa5  malloc                              
0000eab5  C$$EXIT                             
0000eab5  abort                               
0000eab8  phantomInterrupt                    
0000eabc  handlePLLLockFail                   
0000f060  _ctypes_                            
0000f260  __TI_Handler_Table_Base             
0000f26c  __TI_Handler_Table_Limit            
0000f278  __TI_CINIT_Base                     
0000f288  __TI_CINIT_Limit                    
08001500  _sys_memory                         
08001d00  __CIOBUF_                           
08001e20  RX_DATA                             
08001ee8  __TI_tmpnams                        
08001f88  adc_data                            
08002080  myinput                             
080020b0  ADS1018Data                         
080020b8  can_tx_data                         
080020c0  parmbuf                             
080020c8  AutoHizalamaBitti                   
080020cc  CaliberAcilStopLed                  
080020d0  CaliberBirinciKayitLed              
080020d4  CaliberBozuk                        
080020d8  CaliberKesinKayitLed                
080020dc  CaliberStartLed                     
080020e0  CaliberStopLed                      
080020e4  CaliberikinciKayitLed               
080020e8  CamelneckHomeTemporary              
080020ec  FifthWheelHomeTemporary             
080020f0  Fullautomaticled                    
080020f4  Semiautomaticled                    
080020f8  TekerlekDuzLed                      
080020fc  TekerlekSagLed                      
08002100  TekerlekSolLed                      
08002104  beginTime                           
08002108  dataconfig1_t                       
0800210c  dataconfig2_t                       
08002110  dataconfig3_t                       
08002114  dataconfig4_t                       
08002118  timeOut                             
0800211c  KalibrasyonKesinKayit               
0800211f  KalibrasyonStart                    
08002122  KalibrasyonStop                     
08002125  aligment_buf                        
08002126  AttractiveLeftSensorAndCamelNeck    
08002128  VN5T006ASPTRE_BOTTOM_CS1_VAL        
0800212a  VNQ5050KTRE_LEFT_1CS1_VAL           
0800212c  VNQ5050KTRE_LEFT_1CS2_VAL           
0800212e  VNQ5050KTRE_LEFT_1STAT1_VAL         
08002130  VNQ5050KTRE_LEFT_1STAT2_VAL         
08002132  VNQ5050KTRE_LEFT_1STAT3_VAL         
08002134  VNQ5050KTRE_LEFT_1STAT4_VAL         
08002136  VNQ5050KTRE_RIGHT_2CS1_VAL          
08002138  VNQ5050KTRE_RIGHT_2CS2_VAL          
0800213a  VNQ5050KTRE_RIGHT_2STAT1_VAL        
0800213c  VNQ5050KTRE_RIGHT_2STAT2_VAL        
0800213e  VNQ5050KTRE_RIGHT_2STAT3_VAL        
08002140  VNQ5050KTRE_RIGHT_2STAT4_VAL        
08002142  sensorData                          
08002144  sensorLeft                          
08002145  sensorRight                         
08002148  _ftable                             
08002238  _device                             
080022b0  global_counter                      
080022b4  step                                
080022b8  functiontodo                        
080022bc  subStep                             
080022bd  failStep                            
080022be  currentStep                         
080022bf  successStep                         
080022c0  PumpSlaveBtn                        
080022c1  fullPumpState                       
080022c2  AcilStopON                          
080022c3  ISSAktive                           
080022c4  SysActive                           
080022c5  ISSActiveState                      
080022c6  AutoHizalamaState                   
080022c7  AutoHizalama                        
080022c8  AlignmentRight                      
080022c9  AlignmentLeft                       
080022ca  AlignmentAuto                       
080022cb  AlignmentRightState                 
080022cc  AlignmentLeftState                  
080022cd  AlignmentAutoState                  
080022ce  SetMode                             
080022cf  StopMode                            
080022d0  emergency_stop                      
080022d1  ISS                                 
080022d2  auto_aligment                       
080022d3  left_aligment                       
080022d4  right_aligment                      
080022d5  set_aligment                        
080022d6  SetModeState                        
080022d7  StopModeState                       
080022d8  StopModeStateTwo                    
080022d9  Caliberundefined                    
080022da  SystemActiveCaliber                 
080022dc  FifthWheelNumberValue               
080022e0  CamelneckNumberValue                
080022e4  full_Automatic_AutoAlignment        
080022e5  full_Automatic_Set_Aligment         
080022e6  tick                                
080022e7  tick2                               
080022e8  Fullautomaticmode                   
080022e9  Semiautomaticmode                   
080022ec  AciSonuc                            
080022f0  BigAngle                            
080022f1  SmallAngle                          
080022f2  LevelState                          
080022f4  aligment_set_level                  
080022f5  PumpState                           
080022f6  CaliberMod                          
080022f7  AutoControl                         
080022f8  ch_count                            
08002300  id                                  
08002308  value                               
08002310  error                               
08002314  adress_value                        
08002316  oResult                             
08002318  _stream                             
08002368  _modeCache                          
0800236c  _outputCache                        
08002370  _pullupCache                        
08002374  _invertCache                        
08002378  CS_PIN                              
08002379  SPI_PORT_NUMBER                     
0800237c  __TI_ft_end                         
08002380  __aeabi_stdin                       
08002384  __aeabi_stdout                      
08002388  __aeabi_stderr                      
0800238c  __TI_cleanup_ptr                    
08002390  __TI_dtors_ptr                      
08002394  __TI_enable_exit_profile_output     
08002398  _lock                               
0800239c  _unlock                             
080023a8  can_rx_data                         
080023b0  rcvId                               
080023b8  errno                               
ffffffff  __TI_pprof_out_hndl                 
ffffffff  __TI_prof_data_size                 
ffffffff  __TI_prof_data_start                
ffffffff  __binit__                           
ffffffff  __c_args__                          
ffffffff  binit                               
UNDEFED   SHT$$INIT_ARRAY$$Base               
UNDEFED   SHT$$INIT_ARRAY$$Limit              
UNDEFED   _system_post_cinit                  

[556 symbols]
