******************************************************************************
                  TI ARM Linker PC v18.12.4                    
******************************************************************************
>> Linked Thu Apr 15 13:06:47 2021

OUTPUT FILE NAME:   <Lowbadtest.out>
ENTRY POINT SYMBOL: "_c_int00"  address: 0001716c


MEMORY CONFIGURATION

         name            origin    length      used     unused   attr    fill
----------------------  --------  ---------  --------  --------  ----  --------
  VECTORS               00000000   00000020  00000020  00000000     X
  FLASH0                00000020   000bffe0  0001bfa0  000a4040  R  X
  STACKS                08000000   00001500  00000000  00001500  RW  
  RAM                   08001500   0001eb00  000010f8  0001da08  RW  


SEGMENT ALLOCATION MAP

run origin  load origin   length   init length attrs members
----------  ----------- ---------- ----------- ----- -------
00000000    00000000    0001bfc8   0001bfc8    r-x
  00000000    00000000    00000020   00000020    r-x .intvecs
  00000020    00000020    00019b9c   00019b9c    r-x .text
  00019bbc    00019bbc    00001910   00001910    r-x FEE_TEXT_SECTION
  0001b4d0    0001b4d0    0000086c   0000086c    r-- .const
  0001bd3c    0001bd3c    000001c0   000001c0    r-- FEE_CONST_SECTION
  0001bf00    0001bf00    000000c8   000000c8    r-- .cinit
08001500    08001500    000010f9   00000000    rw-
  08001500    08001500    00000800   00000000    rw- .sysmem
  08001d00    08001d00    000004c7   00000000    rw- .bss
  080021c8    080021c8    00000300   00000000    rw- .data
  080024c8    080024c8    00000131   00000000    rw- FEE_DATA_SECTION


SECTION ALLOCATION MAP

 output                                  attributes/
section   page    origin      length       input sections
--------  ----  ----------  ----------   ----------------
.intvecs   0    00000000    00000020     
                  00000000    00000020     sys_intvecs.obj (.intvecs)

.text      0    00000020    00019b9c     
                  00000020    000057d0     ti_fee_util.obj (.text)
                  000057f0    000039e4     sys_main.obj (.text)
                  000091d4    00002a14     sys_selftest.obj (.text)
                  0000bbe8    00001768     ti_fee_ini.obj (.text)
                  0000d350    00001200     spi.obj (.text)
                  0000e550    000010e0     ti_fee_main.obj (.text)
                  0000f630    00000af8     can.obj (.text)
                  00010128    00000aec     adc.obj (.text)
                  00010c14    00000ad4     system.obj (.text)
                  000116e8    00000a54     sys_vim.obj (.text)
                  0001213c    00000a4a     rtsv7R4_T_be_v3D16_eabi.lib : _printfi.c.obj (.text:__TI_printfi)
                  00012b86    00000002                                 : _lock.c.obj (.text:_nop)
                  00012b88    000008f4     het.obj (.text)
                  0001347c    000007dc     pinmux.obj (.text)
                  00013c58    00000664     errata_SSWF021_45.obj (.text)
                  000142bc    0000063c     rti.obj (.text)
                  000148f8    00000604     rtsv7R4_T_be_v3D16_eabi.lib : k_rem_pio2.c.obj (.text:__kernel_rem_pio2)
                  00014efc    000005bc     esm.obj (.text)
                  000154b8    000004c0     MCP23S17.obj (.text)
                  00015978    00000484     gio.obj (.text)
                  00015dfc    000003f0     PCA2129.obj (.text)
                  000161ec    000003f0     rtsv7R4_T_be_v3D16_eabi.lib : s_sin.c.obj (.text:sin)
                  000165dc    0000034c     sys_core.obj (.text)
                  00016928    000002cc     sys_vim.obj (.text:retain)
                  00016bf4    000002c0     ADS1018.obj (.text)
                  00016eb4    000002b8     rtsv7R4_T_be_v3D16_eabi.lib : ull_div32.asm.obj (.text)
                  0001716c    00000264     sys_startup.obj (.text:retain)
                  000173d0    00000260     F021_API_CortexR4_BE_V3D16.lib : FlashStateMachine.InitializeFlashBanks.obj (.text:Fapi_initializeFlashBanks)
                  00017630    00000248     rtsv7R4_T_be_v3D16_eabi.lib : _printfi.c.obj (.text:_pconv_a)
                  00017878    000001a0                                 : _printfi.c.obj (.text:_pconv_g)
                  00017a18    0000017c     F021_API_CortexR4_BE_V3D16.lib : FlashStateMachine.SetActiveBank.obj (.text:Fapi_setActiveFlashBank)
                  00017b94    00000144     notification.obj (.text)
                  00017cd8    00000118     rtsv7R4_T_be_v3D16_eabi.lib : fputs.c.obj (.text:fputs)
                  00017df0    00000114                                 : memory.c.obj (.text:aligned_alloc)
                  00017f04    00000114     esm.obj (.text:retain)
                  00018018    00000104     rtsv7R4_T_be_v3D16_eabi.lib : _printfi.c.obj (.text:_pconv_e)
                  0001811c    000000fc                                 : _printfi.c.obj (.text:fcvt)
                  00018218    000000f0                                 : s_scalbn.c.obj (.text:scalbn)
                  00018308    000000e8     dabort.obj (.text)
                  000183f0    000000e4     rtsv7R4_T_be_v3D16_eabi.lib : memory.c.obj (.text:free)
                  000184d4    000000e0                                 : s_floor.c.obj (.text:floor)
                  000185b4    000000e0     sys_pmu.obj (.text)
                  00018694    000000dc     rtsv7R4_T_be_v3D16_eabi.lib : setvbuf.c.obj (.text:setvbuf)
                  00018770    000000b4                                 : k_cos.c.obj (.text:__kernel_cos)
                  00018824    000000ad                                 : _printfi.c.obj (.text:_ltostr)
                  000188d1    00000001     --HOLE-- [fill = 0]
                  000188d2    00000002                                 : div0.asm.obj (.text)
                  000188d4    000000a8                                 : k_sin.c.obj (.text:__kernel_sin)
                  0001897c    0000009c                                 : memcpy_t2.asm.obj (.text)
                  00018a18    00000094     F021_API_CortexR4_BE_V3D16.lib : BlankCheck.obj (.text:Fapi_doBlankCheck)
                  00018aac    00000094     rti.obj (.text:retain)
                  00018b40    00000090     rtsv7R4_T_be_v3D16_eabi.lib : fputc.c.obj (.text:fputc)
                  00018bd0    00000080     F021_API_CortexR4_BE_V3D16.lib : FlashStateMachine.EnableEepromSectors.obj (.text:Fapi_enableEepromBankSectors)
                  00018c50    0000007a     rtsv7R4_T_be_v3D16_eabi.lib : _printfi.c.obj (.text:_mcpy)
                  00018cca    0000007a                                 : memset_t2.asm.obj (.text)
                  00018d44    00000074                                 : fclose.c.obj (.text:__TI_closefile)
                  00018db8    00000074                                 : s_frexp.c.obj (.text:frexp)
                  00018e2c    00000070                                 : memory.c.obj (.text:split)
                  00018e9c    0000006c                                 : hostrename.c.obj (.text:HOSTrename)
                  00018f08    0000006c                                 : copy_decompress_lzss.c.obj (.text:decompress:lzss:__TI_decompress_lzss)
                  00018f74    00000068                                 : hostlseek.c.obj (.text:HOSTlseek)
                  00018fdc    00000068                                 : printf.c.obj (.text:printf)
                  00019044    00000064                                 : _io_perm.c.obj (.text:__TI_wrt_ok)
                  000190a8    00000064                                 : fseek.c.obj (.text:fseek)
                  0001910c    0000005e     F021_API_CortexR4_BE_V3D16.lib : Read.LoopDword.obj (.text:_Fapi_loopRegionForValue)
                  0001916a    00000002     --HOLE-- [fill = 0]
                  0001916c    0000005c     rtsv7R4_T_be_v3D16_eabi.lib : hostopen.c.obj (.text:HOSTopen)
                  000191c8    0000005c                                 : hostread.c.obj (.text:HOSTread)
                  00019224    00000058                                 : hostwrite.c.obj (.text:HOSTwrite)
                  0001927c    00000058                                 : close.c.obj (.text:close)
                  000192d4    00000054                                 : _printfi.c.obj (.text:_ecpy)
                  00019328    00000054                                 : ltoa.c.obj (.text:ltoa)
                  0001937c    00000054                                 : i_div32.asm.obj (.text)
                  000193d0    00000050     F021_API_CortexR4_BE_V3D16.lib : FlashStateMachine.Hercules.IsEccAddress.obj (.text:Fapi_isAddressEcc)
                  00019420    00000050     rtsv7R4_T_be_v3D16_eabi.lib : _printfi.c.obj (.text:_pconv_f)
                  00019470    00000050                                 : atoi.c.obj (.text:atoi)
                  000194c0    00000050                                 : u_div32.asm.obj (.text)
                  00019510    0000004c                                 : fflush.c.obj (.text:__TI_doflush)
                  0001955c    00000044                                 : hostclose.c.obj (.text:HOSTclose)
                  000195a0    00000044                                 : hostunlink.c.obj (.text:HOSTunlink)
                  000195e4    00000044     F021_API_CortexR4_BE_V3D16.lib : FlashStateMachine.EnableEepromSectors.obj (.text:_Fapi_EnableSectors)
                  00019628    00000044     rtsv7R4_T_be_v3D16_eabi.lib : autoinit.c.obj (.text:__TI_auto_init_nobinit_nopinit:__TI_auto_init_nobinit_nopinit)
                  0001966c    00000044                                 : exit.c.obj (.text:exit)
                  000196b0    00000044                                 : getdevice.c.obj (.text:getdevice)
                  000196f4    00000040                                 : _printfi.c.obj (.text:_fcpy)
                  00019734    0000003c     F021_API_CortexR4_BE_V3D16.lib : FlashStateMachine.IssueFsmCommand.obj (.text:_Fapi_issueFsmCommand)
                  00019770    0000003c     rtsv7R4_T_be_v3D16_eabi.lib : trgmsg.c.obj (.text:__TI_writemsg)
                  000197ac    00000036     F021_API_CortexR4_BE_V3D16.lib : Utilities.CalculateFletcher.obj (.text:Fapi_calculateFletcherChecksum)
                  000197e2    00000036     rtsv7R4_T_be_v3D16_eabi.lib : strncpy.c.obj (.text:strncpy)
                  00019818    00000034                                 : fopen.c.obj (.text:__TI_cleanup)
                  0001984c    00000034                                 : trgmsg.c.obj (.text:__TI_readmsg)
                  00019880    00000034                                 : getdevice.c.obj (.text:finddevice)
                  000198b4    00000030     F021_API_CortexR4_BE_V3D16.lib : Async.WithAddress.obj (.text:Fapi_issueAsyncCommandWithAddress)
                  000198e4    00000030                                    : Utilities.WaitDelay.obj (.text:Fapi_waitDelay)
                  00019914    0000002c                                    : Read.Common.obj (.text:_Fapi_readDword)
                  00019940    0000002c     rtsv7R4_T_be_v3D16_eabi.lib : unlink.c.obj (.text:unlink)
                  0001996c    0000002a     F021_API_CortexR4_BE_V3D16.lib : Async.obj (.text:Fapi_issueAsyncCommand)
                  00019996    00000002     --HOLE-- [fill = 0]
                  00019998    00000028     rtsv7R4_T_be_v3D16_eabi.lib : memory.c.obj (.text:free_list_insert)
                  000199c0    00000028                                 : lseek.c.obj (.text:lseek)
                  000199e8    00000028                                 : write.c.obj (.text:write)
                  00019a10    00000022     F021_API_CortexR4_BE_V3D16.lib : Read.FlushPipeline.obj (.text:Fapi_flushPipeline)
                  00019a32    00000020     rtsv7R4_T_be_v3D16_eabi.lib : memchr.c.obj (.text:memchr)
                  00019a52    0000001e                                 : s_copysign.c.obj (.text:copysign)
                  00019a70    0000001c     F021_API_CortexR4_BE_V3D16.lib : FlashStateMachine.InitializeFlashBanks.obj (.text:_Fapi_divideUnsignedLong)
                  00019a8c    0000001c     rtsv7R4_T_be_v3D16_eabi.lib : memory.c.obj (.text:free_list_remove)
                  00019aa8    0000001c                                 : memccpy.c.obj (.text:memccpy)
                  00019ac4    00000018                                 : strcmp.c.obj (.text:strcmp)
                  00019adc    00000016                                 : strchr.c.obj (.text:strchr)
                  00019af2    00000016                                 : strlen.c.obj (.text:strlen)
                  00019b08    00000014                                 : strcpy.c.obj (.text:strcpy)
                  00019b1c    00000012                                 : wcslen.c.obj (.text:wcslen)
                  00019b2e    00000002     --HOLE-- [fill = 0]
                  00019b30    00000010     F021_API_CortexR4_BE_V3D16.lib : Utilities.GetNumberOfSectors.obj (.text:Fapi_getNumberOfBankSectors)
                  00019b40    00000010                                    : FlashStateMachine.ScaleFclk.obj (.text:_scaleEEFclk)
                  00019b50    00000010                                    : FlashStateMachine.ScaleFclk.obj (.text:_scaleMainFclk)
                  00019b60    0000000e     rtsv7R4_T_be_v3D16_eabi.lib : copy_decompress_none.c.obj (.text:decompress:none:__TI_decompress_none)
                  00019b6e    0000000c     F021_API_CortexR4_BE_V3D16.lib : Read.WdService.obj (.text:_Fapi_checkWdService)
                  00019b7a    0000000c     rtsv7R4_T_be_v3D16_eabi.lib : copy_zero_init.c.obj (.text:decompress:ZI:__TI_zero_init)
                  00019b86    00000002     --HOLE-- [fill = 0]
                  00019b88    00000008     Fapi_UserDefinedFunctions.obj (.text)
                  00019b90    00000008     rtsv7R4_T_be_v3D16_eabi.lib : errno.c.obj (.text:__aeabi_errno_addr)
                  00019b98    00000008                                 : memory.c.obj (.text:malloc)
                  00019ba0    00000004                                 : printf.c.obj (.text:_outc)
                  00019ba4    00000004                                 : printf.c.obj (.text:_outs)
                  00019ba8    00000004                                 : exit.c.obj (.text:abort:abort)
                  00019bac    00000004     sys_phantom.obj (.text:retain)
                  00019bb0    00000004     sys_startup.obj (.text)
                  00019bb4    00000008     Fapi_UserDefinedFunctions.obj (.tramp.Fapi_serviceWatchdogTimer.1)

FEE_TEXT_SECTION 
*          0    00019bbc    00001910     
                  00019bbc    00000cb8     ti_fee_writeAsync.obj (FEE_TEXT_SECTION)
                  0001a874    000007a8     ti_fee_read.obj (FEE_TEXT_SECTION)
                  0001b01c    000004b0     ti_fee_format.obj (FEE_TEXT_SECTION)

.const     0    0001b4d0    0000086c     
                  0001b4d0    000003a0     het.obj (.const:het1PROGRAM)
                  0001b870    00000200     sys_vim.obj (.const:s_vim_init)
                  0001ba70    00000158     rtsv7R4_T_be_v3D16_eabi.lib : k_rem_pio2.c.obj (.const:$O1$$)
                  0001bbc8    00000101                                 : ctype.c.obj (.const:.string:_ctypes_)
                  0001bcc9    00000003     --HOLE-- [fill = 0]
                  0001bccc    00000020     can.obj (.const:s_canByteOrder)
                  0001bcec    00000020     het.obj (.const:s_het1pwmPolarity)
                  0001bd0c    00000018     adc.obj (.const:s_adcFiFoSize)
                  0001bd24    00000018     adc.obj (.const:s_adcSelect)

FEE_CONST_SECTION 
*          0    0001bd3c    000001c0     
                  0001bd3c    000001a4     Device_TMS570LS07.obj (FEE_CONST_SECTION)
                  0001bee0    0000001c     ti_fee_cfg.obj (FEE_CONST_SECTION)

.cinit     0    0001bf00    000000c8     
                  0001bf00    00000090     (.cinit..data.load) [load image, compression = lzss]
                  0001bf90    0000000c     (__TI_handler_table)
                  0001bf9c    00000009     (.cinit.FEE_DATA_SECTION.load) [load image, compression = lzss]
                  0001bfa5    00000003     --HOLE-- [fill = 0]
                  0001bfa8    00000008     (.cinit..bss.load) [load image, compression = zero_init]
                  0001bfb0    00000018     (__TI_cinit_table)

.sysmem    0    08001500    00000800     UNINITIALIZED
                  08001500    00000010     rtsv7R4_T_be_v3D16_eabi.lib : memory.c.obj (.sysmem)
                  08001510    000007f0     --HOLE--

.bss       0    08001d00    000004c7     UNINITIALIZED
                  08001d00    00000120     rtsv7R4_T_be_v3D16_eabi.lib : trgmsg.c.obj (.bss:_CIOBUF_)
                  08001e20    000000c8     (.common:RX_DATA)
                  08001ee8    000000a0     (.common:__TI_tmpnams)
                  08001f88    00000080     (.common:adc_data)
                  08002008    00000078     spi.obj (.bss:g_spiPacket_t)
                  08002080    00000010     PCA2129.obj (.bss:Date$1)
                  08002090    00000010     (.common:SpecialRamBlock)
                  080020a0    00000010     (.common:eeprom_write_data)
                  080020b0    00000008     (.common:ADS1018Data)
                  080020b8    00000008     (.common:AutomaticAligmentDone)
                  080020c0    00000008     (.common:BackSensorInoperative)
                  080020c8    00000008     (.common:CalibrationCancel)
                  080020d0    00000008     (.common:CalibrationFailure)
                  080020d8    00000008     (.common:CalibrationFinalSettings)
                  080020e0    00000008     (.common:CalibrationFirstTemprorySettings)
                  080020e8    00000008     (.common:CalibrationSecondTemprorySettings)
                  080020f0    00000008     (.common:Calibrationbegin)
                  080020f8    00000008     (.common:EmergencyStopActive)
                  08002100    00000008     (.common:FifthWheelAnglePositioneLeft)
                  08002108    00000008     (.common:FifthWheelAnglePositioneRight)
                  08002110    00000008     (.common:FrontSensorInoperative)
                  08002118    00000008     (.common:ISSSingalActive)
                  08002120    00000008     (.common:ModeSelectDelay)
                  08002128    00000008     (.common:VehicleInRoute)
                  08002130    00000008     (.common:can_tx_data)
                  08002138    00000008     (.common:parmbuf)
                  08002140    00000004     (.common:ArkaSensorAriza)
                  08002144    00000004     (.common:AutoHizalamaBitti)
                  08002148    00000004     (.common:BlockNumber)
                  0800214c    00000004     (.common:BlockOffset)
                  08002150    00000004     (.common:CaliberAcilStopLed)
                  08002154    00000004     (.common:CamelneckHomeTemporary)
                  08002158    00000004     (.common:CamelneckLeftAngleTemporary)
                  0800215c    00000004     (.common:CamelneckNumberTemporary)
                  08002160    00000004     (.common:CamelneckRightAngleTemporary)
                  08002164    00000004     (.common:FifthWheelHomeTemporary)
                  08002168    00000004     (.common:FifthWheelLeftAngleTemporary)
                  0800216c    00000004     (.common:FifthWheelNumberTemporary)
                  08002170    00000004     (.common:FifthWheelRightAngleTemporary)
                  08002174    00000004     (.common:Fullautomaticled)
                  08002178    00000004     (.common:Length)
                  0800217c    00000004     (.common:Semiautomaticled)
                  08002180    00000004     (.common:beginTime)
                  08002184    00000004     (.common:dataconfig1_t)
                  08002188    00000004     (.common:dataconfig2_t)
                  0800218c    00000004     (.common:dataconfig3_t)
                  08002190    00000004     (.common:dataconfig4_t)
                  08002194    00000004     (.common:mode)
                  08002198    00000004     (.common:timeOut)
                  0800219c    00000002     (.common:Amount)
                  0800219e    00000002     (.common:AttractiveLeftSensorAndCamelNeck)
                  080021a0    00000002     (.common:Average)
                  080021a2    00000002     (.common:Status)
                  080021a4    00000002     (.common:VN5T006ASPTRE_BOTTOM_CS1_VAL)
                  080021a6    00000002     (.common:VNQ5050KTRE_LEFT_1CS1_VAL)
                  080021a8    00000002     (.common:VNQ5050KTRE_LEFT_1CS2_VAL)
                  080021aa    00000002     (.common:VNQ5050KTRE_LEFT_1STAT1_VAL)
                  080021ac    00000002     (.common:VNQ5050KTRE_LEFT_1STAT2_VAL)
                  080021ae    00000002     (.common:VNQ5050KTRE_LEFT_1STAT3_VAL)
                  080021b0    00000002     (.common:VNQ5050KTRE_LEFT_1STAT4_VAL)
                  080021b2    00000002     (.common:VNQ5050KTRE_RIGHT_2CS1_VAL)
                  080021b4    00000002     (.common:VNQ5050KTRE_RIGHT_2CS2_VAL)
                  080021b6    00000002     (.common:VNQ5050KTRE_RIGHT_2STAT1_VAL)
                  080021b8    00000002     (.common:VNQ5050KTRE_RIGHT_2STAT2_VAL)
                  080021ba    00000002     (.common:VNQ5050KTRE_RIGHT_2STAT3_VAL)
                  080021bc    00000002     (.common:VNQ5050KTRE_RIGHT_2STAT4_VAL)
                  080021be    00000002     (.common:adc_samplecounter)
                  080021c0    00000002     (.common:canSensorData)
                  080021c2    00000002     (.common:global_counter)
                  080021c4    00000001     (.common:aligment_buf)
                  080021c5    00000001     (.common:sensorLeft)
                  080021c6    00000001     (.common:sensorRight)

.data      0    080021c8    00000300     UNINITIALIZED
                  080021c8    000000f0     rtsv7R4_T_be_v3D16_eabi.lib : defs.c.obj (.data:_ftable)
                  080022b8    00000078                                 : host_device.c.obj (.data:_device)
                  08002330    00000064     sys_main.obj (.data:read_data)
                  08002394    00000004     rtsv7R4_T_be_v3D16_eabi.lib : errno.c.obj (.data)
                  08002398    0000005c     sys_main.obj (.data)
                  080023f4    00000050     rtsv7R4_T_be_v3D16_eabi.lib : host_device.c.obj (.data:_stream)
                  08002444    00000020     sys_main.obj (.data:eeprom_read_data)
                  08002464    00000012     MCP23S17.obj (.data)
                  08002476    00000001     F021_API_CortexR4_BE_V3D16.lib : FlashStateMachine.SetActiveBank.obj (.data)
                  08002477    00000001     --HOLE--
                  08002478    00000010     rtsv7R4_T_be_v3D16_eabi.lib : defs.c.obj (.data)
                  08002488    0000000c                                 : exit.c.obj (.data:$O1$$)
                  08002494    0000000c     ADS1018.obj (.data)
                  080024a0    00000008     rtsv7R4_T_be_v3D16_eabi.lib : _lock.c.obj (.data:$O1$$)
                  080024a8    00000008                                 : memory.c.obj (.data:$O1$$)
                  080024b0    00000008     F021_API_CortexR4_BE_V3D16.lib : FlashStateMachine.ScaleFclk.obj (.data)
                  080024b8    00000008     sys_main.obj (.data:can_rx_data)
                  080024c0    00000008     ADS1018.obj (.data:rcvId)

FEE_DATA_SECTION 
*          0    080024c8    00000131     UNINITIALIZED
                  080024c8    000000f5     ti_fee_ini.obj (FEE_DATA_SECTION)
                  080025bd    00000001     ti_fee_main.obj (FEE_DATA_SECTION)
                  080025be    00000002     --HOLE--
                  080025c0    0000002e     ti_fee_util.obj (FEE_DATA_SECTION:uninit)
                  080025ee    00000002     --HOLE--
                  080025f0    00000009     ti_fee_util.obj (FEE_DATA_SECTION:init)

MODULE SUMMARY

       Module                                        code     ro data   rw data
       ------                                        ----     -------   -------
    .\source\
       ti_fee_util.obj                               22480    0         55     
       sys_main.obj                                  14820    0         629    
       sys_selftest.obj                              10772    0         0      
       ti_fee_ini.obj                                5992     0         245    
       spi.obj                                       4608     0         120    
       ti_fee_main.obj                               4320     0         1      
       sys_vim.obj                                   3360     512       0      
       ti_fee_writeAsync.obj                         3256     0         0      
       het.obj                                       2292     960       0      
       adc.obj                                       2796     48        0      
       can.obj                                       2808     32        0      
       system.obj                                    2772     0         0      
       pinmux.obj                                    2012     0         0      
       ti_fee_read.obj                               1960     0         0      
       esm.obj                                       1744     0         0      
       rti.obj                                       1744     0         0      
       errata_SSWF021_45.obj                         1636     0         0      
       MCP23S17.obj                                  1216     0         22     
       PCA2129.obj                                   1008     0         220    
       ti_fee_format.obj                             1200     0         0      
       gio.obj                                       1156     0         0      
       sys_core.obj                                  844      0         0      
       ADS1018.obj                                   704      0         42     
       sys_startup.obj                               616      0         0      
       Device_TMS570LS07.obj                         0        420       0      
       notification.obj                              324      0         0      
       dabort.obj                                    232      0         0      
       sys_pmu.obj                                   224      0         0      
       sys_intvecs.obj                               32       0         0      
       ti_fee_cfg.obj                                0        28        0      
       Fapi_UserDefinedFunctions.obj                 16       0         0      
       SST25PF040C.obj                               0        0         4      
       sys_phantom.obj                               4        0         0      
    +--+---------------------------------------------+--------+---------+---------+
       Total:                                        96948    2000      1338   
                                                                               
    C:/ti/Hercules/F021 Flash API/02.01.01/F021_API_CortexR4_BE_V3D16.lib
       FlashStateMachine.InitializeFlashBanks.obj    636      0         0      
       FlashStateMachine.SetActiveBank.obj           380      0         1      
       FlashStateMachine.EnableEepromSectors.obj     196      0         0      
       BlankCheck.obj                                148      0         0      
       Read.LoopDword.obj                            94       0         0      
       FlashStateMachine.Hercules.IsEccAddress.obj   80       0         0      
       FlashStateMachine.IssueFsmCommand.obj         60       0         0      
       Utilities.CalculateFletcher.obj               54       0         0      
       Async.WithAddress.obj                         48       0         0      
       Utilities.WaitDelay.obj                       48       0         0      
       Read.Common.obj                               44       0         0      
       Async.obj                                     42       0         0      
       FlashStateMachine.ScaleFclk.obj               32       0         8      
       Read.FlushPipeline.obj                        34       0         0      
       Utilities.GetNumberOfSectors.obj              16       0         0      
       Read.WdService.obj                            12       0         0      
    +--+---------------------------------------------+--------+---------+---------+
       Total:                                        1924     0         9      
                                                                               
    C:/ti/ccs930/ccs/tools/compiler/ti-cgt-arm_18.12.4.LTS/lib/rtsv7R4_T_be_v3D16_eabi.lib
       _printfi.c.obj                                4669     0         0      
       k_rem_pio2.c.obj                              1540     344       0      
       s_sin.c.obj                                   1008     0         0      
       memory.c.obj                                  692      0         8      
       ull_div32.asm.obj                             696      0         0      
       defs.c.obj                                    0        0         416    
       trgmsg.c.obj                                  112      0         288    
       fputs.c.obj                                   280      0         0      
       ctype.c.obj                                   0        257       0      
       s_scalbn.c.obj                                240      0         0      
       s_floor.c.obj                                 224      0         0      
       setvbuf.c.obj                                 220      0         0      
       host_device.c.obj                             0        0         200    
       k_cos.c.obj                                   180      0         0      
       k_sin.c.obj                                   168      0         0      
       memcpy_t2.asm.obj                             156      0         0      
       fputc.c.obj                                   144      0         0      
       memset_t2.asm.obj                             122      0         0      
       getdevice.c.obj                               120      0         0      
       fclose.c.obj                                  116      0         0      
       s_frexp.c.obj                                 116      0         0      
       printf.c.obj                                  112      0         0      
       copy_decompress_lzss.c.obj                    108      0         0      
       hostrename.c.obj                              108      0         0      
       hostlseek.c.obj                               104      0         0      
       _io_perm.c.obj                                100      0         0      
       fseek.c.obj                                   100      0         0      
       hostopen.c.obj                                92       0         8      
       hostread.c.obj                                92       0         0      
       close.c.obj                                   88       0         0      
       hostwrite.c.obj                               88       0         0      
       exit.c.obj                                    72       0         12     
       i_div32.asm.obj                               84       0         0      
       ltoa.c.obj                                    84       0         0      
       atoi.c.obj                                    80       0         0      
       u_div32.asm.obj                               80       0         0      
       fflush.c.obj                                  76       0         0      
       autoinit.c.obj                                68       0         0      
       hostclose.c.obj                               68       0         0      
       hostunlink.c.obj                              68       0         0      
       strncpy.c.obj                                 54       0         0      
       fopen.c.obj                                   52       0         0      
       unlink.c.obj                                  44       0         0      
       lseek.c.obj                                   40       0         0      
       write.c.obj                                   40       0         0      
       memchr.c.obj                                  32       0         0      
       s_copysign.c.obj                              30       0         0      
       memccpy.c.obj                                 28       0         0      
       strcmp.c.obj                                  24       0         0      
       strchr.c.obj                                  22       0         0      
       strlen.c.obj                                  22       0         0      
       strcpy.c.obj                                  20       0         0      
       wcslen.c.obj                                  18       0         0      
       copy_decompress_none.c.obj                    14       0         0      
       copy_zero_init.c.obj                          12       0         0      
       errno.c.obj                                   8        0         4      
       _lock.c.obj                                   2        0         8      
       div0.asm.obj                                  2        0         0      
    +--+---------------------------------------------+--------+---------+---------+
       Total:                                        12939    601       944    
                                                                               
       Heap:                                         0        0         2048   
       Linker Generated:                             0        197       0      
    +--+---------------------------------------------+--------+---------+---------+
       Grand Total:                                  111811   2798      4339   


LINKER GENERATED COPY TABLES

__TI_cinit_table @ 0001bfb0 records: 3, size/record: 8, table size: 24
	.data: load addr=0001bf00, load size=00000090 bytes, run addr=080021c8, run size=00000300 bytes, compression=lzss
	FEE_DATA_SECTION: load addr=0001bf9c, load size=00000009 bytes, run addr=080024c8, run size=00000131 bytes, compression=lzss
	.bss: load addr=0001bfa8, load size=00000008 bytes, run addr=08001d00, run size=000004c7 bytes, compression=zero_init


LINKER GENERATED HANDLER TABLE

__TI_handler_table @ 0001bf90 records: 3, size/record: 4, table size: 12
	index: 0, handler: __TI_zero_init
	index: 1, handler: __TI_decompress_lzss
	index: 2, handler: __TI_decompress_none

VENEERS

callee name               veneer name
   callee addr  veneer addr  call addr  call info
--------------  -----------  ---------  ----------------
Fapi_serviceWatchdogTimer  $Ven$TA$L$PI$$Fapi_serviceWatchdogTimer
   00019b88     00019bb4     00019b74   F021_API_CortexR4_BE_V3D16.lib : Read.WdService.obj (.text:_Fapi_checkWdService)

[1 trampolines]
[1 trampoline calls]


GLOBAL SYMBOLS: SORTED ALPHABETICALLY BY Name 

address   name                                    
-------   ----                                    
00016ce4  ADS1018Adcread                          
080020b0  ADS1018Data                             
080023e8  AciSonuc                                
0800239f  AcilStopON                              
080023a3  AlignmentAuto                           
0800239d  AlignmentAutoState                      
080023a2  AlignmentLeft                           
0800239c  AlignmentLeftState                      
080023a1  AlignmentRight                          
0800239b  AlignmentRightState                     
00005b44  AllPowerSwitchSTatusGet                 
0800219c  Amount                                  
00005c10  AngleToValue                            
080023f0  AngleValue                              
08002140  ArkaSensorAriza                         
0800219e  AttractiveLeftSensorAndCamelNeck        
0800239e  AutoHizalama                            
08002144  AutoHizalamaBitti                       
0800239a  AutoHizalamaState                       
080020b8  AutomaticAligmentDone                   
080021a0  Average                                 
080020c0  BackSensorInoperative                   
08002148  BlockNumber                             
0800214c  BlockOffset                             
00005b30  Bottom1PowerSwitchStatusGet             
00019ba9  C$$EXIT                                 
000197a3  C$$IO$$                                 
08002474  CS_PIN                                  
08002150  CaliberAcilStopLed                      
080020c8  CalibrationCancel                       
080023b0  CalibrationDone                         
080020d0  CalibrationFailure                      
080020d8  CalibrationFinalSettings                
080020e0  CalibrationFirstTemprorySettings        
080020e8  CalibrationSecondTemprorySettings       
080020f0  Calibrationbegin                        
08002154  CamelneckHomeTemporary                  
08002158  CamelneckLeftAngleTemporary             
0800215c  CamelneckNumberTemporary                
080023bc  CamelneckNumberValue                    
08002160  CamelneckRightAngleTemporary            
00005ee4  CanRedHighLow                           
00005e90  CanYellowHighLow                        
080023ec  DegerSonuc                              
0001bd3c  Device_FlashDevice                      
080020f8  EmergencyStopActive                     
000197ad  Fapi_calculateFletcherChecksum          
00018a19  Fapi_doBlankCheck                       
00018bd1  Fapi_enableEepromBankSectors            
00019a11  Fapi_flushPipeline                      
00019b31  Fapi_getNumberOfBankSectors             
000173d1  Fapi_initializeFlashBanks               
000193d1  Fapi_isAddressEcc                       
0001996d  Fapi_issueAsyncCommand                  
000198b5  Fapi_issueAsyncCommandWithAddress       
00019b88  Fapi_serviceWatchdogTimer               
00017a19  Fapi_setActiveFlashBank                 
000198e5  Fapi_waitDelay                          
0001beec  Fee_BlockConfiguration                  
0001bee0  Fee_VirtualSectorConfiguration          
08002100  FifthWheelAnglePositioneLeft            
08002108  FifthWheelAnglePositioneRight           
08002164  FifthWheelHomeTemporary                 
08002168  FifthWheelLeftAngleTemporary            
0800216c  FifthWheelNumberTemporary               
080023b8  FifthWheelNumberValue                   
08002170  FifthWheelRightAngleTemporary           
08002110  FrontSensorInoperative                  
08002174  Fullautomaticled                        
080023b4  Fullautomaticmode                       
00016110  GetDate                                 
00015f24  GetRegister                             
00016040  Getdays                                 
0001600c  Gethours                                
00015fd8  Getminutes                              
000160a8  Getmonths                               
00015fa0  Getseconds                              
00016074  Getweekdays                             
000160dc  Getyears                                
0001955d  HOSTclose                               
00018f75  HOSTlseek                               
0001916d  HOSTopen                                
000191c9  HOSTread                                
00018e9d  HOSTrename                              
000195a1  HOSTunlink                              
00019225  HOSTwrite                               
0000583c  HardwareInit                            
00005c78  HedefAci                                
080023a7  ISS                                     
08002399  ISSActiveState                          
00006134  ISSCheck                                
08002118  ISSSingalActive                         
00005bc4  InputInit                               
00014628  IsdwdKeySequenceCorrect                 
00005ae8  Left2PowerSwitchStatusGet               
00005a60  Left4PowerSwitchStatusGet               
08002178  Length                                  
00015918  MCP_Init                                
000156a4  MCP_PinMode                             
0001573c  MCP_PinOutput                           
0001584c  MCP_PortRead                            
00015828  MCP_PortinputInvert                     
00015804  MCP_PortpullupMode                      
000158b0  MCP_pinRead                             
00005b5c  MCUADCread                              
08002120  ModeSelectDelay                         
00005948  OutputInit                              
00015680  PortMode                                
08002398  PumpSlaveBtn                            
080023c1  PumpState                               
0000581c  RTIInit                                 
08001e20  RX_DATA                                 
00016c4c  Register2write                          
00005b0c  Right2PowerSwitchStatusGet              
00005aa4  Right4PowerSwitchStatusGet              
UNDEFED   SHT$$INIT_ARRAY$$Base                   
UNDEFED   SHT$$INIT_ARRAY$$Limit                  
00005894  SPIADS1018Init                          
0000585c  SPIMCPInit                              
000058c8  SPIPCA2129Init                          
000058fc  SPISST25PF040CInit                      
08002475  SPI_PORT_NUMBER                         
00005930  SPIdevicesinit                          
0800217c  Semiautomaticled                        
080023b5  Semiautomaticmode                       
00016170  SetDate                                 
080023a5  SetMode                                 
00015ebc  SetRegister                             
00016054  Setdays                                 
00016020  Sethours                                
00015fec  Setminutes                              
000160bc  Setmonths                               
00015fb4  Setseconds                              
00016088  Setweekdays                             
000160f0  Setyears                                
08002090  SpecialRamBlock                         
0000de3c  SpiRxStatus                             
0000ddb0  SpiTxStatus                             
080021a2  Status                                  
080023a6  StopMode                                
080023ad  StopModeState                           
080023a0  SysActive                               
080023b1  SystemActiveCaliber                     
00000af4  TI_FeeInternal_AlignAddressForECC       
00001188  TI_FeeInternal_BlankCheck               
00004f34  TI_FeeInternal_CheckForError            
00002a54  TI_FeeInternal_CheckModuleState         
00002ab4  TI_FeeInternal_CheckReadParameters      
000056cc  TI_FeeInternal_EnableRequiredFlashSector
00003044  TI_FeeInternal_FeeManager               
00000ec4  TI_FeeInternal_FindNextVirtualSector    
000050b4  TI_FeeInternal_Fletcher16               
00001d24  TI_FeeInternal_GetArrayIndex            
00001c68  TI_FeeInternal_GetBlockIndex            
00001c2c  TI_FeeInternal_GetBlockNumber           
00000e84  TI_FeeInternal_GetBlockSize             
00002be4  TI_FeeInternal_GetCurrentBlockAddress   
00001ce8  TI_FeeInternal_GetDataSetIndex          
00002ce8  TI_FeeInternal_GetNextFlashAddress      
00001a50  TI_FeeInternal_GetVirtualSectorIndex    
00000020  TI_FeeInternal_GetVirtualSectorParameter
00004b14  TI_FeeInternal_InvalidateErase          
00000e08  TI_FeeInternal_PollFlashStatus          
00002d38  TI_FeeInternal_SanityCheck              
00002f28  TI_FeeInternal_SetClearCopyBlockState   
00004dc4  TI_FeeInternal_StartProgramBlock        
00001e90  TI_FeeInternal_UpdateBlockOffsetArray   
000044bc  TI_FeeInternal_WriteBlockHeader         
00000664  TI_FeeInternal_WriteDataF021            
00000b2c  TI_FeeInternal_WriteInitialize          
0000481c  TI_FeeInternal_WritePreviousBlockHeader 
000001b8  TI_FeeInternal_WriteVirtualSectorHeader 
000051e0  TI_Fee_ErrorRecovery                    
080025bc  TI_Fee_FapiInitCalled                   
0001b01c  TI_Fee_Format                           
00004ec8  TI_Fee_GetStatus                        
080024c8  TI_Fee_GlobalVariables                  
0000bc6c  TI_Fee_Init                             
0000e550  TI_Fee_MainFunction                     
0001a874  TI_Fee_Read                             
000054bc  TI_Fee_SuspendResumeErase               
00019bbc  TI_Fee_WriteAsync                       
080025a5  TI_Fee_bEraseSuspended                  
080025a6  TI_Fee_bIsMainFunctionCalled            
080025a8  TI_Fee_oStatusWord                      
080025a0  TI_Fee_u32ActCpyVS                      
08002598  TI_Fee_u32BlockEraseCount               
08002594  TI_Fee_u32FletcherChecksum              
08002590  TI_Fee_u8DataSets                       
0800259c  TI_Fee_u8DeviceIndex                    
080025a4  TI_Fee_u8ErrEraseVS                     
080025ac  TI_FlashStatusWord                      
080021a4  VN5T006ASPTRE_BOTTOM_CS1_VAL            
080021a6  VNQ5050KTRE_LEFT_1CS1_VAL               
080021a8  VNQ5050KTRE_LEFT_1CS2_VAL               
080021aa  VNQ5050KTRE_LEFT_1STAT1_VAL             
080021ac  VNQ5050KTRE_LEFT_1STAT2_VAL             
080021ae  VNQ5050KTRE_LEFT_1STAT3_VAL             
080021b0  VNQ5050KTRE_LEFT_1STAT4_VAL             
080021b2  VNQ5050KTRE_RIGHT_2CS1_VAL              
080021b4  VNQ5050KTRE_RIGHT_2CS2_VAL              
080021b6  VNQ5050KTRE_RIGHT_2STAT1_VAL            
080021b8  VNQ5050KTRE_RIGHT_2STAT2_VAL            
080021ba  VNQ5050KTRE_RIGHT_2STAT3_VAL            
080021bc  VNQ5050KTRE_RIGHT_2STAT4_VAL            
00005c40  ValueToAngle                            
08002128  VehicleInRoute                          
000195e5  _Fapi_EnableSectors                     
00019b6f  _Fapi_checkWdService                    
00019735  _Fapi_issueFsmCommand                   
0001910d  _Fapi_loopRegionForValue                
00019915  _Fapi_readDword                         
08001d00  __CIOBUF_                               
00000800  __SYSMEM_SIZE                           
0001bfb0  __TI_CINIT_Base                         
0001bfc8  __TI_CINIT_Limit                        
0001bf90  __TI_Handler_Table_Base                 
0001bf9c  __TI_Handler_Table_Limit                
00016920  __TI_PINIT_Base                         
00016924  __TI_PINIT_Limit                        
00019629  __TI_auto_init_nobinit_nopinit          
00019819  __TI_cleanup                            
08002488  __TI_cleanup_ptr                        
00018d45  __TI_closefile                          
00018f09  __TI_decompress_lzss                    
00019b61  __TI_decompress_none                    
00019511  __TI_doflush                            
0800248c  __TI_dtors_ptr                          
08002490  __TI_enable_exit_profile_output         
08002478  __TI_ft_end                             
ffffffff  __TI_pprof_out_hndl                     
0001213d  __TI_printfi                            
ffffffff  __TI_prof_data_size                     
ffffffff  __TI_prof_data_start                    
0001984d  __TI_readmsg                            
00000000  __TI_static_base__                      
08001ee8  __TI_tmpnams                            
00019771  __TI_writemsg                           
00019045  __TI_wrt_ok                             
00019b7b  __TI_zero_init                          
00019b91  __aeabi_errno_addr                      
0001937c  __aeabi_idiv                            
000188d3  __aeabi_idiv0                           
0001937c  __aeabi_idivmod                         
000188d3  __aeabi_ldiv0                           
00018ccb  __aeabi_memclr                          
00018ccb  __aeabi_memclr4                         
00018ccb  __aeabi_memclr8                         
0001897d  __aeabi_memcpy                          
0001897d  __aeabi_memcpy4                         
0001897d  __aeabi_memcpy8                         
00018ccd  __aeabi_memset                          
00018ccd  __aeabi_memset4                         
00018ccd  __aeabi_memset8                         
08002484  __aeabi_stderr                          
0800247c  __aeabi_stdin                           
08002480  __aeabi_stdout                          
000194c0  __aeabi_uidiv                           
000194c0  __aeabi_uidivmod                        
00016eb4  __aeabi_uldivmod                        
ffffffff  __binit__                               
ffffffff  __c_args__                              
00018771  __kernel_cos                            
000148f9  __kernel_rem_pio2                       
000188d5  __kernel_sin                            
0001716c  _c_int00                                
00016838  _coreClearAuxiliaryDataFault_           
0001684c  _coreClearAuxiliaryInstructionFault_    
00016810  _coreClearDataFaultAddress_             
000167e8  _coreClearDataFault_                    
00016824  _coreClearInstructionFaultAddress_      
000167fc  _coreClearInstructionFault_             
0001677c  _coreDisableEventBusExport_             
000167c0  _coreDisableFlashEcc_                   
0001679c  _coreDisableRamEcc_                     
0001676c  _coreEnableEventBusExport_              
000167ac  _coreEnableFlashEcc_                    
000167d0  _coreEnableIrqVicOffset_                
0001678c  _coreEnableRamEcc_                      
00016754  _coreEnableVfp_                         
00016830  _coreGetAuxiliaryDataFault_             
00016844  _coreGetAuxiliaryInstructionFault_      
00016808  _coreGetDataFaultAddress_               
000167e0  _coreGetDataFault_                      
0001681c  _coreGetInstructionFaultAddress_        
000167f4  _coreGetInstructionFault_               
000165dc  _coreInitRegisters_                     
000166e8  _coreInitStackPointer_                  
0001bbc8  _ctypes_                                
00018308  _dabort                                 
080022b8  _device                                 
00016860  _disable_FIQ_interrupt_                 
00016868  _disable_IRQ_interrupt_                 
00016858  _disable_interrupt_                     
00016870  _enable_interrupt_                      
00016900  _errata_CORTEXR4_57_                    
00016910  _errata_CORTEXR4_66_                    
00013c58  _errata_SSWF021_45_both_plls            
00013e4c  _errata_SSWF021_45_pll1                 
00013fc4  _errata_SSWF021_45_pll2                 
00016878  _esmCcmErrorsClear_                     
080021c8  _ftable                                 
00016734  _getCPSRValue_                          
0001673c  _gotoCPUIdle_                           
08002470  _invertCache                            
080024a0  _lock                                   
08002464  _modeCache                              
00012b87  _nop                                    
08002468  _outputCache                            
00018610  _pmuDisableCountersGlobal_              
00018600  _pmuEnableCountersGlobal_               
0001866c  _pmuGetCycleCount_                      
00018674  _pmuGetEventCount_                      
00018680  _pmuGetOverflow_                        
000185b4  _pmuInit_                               
00018640  _pmuResetCounters_                      
00018620  _pmuResetCycleCounter_                  
00018630  _pmuResetEventCounters_                 
00018660  _pmuSetCountEvent_                      
00018650  _pmuStartCounters_                      
00018658  _pmuStopCounters_                       
0800246c  _pullupCache                            
00019b41  _scaleEEFclk                            
00019b51  _scaleMainFclk                          
080023f4  _stream                                 
08001500  _sys_memory                             
UNDEFED   _system_post_cinit                      
080024a4  _unlock                                 
00019ba9  abort                                   
000109a4  adc1GetConfigValue                      
0000a420  adc1ParityCheck                         
0000a50c  adc2ParityCheck                         
00010580  adcCalibration                          
00010944  adcDisableNotification                  
000108f4  adcEnableNotification                   
00010358  adcGetData                              
0001098c  adcGetEVTPin                            
00010128  adcInit                                 
00010550  adcIsConversionComplete                 
00010520  adcIsFifoFull                           
00010758  adcMidPointCalibration                  
00017bfc  adcNotification                         
00010330  adcResetFiFo                            
0001096c  adcSetEVTPin                            
00010284  adcStartConversion                      
00010308  adcStopConversion                       
08001f88  adc_data                                
080021be  adc_samplecounter                       
080023e4  adress_value                            
080021c4  aligment_buf                            
080023c0  aligment_set_level                      
00017df1  aligned_alloc                           
00019471  atoi                                    
080023a9  auto_aligment                           
00015e78  bcdToDec                                
08002180  beginTime                               
ffffffff  binit                                   
00015628  byteWrite                               
0000ff5c  can1GetConfigValue                      
0000a5c4  can1ParityCheck                         
0000a69c  can2ParityCheck                         
0000fdfc  canDisableErrorNotification             
0000fddc  canDisableStatusChangeNotification      
0000fe54  canDisableloopback                      
0000fd9c  canEnableErrorNotification              
0000fdbc  canEnableStatusChangeNotification       
0000fe1c  canEnableloopback                       
00017c10  canErrorNotification                    
0000fb44  canFillMessageObjectData                
0000f86c  canGetData                              
0000fd78  canGetErrorLevel                        
0000f9c4  canGetID                                
0000fd54  canGetLastError                         
0000f630  canInit                                 
0000ff40  canIoRxGetBit                           
0000fe84  canIoSetDirection                       
0000fed4  canIoSetPort                            
0000ff24  canIoTxGetBit                           
0000fcf8  canIsMessageBoxValid                    
0000fc9c  canIsRxMessageArrived                   
0000fc40  canIsTxMessagePending                   
00005f44  canMessageCheck                         
00017c38  canMessageNotification                  
0000faa4  canSendRemoteFrame                      
080021c0  canSensorData                           
00017c24  canStatusChangeNotification             
0000f770  canTransmit                             
0000fa2c  canUpdateID                             
080024b8  can_rx_data                             
08002130  can_tx_data                             
00013194  capGetSignal                            
000091e4  ccmSelfCheck                            
0000b608  ccmr4GetConfigValue                     
080023c8  ch_count                                
00009aec  checkB0RAMECC                           
00009cdc  checkB1RAMECC                           
0000ac04  checkClockMonitor                       
00009ecc  checkFlashECC                           
0000accc  checkFlashEEPROMECC                     
0000ae60  checkPLL1Slip                           
00009080  checkPackets                            
0000af64  checkRAMAddrParity                      
0000a9b4  checkRAMECC                             
0000b078  checkRAMUERRTest                        
00009970  checkefcSelfTest                        
0001927d  close                                   
000068cc  commandButtonscheck                     
00019a53  copysign                                
00019a53  copysignl                               
000093e8  cpuSelfTest                             
00009fb0  cpuSelfTestFail                         
0800249e  currentStep                             
00011624  customTrimLPO                           
00009fa8  custom_dabort                           
08002184  dataconfig1_t                           
08002188  dataconfig2_t                           
0800218c  dataconfig3_t                           
08002190  dataconfig4_t                           
00015e44  decToBcd                                
000057f0  delay                                   
00008e1c  delaymode                               
0000ba70  disableParity                           
00017cc4  dmaGroupANotification                   
0000a060  dmaParityCheck                          
00014690  dwdClearFlag                            
000145c4  dwdCounterEnable                        
0001460c  dwdGenerateSysReset                     
0001465c  dwdGetStatus                            
000146a0  dwdGetViolationStatus                   
00014548  dwdInit                                 
000145f0  dwdReset                                
000145d4  dwdSetPreload                           
000145b8  dwwdGetCurrentDownCounter               
00014570  dwwdInit                                
00013154  edgeDisableNotification                 
00013118  edgeEnableNotification                  
000130ec  edgeGetCounter                          
00017c9c  edgeNotification                        
000130c0  edgeResetCounter                        
00005de8  eepromRead                              
08002444  eeprom_read_data                        
080020a0  eeprom_write_data                       
00009814  efcCheck                                
0000b570  efcGetConfigValue                       
00009948  efcSelfTest                             
0000989c  efcStuckZeroTest                        
080023a8  emergency_stop                          
0000b9f4  enableParity                            
00005cb4  epromWrite                              
0000b688  errata_PBIST_4                          
08002394  errno                                   
080023e0  error                                   
00015080  esmActivateNormalOperation              
00015154  esmClearStatus                          
00015194  esmClearStatusBuffer                    
00015048  esmDisableError                         
000150b8  esmDisableInterrupt                     
00015020  esmEnableError                          
00015090  esmEnableInterrupt                      
0001528c  esmEnterSelfTest                        
00015004  esmError                                
00015364  esmGetConfigValue                       
000151d0  esmGetStatus                            
00015254  esmGetStatusBuffer                      
00017b94  esmGroup1Notification                   
00017ba4  esmGroup2Notification                   
00017f04  esmHighInterrupt                        
00014efc  esmInit                                 
00015314  esmSelfTestStatus                       
000151b0  esmSetCounterPreloadValue               
000150e0  esmSetInterruptLevel                    
00015070  esmTriggerErrorPinReset                 
0001966d  exit                                    
0800249d  failStep                                
00019881  finddevice                              
000184d5  floor                                   
000184d5  floorl                                  
0000b1e8  fmcBus1ParityCheck                      
00009a10  fmcBus2Check                            
00009a4c  fmcECCcheck                             
00018b41  fputc                                   
00017cd9  fputs                                   
000183f1  free                                    
00018db9  frexp                                   
00018db9  frexpl                                  
000190a9  fseek                                   
00006cd4  fullAutomaticAligmentCommandsCheck      
00008cf4  fullAutomaticAutoAlignmentProcess       
00008714  fullAutomaticCommandCheck               
000075f0  fullAutomaticControlLeds                
000065d4  fullAutomaticPumpCheck                  
00008be0  fullAutomaticStandBymode                
080023a4  fullPumpState                           
080023ae  full_Automatic_AutoAlignment            
080023af  full_Automatic_Set_Aligment             
08002498  functiontodo                            
00006180  getSensorAndCamelNeckValue              
000196b1  getdevice                               
00015bd8  gioDisableNotification                  
00015b70  gioEnableNotification                   
00015ad8  gioGetBit                               
00015c40  gioGetConfigValue                       
00015b00  gioGetPort                              
00015978  gioInit                                 
00017c4c  gioNotification                         
00015a68  gioSetBit                               
00015a48  gioSetDirection                         
00015ab8  gioSetPort                              
00015b18  gioToggleBit                            
080021c2  global_counter                          
00019bb0  handlePLLLockFail                       
000132a0  het1GetConfigValue                      
0000a10c  het1ParityCheck                         
0000a274  het2ParityCheck                         
00013288  hetGetTimestamp                         
00012b88  hetInit                                 
00017cb0  hetNotification                         
0001326c  hetResetTimestamp                       
0000a1b8  htu1ParityCheck                         
0000a370  htu2ParityCheck                         
080023d0  id                                      
00018219  ldexp                                   
00018219  ldexpl                                  
080023aa  left_aligment                           
000199c1  lseek                                   
00019329  ltoa                                    
00008e90  main                                    
00019b99  malloc                                  
00010d6c  mapClocks                               
00017df1  memalign                                
00019aa9  memccpy                                 
00019a33  memchr                                  
0001897d  memcpy                                  
00009328  memoryInit                              
00017bb4  memoryPort0TestFailNotification         
00017bd0  memoryPort1TestFailNotification         
00018cd3  memset                                  
0000a764  mibspi1ParityCheck                      
0000a874  mibspi3ParityCheck                      
08002194  mode                                    
00008750  modeWarning                             
0001347c  muxInit                                 
080023e6  oResult                                 
08002138  parmbuf                                 
0000b304  pbistFail                               
0000b388  pbistGetConfigValue                     
0000975c  pbistIsTestCompleted                    
00009788  pbistIsTestPassed                       
000097bc  pbistPortTestStatus                     
00009660  pbistRun                                
00009480  pbistSelfCheck                          
0000972c  pbistStop                               
00010d18  periphInit                              
00019bac  phantomInterrupt                        
00013854  pinmuxGetConfigValue                    
00018fdd  printf                                  
00018b41  putc                                    
00013090  pwmDisableNotification                  
00013048  pwmEnableNotification                   
00012f68  pwmGetSignal                            
00017c84  pwmNotification                         
00012cb0  pwmSetDuty                              
00012dec  pwmSetSignal                            
00012c48  pwmStart                                
00012c7c  pwmStop                                 
080024c0  rcvId                                   
08002330  read_data                               
00019941  remove                                  
00000000  resetEntry                              
080023ab  right_aligment                          
00018aac  rtiCompare0Interrupt                    
00018af4  rtiCompare1Interrupt                    
00014750  rtiDisableNotification                  
00014728  rtiEnableNotification                   
0001476c  rtiGetConfigValue                       
000144bc  rtiGetCurrentTick                       
00014494  rtiGetPeriod                            
000142bc  rtiInit                                 
00009048  rtiNotification                         
00014408  rtiResetCounter                         
0001446c  rtiSetPeriod                            
000143b0  rtiStartCounter                         
000143dc  rtiStopCounter                          
00018219  scalbn                                  
00018219  scalbnl                                 
000091d4  selftestFailNotification                
00006340  semiAutomaticAligmentCommandsCheck      
000089e0  semiAutomaticAutoHizalamaProcess        
000086e4  semiAutomaticCommandsCheck              
000085a4  semiAutomaticControlLeds                
000062a4  semiAutomaticPumpCheck                  
00008b50  semiAutomaticStandByMode                
080021c5  sensorLeft                              
080021c6  sensorRight                             
00006638  setAligmentProcess                      
00016bf4  setStep                                 
080023ac  set_aligment                            
00015dfc  set_bit                                 
00010cd8  setupFlash                              
00010c14  setupPLL                                
00018695  setvbuf                                 
000161ed  sin                                     
000161ed  sinl                                    
0000df74  spi1GetConfigValue                      
0000e104  spi2GetConfigValue                      
0000e2f0  spi3GetConfigValue                      
0000defc  spiDisableLoopback                      
0000df48  spiDisableNotification                  
0000dec8  spiEnableLoopback                       
0000df18  spiEnableNotification                   
00017c74  spiEndNotification                      
0000d818  spiGetData                              
0000d350  spiInit                                 
00017c60  spiNotification                         
0000d6fc  spiReceiveData                          
0000dc70  spiSendAndGetData                       
0000da3c  spiSendData                             
0000d6dc  spiSetFunctional                        
0000db34  spiTransmitAndReceiveData               
0000d910  spiTransmitData                         
000154b8  spiWrite                                
00015534  spiWriteRead                            
000114e8  sramGetConfigValue                      
0000b4d0  stcGetConfigValue                       
0000936c  stcSelfCheck                            
00009fac  stcSelfCheckFail                        
08002494  step                                    
00019add  strchr                                  
00019ac5  strcmp                                  
00019b09  strcpy                                  
00019af3  strlen                                  
000197e3  strncpy                                 
0800249c  subStep                                 
0800249f  successStep                             
00006104  systemActiveCheck                       
00010f60  systemGetConfigValue                    
00010e64  systemInit                              
00010f30  systemPowerDown                         
0001133c  tcmflashGetConfigValue                  
080023b2  tick                                    
080023b3  tick2                                   
08002198  timeOut                                 
00010c64  trimLPO                                 
00019941  unlink                                  
080023d8  value                                   
000117bc  vimChannelMap                           
00011a28  vimDisableInterrupt                     
00011860  vimEnableInterrupt                      
00011ad4  vimGetConfigValue                       
000116e8  vimInit                                 
00009fb4  vimParityCheck                          
00016928  vimParityErrorHandler                   
00019b1d  wcslen                                  
000155c8  wordWrite                               
000199e9  write                                   


GLOBAL SYMBOLS: SORTED BY Symbol Address 

address   name                                    
-------   ----                                    
00000000  __TI_static_base__                      
00000000  resetEntry                              
00000020  TI_FeeInternal_GetVirtualSectorParameter
000001b8  TI_FeeInternal_WriteVirtualSectorHeader 
00000664  TI_FeeInternal_WriteDataF021            
00000800  __SYSMEM_SIZE                           
00000af4  TI_FeeInternal_AlignAddressForECC       
00000b2c  TI_FeeInternal_WriteInitialize          
00000e08  TI_FeeInternal_PollFlashStatus          
00000e84  TI_FeeInternal_GetBlockSize             
00000ec4  TI_FeeInternal_FindNextVirtualSector    
00001188  TI_FeeInternal_BlankCheck               
00001a50  TI_FeeInternal_GetVirtualSectorIndex    
00001c2c  TI_FeeInternal_GetBlockNumber           
00001c68  TI_FeeInternal_GetBlockIndex            
00001ce8  TI_FeeInternal_GetDataSetIndex          
00001d24  TI_FeeInternal_GetArrayIndex            
00001e90  TI_FeeInternal_UpdateBlockOffsetArray   
00002a54  TI_FeeInternal_CheckModuleState         
00002ab4  TI_FeeInternal_CheckReadParameters      
00002be4  TI_FeeInternal_GetCurrentBlockAddress   
00002ce8  TI_FeeInternal_GetNextFlashAddress      
00002d38  TI_FeeInternal_SanityCheck              
00002f28  TI_FeeInternal_SetClearCopyBlockState   
00003044  TI_FeeInternal_FeeManager               
000044bc  TI_FeeInternal_WriteBlockHeader         
0000481c  TI_FeeInternal_WritePreviousBlockHeader 
00004b14  TI_FeeInternal_InvalidateErase          
00004dc4  TI_FeeInternal_StartProgramBlock        
00004ec8  TI_Fee_GetStatus                        
00004f34  TI_FeeInternal_CheckForError            
000050b4  TI_FeeInternal_Fletcher16               
000051e0  TI_Fee_ErrorRecovery                    
000054bc  TI_Fee_SuspendResumeErase               
000056cc  TI_FeeInternal_EnableRequiredFlashSector
000057f0  delay                                   
0000581c  RTIInit                                 
0000583c  HardwareInit                            
0000585c  SPIMCPInit                              
00005894  SPIADS1018Init                          
000058c8  SPIPCA2129Init                          
000058fc  SPISST25PF040CInit                      
00005930  SPIdevicesinit                          
00005948  OutputInit                              
00005a60  Left4PowerSwitchStatusGet               
00005aa4  Right4PowerSwitchStatusGet              
00005ae8  Left2PowerSwitchStatusGet               
00005b0c  Right2PowerSwitchStatusGet              
00005b30  Bottom1PowerSwitchStatusGet             
00005b44  AllPowerSwitchSTatusGet                 
00005b5c  MCUADCread                              
00005bc4  InputInit                               
00005c10  AngleToValue                            
00005c40  ValueToAngle                            
00005c78  HedefAci                                
00005cb4  epromWrite                              
00005de8  eepromRead                              
00005e90  CanYellowHighLow                        
00005ee4  CanRedHighLow                           
00005f44  canMessageCheck                         
00006104  systemActiveCheck                       
00006134  ISSCheck                                
00006180  getSensorAndCamelNeckValue              
000062a4  semiAutomaticPumpCheck                  
00006340  semiAutomaticAligmentCommandsCheck      
000065d4  fullAutomaticPumpCheck                  
00006638  setAligmentProcess                      
000068cc  commandButtonscheck                     
00006cd4  fullAutomaticAligmentCommandsCheck      
000075f0  fullAutomaticControlLeds                
000085a4  semiAutomaticControlLeds                
000086e4  semiAutomaticCommandsCheck              
00008714  fullAutomaticCommandCheck               
00008750  modeWarning                             
000089e0  semiAutomaticAutoHizalamaProcess        
00008b50  semiAutomaticStandByMode                
00008be0  fullAutomaticStandBymode                
00008cf4  fullAutomaticAutoAlignmentProcess       
00008e1c  delaymode                               
00008e90  main                                    
00009048  rtiNotification                         
00009080  checkPackets                            
000091d4  selftestFailNotification                
000091e4  ccmSelfCheck                            
00009328  memoryInit                              
0000936c  stcSelfCheck                            
000093e8  cpuSelfTest                             
00009480  pbistSelfCheck                          
00009660  pbistRun                                
0000972c  pbistStop                               
0000975c  pbistIsTestCompleted                    
00009788  pbistIsTestPassed                       
000097bc  pbistPortTestStatus                     
00009814  efcCheck                                
0000989c  efcStuckZeroTest                        
00009948  efcSelfTest                             
00009970  checkefcSelfTest                        
00009a10  fmcBus2Check                            
00009a4c  fmcECCcheck                             
00009aec  checkB0RAMECC                           
00009cdc  checkB1RAMECC                           
00009ecc  checkFlashECC                           
00009fa8  custom_dabort                           
00009fac  stcSelfCheckFail                        
00009fb0  cpuSelfTestFail                         
00009fb4  vimParityCheck                          
0000a060  dmaParityCheck                          
0000a10c  het1ParityCheck                         
0000a1b8  htu1ParityCheck                         
0000a274  het2ParityCheck                         
0000a370  htu2ParityCheck                         
0000a420  adc1ParityCheck                         
0000a50c  adc2ParityCheck                         
0000a5c4  can1ParityCheck                         
0000a69c  can2ParityCheck                         
0000a764  mibspi1ParityCheck                      
0000a874  mibspi3ParityCheck                      
0000a9b4  checkRAMECC                             
0000ac04  checkClockMonitor                       
0000accc  checkFlashEEPROMECC                     
0000ae60  checkPLL1Slip                           
0000af64  checkRAMAddrParity                      
0000b078  checkRAMUERRTest                        
0000b1e8  fmcBus1ParityCheck                      
0000b304  pbistFail                               
0000b388  pbistGetConfigValue                     
0000b4d0  stcGetConfigValue                       
0000b570  efcGetConfigValue                       
0000b608  ccmr4GetConfigValue                     
0000b688  errata_PBIST_4                          
0000b9f4  enableParity                            
0000ba70  disableParity                           
0000bc6c  TI_Fee_Init                             
0000d350  spiInit                                 
0000d6dc  spiSetFunctional                        
0000d6fc  spiReceiveData                          
0000d818  spiGetData                              
0000d910  spiTransmitData                         
0000da3c  spiSendData                             
0000db34  spiTransmitAndReceiveData               
0000dc70  spiSendAndGetData                       
0000ddb0  SpiTxStatus                             
0000de3c  SpiRxStatus                             
0000dec8  spiEnableLoopback                       
0000defc  spiDisableLoopback                      
0000df18  spiEnableNotification                   
0000df48  spiDisableNotification                  
0000df74  spi1GetConfigValue                      
0000e104  spi2GetConfigValue                      
0000e2f0  spi3GetConfigValue                      
0000e550  TI_Fee_MainFunction                     
0000f630  canInit                                 
0000f770  canTransmit                             
0000f86c  canGetData                              
0000f9c4  canGetID                                
0000fa2c  canUpdateID                             
0000faa4  canSendRemoteFrame                      
0000fb44  canFillMessageObjectData                
0000fc40  canIsTxMessagePending                   
0000fc9c  canIsRxMessageArrived                   
0000fcf8  canIsMessageBoxValid                    
0000fd54  canGetLastError                         
0000fd78  canGetErrorLevel                        
0000fd9c  canEnableErrorNotification              
0000fdbc  canEnableStatusChangeNotification       
0000fddc  canDisableStatusChangeNotification      
0000fdfc  canDisableErrorNotification             
0000fe1c  canEnableloopback                       
0000fe54  canDisableloopback                      
0000fe84  canIoSetDirection                       
0000fed4  canIoSetPort                            
0000ff24  canIoTxGetBit                           
0000ff40  canIoRxGetBit                           
0000ff5c  can1GetConfigValue                      
00010128  adcInit                                 
00010284  adcStartConversion                      
00010308  adcStopConversion                       
00010330  adcResetFiFo                            
00010358  adcGetData                              
00010520  adcIsFifoFull                           
00010550  adcIsConversionComplete                 
00010580  adcCalibration                          
00010758  adcMidPointCalibration                  
000108f4  adcEnableNotification                   
00010944  adcDisableNotification                  
0001096c  adcSetEVTPin                            
0001098c  adcGetEVTPin                            
000109a4  adc1GetConfigValue                      
00010c14  setupPLL                                
00010c64  trimLPO                                 
00010cd8  setupFlash                              
00010d18  periphInit                              
00010d6c  mapClocks                               
00010e64  systemInit                              
00010f30  systemPowerDown                         
00010f60  systemGetConfigValue                    
0001133c  tcmflashGetConfigValue                  
000114e8  sramGetConfigValue                      
00011624  customTrimLPO                           
000116e8  vimInit                                 
000117bc  vimChannelMap                           
00011860  vimEnableInterrupt                      
00011a28  vimDisableInterrupt                     
00011ad4  vimGetConfigValue                       
0001213d  __TI_printfi                            
00012b87  _nop                                    
00012b88  hetInit                                 
00012c48  pwmStart                                
00012c7c  pwmStop                                 
00012cb0  pwmSetDuty                              
00012dec  pwmSetSignal                            
00012f68  pwmGetSignal                            
00013048  pwmEnableNotification                   
00013090  pwmDisableNotification                  
000130c0  edgeResetCounter                        
[...]
00015314  esmSelfTestStatus                       
00015364  esmGetConfigValue                       
000154b8  spiWrite                                
00015534  spiWriteRead                            
000155c8  wordWrite                               
00015628  byteWrite                               
00015680  PortMode                                
000156a4  MCP_PinMode                             
0001573c  MCP_PinOutput                           
00015804  MCP_PortpullupMode                      
00015828  MCP_PortinputInvert                     
0001584c  MCP_PortRead                            
000158b0  MCP_pinRead                             
00015918  MCP_Init                                
00015978  gioInit                                 
00015a48  gioSetDirection                         
00015a68  gioSetBit                               
00015ab8  gioSetPort                              
00015ad8  gioGetBit                               
00015b00  gioGetPort                              
00015b18  gioToggleBit                            
00015b70  gioEnableNotification                   
00015bd8  gioDisableNotification                  
00015c40  gioGetConfigValue                       
00015dfc  set_bit                                 
00015e44  decToBcd                                
00015e78  bcdToDec                                
00015ebc  SetRegister                             
00015f24  GetRegister                             
00015fa0  Getseconds                              
00015fb4  Setseconds                              
00015fd8  Getminutes                              
00015fec  Setminutes                              
0001600c  Gethours                                
00016020  Sethours                                
00016040  Getdays                                 
00016054  Setdays                                 
00016074  Getweekdays                             
00016088  Setweekdays                             
000160a8  Getmonths                               
000160bc  Setmonths                               
000160dc  Getyears                                
000160f0  Setyears                                
00016110  GetDate                                 
00016170  SetDate                                 
000161ed  sin                                     
000161ed  sinl                                    
000165dc  _coreInitRegisters_                     
000166e8  _coreInitStackPointer_                  
00016734  _getCPSRValue_                          
0001673c  _gotoCPUIdle_                           
00016754  _coreEnableVfp_                         
0001676c  _coreEnableEventBusExport_              
0001677c  _coreDisableEventBusExport_             
0001678c  _coreEnableRamEcc_                      
0001679c  _coreDisableRamEcc_                     
000167ac  _coreEnableFlashEcc_                    
000167c0  _coreDisableFlashEcc_                   
000167d0  _coreEnableIrqVicOffset_                
000167e0  _coreGetDataFault_                      
000167e8  _coreClearDataFault_                    
000167f4  _coreGetInstructionFault_               
000167fc  _coreClearInstructionFault_             
00016808  _coreGetDataFaultAddress_               
00016810  _coreClearDataFaultAddress_             
0001681c  _coreGetInstructionFaultAddress_        
00016824  _coreClearInstructionFaultAddress_      
00016830  _coreGetAuxiliaryDataFault_             
00016838  _coreClearAuxiliaryDataFault_           
00016844  _coreGetAuxiliaryInstructionFault_      
0001684c  _coreClearAuxiliaryInstructionFault_    
00016858  _disable_interrupt_                     
00016860  _disable_FIQ_interrupt_                 
00016868  _disable_IRQ_interrupt_                 
00016870  _enable_interrupt_                      
00016878  _esmCcmErrorsClear_                     
00016900  _errata_CORTEXR4_57_                    
00016910  _errata_CORTEXR4_66_                    
00016920  __TI_PINIT_Base                         
00016924  __TI_PINIT_Limit                        
00016928  vimParityErrorHandler                   
00016bf4  setStep                                 
00016c4c  Register2write                          
00016ce4  ADS1018Adcread                          
00016eb4  __aeabi_uldivmod                        
0001716c  _c_int00                                
000173d1  Fapi_initializeFlashBanks               
00017a19  Fapi_setActiveFlashBank                 
00017b94  esmGroup1Notification                   
00017ba4  esmGroup2Notification                   
00017bb4  memoryPort0TestFailNotification         
00017bd0  memoryPort1TestFailNotification         
00017bfc  adcNotification                         
00017c10  canErrorNotification                    
00017c24  canStatusChangeNotification             
00017c38  canMessageNotification                  
00017c4c  gioNotification                         
00017c60  spiNotification                         
00017c74  spiEndNotification                      
00017c84  pwmNotification                         
00017c9c  edgeNotification                        
00017cb0  hetNotification                         
00017cc4  dmaGroupANotification                   
00017cd9  fputs                                   
00017df1  aligned_alloc                           
00017df1  memalign                                
00017f04  esmHighInterrupt                        
00018219  ldexp                                   
00018219  ldexpl                                  
00018219  scalbn                                  
00018219  scalbnl                                 
00018308  _dabort                                 
000183f1  free                                    
000184d5  floor                                   
000184d5  floorl                                  
000185b4  _pmuInit_                               
00018600  _pmuEnableCountersGlobal_               
00018610  _pmuDisableCountersGlobal_              
00018620  _pmuResetCycleCounter_                  
00018630  _pmuResetEventCounters_                 
00018640  _pmuResetCounters_                      
00018650  _pmuStartCounters_                      
00018658  _pmuStopCounters_                       
00018660  _pmuSetCountEvent_                      
0001866c  _pmuGetCycleCount_                      
00018674  _pmuGetEventCount_                      
00018680  _pmuGetOverflow_                        
00018695  setvbuf                                 
00018771  __kernel_cos                            
000188d3  __aeabi_idiv0                           
000188d3  __aeabi_ldiv0                           
000188d5  __kernel_sin                            
0001897d  __aeabi_memcpy                          
0001897d  __aeabi_memcpy4                         
0001897d  __aeabi_memcpy8                         
0001897d  memcpy                                  
00018a19  Fapi_doBlankCheck                       
00018aac  rtiCompare0Interrupt                    
00018af4  rtiCompare1Interrupt                    
00018b41  fputc                                   
00018b41  putc                                    
00018bd1  Fapi_enableEepromBankSectors            
00018ccb  __aeabi_memclr                          
00018ccb  __aeabi_memclr4                         
00018ccb  __aeabi_memclr8                         
00018ccd  __aeabi_memset                          
00018ccd  __aeabi_memset4                         
00018ccd  __aeabi_memset8                         
00018cd3  memset                                  
00018d45  __TI_closefile                          
00018db9  frexp                                   
00018db9  frexpl                                  
00018e9d  HOSTrename                              
00018f09  __TI_decompress_lzss                    
00018f75  HOSTlseek                               
00018fdd  printf                                  
00019045  __TI_wrt_ok                             
000190a9  fseek                                   
0001910d  _Fapi_loopRegionForValue                
0001916d  HOSTopen                                
000191c9  HOSTread                                
00019225  HOSTwrite                               
0001927d  close                                   
00019329  ltoa                                    
0001937c  __aeabi_idiv                            
0001937c  __aeabi_idivmod                         
000193d1  Fapi_isAddressEcc                       
00019471  atoi                                    
000194c0  __aeabi_uidiv                           
000194c0  __aeabi_uidivmod                        
00019511  __TI_doflush                            
0001955d  HOSTclose                               
000195a1  HOSTunlink                              
000195e5  _Fapi_EnableSectors                     
00019629  __TI_auto_init_nobinit_nopinit          
0001966d  exit                                    
000196b1  getdevice                               
00019735  _Fapi_issueFsmCommand                   
00019771  __TI_writemsg                           
000197a3  C$$IO$$                                 
000197ad  Fapi_calculateFletcherChecksum          
000197e3  strncpy                                 
00019819  __TI_cleanup                            
0001984d  __TI_readmsg                            
00019881  finddevice                              
000198b5  Fapi_issueAsyncCommandWithAddress       
000198e5  Fapi_waitDelay                          
00019915  _Fapi_readDword                         
00019941  remove                                  
00019941  unlink                                  
0001996d  Fapi_issueAsyncCommand                  
000199c1  lseek                                   
000199e9  write                                   
00019a11  Fapi_flushPipeline                      
00019a33  memchr                                  
00019a53  copysign                                
00019a53  copysignl                               
00019aa9  memccpy                                 
00019ac5  strcmp                                  
00019add  strchr                                  
00019af3  strlen                                  
00019b09  strcpy                                  
00019b1d  wcslen                                  
00019b31  Fapi_getNumberOfBankSectors             
00019b41  _scaleEEFclk                            
00019b51  _scaleMainFclk                          
00019b61  __TI_decompress_none                    
00019b6f  _Fapi_checkWdService                    
00019b7b  __TI_zero_init                          
00019b88  Fapi_serviceWatchdogTimer               
00019b91  __aeabi_errno_addr                      
00019b99  malloc                                  
00019ba9  C$$EXIT                                 
00019ba9  abort                                   
00019bac  phantomInterrupt                        
00019bb0  handlePLLLockFail                       
00019bbc  TI_Fee_WriteAsync                       
0001a874  TI_Fee_Read                             
0001b01c  TI_Fee_Format                           
0001bbc8  _ctypes_                                
0001bd3c  Device_FlashDevice                      
0001bee0  Fee_VirtualSectorConfiguration          
0001beec  Fee_BlockConfiguration                  
0001bf90  __TI_Handler_Table_Base                 
0001bf9c  __TI_Handler_Table_Limit                
0001bfb0  __TI_CINIT_Base                         
0001bfc8  __TI_CINIT_Limit                        
08001500  _sys_memory                             
08001d00  __CIOBUF_                               
08001e20  RX_DATA                                 
08001ee8  __TI_tmpnams                            
08001f88  adc_data                                
08002090  SpecialRamBlock                         
080020a0  eeprom_write_data                       
080020b0  ADS1018Data                             
080020b8  AutomaticAligmentDone                   
080020c0  BackSensorInoperative                   
080020c8  CalibrationCancel                       
080020d0  CalibrationFailure                      
080020d8  CalibrationFinalSettings                
080020e0  CalibrationFirstTemprorySettings        
080020e8  CalibrationSecondTemprorySettings       
080020f0  Calibrationbegin                        
080020f8  EmergencyStopActive                     
08002100  FifthWheelAnglePositioneLeft            
08002108  FifthWheelAnglePositioneRight           
08002110  FrontSensorInoperative                  
08002118  ISSSingalActive                         
08002120  ModeSelectDelay                         
08002128  VehicleInRoute                          
08002130  can_tx_data                             
08002138  parmbuf                                 
08002140  ArkaSensorAriza                         
08002144  AutoHizalamaBitti                       
08002148  BlockNumber                             
0800214c  BlockOffset                             
08002150  CaliberAcilStopLed                      
08002154  CamelneckHomeTemporary                  
08002158  CamelneckLeftAngleTemporary             
0800215c  CamelneckNumberTemporary                
08002160  CamelneckRightAngleTemporary            
08002164  FifthWheelHomeTemporary                 
08002168  FifthWheelLeftAngleTemporary            
0800216c  FifthWheelNumberTemporary               
08002170  FifthWheelRightAngleTemporary           
08002174  Fullautomaticled                        
08002178  Length                                  
0800217c  Semiautomaticled                        
08002180  beginTime                               
08002184  dataconfig1_t                           
08002188  dataconfig2_t                           
0800218c  dataconfig3_t                           
08002190  dataconfig4_t                           
08002194  mode                                    
08002198  timeOut                                 
0800219c  Amount                                  
0800219e  AttractiveLeftSensorAndCamelNeck        
080021a0  Average                                 
080021a2  Status                                  
080021a4  VN5T006ASPTRE_BOTTOM_CS1_VAL            
080021a6  VNQ5050KTRE_LEFT_1CS1_VAL               
080021a8  VNQ5050KTRE_LEFT_1CS2_VAL               
080021aa  VNQ5050KTRE_LEFT_1STAT1_VAL             
080021ac  VNQ5050KTRE_LEFT_1STAT2_VAL             
080021ae  VNQ5050KTRE_LEFT_1STAT3_VAL             
080021b0  VNQ5050KTRE_LEFT_1STAT4_VAL             
080021b2  VNQ5050KTRE_RIGHT_2CS1_VAL              
080021b4  VNQ5050KTRE_RIGHT_2CS2_VAL              
080021b6  VNQ5050KTRE_RIGHT_2STAT1_VAL            
080021b8  VNQ5050KTRE_RIGHT_2STAT2_VAL            
080021ba  VNQ5050KTRE_RIGHT_2STAT3_VAL            
080021bc  VNQ5050KTRE_RIGHT_2STAT4_VAL            
080021be  adc_samplecounter                       
080021c0  canSensorData                           
080021c2  global_counter                          
080021c4  aligment_buf                            
080021c5  sensorLeft                              
080021c6  sensorRight                             
080021c8  _ftable                                 
080022b8  _device                                 
08002330  read_data                               
08002394  errno                                   
08002398  PumpSlaveBtn                            
08002399  ISSActiveState                          
0800239a  AutoHizalamaState                       
0800239b  AlignmentRightState                     
0800239c  AlignmentLeftState                      
0800239d  AlignmentAutoState                      
0800239e  AutoHizalama                            
0800239f  AcilStopON                              
080023a0  SysActive                               
080023a1  AlignmentRight                          
080023a2  AlignmentLeft                           
080023a3  AlignmentAuto                           
080023a4  fullPumpState                           
080023a5  SetMode                                 
080023a6  StopMode                                
080023a7  ISS                                     
080023a8  emergency_stop                          
080023a9  auto_aligment                           
080023aa  left_aligment                           
080023ab  right_aligment                          
080023ac  set_aligment                            
080023ad  StopModeState                           
080023ae  full_Automatic_AutoAlignment            
080023af  full_Automatic_Set_Aligment             
080023b0  CalibrationDone                         
080023b1  SystemActiveCaliber                     
080023b2  tick                                    
080023b3  tick2                                   
080023b4  Fullautomaticmode                       
080023b5  Semiautomaticmode                       
080023b8  FifthWheelNumberValue                   
080023bc  CamelneckNumberValue                    
080023c0  aligment_set_level                      
080023c1  PumpState                               
080023c8  ch_count                                
080023d0  id                                      
080023d8  value                                   
080023e0  error                                   
080023e4  adress_value                            
080023e6  oResult                                 
080023e8  AciSonuc                                
080023ec  DegerSonuc                              
080023f0  AngleValue                              
080023f4  _stream                                 
08002444  eeprom_read_data                        
08002464  _modeCache                              
08002468  _outputCache                            
0800246c  _pullupCache                            
08002470  _invertCache                            
08002474  CS_PIN                                  
08002475  SPI_PORT_NUMBER                         
08002478  __TI_ft_end                             
0800247c  __aeabi_stdin                           
08002480  __aeabi_stdout                          
08002484  __aeabi_stderr                          
08002488  __TI_cleanup_ptr                        
0800248c  __TI_dtors_ptr                          
08002490  __TI_enable_exit_profile_output         
08002494  step                                    
08002498  functiontodo                            
0800249c  subStep                                 
0800249d  failStep                                
0800249e  currentStep                             
0800249f  successStep                             
080024a0  _lock                                   
080024a4  _unlock                                 
080024b8  can_rx_data                             
080024c0  rcvId                                   
080024c8  TI_Fee_GlobalVariables                  
08002590  TI_Fee_u8DataSets                       
08002594  TI_Fee_u32FletcherChecksum              
08002598  TI_Fee_u32BlockEraseCount               
0800259c  TI_Fee_u8DeviceIndex                    
080025a0  TI_Fee_u32ActCpyVS                      
080025a4  TI_Fee_u8ErrEraseVS                     
080025a5  TI_Fee_bEraseSuspended                  
080025a6  TI_Fee_bIsMainFunctionCalled            
080025a8  TI_Fee_oStatusWord                      
080025ac  TI_FlashStatusWord                      
080025bc  TI_Fee_FapiInitCalled                   
ffffffff  __TI_pprof_out_hndl                     
ffffffff  __TI_prof_data_size                     
ffffffff  __TI_prof_data_start                    
ffffffff  __binit__                               
ffffffff  __c_args__                              
ffffffff  binit                                   
UNDEFED   SHT$$INIT_ARRAY$$Base                   
UNDEFED   SHT$$INIT_ARRAY$$Limit                  
UNDEFED   _system_post_cinit                      

[655 symbols]
