<?xml version="1.0" encoding="ISO-8859-1" ?>
<link_info>
   <banner>TI ARM Linker PC v18.12.4.LTS</banner>
   <copyright>Copyright (c) 1996-2018 Texas Instruments Incorporated</copyright>
   <link_time>0x60745878</link_time>
   <link_errors>0x0</link_errors>
   <output_file>Lowbadtest.out</output_file>
   <entry_point>
      <name>_c_int00</name>
      <address>0xea14</address>
   </entry_point>
   <input_file_list>
      <input_file id="fl-2">
         <path>.\source\</path>
         <kind>object</kind>
         <file>Device_TMS570LS07.obj</file>
         <name>Device_TMS570LS07.obj</name>
      </input_file>
      <input_file id="fl-3">
         <path>.\source\</path>
         <kind>object</kind>
         <file>Fapi_UserDefinedFunctions.obj</file>
         <name>Fapi_UserDefinedFunctions.obj</name>
      </input_file>
      <input_file id="fl-4">
         <path>.\source\</path>
         <kind>object</kind>
         <file>MCP23S17.obj</file>
         <name>MCP23S17.obj</name>
      </input_file>
      <input_file id="fl-5">
         <path>.\source\</path>
         <kind>object</kind>
         <file>PCA2129.obj</file>
         <name>PCA2129.obj</name>
      </input_file>
      <input_file id="fl-6">
         <path>.\source\</path>
         <kind>object</kind>
         <file>SST25PF040C.obj</file>
         <name>SST25PF040C.obj</name>
      </input_file>
      <input_file id="fl-7">
         <path>.\source\</path>
         <kind>object</kind>
         <file>adc.obj</file>
         <name>adc.obj</name>
      </input_file>
      <input_file id="fl-8">
         <path>.\source\</path>
         <kind>object</kind>
         <file>can.obj</file>
         <name>can.obj</name>
      </input_file>
      <input_file id="fl-9">
         <path>.\source\</path>
         <kind>object</kind>
         <file>dabort.obj</file>
         <name>dabort.obj</name>
      </input_file>
      <input_file id="fl-a">
         <path>.\source\</path>
         <kind>object</kind>
         <file>errata_SSWF021_45.obj</file>
         <name>errata_SSWF021_45.obj</name>
      </input_file>
      <input_file id="fl-b">
         <path>.\source\</path>
         <kind>object</kind>
         <file>esm.obj</file>
         <name>esm.obj</name>
      </input_file>
      <input_file id="fl-c">
         <path>.\source\</path>
         <kind>object</kind>
         <file>gio.obj</file>
         <name>gio.obj</name>
      </input_file>
      <input_file id="fl-d">
         <path>.\source\</path>
         <kind>object</kind>
         <file>het.obj</file>
         <name>het.obj</name>
      </input_file>
      <input_file id="fl-e">
         <path>.\source\</path>
         <kind>object</kind>
         <file>notification.obj</file>
         <name>notification.obj</name>
      </input_file>
      <input_file id="fl-f">
         <path>.\source\</path>
         <kind>object</kind>
         <file>pinmux.obj</file>
         <name>pinmux.obj</name>
      </input_file>
      <input_file id="fl-10">
         <path>.\source\</path>
         <kind>object</kind>
         <file>rti.obj</file>
         <name>rti.obj</name>
      </input_file>
      <input_file id="fl-11">
         <path>.\source\</path>
         <kind>object</kind>
         <file>spi.obj</file>
         <name>spi.obj</name>
      </input_file>
      <input_file id="fl-12">
         <path>.\source\</path>
         <kind>object</kind>
         <file>sys_core.obj</file>
         <name>sys_core.obj</name>
      </input_file>
      <input_file id="fl-13">
         <path>.\source\</path>
         <kind>object</kind>
         <file>sys_dma.obj</file>
         <name>sys_dma.obj</name>
      </input_file>
      <input_file id="fl-14">
         <path>.\source\</path>
         <kind>object</kind>
         <file>sys_intvecs.obj</file>
         <name>sys_intvecs.obj</name>
      </input_file>
      <input_file id="fl-15">
         <path>.\source\</path>
         <kind>object</kind>
         <file>sys_main.obj</file>
         <name>sys_main.obj</name>
      </input_file>
      <input_file id="fl-16">
         <path>.\source\</path>
         <kind>object</kind>
         <file>sys_mpu.obj</file>
         <name>sys_mpu.obj</name>
      </input_file>
      <input_file id="fl-17">
         <path>.\source\</path>
         <kind>object</kind>
         <file>sys_pcr.obj</file>
         <name>sys_pcr.obj</name>
      </input_file>
      <input_file id="fl-18">
         <path>.\source\</path>
         <kind>object</kind>
         <file>sys_phantom.obj</file>
         <name>sys_phantom.obj</name>
      </input_file>
      <input_file id="fl-19">
         <path>.\source\</path>
         <kind>object</kind>
         <file>sys_pmm.obj</file>
         <name>sys_pmm.obj</name>
      </input_file>
      <input_file id="fl-1a">
         <path>.\source\</path>
         <kind>object</kind>
         <file>sys_pmu.obj</file>
         <name>sys_pmu.obj</name>
      </input_file>
      <input_file id="fl-1b">
         <path>.\source\</path>
         <kind>object</kind>
         <file>sys_selftest.obj</file>
         <name>sys_selftest.obj</name>
      </input_file>
      <input_file id="fl-1c">
         <path>.\source\</path>
         <kind>object</kind>
         <file>sys_startup.obj</file>
         <name>sys_startup.obj</name>
      </input_file>
      <input_file id="fl-1d">
         <path>.\source\</path>
         <kind>object</kind>
         <file>sys_vim.obj</file>
         <name>sys_vim.obj</name>
      </input_file>
      <input_file id="fl-1e">
         <path>.\source\</path>
         <kind>object</kind>
         <file>system.obj</file>
         <name>system.obj</name>
      </input_file>
      <input_file id="fl-1f">
         <path>.\source\</path>
         <kind>object</kind>
         <file>ti_fee_Info.obj</file>
         <name>ti_fee_Info.obj</name>
      </input_file>
      <input_file id="fl-20">
         <path>.\source\</path>
         <kind>object</kind>
         <file>ti_fee_cancel.obj</file>
         <name>ti_fee_cancel.obj</name>
      </input_file>
      <input_file id="fl-21">
         <path>.\source\</path>
         <kind>object</kind>
         <file>ti_fee_cfg.obj</file>
         <name>ti_fee_cfg.obj</name>
      </input_file>
      <input_file id="fl-22">
         <path>.\source\</path>
         <kind>object</kind>
         <file>ti_fee_eraseimmediateblock.obj</file>
         <name>ti_fee_eraseimmediateblock.obj</name>
      </input_file>
      <input_file id="fl-23">
         <path>.\source\</path>
         <kind>object</kind>
         <file>ti_fee_format.obj</file>
         <name>ti_fee_format.obj</name>
      </input_file>
      <input_file id="fl-24">
         <path>.\source\</path>
         <kind>object</kind>
         <file>ti_fee_ini.obj</file>
         <name>ti_fee_ini.obj</name>
      </input_file>
      <input_file id="fl-25">
         <path>.\source\</path>
         <kind>object</kind>
         <file>ti_fee_invalidateblock.obj</file>
         <name>ti_fee_invalidateblock.obj</name>
      </input_file>
      <input_file id="fl-26">
         <path>.\source\</path>
         <kind>object</kind>
         <file>ti_fee_main.obj</file>
         <name>ti_fee_main.obj</name>
      </input_file>
      <input_file id="fl-27">
         <path>.\source\</path>
         <kind>object</kind>
         <file>ti_fee_read.obj</file>
         <name>ti_fee_read.obj</name>
      </input_file>
      <input_file id="fl-28">
         <path>.\source\</path>
         <kind>object</kind>
         <file>ti_fee_readSync.obj</file>
         <name>ti_fee_readSync.obj</name>
      </input_file>
      <input_file id="fl-29">
         <path>.\source\</path>
         <kind>object</kind>
         <file>ti_fee_shutdown.obj</file>
         <name>ti_fee_shutdown.obj</name>
      </input_file>
      <input_file id="fl-2a">
         <path>.\source\</path>
         <kind>object</kind>
         <file>ti_fee_util.obj</file>
         <name>ti_fee_util.obj</name>
      </input_file>
      <input_file id="fl-2b">
         <path>.\source\</path>
         <kind>object</kind>
         <file>ti_fee_writeAsync.obj</file>
         <name>ti_fee_writeAsync.obj</name>
      </input_file>
      <input_file id="fl-2c">
         <path>.\source\</path>
         <kind>object</kind>
         <file>ti_fee_writeSync.obj</file>
         <name>ti_fee_writeSync.obj</name>
      </input_file>
      <input_file id="fl-31">
         <kind>object</kind>
         <file>&lt;internal&gt;</file>
         <name>&lt;internal&gt;</name>
      </input_file>
      <input_file id="fl-32">
         <path>C:\ti\ccs930\ccs\tools\compiler\ti-cgt-arm_18.12.4.LTS\lib\</path>
         <kind>archive</kind>
         <file>rtsv7R4_T_be_v3D16_eabi.lib</file>
         <name>s_sin.c.obj</name>
      </input_file>
      <input_file id="fl-33">
         <path>C:\ti\ccs930\ccs\tools\compiler\ti-cgt-arm_18.12.4.LTS\lib\</path>
         <kind>archive</kind>
         <file>rtsv7R4_T_be_v3D16_eabi.lib</file>
         <name>printf.c.obj</name>
      </input_file>
      <input_file id="fl-34">
         <path>C:\ti\ccs930\ccs\tools\compiler\ti-cgt-arm_18.12.4.LTS\lib\</path>
         <kind>archive</kind>
         <file>rtsv7R4_T_be_v3D16_eabi.lib</file>
         <name>_printfi.c.obj</name>
      </input_file>
      <input_file id="fl-35">
         <path>C:\ti\ccs930\ccs\tools\compiler\ti-cgt-arm_18.12.4.LTS\lib\</path>
         <kind>archive</kind>
         <file>rtsv7R4_T_be_v3D16_eabi.lib</file>
         <name>fputc.c.obj</name>
      </input_file>
      <input_file id="fl-36">
         <path>C:\ti\ccs930\ccs\tools\compiler\ti-cgt-arm_18.12.4.LTS\lib\</path>
         <kind>archive</kind>
         <file>rtsv7R4_T_be_v3D16_eabi.lib</file>
         <name>fputs.c.obj</name>
      </input_file>
      <input_file id="fl-37">
         <path>C:\ti\ccs930\ccs\tools\compiler\ti-cgt-arm_18.12.4.LTS\lib\</path>
         <kind>archive</kind>
         <file>rtsv7R4_T_be_v3D16_eabi.lib</file>
         <name>_io_perm.c.obj</name>
      </input_file>
      <input_file id="fl-38">
         <path>C:\ti\ccs930\ccs\tools\compiler\ti-cgt-arm_18.12.4.LTS\lib\</path>
         <kind>archive</kind>
         <file>rtsv7R4_T_be_v3D16_eabi.lib</file>
         <name>setvbuf.c.obj</name>
      </input_file>
      <input_file id="fl-39">
         <path>C:\ti\ccs930\ccs\tools\compiler\ti-cgt-arm_18.12.4.LTS\lib\</path>
         <kind>archive</kind>
         <file>rtsv7R4_T_be_v3D16_eabi.lib</file>
         <name>memcpy_t2.asm.obj</name>
      </input_file>
      <input_file id="fl-3a">
         <path>C:\ti\ccs930\ccs\tools\compiler\ti-cgt-arm_18.12.4.LTS\lib\</path>
         <kind>archive</kind>
         <file>rtsv7R4_T_be_v3D16_eabi.lib</file>
         <name>ull_div32.asm.obj</name>
      </input_file>
      <input_file id="fl-3b">
         <path>C:\ti\ccs930\ccs\tools\compiler\ti-cgt-arm_18.12.4.LTS\lib\</path>
         <kind>archive</kind>
         <file>rtsv7R4_T_be_v3D16_eabi.lib</file>
         <name>i_div32.asm.obj</name>
      </input_file>
      <input_file id="fl-3c">
         <path>C:\ti\ccs930\ccs\tools\compiler\ti-cgt-arm_18.12.4.LTS\lib\</path>
         <kind>archive</kind>
         <file>rtsv7R4_T_be_v3D16_eabi.lib</file>
         <name>u_div32.asm.obj</name>
      </input_file>
      <input_file id="fl-3d">
         <path>C:\ti\ccs930\ccs\tools\compiler\ti-cgt-arm_18.12.4.LTS\lib\</path>
         <kind>archive</kind>
         <file>rtsv7R4_T_be_v3D16_eabi.lib</file>
         <name>memset_t2.asm.obj</name>
      </input_file>
      <input_file id="fl-3e">
         <path>C:\ti\ccs930\ccs\tools\compiler\ti-cgt-arm_18.12.4.LTS\lib\</path>
         <kind>archive</kind>
         <file>rtsv7R4_T_be_v3D16_eabi.lib</file>
         <name>autoinit.c.obj</name>
      </input_file>
      <input_file id="fl-3f">
         <path>C:\ti\ccs930\ccs\tools\compiler\ti-cgt-arm_18.12.4.LTS\lib\</path>
         <kind>archive</kind>
         <file>rtsv7R4_T_be_v3D16_eabi.lib</file>
         <name>cpy_tbl.c.obj</name>
      </input_file>
      <input_file id="fl-40">
         <path>C:\ti\ccs930\ccs\tools\compiler\ti-cgt-arm_18.12.4.LTS\lib\</path>
         <kind>archive</kind>
         <file>rtsv7R4_T_be_v3D16_eabi.lib</file>
         <name>copy_zero_init.c.obj</name>
      </input_file>
      <input_file id="fl-41">
         <path>C:\ti\ccs930\ccs\tools\compiler\ti-cgt-arm_18.12.4.LTS\lib\</path>
         <kind>archive</kind>
         <file>rtsv7R4_T_be_v3D16_eabi.lib</file>
         <name>copy_decompress_none.c.obj</name>
      </input_file>
      <input_file id="fl-42">
         <path>C:\ti\ccs930\ccs\tools\compiler\ti-cgt-arm_18.12.4.LTS\lib\</path>
         <kind>archive</kind>
         <file>rtsv7R4_T_be_v3D16_eabi.lib</file>
         <name>copy_decompress_lzss.c.obj</name>
      </input_file>
      <input_file id="fl-43">
         <path>C:\ti\ccs930\ccs\tools\compiler\ti-cgt-arm_18.12.4.LTS\lib\</path>
         <kind>archive</kind>
         <file>rtsv7R4_T_be_v3D16_eabi.lib</file>
         <name>k_rem_pio2.c.obj</name>
      </input_file>
      <input_file id="fl-44">
         <path>C:\ti\ccs930\ccs\tools\compiler\ti-cgt-arm_18.12.4.LTS\lib\</path>
         <kind>archive</kind>
         <file>rtsv7R4_T_be_v3D16_eabi.lib</file>
         <name>exit.c.obj</name>
      </input_file>
      <input_file id="fl-45">
         <path>C:\ti\ccs930\ccs\tools\compiler\ti-cgt-arm_18.12.4.LTS\lib\</path>
         <kind>archive</kind>
         <file>rtsv7R4_T_be_v3D16_eabi.lib</file>
         <name>_lock.c.obj</name>
      </input_file>
      <input_file id="fl-46">
         <path>C:\ti\ccs930\ccs\tools\compiler\ti-cgt-arm_18.12.4.LTS\lib\</path>
         <kind>archive</kind>
         <file>rtsv7R4_T_be_v3D16_eabi.lib</file>
         <name>atoi.c.obj</name>
      </input_file>
      <input_file id="fl-47">
         <path>C:\ti\ccs930\ccs\tools\compiler\ti-cgt-arm_18.12.4.LTS\lib\</path>
         <kind>archive</kind>
         <file>rtsv7R4_T_be_v3D16_eabi.lib</file>
         <name>ctype.c.obj</name>
      </input_file>
      <input_file id="fl-48">
         <path>C:\ti\ccs930\ccs\tools\compiler\ti-cgt-arm_18.12.4.LTS\lib\</path>
         <kind>archive</kind>
         <file>rtsv7R4_T_be_v3D16_eabi.lib</file>
         <name>defs.c.obj</name>
      </input_file>
      <input_file id="fl-49">
         <path>C:\ti\ccs930\ccs\tools\compiler\ti-cgt-arm_18.12.4.LTS\lib\</path>
         <kind>archive</kind>
         <file>rtsv7R4_T_be_v3D16_eabi.lib</file>
         <name>ltoa.c.obj</name>
      </input_file>
      <input_file id="fl-4a">
         <path>C:\ti\ccs930\ccs\tools\compiler\ti-cgt-arm_18.12.4.LTS\lib\</path>
         <kind>archive</kind>
         <file>rtsv7R4_T_be_v3D16_eabi.lib</file>
         <name>memccpy.c.obj</name>
      </input_file>
      <input_file id="fl-4b">
         <path>C:\ti\ccs930\ccs\tools\compiler\ti-cgt-arm_18.12.4.LTS\lib\</path>
         <kind>archive</kind>
         <file>rtsv7R4_T_be_v3D16_eabi.lib</file>
         <name>memchr.c.obj</name>
      </input_file>
      <input_file id="fl-4c">
         <path>C:\ti\ccs930\ccs\tools\compiler\ti-cgt-arm_18.12.4.LTS\lib\</path>
         <kind>archive</kind>
         <file>rtsv7R4_T_be_v3D16_eabi.lib</file>
         <name>memory.c.obj</name>
      </input_file>
      <input_file id="fl-4d">
         <path>C:\ti\ccs930\ccs\tools\compiler\ti-cgt-arm_18.12.4.LTS\lib\</path>
         <kind>archive</kind>
         <file>rtsv7R4_T_be_v3D16_eabi.lib</file>
         <name>strchr.c.obj</name>
      </input_file>
      <input_file id="fl-4e">
         <path>C:\ti\ccs930\ccs\tools\compiler\ti-cgt-arm_18.12.4.LTS\lib\</path>
         <kind>archive</kind>
         <file>rtsv7R4_T_be_v3D16_eabi.lib</file>
         <name>strlen.c.obj</name>
      </input_file>
      <input_file id="fl-4f">
         <path>C:\ti\ccs930\ccs\tools\compiler\ti-cgt-arm_18.12.4.LTS\lib\</path>
         <kind>archive</kind>
         <file>rtsv7R4_T_be_v3D16_eabi.lib</file>
         <name>write.c.obj</name>
      </input_file>
      <input_file id="fl-50">
         <path>C:\ti\ccs930\ccs\tools\compiler\ti-cgt-arm_18.12.4.LTS\lib\</path>
         <kind>archive</kind>
         <file>rtsv7R4_T_be_v3D16_eabi.lib</file>
         <name>host_device.c.obj</name>
      </input_file>
      <input_file id="fl-51">
         <path>C:\ti\ccs930\ccs\tools\compiler\ti-cgt-arm_18.12.4.LTS\lib\</path>
         <kind>archive</kind>
         <file>rtsv7R4_T_be_v3D16_eabi.lib</file>
         <name>errno.c.obj</name>
      </input_file>
      <input_file id="fl-52">
         <path>C:\ti\ccs930\ccs\tools\compiler\ti-cgt-arm_18.12.4.LTS\lib\</path>
         <kind>archive</kind>
         <file>rtsv7R4_T_be_v3D16_eabi.lib</file>
         <name>wcslen.c.obj</name>
      </input_file>
      <input_file id="fl-53">
         <path>C:\ti\ccs930\ccs\tools\compiler\ti-cgt-arm_18.12.4.LTS\lib\</path>
         <kind>archive</kind>
         <file>rtsv7R4_T_be_v3D16_eabi.lib</file>
         <name>k_cos.c.obj</name>
      </input_file>
      <input_file id="fl-54">
         <path>C:\ti\ccs930\ccs\tools\compiler\ti-cgt-arm_18.12.4.LTS\lib\</path>
         <kind>archive</kind>
         <file>rtsv7R4_T_be_v3D16_eabi.lib</file>
         <name>k_sin.c.obj</name>
      </input_file>
      <input_file id="fl-55">
         <path>C:\ti\ccs930\ccs\tools\compiler\ti-cgt-arm_18.12.4.LTS\lib\</path>
         <kind>archive</kind>
         <file>rtsv7R4_T_be_v3D16_eabi.lib</file>
         <name>s_floor.c.obj</name>
      </input_file>
      <input_file id="fl-56">
         <path>C:\ti\ccs930\ccs\tools\compiler\ti-cgt-arm_18.12.4.LTS\lib\</path>
         <kind>archive</kind>
         <file>rtsv7R4_T_be_v3D16_eabi.lib</file>
         <name>s_frexp.c.obj</name>
      </input_file>
      <input_file id="fl-57">
         <path>C:\ti\ccs930\ccs\tools\compiler\ti-cgt-arm_18.12.4.LTS\lib\</path>
         <kind>archive</kind>
         <file>rtsv7R4_T_be_v3D16_eabi.lib</file>
         <name>s_scalbn.c.obj</name>
      </input_file>
      <input_file id="fl-58">
         <path>C:\ti\ccs930\ccs\tools\compiler\ti-cgt-arm_18.12.4.LTS\lib\</path>
         <kind>archive</kind>
         <file>rtsv7R4_T_be_v3D16_eabi.lib</file>
         <name>fflush.c.obj</name>
      </input_file>
      <input_file id="fl-59">
         <path>C:\ti\ccs930\ccs\tools\compiler\ti-cgt-arm_18.12.4.LTS\lib\</path>
         <kind>archive</kind>
         <file>rtsv7R4_T_be_v3D16_eabi.lib</file>
         <name>fopen.c.obj</name>
      </input_file>
      <input_file id="fl-5a">
         <path>C:\ti\ccs930\ccs\tools\compiler\ti-cgt-arm_18.12.4.LTS\lib\</path>
         <kind>archive</kind>
         <file>rtsv7R4_T_be_v3D16_eabi.lib</file>
         <name>fseek.c.obj</name>
      </input_file>
      <input_file id="fl-5b">
         <path>C:\ti\ccs930\ccs\tools\compiler\ti-cgt-arm_18.12.4.LTS\lib\</path>
         <kind>archive</kind>
         <file>rtsv7R4_T_be_v3D16_eabi.lib</file>
         <name>div0.asm.obj</name>
      </input_file>
      <input_file id="fl-5c">
         <path>C:\ti\ccs930\ccs\tools\compiler\ti-cgt-arm_18.12.4.LTS\lib\</path>
         <kind>archive</kind>
         <file>rtsv7R4_T_be_v3D16_eabi.lib</file>
         <name>hostclose.c.obj</name>
      </input_file>
      <input_file id="fl-5d">
         <path>C:\ti\ccs930\ccs\tools\compiler\ti-cgt-arm_18.12.4.LTS\lib\</path>
         <kind>archive</kind>
         <file>rtsv7R4_T_be_v3D16_eabi.lib</file>
         <name>hostlseek.c.obj</name>
      </input_file>
      <input_file id="fl-5e">
         <path>C:\ti\ccs930\ccs\tools\compiler\ti-cgt-arm_18.12.4.LTS\lib\</path>
         <kind>archive</kind>
         <file>rtsv7R4_T_be_v3D16_eabi.lib</file>
         <name>hostopen.c.obj</name>
      </input_file>
      <input_file id="fl-5f">
         <path>C:\ti\ccs930\ccs\tools\compiler\ti-cgt-arm_18.12.4.LTS\lib\</path>
         <kind>archive</kind>
         <file>rtsv7R4_T_be_v3D16_eabi.lib</file>
         <name>hostread.c.obj</name>
      </input_file>
      <input_file id="fl-60">
         <path>C:\ti\ccs930\ccs\tools\compiler\ti-cgt-arm_18.12.4.LTS\lib\</path>
         <kind>archive</kind>
         <file>rtsv7R4_T_be_v3D16_eabi.lib</file>
         <name>hostrename.c.obj</name>
      </input_file>
      <input_file id="fl-61">
         <path>C:\ti\ccs930\ccs\tools\compiler\ti-cgt-arm_18.12.4.LTS\lib\</path>
         <kind>archive</kind>
         <file>rtsv7R4_T_be_v3D16_eabi.lib</file>
         <name>hostunlink.c.obj</name>
      </input_file>
      <input_file id="fl-62">
         <path>C:\ti\ccs930\ccs\tools\compiler\ti-cgt-arm_18.12.4.LTS\lib\</path>
         <kind>archive</kind>
         <file>rtsv7R4_T_be_v3D16_eabi.lib</file>
         <name>hostwrite.c.obj</name>
      </input_file>
      <input_file id="fl-63">
         <path>C:\ti\ccs930\ccs\tools\compiler\ti-cgt-arm_18.12.4.LTS\lib\</path>
         <kind>archive</kind>
         <file>rtsv7R4_T_be_v3D16_eabi.lib</file>
         <name>trgmsg.c.obj</name>
      </input_file>
      <input_file id="fl-64">
         <path>C:\ti\ccs930\ccs\tools\compiler\ti-cgt-arm_18.12.4.LTS\lib\</path>
         <kind>archive</kind>
         <file>rtsv7R4_T_be_v3D16_eabi.lib</file>
         <name>open.c.obj</name>
      </input_file>
      <input_file id="fl-65">
         <path>C:\ti\ccs930\ccs\tools\compiler\ti-cgt-arm_18.12.4.LTS\lib\</path>
         <kind>archive</kind>
         <file>rtsv7R4_T_be_v3D16_eabi.lib</file>
         <name>lseek.c.obj</name>
      </input_file>
      <input_file id="fl-66">
         <path>C:\ti\ccs930\ccs\tools\compiler\ti-cgt-arm_18.12.4.LTS\lib\</path>
         <kind>archive</kind>
         <file>rtsv7R4_T_be_v3D16_eabi.lib</file>
         <name>s_copysign.c.obj</name>
      </input_file>
      <input_file id="fl-67">
         <path>C:\ti\ccs930\ccs\tools\compiler\ti-cgt-arm_18.12.4.LTS\lib\</path>
         <kind>archive</kind>
         <file>rtsv7R4_T_be_v3D16_eabi.lib</file>
         <name>fclose.c.obj</name>
      </input_file>
      <input_file id="fl-68">
         <path>C:\ti\ccs930\ccs\tools\compiler\ti-cgt-arm_18.12.4.LTS\lib\</path>
         <kind>archive</kind>
         <file>rtsv7R4_T_be_v3D16_eabi.lib</file>
         <name>getdevice.c.obj</name>
      </input_file>
      <input_file id="fl-69">
         <path>C:\ti\ccs930\ccs\tools\compiler\ti-cgt-arm_18.12.4.LTS\lib\</path>
         <kind>archive</kind>
         <file>rtsv7R4_T_be_v3D16_eabi.lib</file>
         <name>strcmp.c.obj</name>
      </input_file>
      <input_file id="fl-6a">
         <path>C:\ti\ccs930\ccs\tools\compiler\ti-cgt-arm_18.12.4.LTS\lib\</path>
         <kind>archive</kind>
         <file>rtsv7R4_T_be_v3D16_eabi.lib</file>
         <name>strcpy.c.obj</name>
      </input_file>
      <input_file id="fl-6b">
         <path>C:\ti\ccs930\ccs\tools\compiler\ti-cgt-arm_18.12.4.LTS\lib\</path>
         <kind>archive</kind>
         <file>rtsv7R4_T_be_v3D16_eabi.lib</file>
         <name>strncpy.c.obj</name>
      </input_file>
      <input_file id="fl-6c">
         <path>C:\ti\ccs930\ccs\tools\compiler\ti-cgt-arm_18.12.4.LTS\lib\</path>
         <kind>archive</kind>
         <file>rtsv7R4_T_be_v3D16_eabi.lib</file>
         <name>remove.c.obj</name>
      </input_file>
      <input_file id="fl-6d">
         <path>C:\ti\ccs930\ccs\tools\compiler\ti-cgt-arm_18.12.4.LTS\lib\</path>
         <kind>archive</kind>
         <file>rtsv7R4_T_be_v3D16_eabi.lib</file>
         <name>close.c.obj</name>
      </input_file>
      <input_file id="fl-6e">
         <path>C:\ti\ccs930\ccs\tools\compiler\ti-cgt-arm_18.12.4.LTS\lib\</path>
         <kind>archive</kind>
         <file>rtsv7R4_T_be_v3D16_eabi.lib</file>
         <name>unlink.c.obj</name>
      </input_file>
      <input_file id="fl-6f">
         <path>C:\ti\Hercules\F021 Flash API\02.01.01\</path>
         <kind>archive</kind>
         <file>F021_API_CortexR4_BE_V3D16.lib</file>
         <name>Async.obj</name>
      </input_file>
      <input_file id="fl-70">
         <path>C:\ti\Hercules\F021 Flash API\02.01.01\</path>
         <kind>archive</kind>
         <file>F021_API_CortexR4_BE_V3D16.lib</file>
         <name>Async.WithAddress.obj</name>
      </input_file>
      <input_file id="fl-71">
         <path>C:\ti\Hercules\F021 Flash API\02.01.01\</path>
         <kind>archive</kind>
         <file>F021_API_CortexR4_BE_V3D16.lib</file>
         <name>BlankCheck.obj</name>
      </input_file>
      <input_file id="fl-72">
         <path>C:\ti\Hercules\F021 Flash API\02.01.01\</path>
         <kind>archive</kind>
         <file>F021_API_CortexR4_BE_V3D16.lib</file>
         <name>FlashStateMachine.EnableEepromSectors.obj</name>
      </input_file>
      <input_file id="fl-73">
         <path>C:\ti\Hercules\F021 Flash API\02.01.01\</path>
         <kind>archive</kind>
         <file>F021_API_CortexR4_BE_V3D16.lib</file>
         <name>FlashStateMachine.InitializeFlashBanks.obj</name>
      </input_file>
      <input_file id="fl-74">
         <path>C:\ti\Hercules\F021 Flash API\02.01.01\</path>
         <kind>archive</kind>
         <file>F021_API_CortexR4_BE_V3D16.lib</file>
         <name>FlashStateMachine.IssueFsmCommand.obj</name>
      </input_file>
      <input_file id="fl-75">
         <path>C:\ti\Hercules\F021 Flash API\02.01.01\</path>
         <kind>archive</kind>
         <file>F021_API_CortexR4_BE_V3D16.lib</file>
         <name>FlashStateMachine.ScaleFclk.obj</name>
      </input_file>
      <input_file id="fl-76">
         <path>C:\ti\Hercules\F021 Flash API\02.01.01\</path>
         <kind>archive</kind>
         <file>F021_API_CortexR4_BE_V3D16.lib</file>
         <name>FlashStateMachine.SetActiveBank.obj</name>
      </input_file>
      <input_file id="fl-77">
         <path>C:\ti\Hercules\F021 Flash API\02.01.01\</path>
         <kind>archive</kind>
         <file>F021_API_CortexR4_BE_V3D16.lib</file>
         <name>Read.FlushPipeline.obj</name>
      </input_file>
      <input_file id="fl-78">
         <path>C:\ti\Hercules\F021 Flash API\02.01.01\</path>
         <kind>archive</kind>
         <file>F021_API_CortexR4_BE_V3D16.lib</file>
         <name>Read.LoopDword.obj</name>
      </input_file>
      <input_file id="fl-79">
         <path>C:\ti\Hercules\F021 Flash API\02.01.01\</path>
         <kind>archive</kind>
         <file>F021_API_CortexR4_BE_V3D16.lib</file>
         <name>Read.WdService.obj</name>
      </input_file>
      <input_file id="fl-7a">
         <path>C:\ti\Hercules\F021 Flash API\02.01.01\</path>
         <kind>archive</kind>
         <file>F021_API_CortexR4_BE_V3D16.lib</file>
         <name>Utilities.CalculateFletcher.obj</name>
      </input_file>
      <input_file id="fl-7b">
         <path>C:\ti\Hercules\F021 Flash API\02.01.01\</path>
         <kind>archive</kind>
         <file>F021_API_CortexR4_BE_V3D16.lib</file>
         <name>Utilities.WaitDelay.obj</name>
      </input_file>
      <input_file id="fl-7c">
         <path>C:\ti\Hercules\F021 Flash API\02.01.01\</path>
         <kind>archive</kind>
         <file>F021_API_CortexR4_BE_V3D16.lib</file>
         <name>Utilities.GetNumberOfSectors.obj</name>
      </input_file>
      <input_file id="fl-7d">
         <path>C:\ti\Hercules\F021 Flash API\02.01.01\</path>
         <kind>archive</kind>
         <file>F021_API_CortexR4_BE_V3D16.lib</file>
         <name>Read.Common.obj</name>
      </input_file>
      <input_file id="fl-7e">
         <path>C:\ti\Hercules\F021 Flash API\02.01.01\</path>
         <kind>archive</kind>
         <file>F021_API_CortexR4_BE_V3D16.lib</file>
         <name>FlashStateMachine.Hercules.IsEccAddress.obj</name>
      </input_file>
   </input_file_list>
   <object_component_list>
      <object_component id="oc-31">
         <name>.intvecs</name>
         <load_address>0x0</load_address>
         <run_address>0x0</run_address>
         <size>0x20</size>
         <input_file_ref idref="fl-14"/>
      </object_component>
      <object_component id="oc-92">
         <name>.text</name>
         <load_address>0x20</load_address>
         <run_address>0x20</run_address>
         <size>0x3564</size>
         <input_file_ref idref="fl-15"/>
      </object_component>
      <object_component id="oc-85">
         <name>.text</name>
         <load_address>0x3584</load_address>
         <run_address>0x3584</run_address>
         <size>0x2a14</size>
         <input_file_ref idref="fl-1b"/>
      </object_component>
      <object_component id="oc-12f">
         <name>.text</name>
         <load_address>0x5f98</load_address>
         <run_address>0x5f98</run_address>
         <size>0x1200</size>
         <input_file_ref idref="fl-11"/>
      </object_component>
      <object_component id="oc-14d">
         <name>.text</name>
         <load_address>0x7198</load_address>
         <run_address>0x7198</run_address>
         <size>0xaf8</size>
         <input_file_ref idref="fl-8"/>
      </object_component>
      <object_component id="oc-147">
         <name>.text</name>
         <load_address>0x7c90</load_address>
         <run_address>0x7c90</run_address>
         <size>0xaec</size>
         <input_file_ref idref="fl-7"/>
      </object_component>
      <object_component id="oc-7f">
         <name>.text</name>
         <load_address>0x877c</load_address>
         <run_address>0x877c</run_address>
         <size>0xad4</size>
         <input_file_ref idref="fl-1e"/>
      </object_component>
      <object_component id="oc-42">
         <name>.text</name>
         <load_address>0x9250</load_address>
         <run_address>0x9250</run_address>
         <size>0xa54</size>
         <input_file_ref idref="fl-1d"/>
      </object_component>
      <object_component id="oc-2fe">
         <name>.text:__TI_printfi</name>
         <load_address>0x9ca4</load_address>
         <run_address>0x9ca4</run_address>
         <size>0xa4a</size>
         <input_file_ref idref="fl-34"/>
      </object_component>
      <object_component id="oc-3e6">
         <name>.text:_nop</name>
         <load_address>0xa6ee</load_address>
         <run_address>0xa6ee</run_address>
         <size>0x2</size>
         <input_file_ref idref="fl-45"/>
      </object_component>
      <object_component id="oc-13b">
         <name>.text</name>
         <load_address>0xa6f0</load_address>
         <run_address>0xa6f0</run_address>
         <size>0x8f4</size>
         <input_file_ref idref="fl-d"/>
      </object_component>
      <object_component id="oc-e9">
         <name>.text</name>
         <load_address>0xafe4</load_address>
         <run_address>0xafe4</run_address>
         <size>0x7dc</size>
         <input_file_ref idref="fl-f"/>
      </object_component>
      <object_component id="oc-73">
         <name>.text</name>
         <load_address>0xb7c0</load_address>
         <run_address>0xb7c0</run_address>
         <size>0x664</size>
         <input_file_ref idref="fl-a"/>
      </object_component>
      <object_component id="oc-135">
         <name>.text</name>
         <load_address>0xbe24</load_address>
         <run_address>0xbe24</run_address>
         <size>0x63c</size>
         <input_file_ref idref="fl-10"/>
      </object_component>
      <object_component id="oc-2ba">
         <name>.text:__kernel_rem_pio2</name>
         <load_address>0xc460</load_address>
         <run_address>0xc460</run_address>
         <size>0x604</size>
         <input_file_ref idref="fl-43"/>
      </object_component>
      <object_component id="oc-8b">
         <name>.text</name>
         <load_address>0xca64</load_address>
         <run_address>0xca64</run_address>
         <size>0x5bc</size>
         <input_file_ref idref="fl-b"/>
      </object_component>
      <object_component id="oc-153">
         <name>.text</name>
         <load_address>0xd020</load_address>
         <run_address>0xd020</run_address>
         <size>0x4c0</size>
         <input_file_ref idref="fl-4"/>
      </object_component>
      <object_component id="oc-141">
         <name>.text</name>
         <load_address>0xd4e0</load_address>
         <run_address>0xd4e0</run_address>
         <size>0x484</size>
         <input_file_ref idref="fl-c"/>
      </object_component>
      <object_component id="oc-17f">
         <name>.text</name>
         <load_address>0xd964</load_address>
         <run_address>0xd964</run_address>
         <size>0x3f0</size>
         <input_file_ref idref="fl-5"/>
      </object_component>
      <object_component id="oc-15e">
         <name>.text:sin</name>
         <load_address>0xdd54</load_address>
         <run_address>0xdd54</run_address>
         <size>0x3f0</size>
         <input_file_ref idref="fl-32"/>
      </object_component>
      <object_component id="oc-6e">
         <name>.text</name>
         <load_address>0xe144</load_address>
         <run_address>0xe144</run_address>
         <size>0x34c</size>
         <input_file_ref idref="fl-12"/>
      </object_component>
      <object_component id="oc-3c">
         <name>.text:retain</name>
         <load_address>0xe490</load_address>
         <run_address>0xe490</run_address>
         <size>0x2cc</size>
         <input_file_ref idref="fl-1d"/>
      </object_component>
      <object_component id="oc-43e">
         <name>.text</name>
         <load_address>0xe75c</load_address>
         <run_address>0xe75c</run_address>
         <size>0x2b8</size>
         <input_file_ref idref="fl-3a"/>
      </object_component>
      <object_component id="oc-1c">
         <name>.text:retain</name>
         <load_address>0xea14</load_address>
         <run_address>0xea14</run_address>
         <size>0x264</size>
         <input_file_ref idref="fl-1c"/>
      </object_component>
      <object_component id="oc-3c2">
         <name>.text:_pconv_a</name>
         <load_address>0xec78</load_address>
         <run_address>0xec78</run_address>
         <size>0x248</size>
         <input_file_ref idref="fl-34"/>
      </object_component>
      <object_component id="oc-3b0">
         <name>.text:_pconv_g</name>
         <load_address>0xeec0</load_address>
         <run_address>0xeec0</run_address>
         <size>0x1a0</size>
         <input_file_ref idref="fl-34"/>
      </object_component>
      <object_component id="oc-9a">
         <name>.text</name>
         <load_address>0xf060</load_address>
         <run_address>0xf060</run_address>
         <size>0x144</size>
         <input_file_ref idref="fl-e"/>
      </object_component>
      <object_component id="oc-3f4">
         <name>.text:fputs</name>
         <load_address>0xf1a4</load_address>
         <run_address>0xf1a4</run_address>
         <size>0x118</size>
         <input_file_ref idref="fl-36"/>
      </object_component>
      <object_component id="oc-548">
         <name>.text:aligned_alloc</name>
         <load_address>0xf2bc</load_address>
         <run_address>0xf2bc</run_address>
         <size>0x114</size>
         <input_file_ref idref="fl-4c"/>
      </object_component>
      <object_component id="oc-22">
         <name>.text:retain</name>
         <load_address>0xf3d0</load_address>
         <run_address>0xf3d0</run_address>
         <size>0x114</size>
         <input_file_ref idref="fl-b"/>
      </object_component>
      <object_component id="oc-3bc">
         <name>.text:_pconv_e</name>
         <load_address>0xf4e4</load_address>
         <run_address>0xf4e4</run_address>
         <size>0x104</size>
         <input_file_ref idref="fl-34"/>
      </object_component>
      <object_component id="oc-457">
         <name>.text:fcvt</name>
         <load_address>0xf5e8</load_address>
         <run_address>0xf5e8</run_address>
         <size>0xfc</size>
         <input_file_ref idref="fl-34"/>
      </object_component>
      <object_component id="oc-37d">
         <name>.text:scalbn</name>
         <load_address>0xf6e4</load_address>
         <run_address>0xf6e4</run_address>
         <size>0xf0</size>
         <input_file_ref idref="fl-57"/>
      </object_component>
      <object_component id="oc-aa">
         <name>.text</name>
         <load_address>0xf7d4</load_address>
         <run_address>0xf7d4</run_address>
         <size>0xe8</size>
         <input_file_ref idref="fl-9"/>
      </object_component>
      <object_component id="oc-506">
         <name>.text:free</name>
         <load_address>0xf8bc</load_address>
         <run_address>0xf8bc</run_address>
         <size>0xe4</size>
         <input_file_ref idref="fl-4c"/>
      </object_component>
      <object_component id="oc-383">
         <name>.text:floor</name>
         <load_address>0xf9a0</load_address>
         <run_address>0xf9a0</run_address>
         <size>0xe0</size>
         <input_file_ref idref="fl-55"/>
      </object_component>
      <object_component id="oc-f1">
         <name>.text</name>
         <load_address>0xfa80</load_address>
         <run_address>0xfa80</run_address>
         <size>0xe0</size>
         <input_file_ref idref="fl-1a"/>
      </object_component>
      <object_component id="oc-4e1">
         <name>.text:setvbuf</name>
         <load_address>0xfb60</load_address>
         <run_address>0xfb60</run_address>
         <size>0xdc</size>
         <input_file_ref idref="fl-38"/>
      </object_component>
      <object_component id="oc-2c6">
         <name>.text:__kernel_cos</name>
         <load_address>0xfc3c</load_address>
         <run_address>0xfc3c</run_address>
         <size>0xb4</size>
         <input_file_ref idref="fl-53"/>
      </object_component>
      <object_component id="oc-3aa">
         <name>.text:_ltostr</name>
         <load_address>0xfcf0</load_address>
         <run_address>0xfcf0</run_address>
         <size>0xad</size>
         <input_file_ref idref="fl-34"/>
      </object_component>
      <object_component id="oc-2b4">
         <name>.text</name>
         <load_address>0xfd9e</load_address>
         <run_address>0xfd9e</run_address>
         <size>0x2</size>
         <input_file_ref idref="fl-5b"/>
      </object_component>
      <object_component id="oc-2c0">
         <name>.text:__kernel_sin</name>
         <load_address>0xfda0</load_address>
         <run_address>0xfda0</run_address>
         <size>0xa8</size>
         <input_file_ref idref="fl-54"/>
      </object_component>
      <object_component id="oc-56">
         <name>.text</name>
         <load_address>0xfe48</load_address>
         <run_address>0xfe48</run_address>
         <size>0x9c</size>
         <input_file_ref idref="fl-39"/>
      </object_component>
      <object_component id="oc-2b">
         <name>.text:retain</name>
         <load_address>0xfee4</load_address>
         <run_address>0xfee4</run_address>
         <size>0x94</size>
         <input_file_ref idref="fl-10"/>
      </object_component>
      <object_component id="oc-3fb">
         <name>.text:fputc</name>
         <load_address>0xff78</load_address>
         <run_address>0xff78</run_address>
         <size>0x90</size>
         <input_file_ref idref="fl-35"/>
      </object_component>
      <object_component id="oc-450">
         <name>.text:_mcpy</name>
         <load_address>0x10008</load_address>
         <run_address>0x10008</run_address>
         <size>0x7a</size>
         <input_file_ref idref="fl-34"/>
      </object_component>
      <object_component id="oc-db">
         <name>.text</name>
         <load_address>0x10082</load_address>
         <run_address>0x10082</run_address>
         <size>0x7a</size>
         <input_file_ref idref="fl-3d"/>
      </object_component>
      <object_component id="oc-54f">
         <name>.text:__TI_closefile</name>
         <load_address>0x100fc</load_address>
         <run_address>0x100fc</run_address>
         <size>0x74</size>
         <input_file_ref idref="fl-67"/>
      </object_component>
      <object_component id="oc-465">
         <name>.text:frexp</name>
         <load_address>0x10170</load_address>
         <run_address>0x10170</run_address>
         <size>0x74</size>
         <input_file_ref idref="fl-56"/>
      </object_component>
      <object_component id="oc-590">
         <name>.text:split</name>
         <load_address>0x101e4</load_address>
         <run_address>0x101e4</run_address>
         <size>0x70</size>
         <input_file_ref idref="fl-4c"/>
      </object_component>
      <object_component id="oc-57f">
         <name>.text:HOSTrename</name>
         <load_address>0x10254</load_address>
         <run_address>0x10254</run_address>
         <size>0x6c</size>
         <input_file_ref idref="fl-60"/>
      </object_component>
      <object_component id="oc-f">
         <name>.text:decompress:lzss:__TI_decompress_lzss</name>
         <load_address>0x102c0</load_address>
         <run_address>0x102c0</run_address>
         <size>0x6c</size>
         <input_file_ref idref="fl-42"/>
      </object_component>
      <object_component id="oc-573">
         <name>.text:HOSTlseek</name>
         <load_address>0x1032c</load_address>
         <run_address>0x1032c</run_address>
         <size>0x68</size>
         <input_file_ref idref="fl-5d"/>
      </object_component>
      <object_component id="oc-171">
         <name>.text:printf</name>
         <load_address>0x10394</load_address>
         <run_address>0x10394</run_address>
         <size>0x68</size>
         <input_file_ref idref="fl-33"/>
      </object_component>
      <object_component id="oc-496">
         <name>.text:__TI_wrt_ok</name>
         <load_address>0x103fc</load_address>
         <run_address>0x103fc</run_address>
         <size>0x64</size>
         <input_file_ref idref="fl-37"/>
      </object_component>
      <object_component id="oc-4db">
         <name>.text:fseek</name>
         <load_address>0x10460</load_address>
         <run_address>0x10460</run_address>
         <size>0x64</size>
         <input_file_ref idref="fl-5a"/>
      </object_component>
      <object_component id="oc-55b">
         <name>.text:HOSTopen</name>
         <load_address>0x104c4</load_address>
         <run_address>0x104c4</run_address>
         <size>0x5c</size>
         <input_file_ref idref="fl-5e"/>
      </object_component>
      <object_component id="oc-567">
         <name>.text:HOSTread</name>
         <load_address>0x10520</load_address>
         <run_address>0x10520</run_address>
         <size>0x5c</size>
         <input_file_ref idref="fl-5f"/>
      </object_component>
      <object_component id="oc-56d">
         <name>.text:HOSTwrite</name>
         <load_address>0x1057c</load_address>
         <run_address>0x1057c</run_address>
         <size>0x58</size>
         <input_file_ref idref="fl-62"/>
      </object_component>
      <object_component id="oc-597">
         <name>.text:close</name>
         <load_address>0x105d4</load_address>
         <run_address>0x105d4</run_address>
         <size>0x58</size>
         <input_file_ref idref="fl-6d"/>
      </object_component>
      <object_component id="oc-44a">
         <name>.text:_ecpy</name>
         <load_address>0x1062c</load_address>
         <run_address>0x1062c</run_address>
         <size>0x54</size>
         <input_file_ref idref="fl-34"/>
      </object_component>
      <object_component id="oc-444">
         <name>.text:ltoa</name>
         <load_address>0x10680</load_address>
         <run_address>0x10680</run_address>
         <size>0x54</size>
         <input_file_ref idref="fl-49"/>
      </object_component>
      <object_component id="oc-159">
         <name>.text</name>
         <load_address>0x106d4</load_address>
         <run_address>0x106d4</run_address>
         <size>0x54</size>
         <input_file_ref idref="fl-3b"/>
      </object_component>
      <object_component id="oc-3b6">
         <name>.text:_pconv_f</name>
         <load_address>0x10728</load_address>
         <run_address>0x10728</run_address>
         <size>0x50</size>
         <input_file_ref idref="fl-34"/>
      </object_component>
      <object_component id="oc-3a4">
         <name>.text:atoi</name>
         <load_address>0x10778</load_address>
         <run_address>0x10778</run_address>
         <size>0x50</size>
         <input_file_ref idref="fl-46"/>
      </object_component>
      <object_component id="oc-28b">
         <name>.text</name>
         <load_address>0x107c8</load_address>
         <run_address>0x107c8</run_address>
         <size>0x50</size>
         <input_file_ref idref="fl-3c"/>
      </object_component>
      <object_component id="oc-4a2">
         <name>.text:__TI_doflush</name>
         <load_address>0x10818</load_address>
         <run_address>0x10818</run_address>
         <size>0x4c</size>
         <input_file_ref idref="fl-58"/>
      </object_component>
      <object_component id="oc-561">
         <name>.text:HOSTclose</name>
         <load_address>0x10864</load_address>
         <run_address>0x10864</run_address>
         <size>0x44</size>
         <input_file_ref idref="fl-5c"/>
      </object_component>
      <object_component id="oc-579">
         <name>.text:HOSTunlink</name>
         <load_address>0x108a8</load_address>
         <run_address>0x108a8</run_address>
         <size>0x44</size>
         <input_file_ref idref="fl-61"/>
      </object_component>
      <object_component id="oc-ff">
         <name>.text:__TI_auto_init_nobinit_nopinit:__TI_auto_init_nobinit_nopinit</name>
         <load_address>0x108ec</load_address>
         <run_address>0x108ec</run_address>
         <size>0x44</size>
         <input_file_ref idref="fl-3e"/>
      </object_component>
      <object_component id="oc-1d1">
         <name>.text:exit</name>
         <load_address>0x10930</load_address>
         <run_address>0x10930</run_address>
         <size>0x44</size>
         <input_file_ref idref="fl-44"/>
      </object_component>
      <object_component id="oc-5cf">
         <name>.text:getdevice</name>
         <load_address>0x10974</load_address>
         <run_address>0x10974</run_address>
         <size>0x44</size>
         <input_file_ref idref="fl-68"/>
      </object_component>
      <object_component id="oc-45d">
         <name>.text:_fcpy</name>
         <load_address>0x109b8</load_address>
         <run_address>0x109b8</run_address>
         <size>0x40</size>
         <input_file_ref idref="fl-34"/>
      </object_component>
      <object_component id="oc-5a8">
         <name>.text:__TI_writemsg</name>
         <load_address>0x109f8</load_address>
         <run_address>0x109f8</run_address>
         <size>0x3c</size>
         <input_file_ref idref="fl-63"/>
      </object_component>
      <object_component id="oc-5f1">
         <name>.text:strncpy</name>
         <load_address>0x10a34</load_address>
         <run_address>0x10a34</run_address>
         <size>0x36</size>
         <input_file_ref idref="fl-6b"/>
      </object_component>
      <object_component id="oc-512">
         <name>.text:__TI_cleanup</name>
         <load_address>0x10a6c</load_address>
         <run_address>0x10a6c</run_address>
         <size>0x34</size>
         <input_file_ref idref="fl-59"/>
      </object_component>
      <object_component id="oc-5ae">
         <name>.text:__TI_readmsg</name>
         <load_address>0x10aa0</load_address>
         <run_address>0x10aa0</run_address>
         <size>0x34</size>
         <input_file_ref idref="fl-63"/>
      </object_component>
      <object_component id="oc-5f7">
         <name>.text:finddevice</name>
         <load_address>0x10ad4</load_address>
         <run_address>0x10ad4</run_address>
         <size>0x34</size>
         <input_file_ref idref="fl-68"/>
      </object_component>
      <object_component id="oc-59d">
         <name>.text:unlink</name>
         <load_address>0x10b08</load_address>
         <run_address>0x10b08</run_address>
         <size>0x2c</size>
         <input_file_ref idref="fl-6e"/>
      </object_component>
      <object_component id="oc-541">
         <name>.text:free_list_insert</name>
         <load_address>0x10b34</load_address>
         <run_address>0x10b34</run_address>
         <size>0x28</size>
         <input_file_ref idref="fl-4c"/>
      </object_component>
      <object_component id="oc-4fe">
         <name>.text:lseek</name>
         <load_address>0x10b5c</load_address>
         <run_address>0x10b5c</run_address>
         <size>0x28</size>
         <input_file_ref idref="fl-65"/>
      </object_component>
      <object_component id="oc-4a8">
         <name>.text:write</name>
         <load_address>0x10b84</load_address>
         <run_address>0x10b84</run_address>
         <size>0x28</size>
         <input_file_ref idref="fl-4f"/>
      </object_component>
      <object_component id="oc-49c">
         <name>.text:memchr</name>
         <load_address>0x10bac</load_address>
         <run_address>0x10bac</run_address>
         <size>0x20</size>
         <input_file_ref idref="fl-4b"/>
      </object_component>
      <object_component id="oc-422">
         <name>.text:copysign</name>
         <load_address>0x10bcc</load_address>
         <run_address>0x10bcc</run_address>
         <size>0x1e</size>
         <input_file_ref idref="fl-66"/>
      </object_component>
      <object_component id="oc-53b">
         <name>.text:free_list_remove</name>
         <load_address>0x10bec</load_address>
         <run_address>0x10bec</run_address>
         <size>0x1c</size>
         <input_file_ref idref="fl-4c"/>
      </object_component>
      <object_component id="oc-3c8">
         <name>.text:memccpy</name>
         <load_address>0x10c08</load_address>
         <run_address>0x10c08</run_address>
         <size>0x1c</size>
         <input_file_ref idref="fl-4a"/>
      </object_component>
      <object_component id="oc-60e">
         <name>.text:strcmp</name>
         <load_address>0x10c24</load_address>
         <run_address>0x10c24</run_address>
         <size>0x18</size>
         <input_file_ref idref="fl-69"/>
      </object_component>
      <object_component id="oc-46b">
         <name>.text:strchr</name>
         <load_address>0x10c3c</load_address>
         <run_address>0x10c3c</run_address>
         <size>0x16</size>
         <input_file_ref idref="fl-4d"/>
      </object_component>
      <object_component id="oc-39e">
         <name>.text:strlen</name>
         <load_address>0x10c52</load_address>
         <run_address>0x10c52</run_address>
         <size>0x16</size>
         <input_file_ref idref="fl-4e"/>
      </object_component>
      <object_component id="oc-5c2">
         <name>.text:strcpy</name>
         <load_address>0x10c68</load_address>
         <run_address>0x10c68</run_address>
         <size>0x14</size>
         <input_file_ref idref="fl-6a"/>
      </object_component>
      <object_component id="oc-3ce">
         <name>.text:wcslen</name>
         <load_address>0x10c7c</load_address>
         <run_address>0x10c7c</run_address>
         <size>0x12</size>
         <input_file_ref idref="fl-52"/>
      </object_component>
      <object_component id="oc-15">
         <name>.text:decompress:none:__TI_decompress_none</name>
         <load_address>0x10c8e</load_address>
         <run_address>0x10c8e</run_address>
         <size>0xe</size>
         <input_file_ref idref="fl-41"/>
      </object_component>
      <object_component id="oc-68">
         <name>.text:decompress:ZI:__TI_zero_init</name>
         <load_address>0x10c9c</load_address>
         <run_address>0x10c9c</run_address>
         <size>0xc</size>
         <input_file_ref idref="fl-40"/>
      </object_component>
      <object_component id="oc-3d4">
         <name>.text:__aeabi_errno_addr</name>
         <load_address>0x10ca8</load_address>
         <run_address>0x10ca8</run_address>
         <size>0x8</size>
         <input_file_ref idref="fl-51"/>
      </object_component>
      <object_component id="oc-50c">
         <name>.text:malloc</name>
         <load_address>0x10cb0</load_address>
         <run_address>0x10cb0</run_address>
         <size>0x8</size>
         <input_file_ref idref="fl-4c"/>
      </object_component>
      <object_component id="oc-310">
         <name>.text:_outc</name>
         <load_address>0x10cb8</load_address>
         <run_address>0x10cb8</run_address>
         <size>0x4</size>
         <input_file_ref idref="fl-33"/>
      </object_component>
      <object_component id="oc-30a">
         <name>.text:_outs</name>
         <load_address>0x10cbc</load_address>
         <run_address>0x10cbc</run_address>
         <size>0x4</size>
         <input_file_ref idref="fl-33"/>
      </object_component>
      <object_component id="oc-1cb">
         <name>.text:abort:abort</name>
         <load_address>0x10cc0</load_address>
         <run_address>0x10cc0</run_address>
         <size>0x4</size>
         <input_file_ref idref="fl-44"/>
      </object_component>
      <object_component id="oc-36">
         <name>.text:retain</name>
         <load_address>0x10cc4</load_address>
         <run_address>0x10cc4</run_address>
         <size>0x4</size>
         <input_file_ref idref="fl-18"/>
      </object_component>
      <object_component id="oc-79">
         <name>.text</name>
         <load_address>0x10cc8</load_address>
         <run_address>0x10cc8</run_address>
         <size>0x4</size>
         <input_file_ref idref="fl-1c"/>
      </object_component>
      <object_component id="oc-290">
         <name>.const:het1PROGRAM</name>
         <load_address>0x10cd0</load_address>
         <run_address>0x10cd0</run_address>
         <size>0x3a0</size>
         <input_file_ref idref="fl-d"/>
      </object_component>
      <object_component id="oc-28">
         <name>.const:s_vim_init</name>
         <load_address>0x11070</load_address>
         <run_address>0x11070</run_address>
         <size>0x200</size>
         <input_file_ref idref="fl-1d"/>
      </object_component>
      <object_component id="oc-389">
         <name>.const:$O1$$</name>
         <load_address>0x11270</load_address>
         <run_address>0x11270</run_address>
         <size>0x158</size>
         <input_file_ref idref="fl-43"/>
      </object_component>
      <object_component id="oc-439">
         <name>.const:.string:_ctypes_</name>
         <load_address>0x113c8</load_address>
         <run_address>0x113c8</run_address>
         <size>0x101</size>
         <input_file_ref idref="fl-47"/>
      </object_component>
      <object_component id="oc-2a6">
         <name>.const:s_canByteOrder</name>
         <load_address>0x114cc</load_address>
         <run_address>0x114cc</run_address>
         <size>0x20</size>
         <input_file_ref idref="fl-8"/>
      </object_component>
      <object_component id="oc-293">
         <name>.const:s_het1pwmPolarity</name>
         <load_address>0x114ec</load_address>
         <run_address>0x114ec</run_address>
         <size>0x20</size>
         <input_file_ref idref="fl-d"/>
      </object_component>
      <object_component id="oc-29f">
         <name>.const:s_adcFiFoSize</name>
         <load_address>0x1150c</load_address>
         <run_address>0x1150c</run_address>
         <size>0x18</size>
         <input_file_ref idref="fl-7"/>
      </object_component>
      <object_component id="oc-2a2">
         <name>.const:s_adcSelect</name>
         <load_address>0x11524</load_address>
         <run_address>0x11524</run_address>
         <size>0x18</size>
         <input_file_ref idref="fl-7"/>
      </object_component>
      <object_component id="oc-645">
         <name>.cinit..data.load</name>
         <load_address>0x11540</load_address>
         <run_address>0x11540</run_address>
         <size>0x88</size>
      </object_component>
      <object_component id="oc-642">
         <name>__TI_handler_table</name>
         <load_address>0x115c8</load_address>
         <run_address>0x115c8</run_address>
         <size>0xc</size>
      </object_component>
      <object_component id="oc-644">
         <name>.cinit..bss.load</name>
         <load_address>0x115d8</load_address>
         <run_address>0x115d8</run_address>
         <size>0x8</size>
      </object_component>
      <object_component id="oc-643">
         <name>__TI_cinit_table</name>
         <load_address>0x115e0</load_address>
         <run_address>0x115e0</run_address>
         <size>0x10</size>
      </object_component>
      <object_component id="oc-322">
         <name>.bss:Date$1</name>
         <uninitialized>true</uninitialized>
         <run_address>0x8002080</run_address>
         <size>0x10</size>
         <input_file_ref idref="fl-5"/>
      </object_component>
      <object_component id="oc-27a">
         <name>.bss:g_spiPacket_t</name>
         <uninitialized>true</uninitialized>
         <run_address>0x8002008</run_address>
         <size>0x78</size>
         <input_file_ref idref="fl-11"/>
      </object_component>
      <object_component id="oc-5d9">
         <name>.bss:_CIOBUF_</name>
         <uninitialized>true</uninitialized>
         <run_address>0x8001d00</run_address>
         <size>0x120</size>
         <input_file_ref idref="fl-63"/>
      </object_component>
      <object_component id="oc-17c">
         <name>.common:dataconfig1_t</name>
         <uninitialized>true</uninitialized>
         <run_address>0x8002170</run_address>
         <size>0x4</size>
      </object_component>
      <object_component id="oc-164">
         <name>.common:dataconfig3_t</name>
         <uninitialized>true</uninitialized>
         <run_address>0x8002178</run_address>
         <size>0x4</size>
      </object_component>
      <object_component id="oc-321">
         <name>.common:RX_DATA</name>
         <uninitialized>true</uninitialized>
         <run_address>0x8001e20</run_address>
         <size>0xc8</size>
      </object_component>
      <object_component id="oc-169">
         <name>.common:dataconfig4_t</name>
         <uninitialized>true</uninitialized>
         <run_address>0x800217c</run_address>
         <size>0x4</size>
      </object_component>
      <object_component id="oc-185">
         <name>.common:VNQ5050KTRE_LEFT_1STAT1_VAL</name>
         <uninitialized>true</uninitialized>
         <run_address>0x800219a</run_address>
         <size>0x2</size>
      </object_component>
      <object_component id="oc-187">
         <name>.common:VNQ5050KTRE_LEFT_1STAT2_VAL</name>
         <uninitialized>true</uninitialized>
         <run_address>0x800219c</run_address>
         <size>0x2</size>
      </object_component>
      <object_component id="oc-188">
         <name>.common:VNQ5050KTRE_LEFT_1STAT3_VAL</name>
         <uninitialized>true</uninitialized>
         <run_address>0x800219e</run_address>
         <size>0x2</size>
      </object_component>
      <object_component id="oc-189">
         <name>.common:VNQ5050KTRE_LEFT_1STAT4_VAL</name>
         <uninitialized>true</uninitialized>
         <run_address>0x80021a0</run_address>
         <size>0x2</size>
      </object_component>
      <object_component id="oc-18a">
         <name>.common:VNQ5050KTRE_RIGHT_2STAT1_VAL</name>
         <uninitialized>true</uninitialized>
         <run_address>0x80021a6</run_address>
         <size>0x2</size>
      </object_component>
      <object_component id="oc-18b">
         <name>.common:VNQ5050KTRE_RIGHT_2STAT2_VAL</name>
         <uninitialized>true</uninitialized>
         <run_address>0x80021a8</run_address>
         <size>0x2</size>
      </object_component>
      <object_component id="oc-18c">
         <name>.common:VNQ5050KTRE_RIGHT_2STAT3_VAL</name>
         <uninitialized>true</uninitialized>
         <run_address>0x80021aa</run_address>
         <size>0x2</size>
      </object_component>
      <object_component id="oc-18d">
         <name>.common:VNQ5050KTRE_RIGHT_2STAT4_VAL</name>
         <uninitialized>true</uninitialized>
         <run_address>0x80021ac</run_address>
         <size>0x2</size>
      </object_component>
      <object_component id="oc-18e">
         <name>.common:VNQ5050KTRE_LEFT_1CS1_VAL</name>
         <uninitialized>true</uninitialized>
         <run_address>0x8002196</run_address>
         <size>0x2</size>
      </object_component>
      <object_component id="oc-18f">
         <name>.common:VNQ5050KTRE_LEFT_1CS2_VAL</name>
         <uninitialized>true</uninitialized>
         <run_address>0x8002198</run_address>
         <size>0x2</size>
      </object_component>
      <object_component id="oc-190">
         <name>.common:VNQ5050KTRE_RIGHT_2CS1_VAL</name>
         <uninitialized>true</uninitialized>
         <run_address>0x80021a2</run_address>
         <size>0x2</size>
      </object_component>
      <object_component id="oc-191">
         <name>.common:VNQ5050KTRE_RIGHT_2CS2_VAL</name>
         <uninitialized>true</uninitialized>
         <run_address>0x80021a4</run_address>
         <size>0x2</size>
      </object_component>
      <object_component id="oc-192">
         <name>.common:VN5T006ASPTRE_BOTTOM_CS1_VAL</name>
         <uninitialized>true</uninitialized>
         <run_address>0x8002194</run_address>
         <size>0x2</size>
      </object_component>
      <object_component id="oc-17a">
         <name>.common:dataconfig2_t</name>
         <uninitialized>true</uninitialized>
         <run_address>0x8002174</run_address>
         <size>0x4</size>
      </object_component>
      <object_component id="oc-170">
         <name>.common:beginTime</name>
         <uninitialized>true</uninitialized>
         <run_address>0x800216c</run_address>
         <size>0x4</size>
      </object_component>
      <object_component id="oc-16f">
         <name>.common:timeOut</name>
         <uninitialized>true</uninitialized>
         <run_address>0x8002180</run_address>
         <size>0x4</size>
      </object_component>
      <object_component id="oc-17b">
         <name>.common:ADS1018Data</name>
         <uninitialized>true</uninitialized>
         <run_address>0x8002090</run_address>
         <size>0x8</size>
      </object_component>
      <object_component id="oc-19d">
         <name>.common:Amount</name>
         <uninitialized>true</uninitialized>
         <run_address>0x800218e</run_address>
         <size>0x2</size>
      </object_component>
      <object_component id="oc-19e">
         <name>.common:Average</name>
         <uninitialized>true</uninitialized>
         <run_address>0x8002192</run_address>
         <size>0x2</size>
      </object_component>
      <object_component id="oc-19c">
         <name>.common:adc_samplecounter</name>
         <uninitialized>true</uninitialized>
         <run_address>0x80021ae</run_address>
         <size>0x2</size>
      </object_component>
      <object_component id="oc-1a8">
         <name>.common:aligment_buf</name>
         <uninitialized>true</uninitialized>
         <run_address>0x800218d</run_address>
         <size>0x1</size>
      </object_component>
      <object_component id="oc-1a0">
         <name>.common:CamelneckHomeTemporary</name>
         <uninitialized>true</uninitialized>
         <run_address>0x8002138</run_address>
         <size>0x4</size>
      </object_component>
      <object_component id="oc-1a1">
         <name>.common:CamelneckRightAngleTemporary</name>
         <uninitialized>true</uninitialized>
         <run_address>0x8002144</run_address>
         <size>0x4</size>
      </object_component>
      <object_component id="oc-1a2">
         <name>.common:CamelneckLeftAngleTemporary</name>
         <uninitialized>true</uninitialized>
         <run_address>0x800213c</run_address>
         <size>0x4</size>
      </object_component>
      <object_component id="oc-1a3">
         <name>.common:CamelneckNumberTemporary</name>
         <uninitialized>true</uninitialized>
         <run_address>0x8002140</run_address>
         <size>0x4</size>
      </object_component>
      <object_component id="oc-1a5">
         <name>.common:FifthWheelHomeTemporary</name>
         <uninitialized>true</uninitialized>
         <run_address>0x8002148</run_address>
         <size>0x4</size>
      </object_component>
      <object_component id="oc-1a4">
         <name>.common:FifthWheelRightAngleTemporary</name>
         <uninitialized>true</uninitialized>
         <run_address>0x8002154</run_address>
         <size>0x4</size>
      </object_component>
      <object_component id="oc-1a6">
         <name>.common:FifthWheelLeftAngleTemporary</name>
         <uninitialized>true</uninitialized>
         <run_address>0x800214c</run_address>
         <size>0x4</size>
      </object_component>
      <object_component id="oc-1a7">
         <name>.common:FifthWheelNumberTemporary</name>
         <uninitialized>true</uninitialized>
         <run_address>0x8002150</run_address>
         <size>0x4</size>
      </object_component>
      <object_component id="oc-1c1">
         <name>.common:Fullautomaticled</name>
         <uninitialized>true</uninitialized>
         <run_address>0x8002158</run_address>
         <size>0x4</size>
      </object_component>
      <object_component id="oc-1c0">
         <name>.common:Semiautomaticled</name>
         <uninitialized>true</uninitialized>
         <run_address>0x800215c</run_address>
         <size>0x4</size>
      </object_component>
      <object_component id="oc-19f">
         <name>.common:CaliberAcilStopLed</name>
         <uninitialized>true</uninitialized>
         <run_address>0x800211c</run_address>
         <size>0x4</size>
      </object_component>
      <object_component id="oc-1b7">
         <name>.common:CaliberStartLed</name>
         <uninitialized>true</uninitialized>
         <run_address>0x800212c</run_address>
         <size>0x4</size>
      </object_component>
      <object_component id="oc-1b8">
         <name>.common:CaliberStopLed</name>
         <uninitialized>true</uninitialized>
         <run_address>0x8002130</run_address>
         <size>0x4</size>
      </object_component>
      <object_component id="oc-1b9">
         <name>.common:CaliberBirinciKayitLed</name>
         <uninitialized>true</uninitialized>
         <run_address>0x8002120</run_address>
         <size>0x4</size>
      </object_component>
      <object_component id="oc-1ba">
         <name>.common:CaliberikinciKayitLed</name>
         <uninitialized>true</uninitialized>
         <run_address>0x8002134</run_address>
         <size>0x4</size>
      </object_component>
      <object_component id="oc-1bb">
         <name>.common:CaliberKesinKayitLed</name>
         <uninitialized>true</uninitialized>
         <run_address>0x8002128</run_address>
         <size>0x4</size>
      </object_component>
      <object_component id="oc-1bc">
         <name>.common:TekerlekSagLed</name>
         <uninitialized>true</uninitialized>
         <run_address>0x8002164</run_address>
         <size>0x4</size>
      </object_component>
      <object_component id="oc-1bd">
         <name>.common:TekerlekSolLed</name>
         <uninitialized>true</uninitialized>
         <run_address>0x8002168</run_address>
         <size>0x4</size>
      </object_component>
      <object_component id="oc-1be">
         <name>.common:TekerlekDuzLed</name>
         <uninitialized>true</uninitialized>
         <run_address>0x8002160</run_address>
         <size>0x4</size>
      </object_component>
      <object_component id="oc-1b6">
         <name>.common:AutoHizalamaBitti</name>
         <uninitialized>true</uninitialized>
         <run_address>0x8002118</run_address>
         <size>0x4</size>
      </object_component>
      <object_component id="oc-1bf">
         <name>.common:CaliberBozuk</name>
         <uninitialized>true</uninitialized>
         <run_address>0x8002124</run_address>
         <size>0x4</size>
      </object_component>
      <object_component id="oc-1ac">
         <name>.common:Calibrationbegin</name>
         <uninitialized>true</uninitialized>
         <run_address>0x80020d0</run_address>
         <size>0x8</size>
      </object_component>
      <object_component id="oc-1aa">
         <name>.common:CalibrationFirstTemprorySettings</name>
         <uninitialized>true</uninitialized>
         <run_address>0x80020c0</run_address>
         <size>0x8</size>
      </object_component>
      <object_component id="oc-1ae">
         <name>.common:CalibrationSecondTemprorySettings</name>
         <uninitialized>true</uninitialized>
         <run_address>0x80020c8</run_address>
         <size>0x8</size>
      </object_component>
      <object_component id="oc-1ad">
         <name>.common:CalibrationFinalSettings</name>
         <uninitialized>true</uninitialized>
         <run_address>0x80020b8</run_address>
         <size>0x8</size>
      </object_component>
      <object_component id="oc-1af">
         <name>.common:CalibrationCancel</name>
         <uninitialized>true</uninitialized>
         <run_address>0x80020a8</run_address>
         <size>0x8</size>
      </object_component>
      <object_component id="oc-1ab">
         <name>.common:CalibrationFailure</name>
         <uninitialized>true</uninitialized>
         <run_address>0x80020b0</run_address>
         <size>0x8</size>
      </object_component>
      <object_component id="oc-1b0">
         <name>.common:FifthWheelAnglePositioneLeft</name>
         <uninitialized>true</uninitialized>
         <run_address>0x80020e0</run_address>
         <size>0x8</size>
      </object_component>
      <object_component id="oc-1b1">
         <name>.common:FifthWheelAnglePositioneRight</name>
         <uninitialized>true</uninitialized>
         <run_address>0x80020e8</run_address>
         <size>0x8</size>
      </object_component>
      <object_component id="oc-1b2">
         <name>.common:VehicleInRoute</name>
         <uninitialized>true</uninitialized>
         <run_address>0x8002100</run_address>
         <size>0x8</size>
      </object_component>
      <object_component id="oc-1b3">
         <name>.common:AutomaticAligmentDone</name>
         <uninitialized>true</uninitialized>
         <run_address>0x8002098</run_address>
         <size>0x8</size>
      </object_component>
      <object_component id="oc-19b">
         <name>.common:ISSSingalActive</name>
         <uninitialized>true</uninitialized>
         <run_address>0x80020f8</run_address>
         <size>0x8</size>
      </object_component>
      <object_component id="oc-1b4">
         <name>.common:FrontSensorInoperative</name>
         <uninitialized>true</uninitialized>
         <run_address>0x80020f0</run_address>
         <size>0x8</size>
      </object_component>
      <object_component id="oc-1b5">
         <name>.common:BackSensorInoperative</name>
         <uninitialized>true</uninitialized>
         <run_address>0x80020a0</run_address>
         <size>0x8</size>
      </object_component>
      <object_component id="oc-1a9">
         <name>.common:EmergencyStopActive</name>
         <uninitialized>true</uninitialized>
         <run_address>0x80020d8</run_address>
         <size>0x8</size>
      </object_component>
      <object_component id="oc-1c2">
         <name>.common:KalibrasyonStart</name>
         <uninitialized>true</uninitialized>
         <run_address>0x8002187</run_address>
         <size>0x3</size>
      </object_component>
      <object_component id="oc-1c3">
         <name>.common:KalibrasyonStop</name>
         <uninitialized>true</uninitialized>
         <run_address>0x800218a</run_address>
         <size>0x3</size>
      </object_component>
      <object_component id="oc-1c4">
         <name>.common:KalibrasyonKesinKayit</name>
         <uninitialized>true</uninitialized>
         <run_address>0x8002184</run_address>
         <size>0x3</size>
      </object_component>
      <object_component id="oc-199">
         <name>.common:AttractiveLeftSensorAndCamelNeck</name>
         <uninitialized>true</uninitialized>
         <run_address>0x8002190</run_address>
         <size>0x2</size>
      </object_component>
      <object_component id="oc-19a">
         <name>.common:canSensorData</name>
         <uninitialized>true</uninitialized>
         <run_address>0x80021b0</run_address>
         <size>0x2</size>
      </object_component>
      <object_component id="oc-186">
         <name>.common:adc_data</name>
         <uninitialized>true</uninitialized>
         <run_address>0x8001f88</run_address>
         <size>0x80</size>
      </object_component>
      <object_component id="oc-193">
         <name>.common:can_tx_data</name>
         <uninitialized>true</uninitialized>
         <run_address>0x8002108</run_address>
         <size>0x8</size>
      </object_component>
      <object_component id="oc-197">
         <name>.common:sensorRight</name>
         <uninitialized>true</uninitialized>
         <run_address>0x80021b3</run_address>
         <size>0x1</size>
      </object_component>
      <object_component id="oc-198">
         <name>.common:sensorLeft</name>
         <uninitialized>true</uninitialized>
         <run_address>0x80021b2</run_address>
         <size>0x1</size>
      </object_component>
      <object_component id="oc-5a3">
         <name>.common:__TI_tmpnams</name>
         <uninitialized>true</uninitialized>
         <run_address>0x8001ee8</run_address>
         <size>0xa0</size>
      </object_component>
      <object_component id="oc-5b4">
         <name>.common:parmbuf</name>
         <uninitialized>true</uninitialized>
         <run_address>0x8002110</run_address>
         <size>0x8</size>
      </object_component>
      <object_component id="oc-2b0">
         <name>.data</name>
         <load_address>0x80023d8</load_address>
         <run_address>0x80023d8</run_address>
         <size>0x12</size>
         <input_file_ref idref="fl-4"/>
      </object_component>
      <object_component id="oc-16c">
         <name>.data</name>
         <load_address>0x8002320</load_address>
         <run_address>0x8002320</run_address>
         <size>0x67</size>
         <input_file_ref idref="fl-15"/>
      </object_component>
      <object_component id="oc-177">
         <name>.data:rcvId</name>
         <load_address>0x8002420</load_address>
         <run_address>0x8002420</run_address>
         <size>0x8</size>
         <input_file_ref idref="fl-15"/>
      </object_component>
      <object_component id="oc-194">
         <name>.data:can_rx_data</name>
         <load_address>0x8002418</load_address>
         <run_address>0x8002418</run_address>
         <size>0x8</size>
         <input_file_ref idref="fl-15"/>
      </object_component>
      <object_component id="oc-32c">
         <name>.data:$O1$$</name>
         <load_address>0x80023fc</load_address>
         <run_address>0x80023fc</run_address>
         <size>0xc</size>
         <input_file_ref idref="fl-44"/>
      </object_component>
      <object_component id="oc-304">
         <name>.data:$O1$$</name>
         <load_address>0x8002408</load_address>
         <run_address>0x8002408</run_address>
         <size>0x8</size>
         <input_file_ref idref="fl-45"/>
      </object_component>
      <object_component id="oc-307">
         <name>.data:_ftable</name>
         <load_address>0x80021b8</load_address>
         <run_address>0x80021b8</run_address>
         <size>0xf0</size>
         <input_file_ref idref="fl-48"/>
      </object_component>
      <object_component id="oc-555">
         <name>.data</name>
         <load_address>0x80023ec</load_address>
         <run_address>0x80023ec</run_address>
         <size>0x10</size>
         <input_file_ref idref="fl-48"/>
      </object_component>
      <object_component id="oc-58b">
         <name>.data:$O1$$</name>
         <load_address>0x8002410</load_address>
         <run_address>0x8002410</run_address>
         <size>0x8</size>
         <input_file_ref idref="fl-4c"/>
      </object_component>
      <object_component id="oc-525">
         <name>.data:_device</name>
         <load_address>0x80022a8</load_address>
         <run_address>0x80022a8</run_address>
         <size>0x78</size>
         <input_file_ref idref="fl-50"/>
      </object_component>
      <object_component id="oc-4ed">
         <name>.data:_stream</name>
         <load_address>0x8002388</load_address>
         <run_address>0x8002388</run_address>
         <size>0x50</size>
         <input_file_ref idref="fl-50"/>
      </object_component>
      <object_component id="oc-47b">
         <name>.data</name>
         <load_address>0x8002428</load_address>
         <run_address>0x8002428</run_address>
         <size>0x4</size>
         <input_file_ref idref="fl-51"/>
      </object_component>
      <object_component id="oc-48">
         <name>.sysmem</name>
         <uninitialized>true</uninitialized>
         <run_address>0x8001500</run_address>
         <size>0x10</size>
         <input_file_ref idref="fl-4c"/>
      </object_component>
      <object_component id="oc-646">
         <name>.sysmem</name>
         <uninitialized>true</uninitialized>
         <run_address>0x8001500</run_address>
         <size>0x0</size>
      </object_component>
      <object_component id="oc-339">
         <name>.debug_info</name>
         <load_address>0x0</load_address>
         <run_address>0x0</run_address>
         <size>0x1e8</size>
         <input_file_ref idref="fl-2"/>
      </object_component>
      <object_component id="oc-2e1">
         <name>.debug_info</name>
         <load_address>0x1e8</load_address>
         <run_address>0x1e8</run_address>
         <size>0xe57</size>
         <input_file_ref idref="fl-2"/>
      </object_component>
      <object_component id="oc-2e6">
         <name>.debug_info</name>
         <load_address>0x103f</load_address>
         <run_address>0x103f</run_address>
         <size>0x227</size>
         <input_file_ref idref="fl-2"/>
      </object_component>
      <object_component id="oc-2eb">
         <name>.debug_info</name>
         <load_address>0x1266</load_address>
         <run_address>0x1266</run_address>
         <size>0x26d5</size>
         <input_file_ref idref="fl-2"/>
      </object_component>
      <object_component id="oc-1e0">
         <name>.debug_info</name>
         <load_address>0x393b</load_address>
         <run_address>0x393b</run_address>
         <size>0x26b</size>
         <input_file_ref idref="fl-2"/>
      </object_component>
      <object_component id="oc-a1">
         <name>.debug_info</name>
         <load_address>0x3ba6</load_address>
         <run_address>0x3ba6</run_address>
         <size>0x157</size>
         <input_file_ref idref="fl-2"/>
      </object_component>
      <object_component id="oc-b8">
         <name>.debug_info</name>
         <load_address>0x3cfd</load_address>
         <run_address>0x3cfd</run_address>
         <size>0x8b</size>
         <input_file_ref idref="fl-2"/>
      </object_component>
      <object_component id="oc-326">
         <name>.debug_info</name>
         <load_address>0x3d88</load_address>
         <run_address>0x3d88</run_address>
         <size>0x297</size>
         <input_file_ref idref="fl-2"/>
      </object_component>
      <object_component id="oc-1c6">
         <name>.debug_info</name>
         <load_address>0x401f</load_address>
         <run_address>0x401f</run_address>
         <size>0xbb</size>
         <input_file_ref idref="fl-2"/>
      </object_component>
      <object_component id="oc-51">
         <name>.debug_info</name>
         <load_address>0x40da</load_address>
         <run_address>0x40da</run_address>
         <size>0x84</size>
         <input_file_ref idref="fl-3"/>
      </object_component>
      <object_component id="oc-17d">
         <name>.debug_info</name>
         <load_address>0x415e</load_address>
         <run_address>0x415e</run_address>
         <size>0x3c5</size>
         <input_file_ref idref="fl-4"/>
      </object_component>
      <object_component id="oc-2b1">
         <name>.debug_info</name>
         <load_address>0x4523</load_address>
         <run_address>0x4523</run_address>
         <size>0x1a4</size>
         <input_file_ref idref="fl-4"/>
      </object_component>
      <object_component id="oc-154">
         <name>.debug_info</name>
[...]
      </symbol>
      <symbol id="sm-ae5">
         <name>fmcECCcheck</name>
         <value>0x3dfc</value>
         <object_component_ref idref="oc-85"/>
      </symbol>
      <symbol id="sm-ae6">
         <name>fmcBus2Check</name>
         <value>0x3dc0</value>
         <object_component_ref idref="oc-85"/>
      </symbol>
      <symbol id="sm-ae7">
         <name>checkRAMUERRTest</name>
         <value>0x5428</value>
         <object_component_ref idref="oc-85"/>
      </symbol>
      <symbol id="sm-ae8">
         <name>efcStuckZeroTest</name>
         <value>0x3c4c</value>
         <object_component_ref idref="oc-85"/>
      </symbol>
      <symbol id="sm-b17">
         <name>_c_int00</name>
         <value>0xea14</value>
         <object_component_ref idref="oc-1c"/>
      </symbol>
      <symbol id="sm-b18">
         <name>handlePLLLockFail</name>
         <value>0x10cc8</value>
         <object_component_ref idref="oc-79"/>
      </symbol>
      <symbol id="sm-bc7">
         <name>vimChannelMap</name>
         <value>0x9324</value>
         <object_component_ref idref="oc-42"/>
      </symbol>
      <symbol id="sm-bc8">
         <name>vimInit</name>
         <value>0x9250</value>
         <object_component_ref idref="oc-42"/>
      </symbol>
      <symbol id="sm-bc9">
         <name>vimEnableInterrupt</name>
         <value>0x93c8</value>
         <object_component_ref idref="oc-42"/>
      </symbol>
      <symbol id="sm-bca">
         <name>vimDisableInterrupt</name>
         <value>0x9590</value>
         <object_component_ref idref="oc-42"/>
      </symbol>
      <symbol id="sm-bcb">
         <name>vimGetConfigValue</name>
         <value>0x963c</value>
         <object_component_ref idref="oc-42"/>
      </symbol>
      <symbol id="sm-bcc">
         <name>vimParityErrorHandler</name>
         <value>0xe490</value>
         <object_component_ref idref="oc-3c"/>
      </symbol>
      <symbol id="sm-c21">
         <name>systemGetConfigValue</name>
         <value>0x8ac8</value>
         <object_component_ref idref="oc-7f"/>
      </symbol>
      <symbol id="sm-c22">
         <name>trimLPO</name>
         <value>0x87cc</value>
         <object_component_ref idref="oc-7f"/>
      </symbol>
      <symbol id="sm-c23">
         <name>systemInit</name>
         <value>0x89cc</value>
         <object_component_ref idref="oc-7f"/>
      </symbol>
      <symbol id="sm-c24">
         <name>customTrimLPO</name>
         <value>0x918c</value>
         <object_component_ref idref="oc-7f"/>
      </symbol>
      <symbol id="sm-c25">
         <name>tcmflashGetConfigValue</name>
         <value>0x8ea4</value>
         <object_component_ref idref="oc-7f"/>
      </symbol>
      <symbol id="sm-c26">
         <name>sramGetConfigValue</name>
         <value>0x9050</value>
         <object_component_ref idref="oc-7f"/>
      </symbol>
      <symbol id="sm-c27">
         <name>periphInit</name>
         <value>0x8880</value>
         <object_component_ref idref="oc-7f"/>
      </symbol>
      <symbol id="sm-c28">
         <name>setupFlash</name>
         <value>0x8840</value>
         <object_component_ref idref="oc-7f"/>
      </symbol>
      <symbol id="sm-c29">
         <name>setupPLL</name>
         <value>0x877c</value>
         <object_component_ref idref="oc-7f"/>
      </symbol>
      <symbol id="sm-c2a">
         <name>mapClocks</name>
         <value>0x88d4</value>
         <object_component_ref idref="oc-7f"/>
      </symbol>
      <symbol id="sm-c2b">
         <name>systemPowerDown</name>
         <value>0x8a98</value>
         <object_component_ref idref="oc-7f"/>
      </symbol>
      <symbol id="sm-c87">
         <name>sin</name>
         <value>0xdd55</value>
         <object_component_ref idref="oc-15e"/>
      </symbol>
      <symbol id="sm-c88">
         <name>sinl</name>
         <value>0xdd55</value>
         <object_component_ref idref="oc-15e"/>
      </symbol>
      <symbol id="sm-cb4">
         <name>printf</name>
         <value>0x10395</value>
         <object_component_ref idref="oc-171"/>
      </symbol>
      <symbol id="sm-e10">
         <name>__TI_printfi</name>
         <value>0x9ca5</value>
         <object_component_ref idref="oc-2fe"/>
      </symbol>
      <symbol id="sm-e25">
         <name>putc</name>
         <value>0xff79</value>
         <object_component_ref idref="oc-3fb"/>
      </symbol>
      <symbol id="sm-e26">
         <name>fputc</name>
         <value>0xff79</value>
         <object_component_ref idref="oc-3fb"/>
      </symbol>
      <symbol id="sm-e44">
         <name>fputs</name>
         <value>0xf1a5</value>
         <object_component_ref idref="oc-3f4"/>
      </symbol>
      <symbol id="sm-e5c">
         <name>__TI_wrt_ok</name>
         <value>0x103fd</value>
         <object_component_ref idref="oc-496"/>
      </symbol>
      <symbol id="sm-e78">
         <name>setvbuf</name>
         <value>0xfb61</value>
         <object_component_ref idref="oc-4e1"/>
      </symbol>
      <symbol id="sm-e93">
         <name>memcpy</name>
         <value>0xfe49</value>
         <object_component_ref idref="oc-56"/>
      </symbol>
      <symbol id="sm-e94">
         <name>__aeabi_memcpy</name>
         <value>0xfe49</value>
         <object_component_ref idref="oc-56"/>
      </symbol>
      <symbol id="sm-e95">
         <name>__aeabi_memcpy8</name>
         <value>0xfe49</value>
         <object_component_ref idref="oc-56"/>
      </symbol>
      <symbol id="sm-e96">
         <name>__aeabi_memcpy4</name>
         <value>0xfe49</value>
         <object_component_ref idref="oc-56"/>
      </symbol>
      <symbol id="sm-eb2">
         <name>__aeabi_uldivmod</name>
         <value>0xe75c</value>
         <object_component_ref idref="oc-43e"/>
      </symbol>
      <symbol id="sm-ebe">
         <name>__aeabi_idivmod</name>
         <value>0x106d4</value>
         <object_component_ref idref="oc-159"/>
      </symbol>
      <symbol id="sm-ebf">
         <name>__aeabi_idiv</name>
         <value>0x106d4</value>
         <object_component_ref idref="oc-159"/>
      </symbol>
      <symbol id="sm-ecb">
         <name>__aeabi_uidivmod</name>
         <value>0x107c8</value>
         <object_component_ref idref="oc-28b"/>
      </symbol>
      <symbol id="sm-ecc">
         <name>__aeabi_uidiv</name>
         <value>0x107c8</value>
         <object_component_ref idref="oc-28b"/>
      </symbol>
      <symbol id="sm-edb">
         <name>__aeabi_memset</name>
         <value>0x10085</value>
         <object_component_ref idref="oc-db"/>
      </symbol>
      <symbol id="sm-edc">
         <name>memset</name>
         <value>0x1008b</value>
         <object_component_ref idref="oc-db"/>
      </symbol>
      <symbol id="sm-edd">
         <name>__aeabi_memset8</name>
         <value>0x10085</value>
         <object_component_ref idref="oc-db"/>
      </symbol>
      <symbol id="sm-ede">
         <name>__aeabi_memset4</name>
         <value>0x10085</value>
         <object_component_ref idref="oc-db"/>
      </symbol>
      <symbol id="sm-edf">
         <name>__aeabi_memclr8</name>
         <value>0x10083</value>
         <object_component_ref idref="oc-db"/>
      </symbol>
      <symbol id="sm-ee0">
         <name>__aeabi_memclr4</name>
         <value>0x10083</value>
         <object_component_ref idref="oc-db"/>
      </symbol>
      <symbol id="sm-ee1">
         <name>__aeabi_memclr</name>
         <value>0x10083</value>
         <object_component_ref idref="oc-db"/>
      </symbol>
      <symbol id="sm-f09">
         <name>__TI_auto_init_nobinit_nopinit</name>
         <value>0x108ed</value>
         <object_component_ref idref="oc-ff"/>
      </symbol>
      <symbol id="sm-f1c">
         <name>__TI_zero_init</name>
         <value>0x10c9d</value>
         <object_component_ref idref="oc-68"/>
      </symbol>
      <symbol id="sm-f33">
         <name>__TI_decompress_none</name>
         <value>0x10c8f</value>
         <object_component_ref idref="oc-15"/>
      </symbol>
      <symbol id="sm-f56">
         <name>__TI_decompress_lzss</name>
         <value>0x102c1</value>
         <object_component_ref idref="oc-f"/>
      </symbol>
      <symbol id="sm-fc5">
         <name>__kernel_rem_pio2</name>
         <value>0xc461</value>
         <object_component_ref idref="oc-2ba"/>
      </symbol>
      <symbol id="sm-feb">
         <name>C$$EXIT</name>
         <value>0x10cc1</value>
         <object_component_ref idref="oc-1cb"/>
      </symbol>
      <symbol id="sm-fec">
         <name>abort</name>
         <value>0x10cc1</value>
         <object_component_ref idref="oc-1cb"/>
      </symbol>
      <symbol id="sm-fed">
         <name>__TI_dtors_ptr</name>
         <value>0x8002400</value>
         <object_component_ref idref="oc-32c"/>
      </symbol>
      <symbol id="sm-fee">
         <name>__TI_cleanup_ptr</name>
         <value>0x80023fc</value>
         <object_component_ref idref="oc-32c"/>
      </symbol>
      <symbol id="sm-fef">
         <name>__TI_enable_exit_profile_output</name>
         <value>0x8002404</value>
         <object_component_ref idref="oc-32c"/>
      </symbol>
      <symbol id="sm-ff0">
         <name>exit</name>
         <value>0x10931</value>
         <object_component_ref idref="oc-1d1"/>
      </symbol>
      <symbol id="sm-1005">
         <name>_nop</name>
         <value>0xa6ef</value>
         <object_component_ref idref="oc-3e6"/>
      </symbol>
      <symbol id="sm-1006">
         <name>_lock</name>
         <value>0x8002408</value>
         <object_component_ref idref="oc-304"/>
      </symbol>
      <symbol id="sm-1007">
         <name>_unlock</name>
         <value>0x800240c</value>
         <object_component_ref idref="oc-304"/>
      </symbol>
      <symbol id="sm-101c">
         <name>atoi</name>
         <value>0x10779</value>
         <object_component_ref idref="oc-3a4"/>
      </symbol>
      <symbol id="sm-1027">
         <name>_ctypes_</name>
         <value>0x113c8</value>
         <object_component_ref idref="oc-439"/>
      </symbol>
      <symbol id="sm-103c">
         <name>__TI_tmpnams</name>
         <value>0x8001ee8</value>
      </symbol>
      <symbol id="sm-103d">
         <name>__aeabi_stdout</name>
         <value>0x80023f4</value>
         <object_component_ref idref="oc-555"/>
      </symbol>
      <symbol id="sm-103e">
         <name>__aeabi_stderr</name>
         <value>0x80023f8</value>
         <object_component_ref idref="oc-555"/>
      </symbol>
      <symbol id="sm-103f">
         <name>__aeabi_stdin</name>
         <value>0x80023f0</value>
         <object_component_ref idref="oc-555"/>
      </symbol>
      <symbol id="sm-1040">
         <name>_ftable</name>
         <value>0x80021b8</value>
         <object_component_ref idref="oc-307"/>
      </symbol>
      <symbol id="sm-1041">
         <name>__TI_ft_end</name>
         <value>0x80023ec</value>
         <object_component_ref idref="oc-555"/>
      </symbol>
      <symbol id="sm-1050">
         <name>ltoa</name>
         <value>0x10681</value>
         <object_component_ref idref="oc-444"/>
      </symbol>
      <symbol id="sm-1060">
         <name>memccpy</name>
         <value>0x10c09</value>
         <object_component_ref idref="oc-3c8"/>
      </symbol>
      <symbol id="sm-1070">
         <name>memchr</name>
         <value>0x10bad</value>
         <object_component_ref idref="oc-49c"/>
      </symbol>
      <symbol id="sm-10f8">
         <name>_sys_memory</name>
         <value>0x8001500</value>
         <object_component_ref idref="oc-48"/>
      </symbol>
      <symbol id="sm-10f9">
         <name>free</name>
         <value>0xf8bd</value>
         <object_component_ref idref="oc-506"/>
      </symbol>
      <symbol id="sm-10fa">
         <name>memalign</name>
         <value>0xf2bd</value>
         <object_component_ref idref="oc-548"/>
      </symbol>
      <symbol id="sm-10fb">
         <name>malloc</name>
         <value>0x10cb1</value>
         <object_component_ref idref="oc-50c"/>
      </symbol>
      <symbol id="sm-10fc">
         <name>aligned_alloc</name>
         <value>0xf2bd</value>
         <object_component_ref idref="oc-548"/>
      </symbol>
      <symbol id="sm-110c">
         <name>strchr</name>
         <value>0x10c3d</value>
         <object_component_ref idref="oc-46b"/>
      </symbol>
      <symbol id="sm-111a">
         <name>strlen</name>
         <value>0x10c53</value>
         <object_component_ref idref="oc-39e"/>
      </symbol>
      <symbol id="sm-1134">
         <name>write</name>
         <value>0x10b85</value>
         <object_component_ref idref="oc-4a8"/>
      </symbol>
      <symbol id="sm-1145">
         <name>_stream</name>
         <value>0x8002388</value>
         <object_component_ref idref="oc-4ed"/>
      </symbol>
      <symbol id="sm-1146">
         <name>_device</name>
         <value>0x80022a8</value>
         <object_component_ref idref="oc-525"/>
      </symbol>
      <symbol id="sm-115c">
         <name>__aeabi_errno_addr</name>
         <value>0x10ca9</value>
         <object_component_ref idref="oc-3d4"/>
      </symbol>
      <symbol id="sm-115d">
         <name>errno</name>
         <value>0x8002428</value>
         <object_component_ref idref="oc-47b"/>
      </symbol>
      <symbol id="sm-1176">
         <name>wcslen</name>
         <value>0x10c7d</value>
         <object_component_ref idref="oc-3ce"/>
      </symbol>
      <symbol id="sm-1187">
         <name>__kernel_cos</name>
         <value>0xfc3d</value>
         <object_component_ref idref="oc-2c6"/>
      </symbol>
      <symbol id="sm-119c">
         <name>__kernel_sin</name>
         <value>0xfda1</value>
         <object_component_ref idref="oc-2c0"/>
      </symbol>
      <symbol id="sm-11b8">
         <name>floorl</name>
         <value>0xf9a1</value>
         <object_component_ref idref="oc-383"/>
      </symbol>
      <symbol id="sm-11b9">
         <name>floor</name>
         <value>0xf9a1</value>
         <object_component_ref idref="oc-383"/>
      </symbol>
      <symbol id="sm-11cd">
         <name>frexpl</name>
         <value>0x10171</value>
         <object_component_ref idref="oc-465"/>
      </symbol>
      <symbol id="sm-11ce">
         <name>frexp</name>
         <value>0x10171</value>
         <object_component_ref idref="oc-465"/>
      </symbol>
      <symbol id="sm-11eb">
         <name>scalbn</name>
         <value>0xf6e5</value>
         <object_component_ref idref="oc-37d"/>
      </symbol>
      <symbol id="sm-11ec">
         <name>scalbnl</name>
         <value>0xf6e5</value>
         <object_component_ref idref="oc-37d"/>
      </symbol>
      <symbol id="sm-11ed">
         <name>ldexpl</name>
         <value>0xf6e5</value>
         <object_component_ref idref="oc-37d"/>
      </symbol>
      <symbol id="sm-11ee">
         <name>ldexp</name>
         <value>0xf6e5</value>
         <object_component_ref idref="oc-37d"/>
      </symbol>
      <symbol id="sm-11fe">
         <name>__TI_doflush</name>
         <value>0x10819</value>
         <object_component_ref idref="oc-4a2"/>
      </symbol>
      <symbol id="sm-120e">
         <name>__TI_cleanup</name>
         <value>0x10a6d</value>
         <object_component_ref idref="oc-512"/>
      </symbol>
      <symbol id="sm-1220">
         <name>fseek</name>
         <value>0x10461</value>
         <object_component_ref idref="oc-4db"/>
      </symbol>
      <symbol id="sm-122a">
         <name>__aeabi_idiv0</name>
         <value>0xfd9f</value>
         <object_component_ref idref="oc-2b4"/>
      </symbol>
      <symbol id="sm-122b">
         <name>__aeabi_ldiv0</name>
         <value>0xfd9f</value>
         <object_component_ref idref="oc-2b4"/>
      </symbol>
      <symbol id="sm-123c">
         <name>HOSTclose</name>
         <value>0x10865</value>
         <object_component_ref idref="oc-561"/>
      </symbol>
      <symbol id="sm-124d">
         <name>HOSTlseek</name>
         <value>0x1032d</value>
         <object_component_ref idref="oc-573"/>
      </symbol>
      <symbol id="sm-125f">
         <name>parmbuf</name>
         <value>0x8002110</value>
      </symbol>
      <symbol id="sm-1260">
         <name>HOSTopen</name>
         <value>0x104c5</value>
         <object_component_ref idref="oc-55b"/>
      </symbol>
      <symbol id="sm-1271">
         <name>HOSTread</name>
         <value>0x10521</value>
         <object_component_ref idref="oc-567"/>
      </symbol>
      <symbol id="sm-1282">
         <name>HOSTrename</name>
         <value>0x10255</value>
         <object_component_ref idref="oc-57f"/>
      </symbol>
      <symbol id="sm-1293">
         <name>HOSTunlink</name>
         <value>0x108a9</value>
         <object_component_ref idref="oc-579"/>
      </symbol>
      <symbol id="sm-12a4">
         <name>HOSTwrite</name>
         <value>0x1057d</value>
         <object_component_ref idref="oc-56d"/>
      </symbol>
      <symbol id="sm-12c8">
         <name>__TI_readmsg</name>
         <value>0x10aa1</value>
         <object_component_ref idref="oc-5ae"/>
      </symbol>
      <symbol id="sm-12c9">
         <name>C$$IO$$</name>
         <value>0x10a2b</value>
         <object_component_ref idref="oc-5a8"/>
      </symbol>
      <symbol id="sm-12ca">
         <name>__CIOBUF_</name>
         <value>0x8001d00</value>
         <object_component_ref idref="oc-5d9"/>
      </symbol>
      <symbol id="sm-12cb">
         <name>__TI_writemsg</name>
         <value>0x109f9</value>
         <object_component_ref idref="oc-5a8"/>
      </symbol>
      <symbol id="sm-12dc">
         <name>lseek</name>
         <value>0x10b5d</value>
         <object_component_ref idref="oc-4fe"/>
      </symbol>
      <symbol id="sm-12e6">
         <name>copysign</name>
         <value>0x10bcd</value>
         <object_component_ref idref="oc-422"/>
      </symbol>
      <symbol id="sm-12e7">
         <name>copysignl</name>
         <value>0x10bcd</value>
         <object_component_ref idref="oc-422"/>
      </symbol>
      <symbol id="sm-12fc">
         <name>__TI_closefile</name>
         <value>0x100fd</value>
         <object_component_ref idref="oc-54f"/>
      </symbol>
      <symbol id="sm-131f">
         <name>finddevice</name>
         <value>0x10ad5</value>
         <object_component_ref idref="oc-5f7"/>
      </symbol>
      <symbol id="sm-1320">
         <name>getdevice</name>
         <value>0x10975</value>
         <object_component_ref idref="oc-5cf"/>
      </symbol>
      <symbol id="sm-132f">
         <name>strcmp</name>
         <value>0x10c25</value>
         <object_component_ref idref="oc-60e"/>
      </symbol>
      <symbol id="sm-133d">
         <name>strcpy</name>
         <value>0x10c69</value>
         <object_component_ref idref="oc-5c2"/>
      </symbol>
      <symbol id="sm-134d">
         <name>strncpy</name>
         <value>0x10a35</value>
         <object_component_ref idref="oc-5f1"/>
      </symbol>
      <symbol id="sm-1362">
         <name>close</name>
         <value>0x105d5</value>
         <object_component_ref idref="oc-597"/>
      </symbol>
      <symbol id="sm-1372">
         <name>unlink</name>
         <value>0x10b09</value>
         <object_component_ref idref="oc-59d"/>
      </symbol>
      <symbol id="sm-1383">
         <name>__TI_static_base__</name>
         <value>0x0</value>
      </symbol>
      <symbol id="sm-1386">
         <name>SHT$$INIT_ARRAY$$Base</name>
         <value>0x0</value>
      </symbol>
      <symbol id="sm-1387">
         <name>SHT$$INIT_ARRAY$$Limit</name>
         <value>0x0</value>
      </symbol>
      <symbol id="sm-1388">
         <name>_system_post_cinit</name>
         <value>0x0</value>
      </symbol>
      <symbol id="sm-1389">
         <name>remove</name>
         <value>0x10b09</value>
      </symbol>
   </symbol_table>
   <title>Link successful</title>
</link_info>
